###############################################################################
#
# IAR ELF Linker V2.20.1.176 for STM8                     23/Nov/2018  22:02:54
# Copyright 2010-2015 IAR Systems AB.
#
#    Output file  =  
#        D:\stm8lora\src\stm8l15x-sx1278\STM8L15x-16x-05x-AL31-L_StdPeriph_Lib\Project\STM8L151G6U6_Sx1278\EWSTM8\STM8L15X_MD(STM8L15xx4_6)\Exe\project.out
#    Map file     =  
#        D:\stm8lora\src\stm8l15x-sx1278\STM8L15x-16x-05x-AL31-L_StdPeriph_Lib\Project\STM8L151G6U6_Sx1278\EWSTM8\STM8L15X_MD(STM8L15xx4_6)\List\project.map
#    Command line =  
#        "D:\stm8lora\src\stm8l15x-sx1278\STM8L15x-16x-05x-AL31-L_StdPeriph_Lib\Project\STM8L151G6U6_Sx1278\EWSTM8\STM8L15X_MD(STM8L15xx4_6)\Obj\board.o"
#        "D:\stm8lora\src\stm8l15x-sx1278\STM8L15x-16x-05x-AL31-L_StdPeriph_Lib\Project\STM8L151G6U6_Sx1278\EWSTM8\STM8L15X_MD(STM8L15xx4_6)\Obj\cfg_parm.o"
#        "D:\stm8lora\src\stm8l15x-sx1278\STM8L15x-16x-05x-AL31-L_StdPeriph_Lib\Project\STM8L151G6U6_Sx1278\EWSTM8\STM8L15X_MD(STM8L15xx4_6)\Obj\comport.o"
#        "D:\stm8lora\src\stm8l15x-sx1278\STM8L15x-16x-05x-AL31-L_StdPeriph_Lib\Project\STM8L151G6U6_Sx1278\EWSTM8\STM8L15X_MD(STM8L15xx4_6)\Obj\config_mode.o"
#        "D:\stm8lora\src\stm8l15x-sx1278\STM8L15x-16x-05x-AL31-L_StdPeriph_Lib\Project\STM8L151G6U6_Sx1278\EWSTM8\STM8L15X_MD(STM8L15xx4_6)\Obj\delay.o"
#        "D:\stm8lora\src\stm8l15x-sx1278\STM8L15x-16x-05x-AL31-L_StdPeriph_Lib\Project\STM8L151G6U6_Sx1278\EWSTM8\STM8L15X_MD(STM8L15xx4_6)\Obj\eeprom.o"
#        "D:\stm8lora\src\stm8l15x-sx1278\STM8L15x-16x-05x-AL31-L_StdPeriph_Lib\Project\STM8L151G6U6_Sx1278\EWSTM8\STM8L15X_MD(STM8L15xx4_6)\Obj\lowpower_mode.o"
#        "D:\stm8lora\src\stm8l15x-sx1278\STM8L15x-16x-05x-AL31-L_StdPeriph_Lib\Project\STM8L151G6U6_Sx1278\EWSTM8\STM8L15X_MD(STM8L15xx4_6)\Obj\main.o"
#        "D:\stm8lora\src\stm8l15x-sx1278\STM8L15x-16x-05x-AL31-L_StdPeriph_Lib\Project\STM8L151G6U6_Sx1278\EWSTM8\STM8L15X_MD(STM8L15xx4_6)\Obj\manufacture_parm.o"
#        "D:\stm8lora\src\stm8l15x-sx1278\STM8L15x-16x-05x-AL31-L_StdPeriph_Lib\Project\STM8L151G6U6_Sx1278\EWSTM8\STM8L15X_MD(STM8L15xx4_6)\Obj\normal_mode.o"
#        "D:\stm8lora\src\stm8l15x-sx1278\STM8L15x-16x-05x-AL31-L_StdPeriph_Lib\Project\STM8L151G6U6_Sx1278\EWSTM8\STM8L15X_MD(STM8L15xx4_6)\Obj\ring_buf.o"
#        "D:\stm8lora\src\stm8l15x-sx1278\STM8L15x-16x-05x-AL31-L_StdPeriph_Lib\Project\STM8L151G6U6_Sx1278\EWSTM8\STM8L15X_MD(STM8L15xx4_6)\Obj\spi-board.o"
#        "D:\stm8lora\src\stm8l15x-sx1278\STM8L15x-16x-05x-AL31-L_StdPeriph_Lib\Project\STM8L151G6U6_Sx1278\EWSTM8\STM8L15X_MD(STM8L15xx4_6)\Obj\stm8l15x_adc.o"
#        "D:\stm8lora\src\stm8l15x-sx1278\STM8L15x-16x-05x-AL31-L_StdPeriph_Lib\Project\STM8L151G6U6_Sx1278\EWSTM8\STM8L15X_MD(STM8L15xx4_6)\Obj\stm8l15x_beep.o"
#        "D:\stm8lora\src\stm8l15x-sx1278\STM8L15x-16x-05x-AL31-L_StdPeriph_Lib\Project\STM8L151G6U6_Sx1278\EWSTM8\STM8L15X_MD(STM8L15xx4_6)\Obj\stm8l15x_clk.o"
#        "D:\stm8lora\src\stm8l15x-sx1278\STM8L15x-16x-05x-AL31-L_StdPeriph_Lib\Project\STM8L151G6U6_Sx1278\EWSTM8\STM8L15X_MD(STM8L15xx4_6)\Obj\stm8l15x_comp.o"
#        "D:\stm8lora\src\stm8l15x-sx1278\STM8L15x-16x-05x-AL31-L_StdPeriph_Lib\Project\STM8L151G6U6_Sx1278\EWSTM8\STM8L15X_MD(STM8L15xx4_6)\Obj\stm8l15x_dac.o"
#        "D:\stm8lora\src\stm8l15x-sx1278\STM8L15x-16x-05x-AL31-L_StdPeriph_Lib\Project\STM8L151G6U6_Sx1278\EWSTM8\STM8L15X_MD(STM8L15xx4_6)\Obj\stm8l15x_dma.o"
#        "D:\stm8lora\src\stm8l15x-sx1278\STM8L15x-16x-05x-AL31-L_StdPeriph_Lib\Project\STM8L151G6U6_Sx1278\EWSTM8\STM8L15X_MD(STM8L15xx4_6)\Obj\stm8l15x_exti.o"
#        "D:\stm8lora\src\stm8l15x-sx1278\STM8L15x-16x-05x-AL31-L_StdPeriph_Lib\Project\STM8L151G6U6_Sx1278\EWSTM8\STM8L15X_MD(STM8L15xx4_6)\Obj\stm8l15x_flash.o"
#        "D:\stm8lora\src\stm8l15x-sx1278\STM8L15x-16x-05x-AL31-L_StdPeriph_Lib\Project\STM8L151G6U6_Sx1278\EWSTM8\STM8L15X_MD(STM8L15xx4_6)\Obj\stm8l15x_gpio.o"
#        "D:\stm8lora\src\stm8l15x-sx1278\STM8L15x-16x-05x-AL31-L_StdPeriph_Lib\Project\STM8L151G6U6_Sx1278\EWSTM8\STM8L15X_MD(STM8L15xx4_6)\Obj\stm8l15x_i2c.o"
#        "D:\stm8lora\src\stm8l15x-sx1278\STM8L15x-16x-05x-AL31-L_StdPeriph_Lib\Project\STM8L151G6U6_Sx1278\EWSTM8\STM8L15X_MD(STM8L15xx4_6)\Obj\stm8l15x_irtim.o"
#        "D:\stm8lora\src\stm8l15x-sx1278\STM8L15x-16x-05x-AL31-L_StdPeriph_Lib\Project\STM8L151G6U6_Sx1278\EWSTM8\STM8L15X_MD(STM8L15xx4_6)\Obj\stm8l15x_it.o"
#        "D:\stm8lora\src\stm8l15x-sx1278\STM8L15x-16x-05x-AL31-L_StdPeriph_Lib\Project\STM8L151G6U6_Sx1278\EWSTM8\STM8L15X_MD(STM8L15xx4_6)\Obj\stm8l15x_itc.o"
#        "D:\stm8lora\src\stm8l15x-sx1278\STM8L15x-16x-05x-AL31-L_StdPeriph_Lib\Project\STM8L151G6U6_Sx1278\EWSTM8\STM8L15X_MD(STM8L15xx4_6)\Obj\stm8l15x_iwdg.o"
#        "D:\stm8lora\src\stm8l15x-sx1278\STM8L15x-16x-05x-AL31-L_StdPeriph_Lib\Project\STM8L151G6U6_Sx1278\EWSTM8\STM8L15X_MD(STM8L15xx4_6)\Obj\stm8l15x_lcd.o"
#        "D:\stm8lora\src\stm8l15x-sx1278\STM8L15x-16x-05x-AL31-L_StdPeriph_Lib\Project\STM8L151G6U6_Sx1278\EWSTM8\STM8L15X_MD(STM8L15xx4_6)\Obj\stm8l15x_pwr.o"
#        "D:\stm8lora\src\stm8l15x-sx1278\STM8L15x-16x-05x-AL31-L_StdPeriph_Lib\Project\STM8L151G6U6_Sx1278\EWSTM8\STM8L15X_MD(STM8L15xx4_6)\Obj\stm8l15x_rst.o"
#        "D:\stm8lora\src\stm8l15x-sx1278\STM8L15x-16x-05x-AL31-L_StdPeriph_Lib\Project\STM8L151G6U6_Sx1278\EWSTM8\STM8L15X_MD(STM8L15xx4_6)\Obj\stm8l15x_rtc.o"
#        "D:\stm8lora\src\stm8l15x-sx1278\STM8L15x-16x-05x-AL31-L_StdPeriph_Lib\Project\STM8L151G6U6_Sx1278\EWSTM8\STM8L15X_MD(STM8L15xx4_6)\Obj\stm8l15x_spi.o"
#        "D:\stm8lora\src\stm8l15x-sx1278\STM8L15x-16x-05x-AL31-L_StdPeriph_Lib\Project\STM8L151G6U6_Sx1278\EWSTM8\STM8L15X_MD(STM8L15xx4_6)\Obj\stm8l15x_syscfg.o"
#        "D:\stm8lora\src\stm8l15x-sx1278\STM8L15x-16x-05x-AL31-L_StdPeriph_Lib\Project\STM8L151G6U6_Sx1278\EWSTM8\STM8L15X_MD(STM8L15xx4_6)\Obj\stm8l15x_tim1.o"
#        "D:\stm8lora\src\stm8l15x-sx1278\STM8L15x-16x-05x-AL31-L_StdPeriph_Lib\Project\STM8L151G6U6_Sx1278\EWSTM8\STM8L15X_MD(STM8L15xx4_6)\Obj\stm8l15x_tim2.o"
#        "D:\stm8lora\src\stm8l15x-sx1278\STM8L15x-16x-05x-AL31-L_StdPeriph_Lib\Project\STM8L151G6U6_Sx1278\EWSTM8\STM8L15X_MD(STM8L15xx4_6)\Obj\stm8l15x_tim3.o"
#        "D:\stm8lora\src\stm8l15x-sx1278\STM8L15x-16x-05x-AL31-L_StdPeriph_Lib\Project\STM8L151G6U6_Sx1278\EWSTM8\STM8L15X_MD(STM8L15xx4_6)\Obj\stm8l15x_tim4.o"
#        "D:\stm8lora\src\stm8l15x-sx1278\STM8L15x-16x-05x-AL31-L_StdPeriph_Lib\Project\STM8L151G6U6_Sx1278\EWSTM8\STM8L15X_MD(STM8L15xx4_6)\Obj\stm8l15x_tim5.o"
#        "D:\stm8lora\src\stm8l15x-sx1278\STM8L15x-16x-05x-AL31-L_StdPeriph_Lib\Project\STM8L151G6U6_Sx1278\EWSTM8\STM8L15X_MD(STM8L15xx4_6)\Obj\stm8l15x_usart.o"
#        "D:\stm8lora\src\stm8l15x-sx1278\STM8L15x-16x-05x-AL31-L_StdPeriph_Lib\Project\STM8L151G6U6_Sx1278\EWSTM8\STM8L15X_MD(STM8L15xx4_6)\Obj\stm8l15x_wfe.o"
#        "D:\stm8lora\src\stm8l15x-sx1278\STM8L15x-16x-05x-AL31-L_StdPeriph_Lib\Project\STM8L151G6U6_Sx1278\EWSTM8\STM8L15X_MD(STM8L15xx4_6)\Obj\stm8l15x_wwdg.o"
#        "D:\stm8lora\src\stm8l15x-sx1278\STM8L15x-16x-05x-AL31-L_StdPeriph_Lib\Project\STM8L151G6U6_Sx1278\EWSTM8\STM8L15X_MD(STM8L15xx4_6)\Obj\sx1276-board.o"
#        "D:\stm8lora\src\stm8l15x-sx1278\STM8L15x-16x-05x-AL31-L_StdPeriph_Lib\Project\STM8L151G6U6_Sx1278\EWSTM8\STM8L15X_MD(STM8L15xx4_6)\Obj\sx1276.o"
#        "D:\stm8lora\src\stm8l15x-sx1278\STM8L15x-16x-05x-AL31-L_StdPeriph_Lib\Project\STM8L151G6U6_Sx1278\EWSTM8\STM8L15X_MD(STM8L15xx4_6)\Obj\system.o"
#        "D:\stm8lora\src\stm8l15x-sx1278\STM8L15x-16x-05x-AL31-L_StdPeriph_Lib\Project\STM8L151G6U6_Sx1278\EWSTM8\STM8L15X_MD(STM8L15xx4_6)\Obj\test_mode.o"
#        "D:\stm8lora\src\stm8l15x-sx1278\STM8L15x-16x-05x-AL31-L_StdPeriph_Lib\Project\STM8L151G6U6_Sx1278\EWSTM8\STM8L15X_MD(STM8L15xx4_6)\Obj\timer.o"
#        "D:\stm8lora\src\stm8l15x-sx1278\STM8L15x-16x-05x-AL31-L_StdPeriph_Lib\Project\STM8L151G6U6_Sx1278\EWSTM8\STM8L15X_MD(STM8L15xx4_6)\Obj\utilities.o"
#        "D:\stm8lora\src\stm8l15x-sx1278\STM8L15x-16x-05x-AL31-L_StdPeriph_Lib\Project\STM8L151G6U6_Sx1278\EWSTM8\STM8L15X_MD(STM8L15xx4_6)\Obj\wakeup_mode.o"
#        --redirect _Printf=_PrintfFullNoMb --redirect _Scanf=_ScanfFullNoMb -o
#        "D:\stm8lora\src\stm8l15x-sx1278\STM8L15x-16x-05x-AL31-L_StdPeriph_Lib\Project\STM8L151G6U6_Sx1278\EWSTM8\STM8L15X_MD(STM8L15xx4_6)\Exe\project.out"
#        --map
#        "D:\stm8lora\src\stm8l15x-sx1278\STM8L15x-16x-05x-AL31-L_StdPeriph_Lib\Project\STM8L151G6U6_Sx1278\EWSTM8\STM8L15X_MD(STM8L15xx4_6)\List\project.map"
#        --config "C:\Program Files (x86)\IAR Systems\Embedded Workbench
#        7.3\stm8\config\lnkstm8l151g6.icf" --config_def _CSTACK_SIZE=0x300
#        --config_def _HEAP_SIZE=0x00 --entry __iar_program_start --debug_lib
#
###############################################################################

*******************************************************************************
*** RUNTIME MODEL ATTRIBUTES
***

__Heap_Handler             = Basic
__SystemLibrary            = DLib
__code_model               = medium_or_large
__core                     = stm8
__data_model               = medium
__dlib_file_descriptor     = 1
__dlib_full_locale_support = 1
__rt_version               = 4


*******************************************************************************
*** PLACEMENT SUMMARY
***

"A1":  place at start of [0x000000-0x0000ff] { rw section .vregs };
"A2":  place at end of [0x000000-0x0007ff] { block CSTACK };
"P2":  place in [from 0x000000 to 0x0007ff] {
          block HEAP, rw section __DLIB_PERTHREAD, rw section .far.bss,
          rw section .far.data, rw section .far.noinit,
          rw section .far_func.textrw, rw section .huge.bss,
          rw section .huge.data, rw section .huge.noinit,
          rw section .huge_func.textrw, rw section .iar.dynexit,
          rw section .near.bss, rw section .near.data, rw section .near.noinit,
          rw section .near_func.textrw };
"A3":  place at start of [0x008000-0x00ffff] { block INTVEC };
"P3":  place in [from 0x008000 to 0x00ffff] {
          ro section __DLIB_PERTHREAD_init, ro section .far.data_init,
          ro section .far_func.textrw_init, ro section .huge.data_init,
          ro section .huge_func.textrw_init, ro section .iar.init_table,
          ro section .init_array, ro section .near.data_init,
          ro section .near.rodata, ro section .near_func.text,
          ro section .near_func.textrw_init, ro section .tiny.data_init,
          ro section .tiny.rodata_init };
"P4":  place in [from 0x008000 to 0x00ffff] {
          ro section .far.rodata, ro section .far_func.text };
"P7":  place in [from 0x001000 to 0x0013ff] { section .eeprom.data };

  Section            Kind      Address    Size  Object
  -------            ----      -------    ----  ------
"A1":                                     0x10
  .vregs             uninit   0x000000    0x10  vregs.o [4]
                            - 0x000010    0x10

"P2", part 1 of 2:                        0x32
  P2-1                        0x000010    0x32  <Init block>
    .near.data       inited   0x000010     0x4  timer.o [1]
    .near.data       inited   0x000014    0x2e  localeconv.o [4]
                            - 0x000042    0x32

"P2", part 2 of 2:                       0x478
  .near.bss          zero     0x000042   0x102  comport.o [1]
  .near.bss          zero     0x000144   0x102  comport.o [1]
  .near.bss          zero     0x000246   0x100  sx1276.o [1]
  .near.bss          zero     0x000346    0x51  sx1276.o [1]
  .near.bss          zero     0x000397    0x3a  normal_mode.o [1]
  .near.bss          zero     0x0003d1    0x3a  wakeup_mode.o [1]
  .near.bss          zero     0x00040b    0x15  config_mode.o [1]
  .near.bss          zero     0x000420    0x15  lowpower_mode.o [1]
  .near.bss          zero     0x000435    0x15  normal_mode.o [1]
  .near.bss          zero     0x00044a    0x15  test_mode.o [1]
  .near.bss          zero     0x00045f    0x15  wakeup_mode.o [1]
  .near.bss          zero     0x000474     0xe  sx1276.o [1]
  .near.bss          zero     0x000482     0xe  sx1276.o [1]
  .near.bss          zero     0x000490     0xe  sx1276.o [1]
  .near.bss          zero     0x00049e     0x5  cfg_parm.o [1]
  .near.bss          zero     0x0004a3     0x4  timer.o [1]
  .near.bss          zero     0x0004a7     0x4  timer.o [1]
  .near.bss          zero     0x0004ab     0x3  localeconv.o [4]
  .near.bss          zero     0x0004ae     0x2  sx1276.o [1]
  .near.bss          zero     0x0004b0     0x2  test_mode.o [1]
  .near.bss          zero     0x0004b2     0x2  timer.o [1]
  .near.bss          zero     0x0004b4     0x1  lowpower_mode.o [1]
  .near.bss          zero     0x0004b5     0x1  normal_mode.o [1]
  .near.bss          zero     0x0004b6     0x1  sx1276-board.o [1]
  .near.bss          zero     0x0004b7     0x1  system.o [1]
  .near.bss          zero     0x0004b8     0x1  test_mode.o [1]
  .near.bss          zero     0x0004b9     0x1  wakeup_mode.o [1]
                            - 0x0004ba   0x478

"A2":                                    0x300
  CSTACK                      0x000500   0x300  <Block>
    CSTACK           uninit   0x000500   0x300  <Block tail>
                            - 0x000800   0x300

"P7":                                     0x19
  .eeprom.data       rw data  0x001000    0x14  manufacture_parm.o [1]
  .eeprom.data       rw data  0x001014     0x5  cfg_parm.o [1]
                            - 0x001019    0x19

"A3":                                     0x80
  INTVEC                      0x008000    0x80  <Block>
    .intvec          const    0x008000    0x80  interrupt.o [4]
                            - 0x008080    0x80

"P3":                                    0x200
  .near.rodata       const    0x008080    0x6e  sx1276.o [1]
  .near.rodata       const    0x0080ee    0x51  sx1276-board.o [1]
  .near_func.text    const    0x00813f    0x3c  xprintffull_nomb.o [4]
  Initializer bytes  const    0x00817b    0x32  <for P2-1>
  .near.rodata       const    0x0081ad    0x30  sx1276.o [1]
  .near.rodata       const    0x0081dd    0x23  test_mode.o [1]
  .iar.init_table    const    0x008200    0x14  - Linker created -
  .near.rodata       const    0x008214    0x10  test_mode.o [1]
  .near.rodata       const    0x008224     0xe  test_mode.o [1]
  .near.rodata       const    0x008232     0xc  lowpower_mode.o [1]
  .near.rodata       const    0x00823e     0xc  normal_mode.o [1]
  .near.rodata       const    0x00824a     0xa  lowpower_mode.o [1]
  .near.rodata       const    0x008254     0x7  xprintffull_nomb.o [4]
  .near.rodata       const    0x00825b     0x6  localeconv.o [4]
  .near.rodata       const    0x008261     0x5  stm8l15x_clk.o [1]
  .near.rodata       const    0x008266     0x5  localeconv.o [4]
  .near.rodata       const    0x00826b     0x4  xprintffull_nomb.o [4]
  .near.rodata       const    0x00826f     0x4  xprintffull_nomb.o [4]
  .near.rodata       const    0x008273     0x4  xprintffull_nomb.o [4]
  .near.rodata       const    0x008277     0x4  xprintffull_nomb.o [4]
  .near.rodata       const    0x00827b     0x2  xprintffull_nomb.o [4]
  .near.rodata       const    0x00827d     0x2  localeconv.o [4]
  .near.rodata       const    0x00827f     0x1  localeconv.o [4]
                            - 0x008280   0x200

"P4":                                   0x6c0c
  .far_func.text     ro code  0x008280   0x4f2  xprintffull_nomb.o [4]
  .far_func.text     ro code  0x008772   0x4d6  float.o [4]
  .far_func.text     ro code  0x008c48   0x49a  xprintffull_nomb.o [4]
  .far_func.text     ro code  0x0090e2   0x3cf  sx1276.o [1]
  .far_func.text     ro code  0x0094b1   0x3bf  xprintffull_nomb.o [4]
  .far_func.text     ro code  0x009870   0x3b5  sx1276.o [1]
  .far_func.text     ro code  0x009c25   0x341  sx1276.o [1]
  .far_func.text     ro code  0x009f66   0x329  sx1276.o [1]
  .far_func.text     ro code  0x00a28f   0x2fc  sx1276.o [1]
  .far_func.text     ro code  0x00a58b   0x2bc  config_mode.o [1]
  .far_func.text     ro code  0x00a847   0x261  long.o [4]
  .far_func.text     ro code  0x00aaa8   0x238  normal_mode.o [1]
  .far_func.text     ro code  0x00ace0   0x220  vreg_util.o [4]
  .far_func.text     ro code  0x00af00   0x196  lowpower_mode.o [1]
  .far_func.text     ro code  0x00b096   0x18d  wakeup_mode.o [1]
  .far_func.text     ro code  0x00b223   0x182  timer.o [1]
  .far_func.text     ro code  0x00b3a5   0x17f  xprintffull_nomb.o [4]
  .far_func.text     ro code  0x00b524   0x162  float_libsup.o [4]
  .far_func.text     ro code  0x00b686   0x15c  timer.o [1]
  .far_func.text     ro code  0x00b7e2   0x151  sx1276.o [1]
  .far_func.text     ro code  0x00b933   0x13b  sx1276.o [1]
  .far_func.text     ro code  0x00ba6e   0x130  sx1276.o [1]
  .far_func.text     ro code  0x00bb9e   0x128  sx1276.o [1]
  .far_func.text     ro code  0x00bcc6   0x127  stm8l15x_exti.o [1]
  .far_func.text     ro code  0x00bded   0x119  lowpower_mode.o [1]
  .far_func.text     ro code  0x00bf06   0x106  sx1276-board.o [1]
  .far_func.text     ro code  0x00c00c    0xee  board.o [1]
  .far_func.text     ro code  0x00c0fa    0xe4  sx1276.o [1]
  .far_func.text     ro code  0x00c1de    0xdc  stm8l15x_usart.o [1]
  .far_func.text     ro code  0x00c2ba    0xd6  long_util.o [4]
  .far_func.text     ro code  0x00c390    0xd4  timer.o [1]
  .far_func.text     ro code  0x00c464    0xd4  wakeup_mode.o [1]
  .far_func.text     ro code  0x00c538    0xd3  comport.o [1]
  .far_func.text     ro code  0x00c60b    0xcb  timer.o [1]
  .far_func.text     ro code  0x00c6d6    0xca  xdint.o [4]
  .far_func.text     ro code  0x00c7a0    0xbb  sx1276-board.o [1]
  .far_func.text     ro code  0x00c85b    0xb2  stm8l15x_it.o [1]
  .far_func.text     ro code  0x00c90d    0xb2  sx1276.o [1]
  .far_func.text     ro code  0x00c9bf    0xb1  sx1276.o [1]
  .far_func.text     ro code  0x00ca70    0xaf  cfg_parm.o [1]
  .far_func.text     ro code  0x00cb1f    0xaf  stm8l15x_gpio.o [1]
  .far_func.text     ro code  0x00cbce    0xa4  sx1276.o [1]
  .far_func.text     ro code  0x00cc72    0xa0  cfg_parm.o [1]
  .far_func.text     ro code  0x00cd12    0x9e  lowpower_mode.o [1]
  .far_func.text     ro code  0x00cdb0    0x9e  stm8l15x_clk.o [1]
  .far_func.text     ro code  0x00ce4e    0x97  cfg_parm.o [1]
  .far_func.text     ro code  0x00cee5    0x95  stm8l15x_usart.o [1]
  .far_func.text     ro code  0x00cf7a    0x94  stm8l15x_clk.o [1]
  .far_func.text     ro code  0x00d00e    0x8e  sx1276.o [1]
  .far_func.text     ro code  0x00d09c    0x83  sx1276.o [1]
  .far_func.text     ro code  0x00d11f    0x82  normal_mode.o [1]
  .far_func.text     ro code  0x00d1a1    0x82  wakeup_mode.o [1]
  .far_func.text     ro code  0x00d223    0x7d  test_mode.o [1]
  .far_func.text     ro code  0x00d2a0    0x76  sx1276.o [1]
  .far_func.text     ro code  0x00d316    0x75  stm8l15x_beep.o [1]
  .far_func.text     ro code  0x00d38b    0x71  sx1276.o [1]
  .far_func.text     ro code  0x00d3fc    0x6d  board.o [1]
  .far_func.text     ro code  0x00d469    0x6b  sx1276.o [1]
  .far_func.text     ro code  0x00d4d4    0x6a  sx1276.o [1]
  .far_func.text     ro code  0x00d53e    0x67  lowpower_mode.o [1]
  .far_func.text     ro code  0x00d5a5    0x61  wakeup_mode.o [1]
  .far_func.text     ro code  0x00d606    0x60  cfg_parm.o [1]
  .far_func.text     ro code  0x00d666    0x5f  cfg_parm.o [1]
  .far_func.text     ro code  0x00d6c5    0x5d  stm8l15x_it.o [1]
  .far_func.text     ro code  0x00d722    0x5b  stm8l15x_spi.o [1]
  .far_func.text     ro code  0x00d77d    0x5a  test_mode.o [1]
  .far_func.text     ro code  0x00d7d7    0x58  dc_util.o [4]
  .far_func.text     ro code  0x00d82f    0x57  cfg_parm.o [1]
  .far_func.text     ro code  0x00d886    0x57  sx1276.o [1]
  .far_func.text     ro code  0x00d8dd    0x56  ring_buf.o [1]
  .far_func.text     ro code  0x00d933    0x55  round.o [4]
  .far_func.text     ro code  0x00d988    0x53  delay.o [1]
  .far_func.text     ro code  0x00d9db    0x52  sx1276.o [1]
  .far_func.text     ro code  0x00da2d    0x52  timer.o [1]
  .far_func.text     ro code  0x00da7f    0x52  far_util.o [4]
  .far_func.text     ro code  0x00dad1    0x51  xprintffull_nomb.o [4]
  .far_func.text     ro code  0x00db22    0x4f  eeprom.o [1]
  .far_func.text     ro code  0x00db71    0x4d  ring_buf.o [1]
  .far_func.text     ro code  0x00dbbe    0x4b  xprintffull_nomb.o [4]
  .far_func.text     ro code  0x00dc09    0x4a  spi-board.o [1]
  .far_func.text     ro code  0x00dc53    0x46  sx1276.o [1]
  .far_func.text     ro code  0x00dc99    0x46  short.o [4]
  .far_func.text     ro code  0x00dcdf    0x46  ceil.o [4]
  .far_func.text     ro code  0x00dd25    0x46  floor.o [4]
  .far_func.text     ro code  0x00dd6b    0x45  ring_buf.o [1]
  .far_func.text     ro code  0x00ddb0    0x45  stm8l15x_rtc.o [1]
  .far_func.text     ro code  0x00ddf5    0x43  lowpower_mode.o [1]
  .far_func.text     ro code  0x00de38    0x43  lowpower_mode.o [1]
  .far_func.text     ro code  0x00de7b    0x42  spi-board.o [1]
  .far_func.text     ro code  0x00debd    0x41  timer.o [1]
  .far_func.text     ro code  0x00defe    0x3e  main.o [1]
  .far_func.text     ro code  0x00df3c    0x3e  stm8l15x_usart.o [1]
  .far_func.text     ro code  0x00df7a    0x3d  xprintffull_nomb.o [4]
  .far_func.text     ro code  0x00dfb7    0x3c  stm8l15x_flash.o [1]
  .far_func.text     ro code  0x00dff3    0x3b  ring_buf.o [1]
  .far_func.text     ro code  0x00e02e    0x3b  stm8l15x_rtc.o [1]
  .far_func.text     ro code  0x00e069    0x3b  xprintffull_nomb.o [4]
  .far_func.text     ro code  0x00e0a4    0x39  timer.o [1]
  .far_func.text     ro code  0x00e0dd    0x38  sx1276.o [1]
  .far_func.text     ro code  0x00e115    0x37  eeprom.o [1]
  .far_func.text     ro code  0x00e14c    0x37  ring_buf.o [1]
  .far_func.text     ro code  0x00e183    0x37  stm8l15x_usart.o [1]
  .far_func.text     ro code  0x00e1ba    0x37  sx1276.o [1]
  .far_func.text     ro code  0x00e1f1    0x34  sx1276.o [1]
  .far_func.text     ro code  0x00e225    0x34  div.o [4]
  .far_func.text     ro code  0x00e259    0x33  cfg_parm.o [1]
  .far_func.text     ro code  0x00e28c    0x32  cfg_parm.o [1]
  .far_func.text     ro code  0x00e2be    0x31  board.o [1]
  .far_func.text     ro code  0x00e2ef    0x31  cfg_parm.o [1]
  .far_func.text     ro code  0x00e320    0x30  lowpower_mode.o [1]
  .far_func.text     ro code  0x00e350    0x30  ring_buf.o [1]
  .far_func.text     ro code  0x00e380    0x30  stm8l15x_it.o [1]
  .far_func.text     ro code  0x00e3b0    0x2f  delay.o [1]
  .far_func.text     ro code  0x00e3df    0x2f  sx1276-board.o [1]
  .far_func.text     ro code  0x00e40e    0x2e  sx1276-board.o [1]
  .far_func.text     ro code  0x00e43c    0x2e  xprintffull_nomb.o [4]
  .far_func.text     ro code  0x00e46a    0x2c  stm8l15x_gpio.o [1]
  .far_func.text     ro code  0x00e496    0x2c  sx1276.o [1]
  .far_func.text     ro code  0x00e4c2    0x2b  ring_buf.o [1]
  .far_func.text     ro code  0x00e4ed    0x2b  stm8l15x_usart.o [1]
  .far_func.text     ro code  0x00e518    0x2b  timer.o [1]
  .far_func.text     ro code  0x00e543    0x2a  stm8l15x_it.o [1]
  .far_func.text     ro code  0x00e56d    0x29  utilities.o [1]
  .far_func.text     ro code  0x00e596    0x28  board.o [1]
  .far_func.text     ro code  0x00e5be    0x28  printf.o [4]
  .far_func.text     ro code  0x00e5e6    0x28  init_small.o [4]
  .far_func.text     ro code  0x00e60e    0x27  normal_mode.o [1]
  .far_func.text     ro code  0x00e635    0x27  timer.o [1]
  .far_func.text     ro code  0x00e65c    0x26  board.o [1]
  .far_func.text     ro code  0x00e682    0x26  memcpy.o [4]
  .far_func.text     ro code  0x00e6a8    0x24  test_mode.o [1]
  .far_func.text     ro code  0x00e6cc    0x23  stm8l15x_it.o [1]
  .far_func.text     ro code  0x00e6ef    0x23  stm8l15x_it.o [1]
  .far_func.text     ro code  0x00e712    0x23  stm8l15x_it.o [1]
  .far_func.text     ro code  0x00e735    0x23  stm8l15x_it.o [1]
  .far_func.text     ro code  0x00e758    0x23  stm8l15x_rtc.o [1]
  .far_func.text     ro code  0x00e77b    0x23  sx1276-board.o [1]
  .far_func.text     ro code  0x00e79e    0x22  stm8l15x_exti.o [1]
  .far_func.text     ro code  0x00e7c0    0x22  stm8l15x_it.o [1]
  .far_func.text     ro code  0x00e7e2    0x21  stm8l15x_it.o [1]
  .far_func.text     ro code  0x00e803    0x20  lowpower_mode.o [1]
  .far_func.text     ro code  0x00e823    0x20  lowpower_mode.o [1]
  .far_func.text     ro code  0x00e843    0x20  normal_mode.o [1]
  .far_func.text     ro code  0x00e863    0x20  normal_mode.o [1]
  .far_func.text     ro code  0x00e883    0x20  normal_mode.o [1]
  .far_func.text     ro code  0x00e8a3    0x20  ring_buf.o [1]
  .far_func.text     ro code  0x00e8c3    0x20  wakeup_mode.o [1]
  .far_func.text     ro code  0x00e8e3    0x20  wakeup_mode.o [1]
  .far_func.text     ro code  0x00e903    0x20  wakeup_mode.o [1]
  .far_func.text     ro code  0x00e923    0x20  wakeup_mode.o [1]
  .far_func.text     ro code  0x00e943    0x1f  xprout.o [4]
  .far_func.text     ro code  0x00e962    0x1e  stm8l15x_it.o [1]
  .far_func.text     ro code  0x00e980    0x1e  stm8l15x_it.o [1]
  .far_func.text     ro code  0x00e99e    0x1e  stm8l15x_spi.o [1]
  .far_func.text     ro code  0x00e9bc    0x1e  sx1276.o [1]
  .far_func.text     ro code  0x00e9da    0x1e  init.o [4]
  .far_func.text     ro code  0x00e9f8    0x1e  init_small.o [4]
  .far_func.text     ro code  0x00ea16    0x1d  stm8l15x_it.o [1]
  .far_func.text     ro code  0x00ea33    0x1d  sx1276.o [1]
  .far_func.text     ro code  0x00ea50    0x1d  timer.o [1]
  .far_func.text     ro code  0x00ea6d    0x1c  sx1276.o [1]
  .far_func.text     ro code  0x00ea89    0x1c  sx1276.o [1]
  .far_func.text     ro code  0x00eaa5    0x1b  stm8l15x_gpio.o [1]
  .far_func.text     ro code  0x00eac0    0x1b  sx1276-board.o [1]
  .far_func.text     ro code  0x00eadb    0x1b  sx1276.o [1]
  .far_func.text     ro code  0x00eaf6    0x1a  cfg_parm.o [1]
  .far_func.text     ro code  0x00eb10    0x1a  stm8l15x_tim4.o [1]
  .far_func.text     ro code  0x00eb2a    0x1a  timer.o [1]
  .far_func.text     ro code  0x00eb44    0x19  stm8l15x_flash.o [1]
  .far_func.text     ro code  0x00eb5d    0x19  sx1276.o [1]
  .far_func.text     ro code  0x00eb76    0x18  sx1276.o [1]
  .far_func.text     ro code  0x00eb8e    0x18  memchr.o [4]
  .far_func.text     ro code  0x00eba6    0x17  cstartup.o [4]
  .far_func.text     ro code  0x00ebbd    0x17  memset.o [4]
  .far_func.text     ro code  0x00ebd4    0x16  __dbg_xxexit.o [3]
  .far_func.text     ro code  0x00ebea    0x15  stm8l15x_rtc.o [1]
  .far_func.text     ro code  0x00ebff    0x15  xprintffull_nomb.o [4]
  .far_func.text     ro code  0x00ec14    0x15  strchr.o [4]
  .far_func.text     ro code  0x00ec29    0x14  sx1276-board.o [1]
  .far_func.text     ro code  0x00ec3d    0x13  sx1276.o [1]
  .far_func.text     ro code  0x00ec50    0x12  strlen.o [4]
  .far_func.text     ro code  0x00ec62    0x11  stm8l15x_spi.o [1]
  .far_func.text     ro code  0x00ec73    0x11  stm8l15x_tim4.o [1]
  .far_func.text     ro code  0x00ec84    0x10  system.o [1]
  .far_func.text     ro code  0x00ec94    0x10  xprintffull_nomb.o [4]
  .far_func.text     ro code  0x00eca4     0xe  stm8l15x_beep.o [1]
  .far_func.text     ro code  0x00ecb2     0xe  stm8l15x_beep.o [1]
  .far_func.text     ro code  0x00ecc0     0xe  stm8l15x_clk.o [1]
  .far_func.text     ro code  0x00ecce     0xe  stm8l15x_clk.o [1]
  .far_func.text     ro code  0x00ecdc     0xe  stm8l15x_clk.o [1]
  .far_func.text     ro code  0x00ecea     0xe  stm8l15x_pwr.o [1]
  .far_func.text     ro code  0x00ecf8     0xe  stm8l15x_tim4.o [1]
  .far_func.text     ro code  0x00ed06     0xe  localeconv.o [4]
  .far_func.text     ro code  0x00ed14     0xe  localeconv.o [4]
  .far_func.text     ro code  0x00ed22     0xd  stm8l15x_rtc.o [1]
  .far_func.text     ro code  0x00ed2f     0xd  move.o [4]
  .far_func.text     ro code  0x00ed3c     0xc  timer.o [1]
  .far_func.text     ro code  0x00ed48     0xc  switch.o [4]
  .far_func.text     ro code  0x00ed54     0xc  xprintffull_nomb.o [4]
  .far_func.text     ro code  0x00ed60     0xc  xprintffull_nomb.o [4]
  .far_func.text     ro code  0x00ed6c     0xb  stm8l15x_flash.o [1]
  .far_func.text     ro code  0x00ed77     0xb  xprintffull_nomb.o [4]
  .far_func.text     ro code  0x00ed82     0xb  localeconv.o [4]
  .far_func.text     ro code  0x00ed8d     0xa  stm8l15x_clk.o [1]
  .far_func.text     ro code  0x00ed97     0xa  sx1276-board.o [1]
  .far_func.text     ro code  0x00eda1     0xa  sx1276-board.o [1]
  .far_func.text     ro code  0x00edab     0xa  system.o [1]
  .far_func.text     ro code  0x00edb5     0xa  far.o [4]
  .far_func.text     ro code  0x00edbf     0xa  xprintffull_nomb.o [4]
  .far_func.text     ro code  0x00edc9     0x9  stm8l15x_gpio.o [1]
  .far_func.text     ro code  0x00edd2     0x9  stm8l15x_tim2.o [1]
  .far_func.text     ro code  0x00eddb     0x9  stm8l15x_tim4.o [1]
  .far_func.text     ro code  0x00ede4     0x9  stm8l15x_tim4.o [1]
  .far_func.text     ro code  0x00eded     0x9  sx1276.o [1]
  .far_func.text     ro code  0x00edf6     0x8  stm8l15x_gpio.o [1]
  .far_func.text     ro code  0x00edfe     0x8  stm8l15x_spi.o [1]
  .far_func.text     ro code  0x00ee06     0x8  stm8l15x_usart.o [1]
  .far_func.text     ro code  0x00ee0e     0x8  timer.o [1]
  .far_func.text     ro code  0x00ee16     0x8  xprintffull_nomb.o [4]
  .far_func.text     ro code  0x00ee1e     0x7  stm8l15x_gpio.o [1]
  .far_func.text     ro code  0x00ee25     0x7  sx1276-board.o [1]
  .far_func.text     ro code  0x00ee2c     0x7  xprintffull_nomb.o [4]
  .far_func.text     ro code  0x00ee33     0x6  char.o [4]
  .far_func.text     ro code  0x00ee39     0x6  xprintffull_nomb.o [4]
  .far_func.text     ro code  0x00ee3f     0x6  cexit.o [4]
  .far_func.text     ro code  0x00ee45     0x5  stm8l15x_spi.o [1]
  .far_func.text     ro code  0x00ee4a     0x5  stm8l15x_usart.o [1]
  .far_func.text     ro code  0x00ee4f     0x5  stm8l15x_usart.o [1]
  .far_func.text     ro code  0x00ee54     0x4  stm8l15x_clk.o [1]
  .far_func.text     ro code  0x00ee58     0x4  stm8l15x_clk.o [1]
  .far_func.text     ro code  0x00ee5c     0x4  stm8l15x_clk.o [1]
  .far_func.text     ro code  0x00ee60     0x4  stm8l15x_flash.o [1]
  .far_func.text     ro code  0x00ee64     0x4  sx1276.o [1]
  .far_func.text     ro code  0x00ee68     0x4  interrupt.o [4]
  .far_func.text     ro code  0x00ee6c     0x4  exit.o [4]
  .far_func.text     ro code  0x00ee70     0x3  sx1276-board.o [1]
  .far_func.text     ro code  0x00ee73     0x3  low_level_init.o [4]
  .far_func.text     ro code  0x00ee76     0x3  unhandled_exception.o [4]
  .far_func.text     ro code  0x00ee79     0x1  stm8l15x_it.o [1]
  .far_func.text     ro code  0x00ee7a     0x1  stm8l15x_it.o [1]
  .far_func.text     ro code  0x00ee7b     0x1  stm8l15x_it.o [1]
  .far_func.text     ro code  0x00ee7c     0x1  stm8l15x_it.o [1]
  .far_func.text     ro code  0x00ee7d     0x1  stm8l15x_it.o [1]
  .far_func.text     ro code  0x00ee7e     0x1  stm8l15x_it.o [1]
  .far_func.text     ro code  0x00ee7f     0x1  stm8l15x_it.o [1]
  .far_func.text     ro code  0x00ee80     0x1  stm8l15x_it.o [1]
  .far_func.text     ro code  0x00ee81     0x1  stm8l15x_it.o [1]
  .far_func.text     ro code  0x00ee82     0x1  stm8l15x_it.o [1]
  .far_func.text     ro code  0x00ee83     0x1  stm8l15x_it.o [1]
  .far_func.text     ro code  0x00ee84     0x1  stm8l15x_it.o [1]
  .far_func.text     ro code  0x00ee85     0x1  stm8l15x_it.o [1]
  .far_func.text     ro code  0x00ee86     0x1  stm8l15x_it.o [1]
  .far_func.text     ro code  0x00ee87     0x1  stm8l15x_it.o [1]
  .far_func.text     ro code  0x00ee88     0x1  stm8l15x_it.o [1]
  .far_func.text     ro code  0x00ee89     0x1  stm8l15x_it.o [1]
  .far_func.text     ro code  0x00ee8a     0x1  sx1276-board.o [1]
  .far_func.text     ro code  0x00ee8b     0x1  __dbg_break.o [3]
                            - 0x00ee8c  0x6c0c


*******************************************************************************
*** INIT TABLE
***

          Address   Size
          -------   ----
Zero (__iar_zero_init2)
    1 destination range, total size 0x478:
          0x000042  0x478

Copy (__iar_copy_init2)
    1 source range, total size 0x32:
          0x00817b   0x32
    1 destination range, total size 0x32:
          0x000010   0x32



*******************************************************************************
*** MODULE SUMMARY
***

    Module                 ro code  ro data  rw data
    ------                 -------  -------  -------
D:\stm8lora\src\stm8l15x-sx1278\STM8L15x-16x-05x-AL31-L_StdPeriph_Lib\Project\STM8L151G6U6_Sx1278\EWSTM8\STM8L15X_MD(STM8L15xx4_6)\Obj: [1]
    board.o                    474
    cfg_parm.o                 940                10
    comport.o                  211               516
    config_mode.o              700                21
    delay.o                    130
    eeprom.o                   134
    lowpower_mode.o          1 194       22       22
    main.o                      62
    manufacture_parm.o                            20
    normal_mode.o              833       12       80
    ring_buf.o                 469
    spi-board.o                140
    stm8l15x_beep.o            145
    stm8l15x_clk.o             370        5
    stm8l15x_exti.o            329
    stm8l15x_flash.o           100
    stm8l15x_gpio.o            270
    stm8l15x_it.o              674
    stm8l15x_pwr.o              14
    stm8l15x_rtc.o             197
    stm8l15x_spi.o             151
    stm8l15x_tim2.o              9
    stm8l15x_tim4.o             75
    stm8l15x_usart.o           547
    sx1276-board.o             655       81        1
    sx1276.o                 7 715      158      381
    system.o                    26                 1
    test_mode.o                251       65       24
    timer.o                  1 510        4       14
    utilities.o                 41
    wakeup_mode.o              964                80
    ------------------------------------------------
    Total:                  19 330      347    1 170

command line: [2]
    ------------------------------------------------
    Total:

dbgstm8mmd.a: [3]
    __dbg_break.o                1
    __dbg_xxexit.o              22
    ------------------------------------------------
    Total:                      23

dlstm8mmf.a: [4]
    ceil.o                      70
    cexit.o                      6
    char.o                       6
    cstartup.o                  23
    dc_util.o                   88
    div.o                       52
    exit.o                       4
    far.o                       10
    far_util.o                  82
    float.o                  1 238
    float_libsup.o             354
    floor.o                     70
    init.o                      30
    init_small.o                70
    interrupt.o                  4      128
    localeconv.o                39       60       49
    long.o                     609
    long_util.o                214
    low_level_init.o             3
    memchr.o                    24
    memcpy.o                    38
    memset.o                    23
    move.o                      13
    printf.o                    40
    round.o                     85
    short.o                     70
    strchr.o                    21
    strlen.o                    18
    switch.o                    12
    unhandled_exception.o        3
    vreg_util.o                544
    vregs.o                                       16
    xdint.o                    202
    xprintffull_nomb.o       4 211       85
    xprout.o                    31
    ------------------------------------------------
    Total:                   8 307      273       65

    Linker created                       20      768
----------------------------------------------------
    Grand Total:            27 660      640    2 003


*******************************************************************************
*** ENTRY LIST
***

Entry                    Address   Size  Type      Object
-----                    -------   ----  ----      ------
.iar.init_table$$Base   0x008200          --   Gb  - Linker created -
.iar.init_table$$Limit  0x008214          --   Gb  - Linker created -
?add32_l0_l0_0x         0x00a886         Code  Gb  long.o [4]
?add32_l0_l0_l1         0x00a883         Code  Gb  long.o [4]
?and32_l0_l0_0x         0x00aa3b         Code  Gb  long.o [4]
?and32_l0_l0_l1         0x00aa38         Code  Gb  long.o [4]
?b0                     0x000000         Data  Gb  vregs.o [4]
?b1                     0x000001         Data  Gb  vregs.o [4]
?b10                    0x00000a         Data  Gb  vregs.o [4]
?b11                    0x00000b         Data  Gb  vregs.o [4]
?b12                    0x00000c         Data  Gb  vregs.o [4]
?b13                    0x00000d         Data  Gb  vregs.o [4]
?b14                    0x00000e         Data  Gb  vregs.o [4]
?b15                    0x00000f         Data  Gb  vregs.o [4]
?b2                     0x000002         Data  Gb  vregs.o [4]
?b3                     0x000003         Data  Gb  vregs.o [4]
?b4                     0x000004         Data  Gb  vregs.o [4]
?b5                     0x000005         Data  Gb  vregs.o [4]
?b6                     0x000006         Data  Gb  vregs.o [4]
?b7                     0x000007         Data  Gb  vregs.o [4]
?b8                     0x000008         Data  Gb  vregs.o [4]
?b9                     0x000009         Data  Gb  vregs.o [4]
?dc32_l0                0x00d7d7         Code  Gb  dc_util.o [4]
?dc32_l1                0x00d803         Code  Gb  dc_util.o [4]
?dec32_0x_0x            0x00a86f         Code  Gb  long.o [4]
?dec32_l2_l2            0x00a86a         Code  Gb  long.o [4]
?e0                     0x000001         Data  Gb  vregs.o [4]
?e1                     0x000005         Data  Gb  vregs.o [4]
?e2                     0x000009         Data  Gb  vregs.o [4]
?e3                     0x00000d         Data  Gb  vregs.o [4]
?epilogue_l2            0x00ae34         Code  Gb  vreg_util.o [4]
?epilogue_l2_l3         0x00ae30         Code  Gb  vreg_util.o [4]
?epilogue_l2_w6         0x00ae39         Code  Gb  vreg_util.o [4]
?epilogue_w4            0x00ae42         Code  Gb  vreg_util.o [4]
?fadd32_l0_l0_dc32      0x008796         Code  Gb  float.o [4]
?fadd32_l0_l0_l1        0x00879c         Code  Gb  float.o [4]
?fcastf32s16_l0_x       0x008a2d         Code  Gb  float.o [4]
?fcastf32s32_l0_l0      0x008b01         Code  Gb  float.o [4]
?fcastf32u16_l0_x       0x008a34         Code  Gb  float.o [4]
?fcastf32u32_l0_l0      0x008b0d         Code  Gb  float.o [4]
?fcasts16f32_x_l0       0x008a52         Code  Gb  float.o [4]
?fcasts32f32_l0_l0      0x008a9e         Code  Gb  float.o [4]
?fcastu32f32_l0_l0      0x008a87         Code  Gb  float.o [4]
?fcmpge32_c_l0_0x       0x0089cc         Code  Gb  float.o [4]
?fcmpge32_c_l0_dc32     0x0089c5         Code  Gb  float.o [4]
?fcmpge32_c_l0_l1       0x0089c9         Code  Gb  float.o [4]
?fcmplt32_c_l0_0x       0x0089d7         Code  Gb  float.o [4]
?fcmplt32_c_l0_dc32     0x0089d0         Code  Gb  float.o [4]
?fcmplt32_c_l0_l1       0x0089d4         Code  Gb  float.o [4]
?fdiv32_l0_dc32_l1      0x00890b         Code  Gb  float.o [4]
?fdiv32_l0_l0_dc32      0x008911         Code  Gb  float.o [4]
?fdiv32_l0_l0_l1        0x008917         Code  Gb  float.o [4]
?fmul32_l0_l0_dc32      0x00886a         Code  Gb  float.o [4]
?fmul32_l0_l0_l1        0x008870         Code  Gb  float.o [4]
?fsub32_l0_l0_l1        0x008790         Code  Gb  float.o [4]
?inc32_0x_0x            0x00a85c         Code  Gb  long.o [4]
?inc32_l0_l0            0x00a857         Code  Gb  long.o [4]
?l0                     0x000000         Data  Gb  vregs.o [4]
?l1                     0x000004         Data  Gb  vregs.o [4]
?l2                     0x000008         Data  Gb  vregs.o [4]
?l3                     0x00000c         Data  Gb  vregs.o [4]
?load24_0x_e0           0x00dac3         Code  Gb  far_util.o [4]
?load24_e0_0x           0x00da8b         Code  Gb  far_util.o [4]
?load24_e0_asp          0x00da7f         Code  Gb  far_util.o [4]
?load24_e0_xsp          0x00da81         Code  Gb  far_util.o [4]
?load24_e1_0x           0x00da99         Code  Gb  far_util.o [4]
?load24_e2_0x           0x00daa7         Code  Gb  far_util.o [4]
?load24_e3_0x           0x00dab5         Code  Gb  far_util.o [4]
?load32_0x_l0           0x00c35c         Code  Gb  long_util.o [4]
?load32_0x_l2           0x00c374         Code  Gb  long_util.o [4]
?load32_0x_l3           0x00c382         Code  Gb  long_util.o [4]
?load32_l0_0x           0x00c2d4         Code  Gb  long_util.o [4]
?load32_l0_asp          0x00c2c8         Code  Gb  long_util.o [4]
?load32_l0_dbsp         0x00c2ba         Code  Gb  long_util.o [4]
?load32_l0_xsp          0x00c2ca         Code  Gb  long_util.o [4]
?load32_l1_0x           0x00c2fa         Code  Gb  long_util.o [4]
?load32_l1_asp          0x00c2ee         Code  Gb  long_util.o [4]
?load32_l1_dbsp         0x00c2e0         Code  Gb  long_util.o [4]
?load32_l1_xsp          0x00c2f0         Code  Gb  long_util.o [4]
?load32_l2_0x           0x00c320         Code  Gb  long_util.o [4]
?load32_l2_asp          0x00c314         Code  Gb  long_util.o [4]
?load32_l2_dbsp         0x00c306         Code  Gb  long_util.o [4]
?load32_l2_xsp          0x00c316         Code  Gb  long_util.o [4]
?load32_l3_0x           0x00c346         Code  Gb  long_util.o [4]
?load32_l3_asp          0x00c33a         Code  Gb  long_util.o [4]
?load32_l3_dbsp         0x00c32c         Code  Gb  long_util.o [4]
?load32_l3_xsp          0x00c33c         Code  Gb  long_util.o [4]
?load32_xsp_l0          0x00c352         Code  Gb  long_util.o [4]
?load32_xsp_l2          0x00c36a         Code  Gb  long_util.o [4]
?mov_e0_e1              0x00ae74         Code  Gb  vreg_util.o [4]
?mov_e0_e2              0x00ae81         Code  Gb  vreg_util.o [4]
?mov_e0_e3              0x00ae8e         Code  Gb  vreg_util.o [4]
?mov_e1_e0              0x00ae9b         Code  Gb  vreg_util.o [4]
?mov_e1_e2              0x00aea8         Code  Gb  vreg_util.o [4]
?mov_e1_e3              0x00aeb5         Code  Gb  vreg_util.o [4]
?mov_e2_e0              0x00aec2         Code  Gb  vreg_util.o [4]
?mov_e2_e1              0x00aecf         Code  Gb  vreg_util.o [4]
?mov_e2_e3              0x00aedc         Code  Gb  vreg_util.o [4]
?mov_e3_e0              0x00aee9         Code  Gb  vreg_util.o [4]
?mov_e3_e1              0x00aef6         Code  Gb  vreg_util.o [4]
?mov_l0_l1              0x00ae71         Code  Gb  vreg_util.o [4]
?mov_l0_l2              0x00ae7e         Code  Gb  vreg_util.o [4]
?mov_l0_l3              0x00ae8b         Code  Gb  vreg_util.o [4]
?mov_l1_l0              0x00ae98         Code  Gb  vreg_util.o [4]
?mov_l1_l2              0x00aea5         Code  Gb  vreg_util.o [4]
?mov_l1_l3              0x00aeb2         Code  Gb  vreg_util.o [4]
?mov_l2_l0              0x00aebf         Code  Gb  vreg_util.o [4]
?mov_l2_l1              0x00aecc         Code  Gb  vreg_util.o [4]
?mov_l2_l3              0x00aed9         Code  Gb  vreg_util.o [4]
?mov_l3_l0              0x00aee6         Code  Gb  vreg_util.o [4]
?mov_l3_l1              0x00aef3         Code  Gb  vreg_util.o [4]
?mov_w0_w5              0x00ae47         Code  Gb  vreg_util.o [4]
?mov_w1_w3              0x00ae77         Code  Gb  vreg_util.o [4]
?mov_w1_w4              0x00ae4e         Code  Gb  vreg_util.o [4]
?mov_w1_w5              0x00ae84         Code  Gb  vreg_util.o [4]
?mov_w1_w7              0x00ae91         Code  Gb  vreg_util.o [4]
?mov_w2_w0              0x00ae55         Code  Gb  vreg_util.o [4]
?mov_w2_w1              0x00ae5c         Code  Gb  vreg_util.o [4]
?mov_w3_w1              0x00ae9e         Code  Gb  vreg_util.o [4]
?mov_w3_w5              0x00aeab         Code  Gb  vreg_util.o [4]
?mov_w3_w7              0x00aeb8         Code  Gb  vreg_util.o [4]
?mov_w4_w6              0x00ae63         Code  Gb  vreg_util.o [4]
?mov_w5_w1              0x00aec5         Code  Gb  vreg_util.o [4]
?mov_w5_w3              0x00aed2         Code  Gb  vreg_util.o [4]
?mov_w5_w7              0x00aedf         Code  Gb  vreg_util.o [4]
?mov_w7_w0              0x00ae6a         Code  Gb  vreg_util.o [4]
?mov_w7_w1              0x00aeec         Code  Gb  vreg_util.o [4]
?mov_w7_w3              0x00aef9         Code  Gb  vreg_util.o [4]
?move1616_v_x_y_a       0x00ed2f         Code  Gb  move.o [4]
?mul16_x_x_w0           0x00dc99         Code  Gb  short.o [4]
?mul32_l0_l0_0x         0x00a8b9         Code  Gb  long.o [4]
?mul32_l0_l0_l1         0x00a8c2         Code  Gb  long.o [4]
?neg32_l0_l0            0x00a847         Code  Gb  long.o [4]
?or32_l0_l0_0x          0x00aa56         Code  Gb  long.o [4]
?or32_l0_l0_l1          0x00aa53         Code  Gb  long.o [4]
?pop_e2                 0x00ad96         Code  Gb  vreg_util.o [4]
?pop_e3                 0x00ada5         Code  Gb  vreg_util.o [4]
?pop_l0                 0x00adf8         Code  Gb  vreg_util.o [4]
?pop_l1                 0x00ae03         Code  Gb  vreg_util.o [4]
?pop_l2                 0x00ae0e         Code  Gb  vreg_util.o [4]
?pop_l3                 0x00ae19         Code  Gb  vreg_util.o [4]
?pop_w4                 0x00ad1a         Code  Gb  vreg_util.o [4]
?pop_w5                 0x00ad21         Code  Gb  vreg_util.o [4]
?pop_w6                 0x00ad28         Code  Gb  vreg_util.o [4]
?pop_w7                 0x00ad2f         Code  Gb  vreg_util.o [4]
?push_e0                0x00ad42         Code  Gb  vreg_util.o [4]
?push_e2                0x00ad5e         Code  Gb  vreg_util.o [4]
?push_e3                0x00ad7a         Code  Gb  vreg_util.o [4]
?push_l0                0x00adc3         Code  Gb  vreg_util.o [4]
?push_l1                0x00adc8         Code  Gb  vreg_util.o [4]
?push_l2                0x00adcd         Code  Gb  vreg_util.o [4]
?push_l3                0x00add2         Code  Gb  vreg_util.o [4]
?push_w0                0x00ace0         Code  Gb  vreg_util.o [4]
?push_w1                0x00ace5         Code  Gb  vreg_util.o [4]
?push_w2                0x00acea         Code  Gb  vreg_util.o [4]
?push_w4                0x00acef         Code  Gb  vreg_util.o [4]
?push_w5                0x00acf4         Code  Gb  vreg_util.o [4]
?push_w6                0x00acf9         Code  Gb  vreg_util.o [4]
?push_w7                0x00acfe         Code  Gb  vreg_util.o [4]
?scmp32_c_l0_l1         0x00aa21         Code  Gb  long.o [4]
?sdiv16_x_x_y           0x00dcb7         Code  Gb  short.o [4]
?sdiv32_l0_l0_dl        0x00a9b7         Code  Gb  long.o [4]
?sdiv32_l0_l0_l1        0x00a9bb         Code  Gb  long.o [4]
?sext16_x_a             0x00dcd8         Code  Gb  short.o [4]
?sext32_l0_a            0x00aa9b         Code  Gb  long.o [4]
?sext32_l0_x            0x00aa90         Code  Gb  long.o [4]
?sll16_x_x_a            0x00dcd0         Code  Gb  short.o [4]
?sll32_0x_0x_a          0x00aa71         Code  Gb  long.o [4]
?sll32_l0_l0_a          0x00aa6e         Code  Gb  long.o [4]
?smod32_l1_l0_l1        0x00a9bb         Code  Gb  long.o [4]
?sra32_0x_0x_a          0x00aa82         Code  Gb  long.o [4]
?sra32_l0_l0_a          0x00aa7f         Code  Gb  long.o [4]
?srl8_a_a_5             0x00ee34         Code  Gb  char.o [4]
?srl8_a_a_6             0x00ee33         Code  Gb  char.o [4]
?sub32_l0_l0_0x         0x00a8a1         Code  Gb  long.o [4]
?sub32_l0_l0_l1         0x00a89e         Code  Gb  long.o [4]
?switch8vlt_0x_a_0x     0x00ed48         Code  Gb  switch.o [4]
?ucmp24_c_0x_e0         0x00edb5         Code  Gb  far.o [4]
?ucmp32_c_l0_0x         0x00aa06         Code  Gb  long.o [4]
?ucmp32_c_l0_l1         0x00aa16         Code  Gb  long.o [4]
?udiv32_l0_l0_dl        0x00a946         Code  Gb  long.o [4]
?udiv32_l0_l0_l1        0x00a94a         Code  Gb  long.o [4]
?umod32_l1_l0_dl        0x00a940         Code  Gb  long.o [4]
?umod32_l1_l0_l1        0x00a94a         Code  Gb  long.o [4]
?w0                     0x000000         Data  Gb  vregs.o [4]
?w1                     0x000002         Data  Gb  vregs.o [4]
?w2                     0x000004         Data  Gb  vregs.o [4]
?w3                     0x000006         Data  Gb  vregs.o [4]
?w4                     0x000008         Data  Gb  vregs.o [4]
?w5                     0x00000a         Data  Gb  vregs.o [4]
?w6                     0x00000c         Data  Gb  vregs.o [4]
?w7                     0x00000e         Data  Gb  vregs.o [4]
ADC1_COMP_IRQHandler    0x00ee82    0x1  Code  Gb  stm8l15x_it.o [1]
BEEP_Cmd                0x00eca4    0xe  Code  Gb  stm8l15x_beep.o [1]
BEEP_LSClockToTIMConnectCmd
                        0x00ecb2    0xe  Code  Gb  stm8l15x_beep.o [1]
BEEP_LSICalibrationConfig
                        0x00d316   0x75  Code  Gb  stm8l15x_beep.o [1]
BoardDisableIrq         0x00edab    0xa  Code  Gb  system.o [1]
BoardEnableIrq          0x00ec84   0x10  Code  Gb  system.o [1]
BoardInitMcu            0x00c00c   0xee  Code  Gb  board.o [1]
CLK_GetClockFreq        0x00cdb0   0x9e  Code  Gb  stm8l15x_clk.o [1]
CLK_GetSYSCLKSource     0x00ee58    0x4  Code  Gb  stm8l15x_clk.o [1]
CLK_HSICmd              0x00ecc0    0xe  Code  Gb  stm8l15x_clk.o [1]
CLK_LSICmd              0x00ecce    0xe  Code  Gb  stm8l15x_clk.o [1]
CLK_PeripheralClockConfig
                        0x00cf7a   0x94  Code  Gb  stm8l15x_clk.o [1]
CLK_RTCClockConfig      0x00ed8d    0xa  Code  Gb  stm8l15x_clk.o [1]
CLK_SYSCLKDivConfig     0x00ee5c    0x4  Code  Gb  stm8l15x_clk.o [1]
CLK_SYSCLKSourceConfig  0x00ee54    0x4  Code  Gb  stm8l15x_clk.o [1]
CLK_SYSCLKSourceSwitchCmd
                        0x00ecdc    0xe  Code  Gb  stm8l15x_clk.o [1]
CSTACK$$Base            0x000500          --   Gb  - Linker created -
CSTACK$$Limit           0x000800          --   Gb  - Linker created -
ComportInit             0x00c538   0xd3  Code  Gb  comport.o [1]
ConfigModeRadioEvents   0x00040b   0x15  Data  Lc  config_mode.o [1]
DMA1_CHANNEL0_1_IRQHandler
                        0x00ee7b    0x1  Code  Gb  stm8l15x_it.o [1]
DMA1_CHANNEL2_3_IRQHandler
                        0x00ee7c    0x1  Code  Gb  stm8l15x_it.o [1]
DelayMs                 0x00e3b0   0x2f  Code  Gb  delay.o [1]
EXTI0_IRQHandler        0x00e7c0   0x22  Code  Gb  stm8l15x_it.o [1]
EXTI1_IRQHandler        0x00e962   0x1e  Code  Gb  stm8l15x_it.o [1]
EXTI2_IRQHandler        0x00c85b   0xb2  Code  Gb  stm8l15x_it.o [1]
EXTI3_IRQHandler        0x00e6cc   0x23  Code  Gb  stm8l15x_it.o [1]
EXTI4_IRQHandler        0x00e6ef   0x23  Code  Gb  stm8l15x_it.o [1]
EXTI5_IRQHandler        0x00e712   0x23  Code  Gb  stm8l15x_it.o [1]
EXTI6_IRQHandler        0x00e735   0x23  Code  Gb  stm8l15x_it.o [1]
EXTI7_IRQHandler        0x00e980   0x1e  Code  Gb  stm8l15x_it.o [1]
EXTIB_G_IRQHandler      0x00ee7e    0x1  Code  Gb  stm8l15x_it.o [1]
EXTID_H_IRQHandler      0x00ee7f    0x1  Code  Gb  stm8l15x_it.o [1]
EXTIE_F_PVD_IRQHandler  0x00ee7d    0x1  Code  Gb  stm8l15x_it.o [1]
EXTI_ClearITPendingBit  0x00e79e   0x22  Code  Gb  stm8l15x_exti.o [1]
EXTI_SetPinSensitivity  0x00bcc6  0x127  Code  Gb  stm8l15x_exti.o [1]
FLASH_IRQHandler        0x00ee7a    0x1  Code  Gb  stm8l15x_it.o [1]
FLASH_Lock              0x00ed6c    0xb  Code  Gb  stm8l15x_flash.o [1]
FLASH_ProgramByte       0x00ee60    0x4  Code  Gb  stm8l15x_flash.o [1]
FLASH_Unlock            0x00eb44   0x19  Code  Gb  stm8l15x_flash.o [1]
FLASH_WaitForLastOperation
                        0x00dfb7   0x3c  Code  Gb  stm8l15x_flash.o [1]
FskBandwidths           0x008080   0x6e  Data  Gb  sx1276.o [1]
GPIO_DeInit             0x00eaa5   0x1b  Code  Gb  stm8l15x_gpio.o [1]
GPIO_ExternalPullUpConfig
                        0x00e46a   0x2c  Code  Gb  stm8l15x_gpio.o [1]
GPIO_Init               0x00cb1f   0xaf  Code  Gb  stm8l15x_gpio.o [1]
GPIO_ReadInputDataBit   0x00edc9    0x9  Code  Gb  stm8l15x_gpio.o [1]
GPIO_ResetBits          0x00edf6    0x8  Code  Gb  stm8l15x_gpio.o [1]
GPIO_SetBits            0x00ee1e    0x7  Code  Gb  stm8l15x_gpio.o [1]
GetFskBandwidthRegValue
                        0x00d4d4   0x6a  Code  Lc  sx1276.o [1]
GetRunModePin           0x00d3fc   0x6d  Code  Gb  board.o [1]
I2C1_SPI2_IRQHandler    0x00ee89    0x1  Code  Gb  stm8l15x_it.o [1]
INTVEC$$Base            0x008000          --   Gb  - Linker created -
INTVEC$$Limit           0x008080          --   Gb  - Linker created -
InitRunModePin          0x00e65c   0x26  Code  Gb  board.o [1]
IrqNestLevel            0x0004b7    0x1  Data  Lc  system.o [1]
LCD_AES_IRQHandler      0x00ee80    0x1  Code  Gb  stm8l15x_it.o [1]
LoadInt                 0x00dbbe   0x4b  Code  Lc  xprintffull_nomb.o [4]
LowPowerModeOnCadDone   0x00e320   0x30  Code  Gb  lowpower_mode.o [1]
LowPowerModeOnRxDone    0x00cd12   0x9e  Code  Gb  lowpower_mode.o [1]
LowPowerModeOnRxError   0x00de38   0x43  Code  Gb  lowpower_mode.o [1]
LowPowerModeOnRxTimeout
                        0x00ddf5   0x43  Code  Gb  lowpower_mode.o [1]
LowPowerModeOnTxDone    0x00e803   0x20  Code  Gb  lowpower_mode.o [1]
LowPowerModeOnTxTimeout
                        0x00e823   0x20  Code  Gb  lowpower_mode.o [1]
LowPowerModeRadioEvents
                        0x000420   0x15  Data  Lc  lowpower_mode.o [1]
LowPowerModeState       0x0004b4    0x1  Data  Gb  lowpower_mode.o [1]
NormalModeOnRxDone      0x00d11f   0x82  Code  Gb  normal_mode.o [1]
NormalModeOnRxError     0x00e883   0x20  Code  Gb  normal_mode.o [1]
NormalModeOnRxTimeout   0x00e863   0x20  Code  Gb  normal_mode.o [1]
NormalModeOnTxDone      0x00e843   0x20  Code  Gb  normal_mode.o [1]
NormalModeOnTxTimeout   0x00e60e   0x27  Code  Gb  normal_mode.o [1]
NormalModeRadioEvents   0x000435   0x15  Data  Lc  normal_mode.o [1]
NormalModeState         0x0004b5    0x1  Data  Gb  normal_mode.o [1]
PWR_UltraLowPowerCmd    0x00ecea    0xe  Code  Gb  stm8l15x_pwr.o [1]
RTC_CSSLSE_IRQHandler   0x00e543   0x2a  Code  Gb  stm8l15x_it.o [1]
RTC_ClearITPendingBit   0x00ed22    0xd  Code  Gb  stm8l15x_rtc.o [1]
RTC_Config              0x00e596   0x28  Code  Gb  board.o [1]
RTC_ITConfig            0x00e02e   0x3b  Code  Gb  stm8l15x_rtc.o [1]
RTC_SetWakeUpCounter    0x00ebea   0x15  Code  Gb  stm8l15x_rtc.o [1]
RTC_WakeUpClockConfig   0x00e758   0x23  Code  Gb  stm8l15x_rtc.o [1]
RTC_WakeUpCmd           0x00ddb0   0x45  Code  Gb  stm8l15x_rtc.o [1]
Radio                   0x0080ee   0x51  Data  Gb  sx1276-board.o [1]
RadioEvents             0x0004ae    0x2  Data  Lc  sx1276.o [1]
RadioIsActive           0x0004b6    0x1  Data  Lc  sx1276-board.o [1]
RadioRegsInit           0x0081ad   0x30  Data  Gb  sx1276.o [1]
Region$$Table$$Base     0x008200          --   Gb  - Linker created -
Region$$Table$$Limit    0x008214          --   Gb  - Linker created -
RxChainCalibration      0x00c0fa   0xe4  Code  Lc  sx1276.o [1]
RxTimeoutSyncWord       0x000490    0xe  Data  Gb  sx1276.o [1]
RxTimeoutTimer          0x000482    0xe  Data  Gb  sx1276.o [1]
RxTxBuffer              0x000246  0x100  Data  Lc  sx1276.o [1]
SPI1_IRQHandler         0x00ee88    0x1  Code  Gb  stm8l15x_it.o [1]
SPI_Cmd                 0x00ec62   0x11  Code  Gb  stm8l15x_spi.o [1]
SPI_GetFlagStatus       0x00e99e   0x1e  Code  Gb  stm8l15x_spi.o [1]
SPI_Init                0x00d722   0x5b  Code  Gb  stm8l15x_spi.o [1]
SPI_ReceiveData         0x00ee45    0x5  Code  Gb  stm8l15x_spi.o [1]
SPI_SendData            0x00edfe    0x8  Code  Gb  stm8l15x_spi.o [1]
SWITCH_CSS_BREAK_DAC_IRQHandler
                        0x00ee81    0x1  Code  Gb  stm8l15x_it.o [1]
SX1276                  0x000346   0x51  Data  Gb  sx1276.o [1]
SX1276AntSwDeInit       0x00eda1    0xa  Code  Gb  sx1276-board.o [1]
SX1276AntSwInit         0x00ed97    0xa  Code  Gb  sx1276-board.o [1]
SX1276CheckRfFrequency  0x00ee70    0x3  Code  Gb  sx1276-board.o [1]
SX1276GetBoardTcxoWakeupTime
                        0x00ee25    0x7  Code  Gb  sx1276-board.o [1]
SX1276GetPaSelect       0x00ec29   0x14  Code  Lc  sx1276-board.o [1]
SX1276GetStatus         0x00ee64    0x4  Code  Gb  sx1276.o [1]
SX1276GetTimeOnAir      0x00a28f  0x2fc  Code  Gb  sx1276.o [1]
SX1276GetWakeupTime     0x00eded    0x9  Code  Gb  sx1276.o [1]
SX1276Init              0x00c9bf   0xb1  Code  Gb  sx1276.o [1]
SX1276IoInit            0x00eac0   0x1b  Code  Gb  sx1276-board.o [1]
SX1276IoIrqInit         0x00c7a0   0xbb  Code  Gb  sx1276-board.o [1]
SX1276IsChannelFree     0x00d2a0   0x76  Code  Gb  sx1276.o [1]
SX1276OnDio0Irq         0x009870  0x3b5  Code  Gb  sx1276.o [1]
SX1276OnDio1Irq         0x00b7e2  0x151  Code  Gb  sx1276.o [1]
SX1276OnDio2Irq         0x00b933  0x13b  Code  Gb  sx1276.o [1]
SX1276OnDio3Irq         0x00d00e   0x8e  Code  Gb  sx1276.o [1]
SX1276OnDio4Irq         0x00ea33   0x1d  Code  Gb  sx1276.o [1]
SX1276OnDio5Irq         0x00ec3d   0x13  Code  Gb  sx1276.o [1]
SX1276OnTimeoutIrq      0x00ba6e  0x130  Code  Gb  sx1276.o [1]
SX1276Random            0x00d38b   0x71  Code  Gb  sx1276.o [1]
SX1276Read              0x00e9bc   0x1e  Code  Gb  sx1276.o [1]
SX1276ReadBuffer        0x00d886   0x57  Code  Gb  sx1276.o [1]
SX1276ReadFifo          0x00ea89   0x1c  Code  Gb  sx1276.o [1]
SX1276ReadRssi          0x00d469   0x6b  Code  Gb  sx1276.o [1]
SX1276Reset             0x00e3df   0x2f  Code  Gb  sx1276-board.o [1]
SX1276Send              0x00bb9e  0x128  Code  Gb  sx1276.o [1]
SX1276SetAntSw          0x00e77b   0x23  Code  Gb  sx1276-board.o [1]
SX1276SetAntSwLowPower  0x00e40e   0x2e  Code  Gb  sx1276-board.o [1]
SX1276SetBoardTcxo      0x00ee8a    0x1  Code  Lc  sx1276-board.o [1]
SX1276SetChannel        0x00dc53   0x46  Code  Gb  sx1276.o [1]
SX1276SetMaxPayloadLength
                        0x00e1ba   0x37  Code  Gb  sx1276.o [1]
SX1276SetModem          0x00d09c   0x83  Code  Gb  sx1276.o [1]
SX1276SetOpMode         0x00e1f1   0x34  Code  Gb  sx1276.o [1]
SX1276SetPublicNetwork  0x00e496   0x2c  Code  Gb  sx1276.o [1]
SX1276SetRfTxPower      0x00bf06  0x106  Code  Gb  sx1276-board.o [1]
SX1276SetRx             0x009c25  0x341  Code  Gb  sx1276.o [1]
SX1276SetRxConfig       0x0090e2  0x3cf  Code  Gb  sx1276.o [1]
SX1276SetSleep          0x00eb76   0x18  Code  Gb  sx1276.o [1]
SX1276SetStby           0x00eb5d   0x19  Code  Gb  sx1276.o [1]
SX1276SetTx             0x00c90d   0xb2  Code  Gb  sx1276.o [1]
SX1276SetTxConfig       0x009f66  0x329  Code  Gb  sx1276.o [1]
SX1276SetTxContinuousWave
                        0x00cbce   0xa4  Code  Gb  sx1276.o [1]
SX1276StartCad          0x00e0dd   0x38  Code  Gb  sx1276.o [1]
SX1276Write             0x00eadb   0x1b  Code  Gb  sx1276.o [1]
SX1276WriteBuffer       0x00d9db   0x52  Code  Gb  sx1276.o [1]
SX1276WriteFifo         0x00ea6d   0x1c  Code  Gb  sx1276.o [1]
SYSDivFactor            0x008261    0x5  Data  Gb  stm8l15x_clk.o [1]
SetRxCfg                0x00bded  0x119  Code  Lc  lowpower_mode.o [1]
SetRxCfg                0x00d5a5   0x61  Code  Lc  wakeup_mode.o [1]
SetTxCfg                0x00d53e   0x67  Code  Lc  lowpower_mode.o [1]
SetTxCfg                0x00c464   0xd4  Code  Lc  wakeup_mode.o [1]
SpiInOut                0x00de7b   0x42  Code  Gb  spi-board.o [1]
SpiInit                 0x00dc09   0x4a  Code  Gb  spi-board.o [1]
SysTick_Handler         0x00e518   0x2b  Code  Gb  timer.o [1]
TIM1_CC_IRQHandler      0x00ee87    0x1  Code  Gb  stm8l15x_it.o [1]
TIM1_UPD_OVF_TRG_COM_IRQHandler
                        0x00ee86    0x1  Code  Gb  stm8l15x_it.o [1]
TIM2_CC_USART2_RX_IRQHandler
                        0x00ee83    0x1  Code  Gb  stm8l15x_it.o [1]
TIM2_ClearITPendingBit  0x00edd2    0x9  Code  Gb  stm8l15x_tim2.o [1]
TIM2_UPD_OVF_TRG_BRK_USART2_TX_IRQHandler
                        0x00ea16   0x1d  Code  Gb  stm8l15x_it.o [1]
TIM3_CC_USART3_RX_IRQHandler
                        0x00ee85    0x1  Code  Gb  stm8l15x_it.o [1]
TIM3_UPD_OVF_TRG_BRK_USART3_TX_IRQHandler
                        0x00ee84    0x1  Code  Gb  stm8l15x_it.o [1]
TIM4_ClearFlag          0x00eddb    0x9  Code  Gb  stm8l15x_tim4.o [1]
TIM4_ClearITPendingBit  0x00ede4    0x9  Code  Gb  stm8l15x_tim4.o [1]
TIM4_Cmd                0x00ecf8    0xe  Code  Gb  stm8l15x_tim4.o [1]
TIM4_Config             0x00e2be   0x31  Code  Gb  board.o [1]
TIM4_ITConfig           0x00eb10   0x1a  Code  Gb  stm8l15x_tim4.o [1]
TIM4_TimeBaseInit       0x00ec73   0x11  Code  Gb  stm8l15x_tim4.o [1]
TIM4_UPD_OVF_TRG_IRQHandler
                        0x00e7e2   0x21  Code  Gb  stm8l15x_it.o [1]
TRAP_IRQHandler         0x00ee79    0x1  Code  Gb  stm8l15x_it.o [1]
TestModeOnRadioTxTimeout
                        0x00d77d   0x5a  Code  Gb  test_mode.o [1]
TestModeRadioEvents     0x00044a   0x15  Data  Lc  test_mode.o [1]
TestModeState           0x0004b8    0x1  Data  Lc  test_mode.o [1]
TimerExists             0x00ea50   0x1d  Code  Lc  timer.o [1]
TimerGetCurrentTime     0x00ee0e    0x8  Code  Gb  timer.o [1]
TimerGetElapsedTime     0x00e0a4   0x39  Code  Gb  timer.o [1]
TimerGetValue           0x00ed3c    0xc  Code  Gb  timer.o [1]
TimerInit               0x00debd   0x41  Code  Gb  timer.o [1]
TimerInsertNewHeadTimer
                        0x00da2d   0x52  Code  Lc  timer.o [1]
TimerInsertTimer        0x00b686  0x15c  Code  Lc  timer.o [1]
TimerIrqHandler         0x00c60b   0xcb  Code  Gb  timer.o [1]
TimerListHead           0x0004b2    0x2  Data  Lc  timer.o [1]
TimerSetTimeout         0x00eb2a   0x1a  Code  Lc  timer.o [1]
TimerSetValue           0x00e635   0x27  Code  Gb  timer.o [1]
TimerStart              0x00c390   0xd4  Code  Gb  timer.o [1]
TimerStop               0x00b223  0x182  Code  Gb  timer.o [1]
TxTimeoutTimer          0x000474    0xe  Data  Gb  sx1276.o [1]
USART1_RX_TIM5_CC_IRQHandler
                        0x00e380   0x30  Code  Gb  stm8l15x_it.o [1]
USART1_TX_TIM5_UPD_OVF_TRG_BRK_IRQHandler
                        0x00d6c5   0x5d  Code  Gb  stm8l15x_it.o [1]
USART_ClearITPendingBit
                        0x00ee4f    0x5  Code  Gb  stm8l15x_usart.o [1]
USART_Cmd               0x00e4ed   0x2b  Code  Gb  stm8l15x_usart.o [1]
USART_DeInit            0x00df3c   0x3e  Code  Gb  stm8l15x_usart.o [1]
USART_GetFlagStatus     0x00e183   0x37  Code  Gb  stm8l15x_usart.o [1]
USART_ITConfig          0x00cee5   0x95  Code  Gb  stm8l15x_usart.o [1]
USART_Init              0x00c1de   0xdc  Code  Gb  stm8l15x_usart.o [1]
USART_ReceiveData8      0x00ee4a    0x5  Code  Gb  stm8l15x_usart.o [1]
USART_SendData8         0x00ee06    0x8  Code  Gb  stm8l15x_usart.o [1]
WakeUpModeOnRxDone      0x00d1a1   0x82  Code  Gb  wakeup_mode.o [1]
WakeUpModeOnRxError     0x00e923   0x20  Code  Gb  wakeup_mode.o [1]
WakeUpModeOnRxTimeout   0x00e903   0x20  Code  Gb  wakeup_mode.o [1]
WakeUpModeOnTxDone      0x00e8c3   0x20  Code  Gb  wakeup_mode.o [1]
WakeUpModeOnTxTimeout   0x00e8e3   0x20  Code  Gb  wakeup_mode.o [1]
WakeUpModeRadioEvents   0x00045f   0x15  Data  Lc  wakeup_mode.o [1]
WakeUpModeState         0x0004b9    0x1  Data  Gb  wakeup_mode.o [1]
_GenldFullNoMb          0x0094b1  0x3bf  Code  Lc  xprintffull_nomb.o [4]
_LdtobFullNoMb          0x008c48  0x49a  Code  Lc  xprintffull_nomb.o [4]
_LitobFullNoMb          0x00b3a5  0x17f  Code  Lc  xprintffull_nomb.o [4]
_Locale_lconv           0x000014   0x2e  Data  Gb  localeconv.o [4]
_PrintfFullNoMb         0x008280  0x4f2  Code  Gb  xprintffull_nomb.o [4]
_Prout                  0x00e943   0x1f  Code  Gb  xprout.o [4]
_PutcharFullNoMb        0x00e43c   0x2e  Code  Lc  xprintffull_nomb.o [4]
_PutcharsFullNoMb       0x00e069   0x3b  Code  Lc  xprintffull_nomb.o [4]
__DebugBreak            0x00ee8b    0x1  Code  Gb  __dbg_break.o [3]
__eeprom_write_16       0x00db22   0x4f  Code  Gb  eeprom.o [1]
__eeprom_write_8        0x00e115   0x37  Code  Gb  eeprom.o [1]
__exit                  0x00ebd4   0x16  Code  Gb  __dbg_xxexit.o [3]
__iar_Dint              0x00c6d6   0xca  Code  Gb  xdint.o [4]
__iar_Dnorm             0x00b524         Code  Gb  float_libsup.o [4]
__iar_Dscale            0x00b5b2         Code  Gb  float_libsup.o [4]
__iar_Dunscale          0x00b560         Code  Gb  float_libsup.o [4]
__iar_Memchr            0x00eb8e   0x18  Code  Gb  memchr.o [4]
__iar_Strchr            0x00ec14   0x15  Code  Gb  strchr.o [4]
__iar_Tls_setup__Locale_lconv
                        0x0004ab    0x3  Data  Gb  localeconv.o [4]
__iar_copy_init2        0x00e5e6         Code  Gb  init_small.o [4]
__iar_data_init2        0x00e9da   0x1e  Code  Gb  init.o [4]
__iar_program_start     0x00eba6         Code  Gb  cstartup.o [4]
__iar_unhandled_exception
                        0x00ee76         Code  Gb  unhandled_exception.o [4]
__iar_zero_init2        0x00e9f8         Code  Gb  init_small.o [4]
__intvec                0x008000         Data  Gb  interrupt.o [4]
__low_level_init        0x00ee73    0x3  Code  Gb  low_level_init.o [4]
_exit                   0x00ee3f         Code  Gb  cexit.o [4]
_interrupt_1            0x00ee79         Code  Gb  stm8l15x_it.o [1]
_interrupt_10           0x00e7c0         Code  Gb  stm8l15x_it.o [1]
_interrupt_11           0x00e962         Code  Gb  stm8l15x_it.o [1]
_interrupt_12           0x00c85b         Code  Gb  stm8l15x_it.o [1]
_interrupt_13           0x00e6cc         Code  Gb  stm8l15x_it.o [1]
_interrupt_14           0x00e6ef         Code  Gb  stm8l15x_it.o [1]
_interrupt_15           0x00e712         Code  Gb  stm8l15x_it.o [1]
_interrupt_16           0x00e735         Code  Gb  stm8l15x_it.o [1]
_interrupt_17           0x00e980         Code  Gb  stm8l15x_it.o [1]
_interrupt_18           0x00ee80         Code  Gb  stm8l15x_it.o [1]
_interrupt_19           0x00ee81         Code  Gb  stm8l15x_it.o [1]
_interrupt_20           0x00ee82         Code  Gb  stm8l15x_it.o [1]
_interrupt_21           0x00ea16         Code  Gb  stm8l15x_it.o [1]
_interrupt_22           0x00ee83         Code  Gb  stm8l15x_it.o [1]
_interrupt_23           0x00ee84         Code  Gb  stm8l15x_it.o [1]
_interrupt_24           0x00ee85         Code  Gb  stm8l15x_it.o [1]
_interrupt_25           0x00ee86         Code  Gb  stm8l15x_it.o [1]
_interrupt_26           0x00ee87         Code  Gb  stm8l15x_it.o [1]
_interrupt_27           0x00e7e2         Code  Gb  stm8l15x_it.o [1]
_interrupt_28           0x00ee88         Code  Gb  stm8l15x_it.o [1]
_interrupt_29           0x00d6c5         Code  Gb  stm8l15x_it.o [1]
_interrupt_3            0x00ee7a         Code  Gb  stm8l15x_it.o [1]
_interrupt_30           0x00e380         Code  Gb  stm8l15x_it.o [1]
_interrupt_31           0x00ee89         Code  Gb  stm8l15x_it.o [1]
_interrupt_4            0x00ee7b         Code  Gb  stm8l15x_it.o [1]
_interrupt_5            0x00ee7c         Code  Gb  stm8l15x_it.o [1]
_interrupt_6            0x00e543         Code  Gb  stm8l15x_it.o [1]
_interrupt_7            0x00ee7d         Code  Gb  stm8l15x_it.o [1]
_interrupt_8            0x00ee7e         Code  Gb  stm8l15x_it.o [1]
_interrupt_9            0x00ee7f         Code  Gb  stm8l15x_it.o [1]
aLarmTimerTime          0x000010    0x4  Data  Gb  timer.o [1]
ceil                    0x00dcdf   0x46  Code  Gb  ceil.o [4]
cfg_parm_dump_to_ram    0x00eaf6   0x1a  Code  Gb  cfg_parm.o [1]
cfg_parm_factory_reset  0x00ce4e   0x97  Code  Gb  cfg_parm.o [1]
cfg_parm_get_air_bandwith
                        0x00d82f   0x57  Code  Gb  cfg_parm.o [1]
cfg_parm_get_air_baud   0x00ca70   0xaf  Code  Gb  cfg_parm.o [1]
cfg_parm_get_air_sf     0x00d666   0x5f  Code  Gb  cfg_parm.o [1]
cfg_parm_get_tx_power   0x00e28c   0x32  Code  Gb  cfg_parm.o [1]
cfg_parm_get_uart_baud  0x00cc72   0xa0  Code  Gb  cfg_parm.o [1]
cfg_parm_get_uart_parity
                        0x00e2ef   0x31  Code  Gb  cfg_parm.o [1]
cfg_parm_get_wakeup_time
                        0x00d606   0x60  Code  Gb  cfg_parm.o [1]
cfg_parm_restore        0x00e259   0x33  Code  Gb  cfg_parm.o [1]
config_mode_routin      0x00a58b  0x2bc  Code  Gb  config_mode.o [1]
delay_us                0x00d988   0x53  Code  Gb  delay.o [1]
div                     0x00e225   0x34  Code  Gb  div.o [4]
exit                    0x00ee6c    0x4  Code  Gb  exit.o [4]
floor                   0x00dd25   0x46  Code  Gb  floor.o [4]
localeconv              0x00ed06    0xe  Code  Gb  localeconv.o [4]
lowpower_mode_routin    0x00af00  0x196  Code  Gb  lowpower_mode.o [1]
main                    0x00defe   0x3e  Code  Gb  main.o [1]
memcpy                  0x00e682   0x26  Code  Gb  memcpy.o [4]
memcpy1                 0x00e56d   0x29  Code  Gb  utilities.o [1]
memset                  0x00ebbd   0x17  Code  Gb  memset.o [4]
normal_mode_routin      0x00aaa8  0x238  Code  Gb  normal_mode.o [1]
pad                     0x00df7a   0x3d  Code  Lc  xprintffull_nomb.o [4]
printf                  0x00e5be   0x28  Code  Gb  printf.o [4]
putchar                 0x00e6a8   0x24  Code  Gb  test_mode.o [1]
ring_buffer_dequeue     0x00dd6b   0x45  Code  Gb  ring_buf.o [1]
ring_buffer_dequeue_arr
                        0x00d8dd   0x56  Code  Gb  ring_buf.o [1]
ring_buffer_init        0x00e8a3   0x20  Code  Gb  ring_buf.o [1]
ring_buffer_is_empty    0x00e350   0x30  Code  Gb  ring_buf.o [1]
ring_buffer_is_full     0x00e14c   0x37  Code  Gb  ring_buf.o [1]
ring_buffer_num_items   0x00e4c2   0x2b  Code  Gb  ring_buf.o [1]
ring_buffer_queue       0x00db71   0x4d  Code  Gb  ring_buf.o [1]
ring_buffer_queue_arr   0x00dff3   0x3b  Code  Gb  ring_buf.o [1]
round                   0x00d933   0x55  Code  Gb  round.o [4]
sTartAlarmTimerTime     0x0004a7    0x4  Data  Gb  timer.o [1]
scale                   0x00dad1   0x51  Code  Lc  xprintffull_nomb.o [4]
stManufactureParm       0x001000   0x14  Data  Gb  manufacture_parm.o [1]
stNvCfgParm             0x001014    0x5  Data  Gb  cfg_parm.o [1]
stTmpCfgParm            0x00049e    0x5  Data  Gb  cfg_parm.o [1]
strlen                  0x00ec50   0x12  Code  Gb  strlen.o [4]
systick                 0x0004a3    0x4  Data  Gb  timer.o [1]
test_mode_routin        0x00d223   0x7d  Code  Gb  test_mode.o [1]
uart_rx_ring_buf        0x000042  0x102  Data  Gb  comport.o [1]
uart_tx_ring_buf        0x000144  0x102  Data  Gb  comport.o [1]
wakeup_mode_routin      0x00b096  0x18d  Code  Gb  wakeup_mode.o [1]


[1] = D:\stm8lora\src\stm8l15x-sx1278\STM8L15x-16x-05x-AL31-L_StdPeriph_Lib\Project\STM8L151G6U6_Sx1278\EWSTM8\STM8L15X_MD(STM8L15xx4_6)\Obj
[2] = command line
[3] = dbgstm8mmd.a
[4] = dlstm8mmf.a

  27 660 bytes of readonly  code memory
     640 bytes of readonly  data memory
   2 003 bytes of readwrite data memory

Errors: none
Warnings: none
