###############################################################################
#
# IAR ELF Linker V3.10.1.201 for STM8                     12/Jul/2019  14:22:00
# Copyright 2010-2017 IAR Systems AB.
#
#    Output file  =  
#        D:\stm8lora\src\stm8l15x-sx1278\STM8L15x-16x-05x-AL31-L_StdPeriph_Lib\Project\STM8L151G6U6_Sx1278\EWSTM8\STM8L15X_MD(STM8L15xx4_6)\Exe\project.out
#    Map file     =  
#        D:\stm8lora\src\stm8l15x-sx1278\STM8L15x-16x-05x-AL31-L_StdPeriph_Lib\Project\STM8L151G6U6_Sx1278\EWSTM8\STM8L15X_MD(STM8L15xx4_6)\List\project.map
#    Command line =  
#        -f C:\Users\Administrator\AppData\Local\Temp\EW8E69.tmp
#        ("D:\stm8lora\src\stm8l15x-sx1278\STM8L15x-16x-05x-AL31-L_StdPeriph_Lib\Project\STM8L151G6U6_Sx1278\EWSTM8\STM8L15X_MD(STM8L15xx4_6)\Obj\aes.o"
#        "D:\stm8lora\src\stm8l15x-sx1278\STM8L15x-16x-05x-AL31-L_StdPeriph_Lib\Project\STM8L151G6U6_Sx1278\EWSTM8\STM8L15X_MD(STM8L15xx4_6)\Obj\board.o"
#        "D:\stm8lora\src\stm8l15x-sx1278\STM8L15x-16x-05x-AL31-L_StdPeriph_Lib\Project\STM8L151G6U6_Sx1278\EWSTM8\STM8L15X_MD(STM8L15xx4_6)\Obj\cfg_parm.o"
#        "D:\stm8lora\src\stm8l15x-sx1278\STM8L15x-16x-05x-AL31-L_StdPeriph_Lib\Project\STM8L151G6U6_Sx1278\EWSTM8\STM8L15X_MD(STM8L15xx4_6)\Obj\cmac.o"
#        "D:\stm8lora\src\stm8l15x-sx1278\STM8L15x-16x-05x-AL31-L_StdPeriph_Lib\Project\STM8L151G6U6_Sx1278\EWSTM8\STM8L15X_MD(STM8L15xx4_6)\Obj\comport.o"
#        "D:\stm8lora\src\stm8l15x-sx1278\STM8L15x-16x-05x-AL31-L_StdPeriph_Lib\Project\STM8L151G6U6_Sx1278\EWSTM8\STM8L15X_MD(STM8L15xx4_6)\Obj\delay.o"
#        "D:\stm8lora\src\stm8l15x-sx1278\STM8L15x-16x-05x-AL31-L_StdPeriph_Lib\Project\STM8L151G6U6_Sx1278\EWSTM8\STM8L15X_MD(STM8L15xx4_6)\Obj\eeprom.o"
#        "D:\stm8lora\src\stm8l15x-sx1278\STM8L15x-16x-05x-AL31-L_StdPeriph_Lib\Project\STM8L151G6U6_Sx1278\EWSTM8\STM8L15X_MD(STM8L15xx4_6)\Obj\frame.o"
#        "D:\stm8lora\src\stm8l15x-sx1278\STM8L15x-16x-05x-AL31-L_StdPeriph_Lib\Project\STM8L151G6U6_Sx1278\EWSTM8\STM8L15X_MD(STM8L15xx4_6)\Obj\hex.o"
#        "D:\stm8lora\src\stm8l15x-sx1278\STM8L15x-16x-05x-AL31-L_StdPeriph_Lib\Project\STM8L151G6U6_Sx1278\EWSTM8\STM8L15X_MD(STM8L15xx4_6)\Obj\LoRaMac.o"
#        "D:\stm8lora\src\stm8l15x-sx1278\STM8L15x-16x-05x-AL31-L_StdPeriph_Lib\Project\STM8L151G6U6_Sx1278\EWSTM8\STM8L15X_MD(STM8L15xx4_6)\Obj\LoRaMacCrypto.o"
#        "D:\stm8lora\src\stm8l15x-sx1278\STM8L15x-16x-05x-AL31-L_StdPeriph_Lib\Project\STM8L151G6U6_Sx1278\EWSTM8\STM8L15X_MD(STM8L15xx4_6)\Obj\main.o"
#        "D:\stm8lora\src\stm8l15x-sx1278\STM8L15x-16x-05x-AL31-L_StdPeriph_Lib\Project\STM8L151G6U6_Sx1278\EWSTM8\STM8L15X_MD(STM8L15xx4_6)\Obj\manufacture_parm.o"
#        "D:\stm8lora\src\stm8l15x-sx1278\STM8L15x-16x-05x-AL31-L_StdPeriph_Lib\Project\STM8L151G6U6_Sx1278\EWSTM8\STM8L15X_MD(STM8L15xx4_6)\Obj\modem.o"
#        "D:\stm8lora\src\stm8l15x-sx1278\STM8L15x-16x-05x-AL31-L_StdPeriph_Lib\Project\STM8L151G6U6_Sx1278\EWSTM8\STM8L15X_MD(STM8L15xx4_6)\Obj\ring_buf.o"
#        "D:\stm8lora\src\stm8l15x-sx1278\STM8L15x-16x-05x-AL31-L_StdPeriph_Lib\Project\STM8L151G6U6_Sx1278\EWSTM8\STM8L15X_MD(STM8L15xx4_6)\Obj\spi-board.o"
#        "D:\stm8lora\src\stm8l15x-sx1278\STM8L15x-16x-05x-AL31-L_StdPeriph_Lib\Project\STM8L151G6U6_Sx1278\EWSTM8\STM8L15X_MD(STM8L15xx4_6)\Obj\stm8l15x_adc.o"
#        "D:\stm8lora\src\stm8l15x-sx1278\STM8L15x-16x-05x-AL31-L_StdPeriph_Lib\Project\STM8L151G6U6_Sx1278\EWSTM8\STM8L15X_MD(STM8L15xx4_6)\Obj\stm8l15x_beep.o"
#        "D:\stm8lora\src\stm8l15x-sx1278\STM8L15x-16x-05x-AL31-L_StdPeriph_Lib\Project\STM8L151G6U6_Sx1278\EWSTM8\STM8L15X_MD(STM8L15xx4_6)\Obj\stm8l15x_clk.o"
#        "D:\stm8lora\src\stm8l15x-sx1278\STM8L15x-16x-05x-AL31-L_StdPeriph_Lib\Project\STM8L151G6U6_Sx1278\EWSTM8\STM8L15X_MD(STM8L15xx4_6)\Obj\stm8l15x_comp.o"
#        "D:\stm8lora\src\stm8l15x-sx1278\STM8L15x-16x-05x-AL31-L_StdPeriph_Lib\Project\STM8L151G6U6_Sx1278\EWSTM8\STM8L15X_MD(STM8L15xx4_6)\Obj\stm8l15x_dac.o"
#        "D:\stm8lora\src\stm8l15x-sx1278\STM8L15x-16x-05x-AL31-L_StdPeriph_Lib\Project\STM8L151G6U6_Sx1278\EWSTM8\STM8L15X_MD(STM8L15xx4_6)\Obj\stm8l15x_dma.o"
#        "D:\stm8lora\src\stm8l15x-sx1278\STM8L15x-16x-05x-AL31-L_StdPeriph_Lib\Project\STM8L151G6U6_Sx1278\EWSTM8\STM8L15X_MD(STM8L15xx4_6)\Obj\stm8l15x_exti.o"
#        "D:\stm8lora\src\stm8l15x-sx1278\STM8L15x-16x-05x-AL31-L_StdPeriph_Lib\Project\STM8L151G6U6_Sx1278\EWSTM8\STM8L15X_MD(STM8L15xx4_6)\Obj\stm8l15x_flash.o"
#        "D:\stm8lora\src\stm8l15x-sx1278\STM8L15x-16x-05x-AL31-L_StdPeriph_Lib\Project\STM8L151G6U6_Sx1278\EWSTM8\STM8L15X_MD(STM8L15xx4_6)\Obj\stm8l15x_gpio.o"
#        "D:\stm8lora\src\stm8l15x-sx1278\STM8L15x-16x-05x-AL31-L_StdPeriph_Lib\Project\STM8L151G6U6_Sx1278\EWSTM8\STM8L15X_MD(STM8L15xx4_6)\Obj\stm8l15x_i2c.o"
#        "D:\stm8lora\src\stm8l15x-sx1278\STM8L15x-16x-05x-AL31-L_StdPeriph_Lib\Project\STM8L151G6U6_Sx1278\EWSTM8\STM8L15X_MD(STM8L15xx4_6)\Obj\stm8l15x_irtim.o"
#        "D:\stm8lora\src\stm8l15x-sx1278\STM8L15x-16x-05x-AL31-L_StdPeriph_Lib\Project\STM8L151G6U6_Sx1278\EWSTM8\STM8L15X_MD(STM8L15xx4_6)\Obj\stm8l15x_it.o"
#        "D:\stm8lora\src\stm8l15x-sx1278\STM8L15x-16x-05x-AL31-L_StdPeriph_Lib\Project\STM8L151G6U6_Sx1278\EWSTM8\STM8L15X_MD(STM8L15xx4_6)\Obj\stm8l15x_itc.o"
#        "D:\stm8lora\src\stm8l15x-sx1278\STM8L15x-16x-05x-AL31-L_StdPeriph_Lib\Project\STM8L151G6U6_Sx1278\EWSTM8\STM8L15X_MD(STM8L15xx4_6)\Obj\stm8l15x_iwdg.o"
#        "D:\stm8lora\src\stm8l15x-sx1278\STM8L15x-16x-05x-AL31-L_StdPeriph_Lib\Project\STM8L151G6U6_Sx1278\EWSTM8\STM8L15X_MD(STM8L15xx4_6)\Obj\stm8l15x_lcd.o"
#        "D:\stm8lora\src\stm8l15x-sx1278\STM8L15x-16x-05x-AL31-L_StdPeriph_Lib\Project\STM8L151G6U6_Sx1278\EWSTM8\STM8L15X_MD(STM8L15xx4_6)\Obj\stm8l15x_pwr.o"
#        "D:\stm8lora\src\stm8l15x-sx1278\STM8L15x-16x-05x-AL31-L_StdPeriph_Lib\Project\STM8L151G6U6_Sx1278\EWSTM8\STM8L15X_MD(STM8L15xx4_6)\Obj\stm8l15x_rst.o"
#        "D:\stm8lora\src\stm8l15x-sx1278\STM8L15x-16x-05x-AL31-L_StdPeriph_Lib\Project\STM8L151G6U6_Sx1278\EWSTM8\STM8L15X_MD(STM8L15xx4_6)\Obj\stm8l15x_rtc.o"
#        "D:\stm8lora\src\stm8l15x-sx1278\STM8L15x-16x-05x-AL31-L_StdPeriph_Lib\Project\STM8L151G6U6_Sx1278\EWSTM8\STM8L15X_MD(STM8L15xx4_6)\Obj\stm8l15x_spi.o"
#        "D:\stm8lora\src\stm8l15x-sx1278\STM8L15x-16x-05x-AL31-L_StdPeriph_Lib\Project\STM8L151G6U6_Sx1278\EWSTM8\STM8L15X_MD(STM8L15xx4_6)\Obj\stm8l15x_syscfg.o"
#        "D:\stm8lora\src\stm8l15x-sx1278\STM8L15x-16x-05x-AL31-L_StdPeriph_Lib\Project\STM8L151G6U6_Sx1278\EWSTM8\STM8L15X_MD(STM8L15xx4_6)\Obj\stm8l15x_tim1.o"
#        "D:\stm8lora\src\stm8l15x-sx1278\STM8L15x-16x-05x-AL31-L_StdPeriph_Lib\Project\STM8L151G6U6_Sx1278\EWSTM8\STM8L15X_MD(STM8L15xx4_6)\Obj\stm8l15x_tim2.o"
#        "D:\stm8lora\src\stm8l15x-sx1278\STM8L15x-16x-05x-AL31-L_StdPeriph_Lib\Project\STM8L151G6U6_Sx1278\EWSTM8\STM8L15X_MD(STM8L15xx4_6)\Obj\stm8l15x_tim3.o"
#        "D:\stm8lora\src\stm8l15x-sx1278\STM8L15x-16x-05x-AL31-L_StdPeriph_Lib\Project\STM8L151G6U6_Sx1278\EWSTM8\STM8L15X_MD(STM8L15xx4_6)\Obj\stm8l15x_tim4.o"
#        "D:\stm8lora\src\stm8l15x-sx1278\STM8L15x-16x-05x-AL31-L_StdPeriph_Lib\Project\STM8L151G6U6_Sx1278\EWSTM8\STM8L15X_MD(STM8L15xx4_6)\Obj\stm8l15x_tim5.o"
#        "D:\stm8lora\src\stm8l15x-sx1278\STM8L15x-16x-05x-AL31-L_StdPeriph_Lib\Project\STM8L151G6U6_Sx1278\EWSTM8\STM8L15X_MD(STM8L15xx4_6)\Obj\stm8l15x_usart.o"
#        "D:\stm8lora\src\stm8l15x-sx1278\STM8L15x-16x-05x-AL31-L_StdPeriph_Lib\Project\STM8L151G6U6_Sx1278\EWSTM8\STM8L15X_MD(STM8L15xx4_6)\Obj\stm8l15x_wfe.o"
#        "D:\stm8lora\src\stm8l15x-sx1278\STM8L15x-16x-05x-AL31-L_StdPeriph_Lib\Project\STM8L151G6U6_Sx1278\EWSTM8\STM8L15X_MD(STM8L15xx4_6)\Obj\stm8l15x_wwdg.o"
#        "D:\stm8lora\src\stm8l15x-sx1278\STM8L15x-16x-05x-AL31-L_StdPeriph_Lib\Project\STM8L151G6U6_Sx1278\EWSTM8\STM8L15X_MD(STM8L15xx4_6)\Obj\sx1276-board.o"
#        "D:\stm8lora\src\stm8l15x-sx1278\STM8L15x-16x-05x-AL31-L_StdPeriph_Lib\Project\STM8L151G6U6_Sx1278\EWSTM8\STM8L15X_MD(STM8L15xx4_6)\Obj\sx1276.o"
#        "D:\stm8lora\src\stm8l15x-sx1278\STM8L15x-16x-05x-AL31-L_StdPeriph_Lib\Project\STM8L151G6U6_Sx1278\EWSTM8\STM8L15X_MD(STM8L15xx4_6)\Obj\system.o"
#        "D:\stm8lora\src\stm8l15x-sx1278\STM8L15x-16x-05x-AL31-L_StdPeriph_Lib\Project\STM8L151G6U6_Sx1278\EWSTM8\STM8L15X_MD(STM8L15xx4_6)\Obj\test_mode.o"
#        "D:\stm8lora\src\stm8l15x-sx1278\STM8L15x-16x-05x-AL31-L_StdPeriph_Lib\Project\STM8L151G6U6_Sx1278\EWSTM8\STM8L15X_MD(STM8L15xx4_6)\Obj\timer.o"
#        "D:\stm8lora\src\stm8l15x-sx1278\STM8L15x-16x-05x-AL31-L_StdPeriph_Lib\Project\STM8L151G6U6_Sx1278\EWSTM8\STM8L15X_MD(STM8L15xx4_6)\Obj\utilities.o"
#        --redirect _Printf=_PrintfFullNoMb --redirect _Scanf=_ScanfFullNoMb -o
#        "D:\stm8lora\src\stm8l15x-sx1278\STM8L15x-16x-05x-AL31-L_StdPeriph_Lib\Project\STM8L151G6U6_Sx1278\EWSTM8\STM8L15X_MD(STM8L15xx4_6)\Exe\project.out"
#        --map
#        "D:\stm8lora\src\stm8l15x-sx1278\STM8L15x-16x-05x-AL31-L_StdPeriph_Lib\Project\STM8L151G6U6_Sx1278\EWSTM8\STM8L15X_MD(STM8L15xx4_6)\List\project.map"
#        --config "C:\Program Files (x86)\IAR Systems\Embedded Workbench
#        8.0\stm8\config\lnkstm8l151k6.icf" --config_def _CSTACK_SIZE=0x140
#        --config_def _HEAP_SIZE=0x00 --entry __iar_program_start --debug_lib)
#
###############################################################################

*******************************************************************************
*** RUNTIME MODEL ATTRIBUTES
***

__Heap_Handler             = Basic
__SystemLibrary            = DLib
__code_model               = medium_or_large
__core                     = stm8
__data_model               = medium
__dlib_file_descriptor     = 1
__dlib_full_locale_support = 1
__rt_version               = 4


*******************************************************************************
*** PLACEMENT SUMMARY
***

"A0":  place at start of [0x000000-0x0000ff] { rw section .vregs };
"A1":  place at end of [0x000000-0x0007ff] { block CSTACK };
"P2":  place in [from 0x000000 to 0x0007ff] {
          block HEAP, rw section __DLIB_PERTHREAD, rw section .far.bss,
          rw section .far.data, rw section .far.noinit,
          rw section .far_func.textrw, rw section .huge.bss,
          rw section .huge.data, rw section .huge.noinit,
          rw section .huge_func.textrw, rw section .iar.dynexit,
          rw section .near.bss, rw section .near.data, rw section .near.noinit,
          rw section .near_func.textrw };
"A2":  place at start of [0x008000-0x00ffff] { block INTVEC };
"P3":  place in [from 0x008000 to 0x00ffff] {
          ro section __DLIB_PERTHREAD_init, ro section .far.data_init,
          ro section .far_func.textrw_init, ro section .huge.data_init,
          ro section .huge_func.textrw_init, ro section .iar.init_table,
          ro section .init_array, ro section .near.data_init,
          ro section .near.rodata, ro section .near_func.text,
          ro section .near_func.textrw_init, ro section .tiny.data_init,
          ro section .tiny.rodata_init };
"P4":  place in [from 0x008000 to 0x00ffff] {
          ro section .far.rodata, ro section .far_func.text };
"P5":  place in [from 0x008000 to 0x00ffff] {
          ro section .huge.rodata, ro section .huge_func.text };
"P6":  place in [from 0x001000 to 0x0013ff] { section .eeprom.noinit };
"P7":  place in [from 0x001000 to 0x0013ff] { section .eeprom.data };
"P8":  place in [from 0x001000 to 0x0013ff] { section .eeprom.rodata };
do not initialize {
   rw section .eeprom.noinit, rw section .far.noinit, rw section .huge.noinit,
   rw section .near.noinit, rw section .tiny.noinit, rw section .vregs };
initialize by copy {
   rw section .far.bss, rw section .far.data, rw section .far_func.textrw,
   rw section .huge.bss, rw section .huge.data, rw section .huge_func.textrw,
   rw section .iar.dynexit, rw section .near.bss, rw section .near.data,
   rw section .near_func.textrw, rw section .tiny.bss, rw section .tiny.data,
   ro section .tiny.rodata };

  Section            Kind      Address    Size  Object
  -------            ----      -------    ----  ------
"A0":                                     0x10
  .vregs             uninit   0x000000    0x10  vregs.o [4]
                            - 0x000010    0x10

"P2", part 1 of 2:                        0x32
  P2-1                        0x000010    0x32  <Init block>
    .near.data       inited   0x000010    0x10  LoRaMacCrypto.o [1]
    .near.data       inited   0x000020    0x10  LoRaMacCrypto.o [1]
    .near.data       inited   0x000030     0xa  modem.o [1]
    .near.data       inited   0x00003a     0x4  timer.o [1]
    .near.data       inited   0x00003e     0x4  utilities.o [1]
                            - 0x000042    0x32

"P2", part 2 of 2:                       0x67e
  .near.bss          zero     0x000042   0x19d  modem.o [1]
  .near.bss          zero     0x0001df   0x115  LoRaMacCrypto.o [1]
  .near.bss          zero     0x0002f4    0xf1  LoRaMacCrypto.o [1]
  .near.bss          zero     0x0003e5    0xd5  board.o [1]
  .near.bss          zero     0x0004ba    0xd5  sx1276.o [1]
  .near.bss          zero     0x00058f    0x5d  cfg_parm.o [1]
  .near.bss          zero     0x0005ec    0x23  sx1276.o [1]
  .near.bss          zero     0x00060f    0x15  LoRaMac.o [1]
  .near.bss          zero     0x000624    0x15  test_mode.o [1]
  .near.bss          zero     0x000639    0x10  LoRaMacCrypto.o [1]
  .near.bss          zero     0x000649    0x10  LoRaMacCrypto.o [1]
  .near.bss          zero     0x000659     0xe  sx1276.o [1]
  .near.bss          zero     0x000667     0xe  sx1276.o [1]
  .near.bss          zero     0x000675     0xe  sx1276.o [1]
  .near.bss          zero     0x000683     0xd  comport.o [1]
  .near.bss          zero     0x000690     0x8  frame.o [1]
  .near.bss          zero     0x000698     0x4  LoRaMac.o [1]
  .near.bss          zero     0x00069c     0x4  timer.o [1]
  .near.bss          zero     0x0006a0     0x4  timer.o [1]
  .near.bss          zero     0x0006a4     0x2  LoRaMac.o [1]
  .near.bss          zero     0x0006a6     0x2  LoRaMac.o [1]
  .near.bss          zero     0x0006a8     0x2  LoRaMac.o [1]
  .near.bss          zero     0x0006aa     0x2  LoRaMac.o [1]
  .near.bss          zero     0x0006ac     0x2  LoRaMac.o [1]
  .near.bss          zero     0x0006ae     0x2  sx1276.o [1]
  .near.bss          zero     0x0006b0     0x2  test_mode.o [1]
  .near.bss          zero     0x0006b2     0x2  test_mode.o [1]
  .near.bss          zero     0x0006b4     0x2  timer.o [1]
  .near.bss          zero     0x0006b6     0x1  frame.o [1]
  .near.bss          zero     0x0006b7     0x1  LoRaMac.o [1]
  .near.bss          zero     0x0006b8     0x1  LoRaMac.o [1]
  .near.bss          zero     0x0006b9     0x1  LoRaMac.o [1]
  .near.bss          zero     0x0006ba     0x1  LoRaMac.o [1]
  .near.bss          zero     0x0006bb     0x1  LoRaMac.o [1]
  .near.bss          zero     0x0006bc     0x1  LoRaMac.o [1]
  .near.bss          zero     0x0006bd     0x1  sx1276-board.o [1]
  .near.bss          zero     0x0006be     0x1  sx1276.o [1]
  .near.bss          zero     0x0006bf     0x1  system.o [1]
                            - 0x0006c0   0x67e

"A1":                                    0x140
  CSTACK                      0x0006c0   0x140  <Block>
    CSTACK           uninit   0x0006c0   0x140  <Block tail>
                            - 0x000800   0x140

"P6-P8":                                 0x15f
  .eeprom.data       rw data  0x001000    0xfa  cfg_parm.o [1]
  .eeprom.data       rw data  0x0010fa    0x5d  cfg_parm.o [1]
  .eeprom.data       rw data  0x001157     0x8  cfg_parm.o [1]
                            - 0x00115f   0x15f

"A2":                                     0x80
  INTVEC                      0x008000    0x80  <Block>
    .intvec          const    0x008000    0x80  interrupt.o [4]
                            - 0x008080    0x80

"P3-P5":                                0x6555
  .far_func.text     ro code  0x008080   0xccd  sx1276.o [1]
  .far_func.text     ro code  0x008d4d   0x5ed  modem.o [1]
  .far_func.text     ro code  0x00933a   0x49a  LoRaMac.o [1]
  .far_func.text     ro code  0x0097d4   0x333  float.o [4]
  .far_func.text     ro code  0x009b07   0x303  board.o [1]
  .far_func.text     ro code  0x009e0a   0x2c2  test_mode.o [1]
  .far_func.text     ro code  0x00a0cc   0x272  timer.o [1]
  .far_func.text     ro code  0x00a33e   0x259  aes.o [1]
  .far_func.text     ro code  0x00a597   0x21d  cmac.o [1]
  .far_func.text     ro code  0x00a7b4   0x214  long.o [4]
  .far_func.text     ro code  0x00a9c8   0x20f  aes.o [1]
  .far_func.text     ro code  0x00abd7   0x1ce  sx1276.o [1]
  .far_func.text     ro code  0x00ada5   0x1b4  LoRaMac.o [1]
  .far_func.text     ro code  0x00af59   0x1b1  vreg_util.o [4]
  .far_func.text     ro code  0x00b10a   0x1ae  cfg_parm.o [1]
  .far_func.text     ro code  0x00b2b8   0x19d  cmac.o [1]
  .far_func.text     ro code  0x00b455   0x175  comport.o [1]
  .far_func.text     ro code  0x00b5ca   0x162  LoRaMac.o [1]
  .far_func.text     ro code  0x00b72c   0x148  LoRaMac.o [1]
  .far_func.text     ro code  0x00b874   0x12c  cfg_parm.o [1]
  .far_func.text     ro code  0x00b9a0   0x120  aes.o [1]
  .far_func.text     ro code  0x00bac0   0x10d  LoRaMacCrypto.o [1]
  .far_func.text     ro code  0x00bbcd   0x104  stm8l15x_itc.o [1]
  .near.rodata       const    0x00bcd1   0x100  aes.o [1]
  .near.rodata       const    0x00bdd1   0x100  aes.o [1]
  .near.rodata       const    0x00bed1   0x100  aes.o [1]
  .near.rodata       const    0x00bfd1   0x100  hex.o [1]
  .far_func.text     ro code  0x00c0d1    0xfa  aes.o [1]
  .far_func.text     ro code  0x00c1cb    0xf2  cfg_parm.o [1]
  .far_func.text     ro code  0x00c2bd    0xef  frame.o [1]
  .far_func.text     ro code  0x00c3ac    0xee  LoRaMacCrypto.o [1]
  .far_func.text     ro code  0x00c49a    0xe7  timer.o [1]
  .far_func.text     ro code  0x00c581    0xe4  long_util.o [4]
  .far_func.text     ro code  0x00c665    0xe2  stm8l15x_rtc.o [1]
  .far_func.text     ro code  0x00c747    0xe2  sx1276-board.o [1]
  .far_func.text     ro code  0x00c829    0xe1  LoRaMac.o [1]
  .far_func.text     ro code  0x00c90a    0xd5  LoRaMac.o [1]
  .far_func.text     ro code  0x00c9df    0xce  stm8l15x_it.o [1]
  .far_func.text     ro code  0x00caad    0xbd  stm8l15x_exti.o [1]
  .far_func.text     ro code  0x00cb6a    0xb9  LoRaMacCrypto.o [1]
  .far_func.text     ro code  0x00cc23    0xa6  LoRaMacCrypto.o [1]
  .far_func.text     ro code  0x00ccc9    0xa5  aes.o [1]
  .far_func.text     ro code  0x00cd6e    0x9a  timer.o [1]
  .far_func.text     ro code  0x00ce08    0x96  sx1276.o [1]
  .far_func.text     ro code  0x00ce9e    0x8a  LoRaMac.o [1]
  .far_func.text     ro code  0x00cf28    0x88  sx1276.o [1]
  .far_func.text     ro code  0x00cfb0    0x82  stm8l15x_usart.o [1]
  .far_func.text     ro code  0x00d032    0x81  stm8l15x_clk.o [1]
  .far_func.text     ro code  0x00d0b3    0x7e  sx1276-board.o [1]
  .far_func.text     ro code  0x00d131    0x77  sx1276.o [1]
  .far_func.text     ro code  0x00d1a8    0x76  eeprom.o [1]
  .far_func.text     ro code  0x00d21e    0x73  aes.o [1]
  .far_func.text     ro code  0x00d291    0x6e  stm8l15x_usart.o [1]
  .far_func.text     ro code  0x00d2ff    0x6a  stm8l15x_gpio.o [1]
  .far_func.text     ro code  0x00d369    0x68  cfg_parm.o [1]
  .far_func.text     ro code  0x00d3d1    0x65  stm8l15x_clk.o [1]
  .far_func.text     ro code  0x00d436    0x5b  LoRaMacCrypto.o [1]
  .far_func.text     ro code  0x00d491    0x59  test_mode.o [1]
  .far_func.text     ro code  0x00d4ea    0x55  ring_buf.o [1]
  .far_func.text     ro code  0x00d53f    0x51  delay.o [1]
  .near.rodata       const    0x00d590    0x51  sx1276-board.o [1]
  .far_func.text     ro code  0x00d5e1    0x4c  modem.o [1]
  .far_func.text     ro code  0x00d62d    0x4b  hex.o [1]
  .far_func.text     ro code  0x00d678    0x49  spi-board.o [1]
  .far_func.text     ro code  0x00d6c1    0x49  sx1276.o [1]
  .far_func.text     ro code  0x00d70a    0x46  ring_buf.o [1]
  .far_func.text     ro code  0x00d750    0x46  stm8l15x_beep.o [1]
  .far_func.text     ro code  0x00d796    0x46  far_util.o [4]
  .far_func.text     ro code  0x00d7dc    0x43  stm8l15x_rtc.o [1]
  .far_func.text     ro code  0x00d81f    0x42  spi-board.o [1]
  .far_func.text     ro code  0x00d861    0x3f  cfg_parm.o [1]
  .far_func.text     ro code  0x00d8a0    0x3e  LoRaMac.o [1]
  .far_func.text     ro code  0x00d8de    0x3e  LoRaMac.o [1]
  .far_func.text     ro code  0x00d91c    0x3d  hex.o [1]
  .far_func.text     ro code  0x00d959    0x39  stm8l15x_clk.o [1]
  .far_func.text     ro code  0x00d992    0x38  hex.o [1]
  .far_func.text     ro code  0x00d9ca    0x38  utilities.o [1]
  .far_func.text     ro code  0x00da02    0x36  stm8l15x_rtc.o [1]
  .far_func.text     ro code  0x00da38    0x34  utilities.o [1]
  .far_func.text     ro code  0x00da6c    0x33  LoRaMac.o [1]
  .far_func.text     ro code  0x00da9f    0x33  LoRaMac.o [1]
  .far_func.text     ro code  0x00dad2    0x32  cmac.o [1]
  .far_func.text     ro code  0x00db04    0x32  stm8l15x_flash.o [1]
  Initializer bytes  const    0x00db36    0x32  <for P2-1>
  .far_func.text     ro code  0x00db68    0x31  eeprom.o [1]
  .far_func.text     ro code  0x00db99    0x31  stm8l15x_spi.o [1]
  .near.rodata       const    0x00dbca    0x30  sx1276.o [1]
  .far_func.text     ro code  0x00dbfa    0x2f  comport.o [1]
  .far_func.text     ro code  0x00dc29    0x2f  stm8l15x_rtc.o [1]
  .far_func.text     ro code  0x00dc58    0x2e  sx1276-board.o [1]
  .far_func.text     ro code  0x00dc86    0x2d  LoRaMac.o [1]
  .far_func.text     ro code  0x00dcb3    0x2d  sx1276-board.o [1]
  .far_func.text     ro code  0x00dce0    0x2d  utilities.o [1]
  .far_func.text     ro code  0x00dd0d    0x2d  short.o [4]
  .far_func.text     ro code  0x00dd3a    0x2c  LoRaMac.o [1]
  .far_func.text     ro code  0x00dd66    0x2c  dc_util.o [4]
  .far_func.text     ro code  0x00dd92    0x2b  frame.o [1]
  .far_func.text     ro code  0x00ddbd    0x2a  sx1276.o [1]
  .far_func.text     ro code  0x00dde7    0x29  main.o [1]
  .far_func.text     ro code  0x00de10    0x29  stm8l15x_it.o [1]
  .far_func.text     ro code  0x00de39    0x29  test_mode.o [1]
  .far_func.text     ro code  0x00de62    0x28  init_small.o [4]
  .far_func.text     ro code  0x00de8a    0x25  ring_buf.o [1]
  .far_func.text     ro code  0x00deaf    0x24  utilities.o [1]
  .far_func.text     ro code  0x00ded3    0x23  LoRaMacCrypto.o [1]
  .far_func.text     ro code  0x00def6    0x23  stm8l15x_it.o [1]
  .far_func.text     ro code  0x00df19    0x23  stm8l15x_it.o [1]
  .far_func.text     ro code  0x00df3c    0x23  stm8l15x_it.o [1]
  .far_func.text     ro code  0x00df5f    0x23  stm8l15x_rtc.o [1]
  .far_func.text     ro code  0x00df82    0x23  stm8l15x_rtc.o [1]
  .far_func.text     ro code  0x00dfa5    0x23  stm8l15x_usart.o [1]
  .far_func.text     ro code  0x00dfc8    0x23  timer.o [1]
  .near.rodata       const    0x00dfeb    0x23  modem.o [1]
  .far_func.text     ro code  0x00e00e    0x22  stm8l15x_it.o [1]
  .far_func.text     ro code  0x00e030    0x22  stm8l15x_it.o [1]
  .far_func.text     ro code  0x00e052    0x22  stm8l15x_it.o [1]
  .far_func.text     ro code  0x00e074    0x21  stm8l15x_it.o [1]
  .iar.init_table    const    0x00e095    0x14  - Linker created -
  .far_func.text     ro code  0x00e0a9    0x20  memcpy.o [4]
  .far_func.text     ro code  0x00e0c9    0x1f  ring_buf.o [1]
  .far_func.text     ro code  0x00e0e8    0x1f  sx1276.o [1]
  .far_func.text     ro code  0x00e107    0x1e  stm8l15x_it.o [1]
  .far_func.text     ro code  0x00e125    0x1e  stm8l15x_it.o [1]
  .far_func.text     ro code  0x00e143    0x1e  stm8l15x_it.o [1]
  .far_func.text     ro code  0x00e161    0x1e  init.o [4]
  .far_func.text     ro code  0x00e17f    0x1e  init_small.o [4]
  .far_func.text     ro code  0x00e19d    0x1d  stm8l15x_it.o [1]
  .far_func.text     ro code  0x00e1ba    0x1d  stm8l15x_usart.o [1]
  .far_func.text     ro code  0x00e1d7    0x1c  modem.o [1]
  .far_func.text     ro code  0x00e1f3    0x1c  timer.o [1]
  .far_func.text     ro code  0x00e20f    0x1c  utilities.o [1]
  .far_func.text     ro code  0x00e22b    0x1a  aes.o [1]
  .far_func.text     ro code  0x00e245    0x1a  hex.o [1]
  .far_func.text     ro code  0x00e25f    0x1a  stm8l15x_tim4.o [1]
  .far_func.text     ro code  0x00e279    0x1a  sx1276-board.o [1]
  .far_func.text     ro code  0x00e293    0x19  stm8l15x_flash.o [1]
  .far_func.text     ro code  0x00e2ac    0x17  cfg_parm.o [1]
  .far_func.text     ro code  0x00e2c3    0x17  stm8l15x_exti.o [1]
  .far_func.text     ro code  0x00e2da    0x17  stm8l15x_spi.o [1]
  .far_func.text     ro code  0x00e2f1    0x17  cstartup.o [4]
  .far_func.text     ro code  0x00e308    0x16  sx1276-board.o [1]
  .far_func.text     ro code  0x00e31e    0x16  char.o [4]
  .far_func.text     ro code  0x00e334    0x16  memset.o [4]
  .far_func.text     ro code  0x00e34a    0x16  __dbg_xxexit.o [3]
  .far_func.text     ro code  0x00e360    0x15  stm8l15x_gpio.o [1]
  .far_func.text     ro code  0x00e375    0x15  stm8l15x_rtc.o [1]
  .far_func.text     ro code  0x00e38a    0x14  LoRaMac.o [1]
  .far_func.text     ro code  0x00e39e    0x13  stm8l15x_gpio.o [1]
  .far_func.text     ro code  0x00e3b1    0x13  stm8l15x_spi.o [1]
  .far_func.text     ro code  0x00e3c4    0x13  sx1276-board.o [1]
  .far_func.text     ro code  0x00e3d7    0x11  hex.o [1]
  .far_func.text     ro code  0x00e3e8    0x11  stm8l15x_tim4.o [1]
  .near.rodata       const    0x00e3f9    0x11  hex.o [1]
  .far_func.text     ro code  0x00e40a    0x10  stm8l15x_usart.o [1]
  .near.rodata       const    0x00e41a    0x10  test_mode.o [1]
  .near.rodata       const    0x00e42a     0xe  modem.o [1]
  .near.rodata       const    0x00e438     0xe  modem.o [1]
  .far_func.text     ro code  0x00e446     0xd  cmac.o [1]
  .far_func.text     ro code  0x00e453     0xd  stm8l15x_beep.o [1]
  .far_func.text     ro code  0x00e460     0xd  stm8l15x_beep.o [1]
  .far_func.text     ro code  0x00e46d     0xd  stm8l15x_clk.o [1]
  .far_func.text     ro code  0x00e47a     0xd  stm8l15x_clk.o [1]
  .far_func.text     ro code  0x00e487     0xd  stm8l15x_clk.o [1]
  .far_func.text     ro code  0x00e494     0xd  stm8l15x_pwr.o [1]
  .far_func.text     ro code  0x00e4a1     0xd  stm8l15x_tim4.o [1]
  .far_func.text     ro code  0x00e4ae     0xd  move.o [4]
  .far_func.text     ro code  0x00e4bb     0xd  strlen.o [4]
  .far_func.text     ro code  0x00e4c8     0xb  stm8l15x_flash.o [1]
  .far_func.text     ro code  0x00e4d3     0xb  system.o [1]
  .near.rodata       const    0x00e4de     0xb  modem.o [1]
  .far_func.text     ro code  0x00e4e9     0xa  delay.o [1]
  .far_func.text     ro code  0x00e4f3     0xa  stm8l15x_clk.o [1]
  .far_func.text     ro code  0x00e4fd     0xa  stm8l15x_rtc.o [1]
  .far_func.text     ro code  0x00e507     0xa  far.o [4]
  .near.rodata       const    0x00e511     0xa  modem.o [1]
  .far_func.text     ro code  0x00e51b     0x9  sx1276-board.o [1]
  .near.rodata       const    0x00e524     0x9  modem.o [1]
  .far_func.text     ro code  0x00e52d     0x7  stm8l15x_gpio.o [1]
  .far_func.text     ro code  0x00e534     0x7  stm8l15x_gpio.o [1]
  .far_func.text     ro code  0x00e53b     0x7  timer.o [1]
  .far_func.text     ro code  0x00e542     0x7  utilities.o [1]
  .far_func.text     ro code  0x00e549     0x6  system.o [1]
  .far_func.text     ro code  0x00e54f     0x6  cexit.o [4]
  .near.rodata       const    0x00e555     0x6  modem.o [1]
  .far_func.text     ro code  0x00e55b     0x5  stm8l15x_iwdg.o [1]
  .far_func.text     ro code  0x00e560     0x5  stm8l15x_iwdg.o [1]
  .far_func.text     ro code  0x00e565     0x5  stm8l15x_tim2.o [1]
  .far_func.text     ro code  0x00e56a     0x5  stm8l15x_tim4.o [1]
  .far_func.text     ro code  0x00e56f     0x5  stm8l15x_tim4.o [1]
  .far_func.text     ro code  0x00e574     0x5  stm8l15x_usart.o [1]
  .near.rodata       const    0x00e579     0x5  stm8l15x_clk.o [1]
  .far_func.text     ro code  0x00e57e     0x4  stm8l15x_clk.o [1]
  .far_func.text     ro code  0x00e582     0x4  stm8l15x_clk.o [1]
  .far_func.text     ro code  0x00e586     0x4  stm8l15x_clk.o [1]
  .far_func.text     ro code  0x00e58a     0x4  stm8l15x_clk.o [1]
  .far_func.text     ro code  0x00e58e     0x4  stm8l15x_flash.o [1]
  .far_func.text     ro code  0x00e592     0x4  stm8l15x_gpio.o [1]
  .far_func.text     ro code  0x00e596     0x4  stm8l15x_iwdg.o [1]
  .far_func.text     ro code  0x00e59a     0x4  stm8l15x_iwdg.o [1]
  .far_func.text     ro code  0x00e59e     0x4  stm8l15x_iwdg.o [1]
  .far_func.text     ro code  0x00e5a2     0x4  stm8l15x_usart.o [1]
  .far_func.text     ro code  0x00e5a6     0x4  interrupt.o [4]
  .far_func.text     ro code  0x00e5aa     0x4  exit.o [4]
  .near.rodata       const    0x00e5ae     0x4  modem.o [1]
  .far_func.text     ro code  0x00e5b2     0x3  stm8l15x_usart.o [1]
  .far_func.text     ro code  0x00e5b5     0x3  sx1276-board.o [1]
  .far_func.text     ro code  0x00e5b8     0x3  low_level_init.o [4]
  .far_func.text     ro code  0x00e5bb     0x3  unhandled_exception.o [4]
  .near.rodata       const    0x00e5be     0x3  modem.o [1]
  .far_func.text     ro code  0x00e5c1     0x1  board.o [1]
  .far_func.text     ro code  0x00e5c2     0x1  stm8l15x_it.o [1]
  .far_func.text     ro code  0x00e5c3     0x1  stm8l15x_it.o [1]
  .far_func.text     ro code  0x00e5c4     0x1  stm8l15x_it.o [1]
  .far_func.text     ro code  0x00e5c5     0x1  stm8l15x_it.o [1]
  .far_func.text     ro code  0x00e5c6     0x1  stm8l15x_it.o [1]
  .far_func.text     ro code  0x00e5c7     0x1  stm8l15x_it.o [1]
  .far_func.text     ro code  0x00e5c8     0x1  stm8l15x_it.o [1]
  .far_func.text     ro code  0x00e5c9     0x1  stm8l15x_it.o [1]
  .far_func.text     ro code  0x00e5ca     0x1  stm8l15x_it.o [1]
  .far_func.text     ro code  0x00e5cb     0x1  stm8l15x_it.o [1]
  .far_func.text     ro code  0x00e5cc     0x1  stm8l15x_it.o [1]
  .far_func.text     ro code  0x00e5cd     0x1  stm8l15x_it.o [1]
  .far_func.text     ro code  0x00e5ce     0x1  stm8l15x_it.o [1]
  .far_func.text     ro code  0x00e5cf     0x1  stm8l15x_it.o [1]
  .far_func.text     ro code  0x00e5d0     0x1  stm8l15x_it.o [1]
  .far_func.text     ro code  0x00e5d1     0x1  stm8l15x_it.o [1]
  .far_func.text     ro code  0x00e5d2     0x1  stm8l15x_it.o [1]
  .far_func.text     ro code  0x00e5d3     0x1  sx1276-board.o [1]
  .far_func.text     ro code  0x00e5d4     0x1  __dbg_break.o [3]
                            - 0x00e5d5  0x6555


*******************************************************************************
*** INIT TABLE
***

          Address   Size
          -------   ----
Zero (__iar_zero_init2)
    1 destination range, total size 0x67e:
          0x000042  0x67e

Copy (__iar_copy_init2)
    1 source range, total size 0x32:
          0x00db36   0x32
    1 destination range, total size 0x32:
          0x000010   0x32



*******************************************************************************
*** MODULE SUMMARY
***

    Module                 ro code  ro data  rw data
    ------                 -------  -------  -------
D:\stm8lora\src\stm8l15x-sx1278\STM8L15x-16x-05x-AL31-L_StdPeriph_Lib\Project\STM8L151G6U6_Sx1278\EWSTM8\STM8L15X_MD(STM8L15xx4_6)\Obj: [1]
    LoRaMac.o                3 207                41
    LoRaMacCrypto.o            984       32      582
    aes.o                    1 972      768
    board.o                    772               213
    cfg_parm.o               1 162               444
    cmac.o                   1 017
    comport.o                  420                13
    delay.o                     91
    eeprom.o                   167
    frame.o                    282                 9
    hex.o                      235      273
    main.o                      41
    modem.o                  1 621      116      423
    ring_buf.o                 223
    spi-board.o                139
    stm8l15x_beep.o             96
    stm8l15x_clk.o             352        5
    stm8l15x_exti.o            212
    stm8l15x_flash.o            90
    stm8l15x_gpio.o            164
    stm8l15x_it.o              623
    stm8l15x_itc.o             260
    stm8l15x_iwdg.o             22
    stm8l15x_pwr.o              13
    stm8l15x_rtc.o             495
    stm8l15x_spi.o              91
    stm8l15x_tim2.o              5
    stm8l15x_tim4.o             66
    stm8l15x_usart.o           332
    sx1276-board.o             523       81        1
    sx1276.o                 4 290       48      293
    system.o                    17                 1
    test_mode.o                836       16       25
    timer.o                  1 081        4       14
    utilities.o                224        4        4
    ------------------------------------------------
    Total:                  22 125    1 347    2 063

command line: [2]
    ------------------------------------------------
    Total:

dbgstm8mmd.a: [3]
    __dbg_break.o                1
    __dbg_xxexit.o              22
    ------------------------------------------------
    Total:                      23

dlstm8mmf.a: [4]
    cexit.o                      6
    char.o                      22
    cstartup.o                  23
    dc_util.o                   44
    exit.o                       4
    far.o                       10
    far_util.o                  70
    float.o                    819
    init.o                      30
    init_small.o                70
    interrupt.o                  4      128
    long.o                     532
    long_util.o                228
    low_level_init.o             3
    memcpy.o                    32
    memset.o                    22
    move.o                      13
    short.o                     45
    strlen.o                    13
    unhandled_exception.o        3
    vreg_util.o                433
    vregs.o                                       16
    ------------------------------------------------
    Total:                   2 426      128       16

    Linker created                       20      320
----------------------------------------------------
    Grand Total:            24 574    1 495    2 399


*******************************************************************************
*** ENTRY LIST
***

Entry                    Address   Size  Type      Object
-----                    -------   ----  ----      ------
.iar.init_table$$Base   0x00e095          --   Gb  - Linker created -
.iar.init_table$$Limit  0x00e0a9          --   Gb  - Linker created -
?add32_l0_l0_0x         0x00a7e3         Code  Gb  long.o [4]
?add32_l0_l0_l1         0x00a7e0         Code  Gb  long.o [4]
?b0                     0x000000         Data  Gb  vregs.o [4]
?b1                     0x000001         Data  Gb  vregs.o [4]
?b10                    0x00000a         Data  Gb  vregs.o [4]
?b11                    0x00000b         Data  Gb  vregs.o [4]
?b12                    0x00000c         Data  Gb  vregs.o [4]
?b13                    0x00000d         Data  Gb  vregs.o [4]
?b14                    0x00000e         Data  Gb  vregs.o [4]
?b15                    0x00000f         Data  Gb  vregs.o [4]
?b2                     0x000002         Data  Gb  vregs.o [4]
?b3                     0x000003         Data  Gb  vregs.o [4]
?b4                     0x000004         Data  Gb  vregs.o [4]
?b5                     0x000005         Data  Gb  vregs.o [4]
?b6                     0x000006         Data  Gb  vregs.o [4]
?b7                     0x000007         Data  Gb  vregs.o [4]
?b8                     0x000008         Data  Gb  vregs.o [4]
?b9                     0x000009         Data  Gb  vregs.o [4]
?dc32_l1                0x00dd66         Code  Gb  dc_util.o [4]
?dec32_0x_0x            0x00a7cc         Code  Gb  long.o [4]
?dec32_l0_l0            0x00a7c7         Code  Gb  long.o [4]
?e0                     0x000001         Data  Gb  vregs.o [4]
?e1                     0x000005         Data  Gb  vregs.o [4]
?e2                     0x000009         Data  Gb  vregs.o [4]
?e3                     0x00000d         Data  Gb  vregs.o [4]
?epilogue_l2            0x00b01b         Code  Gb  vreg_util.o [4]
?epilogue_l2_l3         0x00b017         Code  Gb  vreg_util.o [4]
?epilogue_l2_w6         0x00b020         Code  Gb  vreg_util.o [4]
?epilogue_w4            0x00b029         Code  Gb  vreg_util.o [4]
?fcastf32u16_l0_x       0x009929         Code  Gb  float.o [4]
?fcastf32u32_l0_l0      0x0099cc         Code  Gb  float.o [4]
?fcasts16f32_x_l0       0x009947         Code  Gb  float.o [4]
?fcastu32f32_l0_l0      0x00997c         Code  Gb  float.o [4]
?fdiv32_l0_l0_dc32      0x009875         Code  Gb  float.o [4]
?fdiv32_l0_l0_l1        0x00987b         Code  Gb  float.o [4]
?fmul32_l0_l0_dc32      0x0097d4         Code  Gb  float.o [4]
?fmul32_l0_l0_l1        0x0097da         Code  Gb  float.o [4]
?inc32_0x_0x            0x00a7b9         Code  Gb  long.o [4]
?inc32_l0_l0            0x00a7b4         Code  Gb  long.o [4]
?l0                     0x000000         Data  Gb  vregs.o [4]
?l1                     0x000004         Data  Gb  vregs.o [4]
?l2                     0x000008         Data  Gb  vregs.o [4]
?l3                     0x00000c         Data  Gb  vregs.o [4]
?load24_0x_e0           0x00d7ce         Code  Gb  far_util.o [4]
?load24_e0_0x           0x00d796         Code  Gb  far_util.o [4]
?load24_e1_0x           0x00d7a4         Code  Gb  far_util.o [4]
?load24_e2_0x           0x00d7b2         Code  Gb  far_util.o [4]
?load24_e3_0x           0x00d7c0         Code  Gb  far_util.o [4]
?load32_0x_l0           0x00c623         Code  Gb  long_util.o [4]
?load32_0x_l1           0x00c631         Code  Gb  long_util.o [4]
?load32_0x_l2           0x00c649         Code  Gb  long_util.o [4]
?load32_0x_l3           0x00c657         Code  Gb  long_util.o [4]
?load32_l0_0x           0x00c59b         Code  Gb  long_util.o [4]
?load32_l0_asp          0x00c58f         Code  Gb  long_util.o [4]
?load32_l0_dbsp         0x00c581         Code  Gb  long_util.o [4]
?load32_l0_xsp          0x00c591         Code  Gb  long_util.o [4]
?load32_l1_0x           0x00c5c1         Code  Gb  long_util.o [4]
?load32_l1_asp          0x00c5b5         Code  Gb  long_util.o [4]
?load32_l1_dbsp         0x00c5a7         Code  Gb  long_util.o [4]
?load32_l1_xsp          0x00c5b7         Code  Gb  long_util.o [4]
?load32_l2_0x           0x00c5e7         Code  Gb  long_util.o [4]
?load32_l2_asp          0x00c5db         Code  Gb  long_util.o [4]
?load32_l2_dbsp         0x00c5cd         Code  Gb  long_util.o [4]
?load32_l2_xsp          0x00c5dd         Code  Gb  long_util.o [4]
?load32_l3_0x           0x00c60d         Code  Gb  long_util.o [4]
?load32_l3_asp          0x00c601         Code  Gb  long_util.o [4]
?load32_l3_dbsp         0x00c5f3         Code  Gb  long_util.o [4]
?load32_l3_xsp          0x00c603         Code  Gb  long_util.o [4]
?load32_xsp_l0          0x00c619         Code  Gb  long_util.o [4]
?load32_xsp_l2          0x00c63f         Code  Gb  long_util.o [4]
?mov_e0_e1              0x00b07e         Code  Gb  vreg_util.o [4]
?mov_e0_e2              0x00b08b         Code  Gb  vreg_util.o [4]
?mov_e0_e3              0x00b098         Code  Gb  vreg_util.o [4]
?mov_e1_e0              0x00b0a5         Code  Gb  vreg_util.o [4]
?mov_e1_e2              0x00b0b2         Code  Gb  vreg_util.o [4]
?mov_e1_e3              0x00b0bf         Code  Gb  vreg_util.o [4]
?mov_e2_e0              0x00b0cc         Code  Gb  vreg_util.o [4]
?mov_e2_e1              0x00b0d9         Code  Gb  vreg_util.o [4]
?mov_e2_e3              0x00b0e6         Code  Gb  vreg_util.o [4]
?mov_e3_e0              0x00b0f3         Code  Gb  vreg_util.o [4]
?mov_e3_e1              0x00b100         Code  Gb  vreg_util.o [4]
?mov_l0_l1              0x00b07b         Code  Gb  vreg_util.o [4]
?mov_l0_l2              0x00b088         Code  Gb  vreg_util.o [4]
?mov_l0_l3              0x00b095         Code  Gb  vreg_util.o [4]
?mov_l1_l0              0x00b0a2         Code  Gb  vreg_util.o [4]
?mov_l1_l2              0x00b0af         Code  Gb  vreg_util.o [4]
?mov_l1_l3              0x00b0bc         Code  Gb  vreg_util.o [4]
?mov_l2_l0              0x00b0c9         Code  Gb  vreg_util.o [4]
?mov_l2_l1              0x00b0d6         Code  Gb  vreg_util.o [4]
?mov_l2_l3              0x00b0e3         Code  Gb  vreg_util.o [4]
?mov_l3_l0              0x00b0f0         Code  Gb  vreg_util.o [4]
?mov_l3_l1              0x00b0fd         Code  Gb  vreg_util.o [4]
?mov_w0_w3              0x00b02e         Code  Gb  vreg_util.o [4]
?mov_w0_w4              0x00b035         Code  Gb  vreg_util.o [4]
?mov_w0_w5              0x00b03c         Code  Gb  vreg_util.o [4]
?mov_w1_w0              0x00b043         Code  Gb  vreg_util.o [4]
?mov_w1_w3              0x00b081         Code  Gb  vreg_util.o [4]
?mov_w1_w5              0x00b08e         Code  Gb  vreg_util.o [4]
?mov_w1_w6              0x00b04a         Code  Gb  vreg_util.o [4]
?mov_w1_w7              0x00b09b         Code  Gb  vreg_util.o [4]
?mov_w2_w1              0x00b051         Code  Gb  vreg_util.o [4]
?mov_w3_w1              0x00b0a8         Code  Gb  vreg_util.o [4]
?mov_w3_w5              0x00b0b5         Code  Gb  vreg_util.o [4]
?mov_w3_w7              0x00b0c2         Code  Gb  vreg_util.o [4]
?mov_w4_w0              0x00b058         Code  Gb  vreg_util.o [4]
?mov_w4_w1              0x00b05f         Code  Gb  vreg_util.o [4]
?mov_w5_w0              0x00b066         Code  Gb  vreg_util.o [4]
?mov_w5_w1              0x00b0cf         Code  Gb  vreg_util.o [4]
?mov_w5_w3              0x00b0dc         Code  Gb  vreg_util.o [4]
?mov_w5_w7              0x00b0e9         Code  Gb  vreg_util.o [4]
?mov_w6_w2              0x00b06d         Code  Gb  vreg_util.o [4]
?mov_w7_w0              0x00b074         Code  Gb  vreg_util.o [4]
?mov_w7_w1              0x00b0f6         Code  Gb  vreg_util.o [4]
?mov_w7_w3              0x00b103         Code  Gb  vreg_util.o [4]
?move1616_v_x_y_a       0x00e4ae         Code  Gb  move.o [4]
?mul16_x_x_w0           0x00dd0d         Code  Gb  short.o [4]
?mul32_l0_l0_0x         0x00a816         Code  Gb  long.o [4]
?mul32_l0_l0_l1         0x00a81f         Code  Gb  long.o [4]
?or32_l0_l0_0x          0x00a994         Code  Gb  long.o [4]
?or32_l0_l0_l1          0x00a991         Code  Gb  long.o [4]
?pop_l0                 0x00afdf         Code  Gb  vreg_util.o [4]
?pop_l1                 0x00afea         Code  Gb  vreg_util.o [4]
?pop_l2                 0x00aff5         Code  Gb  vreg_util.o [4]
?pop_l3                 0x00b000         Code  Gb  vreg_util.o [4]
?pop_w4                 0x00af89         Code  Gb  vreg_util.o [4]
?pop_w5                 0x00af90         Code  Gb  vreg_util.o [4]
?pop_w6                 0x00af97         Code  Gb  vreg_util.o [4]
?push_l0                0x00afaa         Code  Gb  vreg_util.o [4]
?push_l1                0x00afaf         Code  Gb  vreg_util.o [4]
?push_l2                0x00afb4         Code  Gb  vreg_util.o [4]
?push_l3                0x00afb9         Code  Gb  vreg_util.o [4]
?push_w0                0x00af59         Code  Gb  vreg_util.o [4]
?push_w1                0x00af5e         Code  Gb  vreg_util.o [4]
?push_w4                0x00af63         Code  Gb  vreg_util.o [4]
?push_w5                0x00af68         Code  Gb  vreg_util.o [4]
?push_w6                0x00af6d         Code  Gb  vreg_util.o [4]
?scmp32_c_l0_l1         0x00a97a         Code  Gb  long.o [4]
?sdiv32_l0_l0_l1        0x00a914         Code  Gb  long.o [4]
?sext16_x_a             0x00dd33         Code  Gb  short.o [4]
?sext32_l0_x            0x00a9bd         Code  Gb  long.o [4]
?sll16_x_x_a            0x00dd2b         Code  Gb  short.o [4]
?sll32_0x_0x_a          0x00a9af         Code  Gb  long.o [4]
?sll32_l0_l0_a          0x00a9ac         Code  Gb  long.o [4]
?sll8_a_a_5             0x00e329         Code  Gb  char.o [4]
?sll8_a_a_6             0x00e328         Code  Gb  char.o [4]
?sll8_a_a_b0            0x00e31e         Code  Gb  char.o [4]
?smod32_l1_l0_l1        0x00a914         Code  Gb  long.o [4]
?srl8_a_a_5             0x00e32f         Code  Gb  char.o [4]
?srl8_a_a_6             0x00e32e         Code  Gb  char.o [4]
?sub32_l0_l0_0x         0x00a7fe         Code  Gb  long.o [4]
?sub32_l0_l0_l1         0x00a7fb         Code  Gb  long.o [4]
?ucmp24_c_0x_e0         0x00e507         Code  Gb  far.o [4]
?ucmp32_c_l0_0x         0x00a95f         Code  Gb  long.o [4]
?ucmp32_c_l0_l1         0x00a96f         Code  Gb  long.o [4]
?udiv32_l0_l0_dl        0x00a8a3         Code  Gb  long.o [4]
?udiv32_l0_l0_l1        0x00a8a7         Code  Gb  long.o [4]
?umod32_l1_l0_dl        0x00a89d         Code  Gb  long.o [4]
?umod32_l1_l0_l1        0x00a8a7         Code  Gb  long.o [4]
?w0                     0x000000         Data  Gb  vregs.o [4]
?w1                     0x000002         Data  Gb  vregs.o [4]
?w2                     0x000004         Data  Gb  vregs.o [4]
?w3                     0x000006         Data  Gb  vregs.o [4]
?w4                     0x000008         Data  Gb  vregs.o [4]
?w5                     0x00000a         Data  Gb  vregs.o [4]
?w6                     0x00000c         Data  Gb  vregs.o [4]
?w7                     0x00000e         Data  Gb  vregs.o [4]
ADC1_COMP_IRQHandler    0x00e5cb    0x1  Code  Gb  stm8l15x_it.o [1]
AES_CMAC_Final          0x00a597  0x21d  Code  Gb  cmac.o [1]
AES_CMAC_Init           0x00dad2   0x32  Code  Gb  cmac.o [1]
AES_CMAC_SetKey         0x00e446    0xd  Code  Gb  cmac.o [1]
AES_CMAC_Update         0x00b2b8  0x19d  Code  Gb  cmac.o [1]
AesCmacCtx              0x0001df  0x115  Data  Lc  LoRaMacCrypto.o [1]
AesContext              0x0002f4   0xf1  Data  Lc  LoRaMacCrypto.o [1]
BEEP_Cmd                0x00e453    0xd  Code  Gb  stm8l15x_beep.o [1]
BEEP_LSClockToTIMConnectCmd
                        0x00e460    0xd  Code  Gb  stm8l15x_beep.o [1]
BEEP_LSICalibrationConfig
                        0x00d750   0x46  Code  Gb  stm8l15x_beep.o [1]
BoardDisableIrq         0x00e549    0x6  Code  Gb  system.o [1]
BoardEnableIrq          0x00e4d3    0xb  Code  Gb  system.o [1]
BoardInitMcu            0x009cbb  0x14f  Code  Gb  board.o [1]
CLK_BEEPClockConfig     0x00e58a    0x4  Code  Gb  stm8l15x_clk.o [1]
CLK_GetClockFreq        0x00d959   0x39  Code  Gb  stm8l15x_clk.o [1]
CLK_GetFlagStatus       0x00d032   0x81  Code  Gb  stm8l15x_clk.o [1]
CLK_GetSYSCLKSource     0x00e582    0x4  Code  Gb  stm8l15x_clk.o [1]
CLK_HSICmd              0x00e46d    0xd  Code  Gb  stm8l15x_clk.o [1]
CLK_LSICmd              0x00e47a    0xd  Code  Gb  stm8l15x_clk.o [1]
CLK_PeripheralClockConfig
                        0x00d3d1   0x65  Code  Gb  stm8l15x_clk.o [1]
CLK_RTCClockConfig      0x00e4f3    0xa  Code  Gb  stm8l15x_clk.o [1]
CLK_SYSCLKDivConfig     0x00e586    0x4  Code  Gb  stm8l15x_clk.o [1]
CLK_SYSCLKSourceConfig  0x00e57e    0x4  Code  Gb  stm8l15x_clk.o [1]
CLK_SYSCLKSourceSwitchCmd
                        0x00e487    0xd  Code  Gb  stm8l15x_clk.o [1]
CSTACK$$Base            0x0006c0          --   Gb  - Linker created -
CSTACK$$Limit           0x000800          --   Gb  - Linker created -
ClearWWDG               0x009b07    0x4  Code  Gb  board.o [1]
ComportInit             0x00b455  0x175  Code  Gb  comport.o [1]
DMA1_CHANNEL0_1_IRQHandler
                        0x00e5c4    0x1  Code  Gb  stm8l15x_it.o [1]
DMA1_CHANNEL2_3_IRQHandler
                        0x00e5c5    0x1  Code  Gb  stm8l15x_it.o [1]
DelayMs                 0x00e4e9    0xa  Code  Gb  delay.o [1]
EXTI0_IRQHandler        0x00e00e   0x22  Code  Gb  stm8l15x_it.o [1]
EXTI1_IRQHandler        0x00def6   0x23  Code  Gb  stm8l15x_it.o [1]
EXTI2_IRQHandler        0x00c9df   0xce  Code  Gb  stm8l15x_it.o [1]
EXTI3_IRQHandler        0x00e107   0x1e  Code  Gb  stm8l15x_it.o [1]
EXTI4_IRQHandler        0x00df19   0x23  Code  Gb  stm8l15x_it.o [1]
EXTI5_IRQHandler        0x00df3c   0x23  Code  Gb  stm8l15x_it.o [1]
EXTI6_IRQHandler        0x00e125   0x1e  Code  Gb  stm8l15x_it.o [1]
EXTI7_IRQHandler        0x00e143   0x1e  Code  Gb  stm8l15x_it.o [1]
EXTIB_G_IRQHandler      0x00e5c7    0x1  Code  Gb  stm8l15x_it.o [1]
EXTID_H_IRQHandler      0x00e5c8    0x1  Code  Gb  stm8l15x_it.o [1]
EXTIE_F_PVD_IRQHandler  0x00e5c6    0x1  Code  Gb  stm8l15x_it.o [1]
EXTI_ClearITPendingBit  0x00e2c3   0x17  Code  Gb  stm8l15x_exti.o [1]
EXTI_SetPinSensitivity  0x00caad   0xbd  Code  Gb  stm8l15x_exti.o [1]
FLASH_IRQHandler        0x00e5c3    0x1  Code  Gb  stm8l15x_it.o [1]
FLASH_Lock              0x00e4c8    0xb  Code  Gb  stm8l15x_flash.o [1]
FLASH_ProgramByte       0x00e58e    0x4  Code  Gb  stm8l15x_flash.o [1]
FLASH_Unlock            0x00e293   0x19  Code  Gb  stm8l15x_flash.o [1]
FLASH_WaitForLastOperation
                        0x00db04   0x32  Code  Gb  stm8l15x_flash.o [1]
GPIO_DeInit             0x00e39e   0x13  Code  Gb  stm8l15x_gpio.o [1]
GPIO_ExternalPullUpConfig
                        0x00e360   0x15  Code  Gb  stm8l15x_gpio.o [1]
GPIO_Init               0x00d2ff   0x6a  Code  Gb  stm8l15x_gpio.o [1]
GPIO_ReadInputDataBit   0x00e534    0x7  Code  Gb  stm8l15x_gpio.o [1]
GPIO_ResetBits          0x00e592    0x4  Code  Gb  stm8l15x_gpio.o [1]
GPIO_SetBits            0x00e52d    0x7  Code  Gb  stm8l15x_gpio.o [1]
GetRunModePin           0x009c18   0x69  Code  Gb  board.o [1]
GlobalChannel           0x0006b7    0x1  Data  Gb  LoRaMac.o [1]
I2C1_SPI2_IRQHandler    0x00e5d2    0x1  Code  Gb  stm8l15x_it.o [1]
INTVEC$$Base            0x008000          --   Gb  - Linker created -
INTVEC$$Limit           0x008080          --   Gb  - Linker created -
ITC_SetSoftwarePriority
                        0x00bbcd  0x104  Code  Gb  stm8l15x_itc.o [1]
IWDG_Enable             0x00e560    0x5  Code  Gb  stm8l15x_iwdg.o [1]
IWDG_Init               0x009c81   0x3a  Code  Gb  board.o [1]
IWDG_ReloadCounter      0x00e55b    0x5  Code  Gb  stm8l15x_iwdg.o [1]
IWDG_SetPrescaler       0x00e59a    0x4  Code  Gb  stm8l15x_iwdg.o [1]
IWDG_SetReload          0x00e59e    0x4  Code  Gb  stm8l15x_iwdg.o [1]
IWDG_WriteAccessCmd     0x00e596    0x4  Code  Gb  stm8l15x_iwdg.o [1]
InitRunModePin          0x009bdf   0x39  Code  Gb  board.o [1]
IrqNestLevel            0x0006bf    0x1  Data  Lc  system.o [1]
LCD_AES_IRQHandler      0x00e5c9    0x1  Code  Gb  stm8l15x_it.o [1]
LoRaMacComputeMic       0x00c3ac   0xee  Code  Gb  LoRaMacCrypto.o [1]
LoRaMacDevEuiInFlash    0x001157    0x8  Data  Gb  cfg_parm.o [1]
LoRaMacDevNonce         0x0006a4    0x2  Data  Lc  LoRaMac.o [1]
LoRaMacDevNonceCopy     0x0006a6    0x2  Data  Lc  LoRaMac.o [1]
LoRaMacInitialization   0x00c90a   0xd5  Code  Gb  LoRaMac.o [1]
LoRaMacJoinComputeMic   0x00cc23   0xa6  Code  Gb  LoRaMacCrypto.o [1]
LoRaMacJoinComputeSKeys
                        0x00cb6a   0xb9  Code  Gb  LoRaMacCrypto.o [1]
LoRaMacJoinDecrypt      0x00d436   0x5b  Code  Gb  LoRaMacCrypto.o [1]
LoRaMacOnRadioCadDone   0x00dc86   0x2d  Code  Gb  LoRaMac.o [1]
LoRaMacOnRadioRxDone    0x00e38a   0x14  Code  Lc  LoRaMac.o [1]
LoRaMacOnRadioRxDoneInLoop
                        0x00933a  0x49a  Code  Lc  LoRaMac.o [1]
LoRaMacOnRadioRxError   0x00da9f   0x33  Code  Lc  LoRaMac.o [1]
LoRaMacOnRadioRxTimeout
                        0x00d8de   0x3e  Code  Lc  LoRaMac.o [1]
LoRaMacOnRadioTxDone    0x00dd3a   0x2c  Code  Lc  LoRaMac.o [1]
LoRaMacOnRadioTxDoneInLoop
                        0x00da6c   0x33  Code  Lc  LoRaMac.o [1]
LoRaMacOnRadioTxTimeout
                        0x00d8a0   0x3e  Code  Lc  LoRaMac.o [1]
LoRaMacPayloadDecrypt   0x00ded3   0x23  Code  Gb  LoRaMacCrypto.o [1]
LoRaMacPayloadEncrypt   0x00bac0  0x10d  Code  Gb  LoRaMacCrypto.o [1]
LoRaMacRadioEvents      0x00060f   0x15  Data  Lc  LoRaMac.o [1]
LoRaMacStateCheck       0x00ada5  0x1b4  Code  Gb  LoRaMac.o [1]
MODEM                   0x000042  0x19d  Data  Lc  modem.o [1]
Mic                     0x000639   0x10  Data  Lc  LoRaMacCrypto.o [1]
MicBlockB0              0x000010   0x10  Data  Lc  LoRaMacCrypto.o [1]
PWR_UltraLowPowerCmd    0x00e494    0xd  Code  Gb  stm8l15x_pwr.o [1]
RTC_CSSLSE_IRQHandler   0x00de10   0x29  Code  Gb  stm8l15x_it.o [1]
RTC_ClearITPendingBit   0x00e4fd    0xa  Code  Gb  stm8l15x_rtc.o [1]
RTC_Config              0x009b0b   0x85  Code  Gb  board.o [1]
RTC_DeInit              0x00c665   0xe2  Code  Gb  stm8l15x_rtc.o [1]
RTC_EnterInitMode       0x00df5f   0x23  Code  Gb  stm8l15x_rtc.o [1]
RTC_ITConfig            0x00d7dc   0x43  Code  Gb  stm8l15x_rtc.o [1]
RTC_SetWakeUpCounter    0x00e375   0x15  Code  Gb  stm8l15x_rtc.o [1]
RTC_WaitForSynchro      0x00dc29   0x2f  Code  Gb  stm8l15x_rtc.o [1]
RTC_WakeUpClockConfig   0x00df82   0x23  Code  Gb  stm8l15x_rtc.o [1]
RTC_WakeUpCmd           0x00da02   0x36  Code  Gb  stm8l15x_rtc.o [1]
Radio                   0x00d590   0x51  Data  Gb  sx1276-board.o [1]
RadioEvents             0x0006ae    0x2  Data  Lc  sx1276.o [1]
RadioIsActive           0x0006bd    0x1  Data  Lc  sx1276-board.o [1]
RadioRegsInit           0x00dbca   0x30  Data  Gb  sx1276.o [1]
RadioSetRx              0x00ce9e   0x8a  Code  Gb  LoRaMac.o [1]
RadioSetTx              0x00b5ca  0x162  Code  Gb  LoRaMac.o [1]
RadioTxBuffer           0x0003e5   0xd5  Data  Gb  board.o [1]
Region$$Table$$Base     0x00e095          --   Gb  - Linker created -
Region$$Table$$Limit    0x00e0a9          --   Gb  - Linker created -
RxChainCalibration      0x008233   0xd3  Code  Lc  sx1276.o [1]
RxDataLen               0x0006b9    0x1  Data  Gb  LoRaMac.o [1]
RxDoneFlag              0x0006bb    0x1  Data  Lc  LoRaMac.o [1]
RxDonepayload           0x0006a8    0x2  Data  Lc  LoRaMac.o [1]
RxDonerssi              0x0006ac    0x2  Data  Lc  LoRaMac.o [1]
RxDonesize              0x0006aa    0x2  Data  Lc  LoRaMac.o [1]
RxDonesnr               0x0006ba    0x1  Data  Lc  LoRaMac.o [1]
RxTimeoutSyncWord       0x000675    0xe  Data  Gb  sx1276.o [1]
RxTimeoutTimer          0x000667    0xe  Data  Gb  sx1276.o [1]
RxTxBuffer              0x0004ba   0xd5  Data  Lc  sx1276.o [1]
RxfCtrl                 0x0006b8    0x1  Data  Gb  LoRaMac.o [1]
SPI1_IRQHandler         0x00e5d1    0x1  Code  Gb  stm8l15x_it.o [1]
SPI_Cmd                 0x00e2da    0xd  Code  Gb  stm8l15x_spi.o [1]
SPI_GetFlagStatus       0x00e3b1   0x13  Code  Gb  stm8l15x_spi.o [1]
SPI_Init                0x00db99   0x31  Code  Gb  stm8l15x_spi.o [1]
SPI_ReceiveData         0x00e2ec    0x5  Code  Gb  stm8l15x_spi.o [1]
SPI_SendData            0x00e2e7    0x5  Code  Gb  stm8l15x_spi.o [1]
SWITCH_CSS_BREAK_DAC_IRQHandler
                        0x00e5ca    0x1  Code  Gb  stm8l15x_it.o [1]
SX1276                  0x0005ec   0x23  Data  Gb  sx1276.o [1]
SX1276AntSwDeInit       0x00e51b    0x9  Code  Gb  sx1276-board.o [1]
SX1276AntSwInit         0x00dcb3    0x9  Code  Gb  sx1276-board.o [1]
SX1276CheckRfFrequency  0x00e5b5    0x3  Code  Gb  sx1276-board.o [1]
SX1276GetPaSelect       0x00e3c4   0x13  Code  Lc  sx1276-board.o [1]
SX1276GetStatus         0x0083a2    0x4  Code  Gb  sx1276.o [1]
SX1276Init              0x008306   0x9c  Code  Gb  sx1276.o [1]
SX1276Init::chipversion
                        0x0006be    0x1  Data  Lc  sx1276.o [1]
SX1276IoInit            0x00e279   0x1a  Code  Gb  sx1276-board.o [1]
SX1276IoIrqInit         0x00d0b3   0x7e  Code  Gb  sx1276-board.o [1]
SX1276IsChannelFree     0x0083a6   0x6d  Code  Gb  sx1276.o [1]
SX1276OnDio0Irq         0x00abd7  0x1ce  Code  Gb  sx1276.o [1]
SX1276OnDio1Irq         0x00d6c1   0x49  Code  Gb  sx1276.o [1]
SX1276OnDio2Irq         0x00ce08   0x96  Code  Gb  sx1276.o [1]
SX1276OnDio3Irq         0x00d131   0x77  Code  Gb  sx1276.o [1]
SX1276OnTimeoutIrq      0x00cf28   0x88  Code  Gb  sx1276.o [1]
SX1276Random            0x008413   0x6c  Code  Gb  sx1276.o [1]
SX1276Read              0x008128   0x11  Code  Gb  sx1276.o [1]
SX1276ReadBuffer        0x0080d8   0x50  Code  Gb  sx1276.o [1]
SX1276ReadFifo          0x008d46    0x7  Code  Gb  sx1276.o [1]
SX1276ReadRssi          0x008cfe   0x48  Code  Gb  sx1276.o [1]
SX1276Reset             0x00dc58   0x2e  Code  Gb  sx1276-board.o [1]
SX1276Send              0x008929   0xa0  Code  Gb  sx1276.o [1]
SX1276SetAntSw          0x00e308   0x16  Code  Gb  sx1276-board.o [1]
SX1276SetAntSwLowPower  0x00dcbc   0x24  Code  Gb  sx1276-board.o [1]
SX1276SetBoardTcxo      0x00e5d3    0x1  Code  Lc  sx1276-board.o [1]
SX1276SetChannel        0x0081f5   0x3e  Code  Gb  sx1276.o [1]
SX1276SetMaxPayloadLength
                        0x00e0e8   0x1f  Code  Gb  sx1276.o [1]
SX1276SetModem          0x00817f   0x76  Code  Gb  sx1276.o [1]
SX1276SetOpMode         0x008139   0x2e  Code  Gb  sx1276.o [1]
SX1276SetPublicNetwork  0x00ddbd   0x2a  Code  Gb  sx1276.o [1]
SX1276SetRfTxPower      0x00c747   0xe2  Code  Gb  sx1276-board.o [1]
SX1276SetRx             0x0089c9  0x26d  Code  Gb  sx1276.o [1]
SX1276SetRxConfig       0x00847f  0x249  Code  Gb  sx1276.o [1]
SX1276SetSleep          0x008167   0x18  Code  Gb  sx1276.o [1]
SX1276SetStby           0x008910   0x19  Code  Gb  sx1276.o [1]
SX1276SetTx             0x0088ae   0x5b  Code  Gb  sx1276.o [1]
SX1276SetTxConfig       0x0086c8  0x1e6  Code  Gb  sx1276.o [1]
SX1276SetTxContinuousWave
                        0x008c60   0x9e  Code  Gb  sx1276.o [1]
SX1276StartCad          0x008c36   0x2a  Code  Gb  sx1276.o [1]
SX1276Write             0x0080ca    0xe  Code  Gb  sx1276.o [1]
SX1276WriteBuffer       0x008080   0x4a  Code  Gb  sx1276.o [1]
SX1276WriteFifo         0x008909    0x7  Code  Gb  sx1276.o [1]
SYSDivFactor            0x00e579    0x5  Data  Gb  stm8l15x_clk.o [1]
SendFrameOnChannel      0x00b72c  0x148  Code  Gb  LoRaMac.o [1]
SendJoinRequest         0x00c829   0xe1  Code  Gb  LoRaMac.o [1]
SpiInOut                0x00d81f   0x42  Code  Gb  spi-board.o [1]
SpiInit                 0x00d678   0x49  Code  Gb  spi-board.o [1]
SysTick_Handler         0x00a1d7   0x2b  Code  Gb  timer.o [1]
TIM1_CC_IRQHandler      0x00e5d0    0x1  Code  Gb  stm8l15x_it.o [1]
TIM1_UPD_OVF_TRG_COM_IRQHandler
                        0x00e5cf    0x1  Code  Gb  stm8l15x_it.o [1]
TIM2_CC_USART2_RX_IRQHandler
                        0x00e5cc    0x1  Code  Gb  stm8l15x_it.o [1]
TIM2_ClearITPendingBit  0x00e565    0x5  Code  Gb  stm8l15x_tim2.o [1]
TIM2_UPD_OVF_TRG_BRK_USART2_TX_IRQHandler
                        0x00e19d   0x1d  Code  Gb  stm8l15x_it.o [1]
TIM3_CC_USART3_RX_IRQHandler
                        0x00e5ce    0x1  Code  Gb  stm8l15x_it.o [1]
TIM3_UPD_OVF_TRG_BRK_USART3_TX_IRQHandler
                        0x00e5cd    0x1  Code  Gb  stm8l15x_it.o [1]
TIM4_ClearFlag          0x00e56a    0x5  Code  Gb  stm8l15x_tim4.o [1]
TIM4_ClearITPendingBit  0x00e56f    0x5  Code  Gb  stm8l15x_tim4.o [1]
TIM4_Cmd                0x00e4a1    0xd  Code  Gb  stm8l15x_tim4.o [1]
TIM4_Config             0x009b90   0x4f  Code  Gb  board.o [1]
TIM4_ITConfig           0x00e25f   0x1a  Code  Gb  stm8l15x_tim4.o [1]
TIM4_TimeBaseInit       0x00e3e8   0x11  Code  Gb  stm8l15x_tim4.o [1]
TIM4_UPD_OVF_TRG_IRQHandler
                        0x00e074   0x21  Code  Gb  stm8l15x_it.o [1]
TRAP_IRQHandler         0x00e5c2    0x1  Code  Gb  stm8l15x_it.o [1]
TestGetRunModePin       0x00d491   0x59  Code  Gb  test_mode.o [1]
TestModeOnRadioTxTimeout
                        0x00de39   0x29  Code  Gb  test_mode.o [1]
TestModeRadioEvents     0x000624   0x15  Data  Lc  test_mode.o [1]
TestRssi                0x0006b0    0x2  Data  Lc  test_mode.o [1]
TestSnr                 0x0006b2    0x2  Data  Lc  test_mode.o [1]
TimerExists             0x00e1f3   0x1c  Code  Lc  timer.o [1]
TimerGetCurrentTime     0x00e53b    0x7  Code  Gb  timer.o [1]
TimerGetElapsedTime     0x00a0e2   0x3c  Code  Gb  timer.o [1]
TimerGetValue           0x00a11e    0xb  Code  Gb  timer.o [1]
TimerInit               0x00a202   0x33  Code  Gb  timer.o [1]
TimerInsertNewHeadTimer
                        0x00a308   0x36  Code  Lc  timer.o [1]
TimerInsertTimer        0x00a235   0xd3  Code  Lc  timer.o [1]
TimerIrqHandler         0x00a129   0xae  Code  Gb  timer.o [1]
TimerListHead           0x0006b4    0x2  Data  Lc  timer.o [1]
TimerSetTimeout         0x00a0cc   0x16  Code  Lc  timer.o [1]
TimerSetValue           0x00dfc8   0x23  Code  Gb  timer.o [1]
TimerStart              0x00cd6e   0x9a  Code  Gb  timer.o [1]
TimerStop               0x00c49a   0xe7  Code  Gb  timer.o [1]
TxDoneFlag              0x0006bc    0x1  Data  Lc  LoRaMac.o [1]
TxDoneTimerTick         0x000698    0x4  Data  Gb  LoRaMac.o [1]
TxTimeoutTimer          0x000659    0xe  Data  Gb  sx1276.o [1]
USART1_RX_TIM5_CC_IRQHandler
                        0x00e052   0x22  Code  Gb  stm8l15x_it.o [1]
USART1_TX_TIM5_UPD_OVF_TRG_BRK_IRQHandler
                        0x00e030   0x22  Code  Gb  stm8l15x_it.o [1]
USART_ClearFlag         0x00e5a2    0x4  Code  Gb  stm8l15x_usart.o [1]
USART_ClearITPendingBit
                        0x00e574    0x5  Code  Gb  stm8l15x_usart.o [1]
USART_Cmd               0x00e40a   0x10  Code  Gb  stm8l15x_usart.o [1]
USART_DeInit            0x00dfa5   0x23  Code  Gb  stm8l15x_usart.o [1]
USART_GetFlagStatus     0x00e1ba   0x1d  Code  Gb  stm8l15x_usart.o [1]
USART_ITConfig          0x00d291   0x6e  Code  Gb  stm8l15x_usart.o [1]
USART_Init              0x00cfb0   0x82  Code  Gb  stm8l15x_usart.o [1]
USART_SendData8         0x00e5b2    0x3  Code  Gb  stm8l15x_usart.o [1]
WWDG_Config             0x00e5c1    0x1  Code  Lc  board.o [1]
__DebugBreak            0x00e5d4    0x1  Code  Gb  __dbg_break.o [3]
__eeprom_write_32       0x00d1a8   0x76  Code  Gb  eeprom.o [1]
__eeprom_write_8        0x00db68   0x31  Code  Gb  eeprom.o [1]
__exit                  0x00e34a   0x16  Code  Gb  __dbg_xxexit.o [3]
__iar_copy_init2        0x00de62         Code  Gb  init_small.o [4]
__iar_data_init2        0x00e161   0x1e  Code  Gb  init.o [4]
__iar_program_start     0x00e2f1         Code  Gb  cstartup.o [4]
__iar_unhandled_exception
                        0x00e5bb         Code  Gb  unhandled_exception.o [4]
__iar_zero_init2        0x00e17f         Code  Gb  init_small.o [4]
__intvec                0x008000         Data  Gb  interrupt.o [4]
__low_level_init        0x00e5b8    0x3  Code  Gb  low_level_init.o [4]
_exit                   0x00e54f         Code  Gb  cexit.o [4]
_interrupt_1            0x00e5c2         Code  Gb  stm8l15x_it.o [1]
_interrupt_10           0x00e00e         Code  Gb  stm8l15x_it.o [1]
_interrupt_11           0x00def6         Code  Gb  stm8l15x_it.o [1]
_interrupt_12           0x00c9df         Code  Gb  stm8l15x_it.o [1]
_interrupt_13           0x00e107         Code  Gb  stm8l15x_it.o [1]
_interrupt_14           0x00df19         Code  Gb  stm8l15x_it.o [1]
_interrupt_15           0x00df3c         Code  Gb  stm8l15x_it.o [1]
_interrupt_16           0x00e125         Code  Gb  stm8l15x_it.o [1]
_interrupt_17           0x00e143         Code  Gb  stm8l15x_it.o [1]
_interrupt_18           0x00e5c9         Code  Gb  stm8l15x_it.o [1]
_interrupt_19           0x00e5ca         Code  Gb  stm8l15x_it.o [1]
_interrupt_20           0x00e5cb         Code  Gb  stm8l15x_it.o [1]
_interrupt_21           0x00e19d         Code  Gb  stm8l15x_it.o [1]
_interrupt_22           0x00e5cc         Code  Gb  stm8l15x_it.o [1]
_interrupt_23           0x00e5cd         Code  Gb  stm8l15x_it.o [1]
_interrupt_24           0x00e5ce         Code  Gb  stm8l15x_it.o [1]
_interrupt_25           0x00e5cf         Code  Gb  stm8l15x_it.o [1]
_interrupt_26           0x00e5d0         Code  Gb  stm8l15x_it.o [1]
_interrupt_27           0x00e074         Code  Gb  stm8l15x_it.o [1]
_interrupt_28           0x00e5d1         Code  Gb  stm8l15x_it.o [1]
_interrupt_29           0x00e030         Code  Gb  stm8l15x_it.o [1]
_interrupt_3            0x00e5c3         Code  Gb  stm8l15x_it.o [1]
_interrupt_30           0x00e052         Code  Gb  stm8l15x_it.o [1]
_interrupt_31           0x00e5d2         Code  Gb  stm8l15x_it.o [1]
_interrupt_4            0x00e5c4         Code  Gb  stm8l15x_it.o [1]
_interrupt_5            0x00e5c5         Code  Gb  stm8l15x_it.o [1]
_interrupt_6            0x00de10         Code  Gb  stm8l15x_it.o [1]
_interrupt_7            0x00e5c6         Code  Gb  stm8l15x_it.o [1]
_interrupt_8            0x00e5c7         Code  Gb  stm8l15x_it.o [1]
_interrupt_9            0x00e5c8         Code  Gb  stm8l15x_it.o [1]
aBlock                  0x000020   0x10  Data  Lc  LoRaMacCrypto.o [1]
aLarmTimerTime          0x00003a    0x4  Data  Gb  timer.o [1]
add_round_key           0x00abd3    0x4  Code  Lc  aes.o [1]
aes_encrypt             0x00d21e   0x73  Code  Gb  aes.o [1]
aes_set_key             0x00b9a0  0x120  Code  Gb  aes.o [1]
cfg_parm_dump_to_ram    0x00c1cb   0xf2  Code  Gb  cfg_parm.o [1]
cfg_parm_factory_reset  0x00b10a  0x1ae  Code  Gb  cfg_parm.o [1]
cfg_parm_get_uart_baud  0x00d369   0x68  Code  Gb  cfg_parm.o [1]
cfg_parm_get_uart_parity
                        0x00e2ac   0x17  Code  Gb  cfg_parm.o [1]
cfg_parm_get_wakeup_time
                        0x00d861   0x3f  Code  Gb  cfg_parm.o [1]
cfg_parm_restore        0x00b874  0x12c  Code  Gb  cfg_parm.o [1]
copy_and_key            0x00aad4   0xff  Code  Lc  aes.o [1]
copy_block              0x00ccc9   0xa5  Code  Lc  aes.o [1]
copy_block_nn           0x00e22b   0x1a  Code  Lc  aes.o [1]
cpystr                  0x00e245   0x1a  Code  Gb  hex.o [1]
delay_10us              0x00d53f   0x51  Code  Gb  delay.o [1]
evnames                 0x000030    0xa  Data  Lc  modem.o [1]
exit                    0x00e5aa    0x4  Code  Gb  exit.o [4]
factorystring           0x001000   0xfa  Data  Gb  cfg_parm.o [1]
frame_init              0x00dd92   0x2b  Code  Gb  frame.o [1]
frame_rx                0x00c2bd   0xef  Code  Gb  frame.o [1]
gethex                  0x00d62d   0x4b  Code  Gb  hex.o [1]
gfm2_sbox               0x00bdd1  0x100  Data  Lc  aes.o [1]
gfm3_sbox               0x00bed1  0x100  Data  Lc  aes.o [1]
hexval                  0x00bfd1  0x100  Data  Lc  hex.o [1]
main                    0x00dde7   0x29  Code  Gb  main.o [1]
memcpy                  0x00e0a9   0x20  Code  Gb  memcpy.o [4]
memcpy1                 0x00deaf   0x24  Code  Gb  utilities.o [1]
memcpyr                 0x00dce0   0x2d  Code  Gb  utilities.o [1]
memset                  0x00e334   0x16  Code  Gb  memset.o [4]
memset1                 0x00e20f   0x1c  Code  Gb  utilities.o [1]
mix_sub_columns         0x00a33e  0x259  Code  Lc  aes.o [1]
modem_init              0x00e1d7   0x1c  Code  Gb  modem.o [1]
modem_rxdone            0x008d4d  0x5ed  Code  Gb  modem.o [1]
modem_rxdone_flag       0x0006b6    0x1  Data  Gb  frame.o [1]
next                    0x00003e    0x4  Data  Lc  utilities.o [1]
onEvent                 0x00d5e1   0x4c  Code  Gb  modem.o [1]
putchar                 0x00dbfa   0x2f  Code  Gb  comport.o [1]
puthex                  0x00d992   0x38  Code  Gb  hex.o [1]
rand1                   0x00da38   0x34  Code  Gb  utilities.o [1]
randr                   0x00d9ca   0x38  Code  Gb  utilities.o [1]
reverse                 0x00d91c   0x3d  Code  Gb  hex.o [1]
ring_buffer_dequeue     0x00e0c9   0x1f  Code  Gb  ring_buf.o [1]
ringbuf_elements        0x00de8a   0x25  Code  Gb  ring_buf.o [1]
ringbuf_get             0x00d70a   0x46  Code  Gb  ring_buf.o [1]
ringbuf_put             0x00d4ea   0x55  Code  Gb  ring_buf.o [1]
rxframe                 0x000690    0x8  Data  Gb  frame.o [1]
sBlock                  0x000649   0x10  Data  Lc  LoRaMacCrypto.o [1]
sTartAlarmTimerTime     0x0006a0    0x4  Data  Gb  timer.o [1]
sbox                    0x00bcd1  0x100  Data  Lc  aes.o [1]
shift_sub_rows          0x00c0d1   0xfa  Code  Lc  aes.o [1]
srand1                  0x00e542    0x7  Code  Gb  utilities.o [1]
stNvCfgParm             0x0010fa   0x5d  Data  Gb  cfg_parm.o [1]
stTmpCfgParm            0x00058f   0x5d  Data  Gb  cfg_parm.o [1]
strlen                  0x00e4bb    0xd  Code  Gb  strlen.o [4]
systick                 0x00069c    0x4  Data  Gb  timer.o [1]
test_mode_routin        0x009e0a  0x2c2  Code  Gb  test_mode.o [1]
tolower                 0x00e3d7   0x11  Code  Gb  hex.o [1]
uart_rx_ring_buf        0x000683    0xd  Data  Gb  comport.o [1]
xor_block               0x00a9c8  0x10c  Code  Lc  aes.o [1]


[1] = D:\stm8lora\src\stm8l15x-sx1278\STM8L15x-16x-05x-AL31-L_StdPeriph_Lib\Project\STM8L151G6U6_Sx1278\EWSTM8\STM8L15X_MD(STM8L15xx4_6)\Obj
[2] = command line
[3] = dbgstm8mmd.a
[4] = dlstm8mmf.a

  24 574 bytes of readonly  code memory
   1 495 bytes of readonly  data memory
   2 399 bytes of readwrite data memory

Errors: none
Warnings: none
