###############################################################################
#
# IAR ELF Linker V3.10.1.201 for STM8                     12/Aug/2019  15:55:58
# Copyright 2010-2017 IAR Systems AB.
#
#    Output file  =  
#        D:\stm8lora\src\stm8l15x-sx1278\STM8L15x-16x-05x-AL31-L_StdPeriph_Lib\Project\STM8L151G6U6_Sx1278\EWSTM8\STM8L15X_MD(STM8L15xx4_6)\Exe\project.out
#    Map file     =  
#        D:\stm8lora\src\stm8l15x-sx1278\STM8L15x-16x-05x-AL31-L_StdPeriph_Lib\Project\STM8L151G6U6_Sx1278\EWSTM8\STM8L15X_MD(STM8L15xx4_6)\List\project.map
#    Command line =  
#        -f C:\Users\Administrator\AppData\Local\Temp\EWAD57.tmp
#        ("D:\stm8lora\src\stm8l15x-sx1278\STM8L15x-16x-05x-AL31-L_StdPeriph_Lib\Project\STM8L151G6U6_Sx1278\EWSTM8\STM8L15X_MD(STM8L15xx4_6)\Obj\aes.o"
#        "D:\stm8lora\src\stm8l15x-sx1278\STM8L15x-16x-05x-AL31-L_StdPeriph_Lib\Project\STM8L151G6U6_Sx1278\EWSTM8\STM8L15X_MD(STM8L15xx4_6)\Obj\board.o"
#        "D:\stm8lora\src\stm8l15x-sx1278\STM8L15x-16x-05x-AL31-L_StdPeriph_Lib\Project\STM8L151G6U6_Sx1278\EWSTM8\STM8L15X_MD(STM8L15xx4_6)\Obj\cfg_parm.o"
#        "D:\stm8lora\src\stm8l15x-sx1278\STM8L15x-16x-05x-AL31-L_StdPeriph_Lib\Project\STM8L151G6U6_Sx1278\EWSTM8\STM8L15X_MD(STM8L15xx4_6)\Obj\cmac.o"
#        "D:\stm8lora\src\stm8l15x-sx1278\STM8L15x-16x-05x-AL31-L_StdPeriph_Lib\Project\STM8L151G6U6_Sx1278\EWSTM8\STM8L15X_MD(STM8L15xx4_6)\Obj\comport.o"
#        "D:\stm8lora\src\stm8l15x-sx1278\STM8L15x-16x-05x-AL31-L_StdPeriph_Lib\Project\STM8L151G6U6_Sx1278\EWSTM8\STM8L15X_MD(STM8L15xx4_6)\Obj\delay.o"
#        "D:\stm8lora\src\stm8l15x-sx1278\STM8L15x-16x-05x-AL31-L_StdPeriph_Lib\Project\STM8L151G6U6_Sx1278\EWSTM8\STM8L15X_MD(STM8L15xx4_6)\Obj\eeprom.o"
#        "D:\stm8lora\src\stm8l15x-sx1278\STM8L15x-16x-05x-AL31-L_StdPeriph_Lib\Project\STM8L151G6U6_Sx1278\EWSTM8\STM8L15X_MD(STM8L15xx4_6)\Obj\frame.o"
#        "D:\stm8lora\src\stm8l15x-sx1278\STM8L15x-16x-05x-AL31-L_StdPeriph_Lib\Project\STM8L151G6U6_Sx1278\EWSTM8\STM8L15X_MD(STM8L15xx4_6)\Obj\hex.o"
#        "D:\stm8lora\src\stm8l15x-sx1278\STM8L15x-16x-05x-AL31-L_StdPeriph_Lib\Project\STM8L151G6U6_Sx1278\EWSTM8\STM8L15X_MD(STM8L15xx4_6)\Obj\LoRaMac.o"
#        "D:\stm8lora\src\stm8l15x-sx1278\STM8L15x-16x-05x-AL31-L_StdPeriph_Lib\Project\STM8L151G6U6_Sx1278\EWSTM8\STM8L15X_MD(STM8L15xx4_6)\Obj\LoRaMacCrypto.o"
#        "D:\stm8lora\src\stm8l15x-sx1278\STM8L15x-16x-05x-AL31-L_StdPeriph_Lib\Project\STM8L151G6U6_Sx1278\EWSTM8\STM8L15X_MD(STM8L15xx4_6)\Obj\main.o"
#        "D:\stm8lora\src\stm8l15x-sx1278\STM8L15x-16x-05x-AL31-L_StdPeriph_Lib\Project\STM8L151G6U6_Sx1278\EWSTM8\STM8L15X_MD(STM8L15xx4_6)\Obj\manufacture_parm.o"
#        "D:\stm8lora\src\stm8l15x-sx1278\STM8L15x-16x-05x-AL31-L_StdPeriph_Lib\Project\STM8L151G6U6_Sx1278\EWSTM8\STM8L15X_MD(STM8L15xx4_6)\Obj\modem.o"
#        "D:\stm8lora\src\stm8l15x-sx1278\STM8L15x-16x-05x-AL31-L_StdPeriph_Lib\Project\STM8L151G6U6_Sx1278\EWSTM8\STM8L15X_MD(STM8L15xx4_6)\Obj\ring_buf.o"
#        "D:\stm8lora\src\stm8l15x-sx1278\STM8L15x-16x-05x-AL31-L_StdPeriph_Lib\Project\STM8L151G6U6_Sx1278\EWSTM8\STM8L15X_MD(STM8L15xx4_6)\Obj\spi-board.o"
#        "D:\stm8lora\src\stm8l15x-sx1278\STM8L15x-16x-05x-AL31-L_StdPeriph_Lib\Project\STM8L151G6U6_Sx1278\EWSTM8\STM8L15X_MD(STM8L15xx4_6)\Obj\stm8l15x_adc.o"
#        "D:\stm8lora\src\stm8l15x-sx1278\STM8L15x-16x-05x-AL31-L_StdPeriph_Lib\Project\STM8L151G6U6_Sx1278\EWSTM8\STM8L15X_MD(STM8L15xx4_6)\Obj\stm8l15x_beep.o"
#        "D:\stm8lora\src\stm8l15x-sx1278\STM8L15x-16x-05x-AL31-L_StdPeriph_Lib\Project\STM8L151G6U6_Sx1278\EWSTM8\STM8L15X_MD(STM8L15xx4_6)\Obj\stm8l15x_clk.o"
#        "D:\stm8lora\src\stm8l15x-sx1278\STM8L15x-16x-05x-AL31-L_StdPeriph_Lib\Project\STM8L151G6U6_Sx1278\EWSTM8\STM8L15X_MD(STM8L15xx4_6)\Obj\stm8l15x_comp.o"
#        "D:\stm8lora\src\stm8l15x-sx1278\STM8L15x-16x-05x-AL31-L_StdPeriph_Lib\Project\STM8L151G6U6_Sx1278\EWSTM8\STM8L15X_MD(STM8L15xx4_6)\Obj\stm8l15x_dac.o"
#        "D:\stm8lora\src\stm8l15x-sx1278\STM8L15x-16x-05x-AL31-L_StdPeriph_Lib\Project\STM8L151G6U6_Sx1278\EWSTM8\STM8L15X_MD(STM8L15xx4_6)\Obj\stm8l15x_dma.o"
#        "D:\stm8lora\src\stm8l15x-sx1278\STM8L15x-16x-05x-AL31-L_StdPeriph_Lib\Project\STM8L151G6U6_Sx1278\EWSTM8\STM8L15X_MD(STM8L15xx4_6)\Obj\stm8l15x_exti.o"
#        "D:\stm8lora\src\stm8l15x-sx1278\STM8L15x-16x-05x-AL31-L_StdPeriph_Lib\Project\STM8L151G6U6_Sx1278\EWSTM8\STM8L15X_MD(STM8L15xx4_6)\Obj\stm8l15x_flash.o"
#        "D:\stm8lora\src\stm8l15x-sx1278\STM8L15x-16x-05x-AL31-L_StdPeriph_Lib\Project\STM8L151G6U6_Sx1278\EWSTM8\STM8L15X_MD(STM8L15xx4_6)\Obj\stm8l15x_gpio.o"
#        "D:\stm8lora\src\stm8l15x-sx1278\STM8L15x-16x-05x-AL31-L_StdPeriph_Lib\Project\STM8L151G6U6_Sx1278\EWSTM8\STM8L15X_MD(STM8L15xx4_6)\Obj\stm8l15x_i2c.o"
#        "D:\stm8lora\src\stm8l15x-sx1278\STM8L15x-16x-05x-AL31-L_StdPeriph_Lib\Project\STM8L151G6U6_Sx1278\EWSTM8\STM8L15X_MD(STM8L15xx4_6)\Obj\stm8l15x_irtim.o"
#        "D:\stm8lora\src\stm8l15x-sx1278\STM8L15x-16x-05x-AL31-L_StdPeriph_Lib\Project\STM8L151G6U6_Sx1278\EWSTM8\STM8L15X_MD(STM8L15xx4_6)\Obj\stm8l15x_it.o"
#        "D:\stm8lora\src\stm8l15x-sx1278\STM8L15x-16x-05x-AL31-L_StdPeriph_Lib\Project\STM8L151G6U6_Sx1278\EWSTM8\STM8L15X_MD(STM8L15xx4_6)\Obj\stm8l15x_itc.o"
#        "D:\stm8lora\src\stm8l15x-sx1278\STM8L15x-16x-05x-AL31-L_StdPeriph_Lib\Project\STM8L151G6U6_Sx1278\EWSTM8\STM8L15X_MD(STM8L15xx4_6)\Obj\stm8l15x_iwdg.o"
#        "D:\stm8lora\src\stm8l15x-sx1278\STM8L15x-16x-05x-AL31-L_StdPeriph_Lib\Project\STM8L151G6U6_Sx1278\EWSTM8\STM8L15X_MD(STM8L15xx4_6)\Obj\stm8l15x_lcd.o"
#        "D:\stm8lora\src\stm8l15x-sx1278\STM8L15x-16x-05x-AL31-L_StdPeriph_Lib\Project\STM8L151G6U6_Sx1278\EWSTM8\STM8L15X_MD(STM8L15xx4_6)\Obj\stm8l15x_pwr.o"
#        "D:\stm8lora\src\stm8l15x-sx1278\STM8L15x-16x-05x-AL31-L_StdPeriph_Lib\Project\STM8L151G6U6_Sx1278\EWSTM8\STM8L15X_MD(STM8L15xx4_6)\Obj\stm8l15x_rst.o"
#        "D:\stm8lora\src\stm8l15x-sx1278\STM8L15x-16x-05x-AL31-L_StdPeriph_Lib\Project\STM8L151G6U6_Sx1278\EWSTM8\STM8L15X_MD(STM8L15xx4_6)\Obj\stm8l15x_rtc.o"
#        "D:\stm8lora\src\stm8l15x-sx1278\STM8L15x-16x-05x-AL31-L_StdPeriph_Lib\Project\STM8L151G6U6_Sx1278\EWSTM8\STM8L15X_MD(STM8L15xx4_6)\Obj\stm8l15x_spi.o"
#        "D:\stm8lora\src\stm8l15x-sx1278\STM8L15x-16x-05x-AL31-L_StdPeriph_Lib\Project\STM8L151G6U6_Sx1278\EWSTM8\STM8L15X_MD(STM8L15xx4_6)\Obj\stm8l15x_syscfg.o"
#        "D:\stm8lora\src\stm8l15x-sx1278\STM8L15x-16x-05x-AL31-L_StdPeriph_Lib\Project\STM8L151G6U6_Sx1278\EWSTM8\STM8L15X_MD(STM8L15xx4_6)\Obj\stm8l15x_tim1.o"
#        "D:\stm8lora\src\stm8l15x-sx1278\STM8L15x-16x-05x-AL31-L_StdPeriph_Lib\Project\STM8L151G6U6_Sx1278\EWSTM8\STM8L15X_MD(STM8L15xx4_6)\Obj\stm8l15x_tim2.o"
#        "D:\stm8lora\src\stm8l15x-sx1278\STM8L15x-16x-05x-AL31-L_StdPeriph_Lib\Project\STM8L151G6U6_Sx1278\EWSTM8\STM8L15X_MD(STM8L15xx4_6)\Obj\stm8l15x_tim3.o"
#        "D:\stm8lora\src\stm8l15x-sx1278\STM8L15x-16x-05x-AL31-L_StdPeriph_Lib\Project\STM8L151G6U6_Sx1278\EWSTM8\STM8L15X_MD(STM8L15xx4_6)\Obj\stm8l15x_tim4.o"
#        "D:\stm8lora\src\stm8l15x-sx1278\STM8L15x-16x-05x-AL31-L_StdPeriph_Lib\Project\STM8L151G6U6_Sx1278\EWSTM8\STM8L15X_MD(STM8L15xx4_6)\Obj\stm8l15x_tim5.o"
#        "D:\stm8lora\src\stm8l15x-sx1278\STM8L15x-16x-05x-AL31-L_StdPeriph_Lib\Project\STM8L151G6U6_Sx1278\EWSTM8\STM8L15X_MD(STM8L15xx4_6)\Obj\stm8l15x_usart.o"
#        "D:\stm8lora\src\stm8l15x-sx1278\STM8L15x-16x-05x-AL31-L_StdPeriph_Lib\Project\STM8L151G6U6_Sx1278\EWSTM8\STM8L15X_MD(STM8L15xx4_6)\Obj\stm8l15x_wfe.o"
#        "D:\stm8lora\src\stm8l15x-sx1278\STM8L15x-16x-05x-AL31-L_StdPeriph_Lib\Project\STM8L151G6U6_Sx1278\EWSTM8\STM8L15X_MD(STM8L15xx4_6)\Obj\stm8l15x_wwdg.o"
#        "D:\stm8lora\src\stm8l15x-sx1278\STM8L15x-16x-05x-AL31-L_StdPeriph_Lib\Project\STM8L151G6U6_Sx1278\EWSTM8\STM8L15X_MD(STM8L15xx4_6)\Obj\sx1276-board.o"
#        "D:\stm8lora\src\stm8l15x-sx1278\STM8L15x-16x-05x-AL31-L_StdPeriph_Lib\Project\STM8L151G6U6_Sx1278\EWSTM8\STM8L15X_MD(STM8L15xx4_6)\Obj\sx1276.o"
#        "D:\stm8lora\src\stm8l15x-sx1278\STM8L15x-16x-05x-AL31-L_StdPeriph_Lib\Project\STM8L151G6U6_Sx1278\EWSTM8\STM8L15X_MD(STM8L15xx4_6)\Obj\system.o"
#        "D:\stm8lora\src\stm8l15x-sx1278\STM8L15x-16x-05x-AL31-L_StdPeriph_Lib\Project\STM8L151G6U6_Sx1278\EWSTM8\STM8L15X_MD(STM8L15xx4_6)\Obj\test_mode.o"
#        "D:\stm8lora\src\stm8l15x-sx1278\STM8L15x-16x-05x-AL31-L_StdPeriph_Lib\Project\STM8L151G6U6_Sx1278\EWSTM8\STM8L15X_MD(STM8L15xx4_6)\Obj\timer.o"
#        "D:\stm8lora\src\stm8l15x-sx1278\STM8L15x-16x-05x-AL31-L_StdPeriph_Lib\Project\STM8L151G6U6_Sx1278\EWSTM8\STM8L15X_MD(STM8L15xx4_6)\Obj\utilities.o"
#        --redirect _Printf=_PrintfFullNoMb --redirect _Scanf=_ScanfFullNoMb -o
#        "D:\stm8lora\src\stm8l15x-sx1278\STM8L15x-16x-05x-AL31-L_StdPeriph_Lib\Project\STM8L151G6U6_Sx1278\EWSTM8\STM8L15X_MD(STM8L15xx4_6)\Exe\project.out"
#        --map
#        "D:\stm8lora\src\stm8l15x-sx1278\STM8L15x-16x-05x-AL31-L_StdPeriph_Lib\Project\STM8L151G6U6_Sx1278\EWSTM8\STM8L15X_MD(STM8L15xx4_6)\List\project.map"
#        --config "C:\Program Files (x86)\IAR Systems\Embedded Workbench
#        8.0\stm8\config\lnkstm8l151k6.icf" --config_def _CSTACK_SIZE=0x140
#        --config_def _HEAP_SIZE=0x00 --entry __iar_program_start --debug_lib)
#
###############################################################################

*******************************************************************************
*** RUNTIME MODEL ATTRIBUTES
***

__Heap_Handler             = Basic
__SystemLibrary            = DLib
__code_model               = medium_or_large
__core                     = stm8
__data_model               = medium
__dlib_file_descriptor     = 1
__dlib_full_locale_support = 1
__rt_version               = 4


*******************************************************************************
*** PLACEMENT SUMMARY
***

"A0":  place at start of [0x000000-0x0000ff] { rw section .vregs };
"A1":  place at end of [0x000000-0x0007ff] { block CSTACK };
"P2":  place in [from 0x000000 to 0x0007ff] {
          block HEAP, rw section __DLIB_PERTHREAD, rw section .far.bss,
          rw section .far.data, rw section .far.noinit,
          rw section .far_func.textrw, rw section .huge.bss,
          rw section .huge.data, rw section .huge.noinit,
          rw section .huge_func.textrw, rw section .iar.dynexit,
          rw section .near.bss, rw section .near.data, rw section .near.noinit,
          rw section .near_func.textrw };
"A2":  place at start of [0x008000-0x00ffff] { block INTVEC };
"P3":  place in [from 0x008000 to 0x00ffff] {
          ro section __DLIB_PERTHREAD_init, ro section .far.data_init,
          ro section .far_func.textrw_init, ro section .huge.data_init,
          ro section .huge_func.textrw_init, ro section .iar.init_table,
          ro section .init_array, ro section .near.data_init,
          ro section .near.rodata, ro section .near_func.text,
          ro section .near_func.textrw_init, ro section .tiny.data_init,
          ro section .tiny.rodata_init };
"P4":  place in [from 0x008000 to 0x00ffff] {
          ro section .far.rodata, ro section .far_func.text };
"P5":  place in [from 0x008000 to 0x00ffff] {
          ro section .huge.rodata, ro section .huge_func.text };
"P6":  place in [from 0x001000 to 0x0013ff] { section .eeprom.noinit };
"P7":  place in [from 0x001000 to 0x0013ff] { section .eeprom.data };
"P8":  place in [from 0x001000 to 0x0013ff] { section .eeprom.rodata };
do not initialize {
   rw section .eeprom.noinit, rw section .far.noinit, rw section .huge.noinit,
   rw section .near.noinit, rw section .tiny.noinit, rw section .vregs };
initialize by copy {
   rw section .far.bss, rw section .far.data, rw section .far_func.textrw,
   rw section .huge.bss, rw section .huge.data, rw section .huge_func.textrw,
   rw section .iar.dynexit, rw section .near.bss, rw section .near.data,
   rw section .near_func.textrw, rw section .tiny.bss, rw section .tiny.data,
   ro section .tiny.rodata };

  Section            Kind      Address    Size  Object
  -------            ----      -------    ----  ------
"A0":                                     0x10
  .vregs             uninit   0x000000    0x10  vregs.o [4]
                            - 0x000010    0x10

"P2", part 1 of 2:                        0x32
  P2-1                        0x000010    0x32  <Init block>
    .near.data       inited   0x000010    0x10  LoRaMacCrypto.o [1]
    .near.data       inited   0x000020    0x10  LoRaMacCrypto.o [1]
    .near.data       inited   0x000030     0xa  modem.o [1]
    .near.data       inited   0x00003a     0x4  timer.o [1]
    .near.data       inited   0x00003e     0x4  utilities.o [1]
                            - 0x000042    0x32

"P2", part 2 of 2:                       0x67c
  .near.bss          zero     0x000042   0x19d  modem.o [1]
  .near.bss          zero     0x0001df   0x115  LoRaMacCrypto.o [1]
  .near.bss          zero     0x0002f4    0xf1  LoRaMacCrypto.o [1]
  .near.bss          zero     0x0003e5    0xd5  board.o [1]
  .near.bss          zero     0x0004ba    0xd5  sx1276.o [1]
  .near.bss          zero     0x00058f    0x5d  cfg_parm.o [1]
  .near.bss          zero     0x0005ec    0x23  sx1276.o [1]
  .near.bss          zero     0x00060f    0x15  LoRaMac.o [1]
  .near.bss          zero     0x000624    0x15  test_mode.o [1]
  .near.bss          zero     0x000639    0x10  LoRaMacCrypto.o [1]
  .near.bss          zero     0x000649    0x10  LoRaMacCrypto.o [1]
  .near.bss          zero     0x000659     0xe  sx1276.o [1]
  .near.bss          zero     0x000667     0xe  sx1276.o [1]
  .near.bss          zero     0x000675     0xe  sx1276.o [1]
  .near.bss          zero     0x000683     0xb  comport.o [1]
  .near.bss          zero     0x00068e     0x8  frame.o [1]
  .near.bss          zero     0x000696     0x4  LoRaMac.o [1]
  .near.bss          zero     0x00069a     0x4  timer.o [1]
  .near.bss          zero     0x00069e     0x4  timer.o [1]
  .near.bss          zero     0x0006a2     0x2  LoRaMac.o [1]
  .near.bss          zero     0x0006a4     0x2  LoRaMac.o [1]
  .near.bss          zero     0x0006a6     0x2  LoRaMac.o [1]
  .near.bss          zero     0x0006a8     0x2  LoRaMac.o [1]
  .near.bss          zero     0x0006aa     0x2  LoRaMac.o [1]
  .near.bss          zero     0x0006ac     0x2  sx1276.o [1]
  .near.bss          zero     0x0006ae     0x2  test_mode.o [1]
  .near.bss          zero     0x0006b0     0x2  test_mode.o [1]
  .near.bss          zero     0x0006b2     0x2  timer.o [1]
  .near.bss          zero     0x0006b4     0x1  frame.o [1]
  .near.bss          zero     0x0006b5     0x1  LoRaMac.o [1]
  .near.bss          zero     0x0006b6     0x1  LoRaMac.o [1]
  .near.bss          zero     0x0006b7     0x1  LoRaMac.o [1]
  .near.bss          zero     0x0006b8     0x1  LoRaMac.o [1]
  .near.bss          zero     0x0006b9     0x1  LoRaMac.o [1]
  .near.bss          zero     0x0006ba     0x1  LoRaMac.o [1]
  .near.bss          zero     0x0006bb     0x1  LoRaMac.o [1]
  .near.bss          zero     0x0006bc     0x1  sx1276-board.o [1]
  .near.bss          zero     0x0006bd     0x1  system.o [1]
                            - 0x0006be   0x67c

"A1":                                    0x140
  CSTACK                      0x0006c0   0x140  <Block>
    CSTACK           uninit   0x0006c0   0x140  <Block tail>
                            - 0x000800   0x140

"P6-P8":                                 0x15f
  .eeprom.data       rw data  0x001000    0xfa  cfg_parm.o [1]
  .eeprom.data       rw data  0x0010fa    0x5d  cfg_parm.o [1]
  .eeprom.data       rw data  0x001157     0x8  cfg_parm.o [1]
                            - 0x00115f   0x15f

"A2":                                     0x80
  INTVEC                      0x008000    0x80  <Block>
    .intvec          const    0x008000    0x80  interrupt.o [4]
                            - 0x008080    0x80

"P3-P5":                                0x650e
  .far_func.text     ro code  0x008080   0xcc3  sx1276.o [1]
  .far_func.text     ro code  0x008d43   0x5d1  modem.o [1]
  .far_func.text     ro code  0x009314   0x49a  LoRaMac.o [1]
  .far_func.text     ro code  0x0097ae   0x333  float.o [4]
  .far_func.text     ro code  0x009ae1   0x303  board.o [1]
  .far_func.text     ro code  0x009de4   0x2d0  test_mode.o [1]
  .far_func.text     ro code  0x00a0b4   0x272  timer.o [1]
  .far_func.text     ro code  0x00a326   0x259  aes.o [1]
  .far_func.text     ro code  0x00a57f   0x21d  cmac.o [1]
  .far_func.text     ro code  0x00a79c   0x20f  aes.o [1]
  .far_func.text     ro code  0x00a9ab   0x1eb  vreg_util.o [4]
  .far_func.text     ro code  0x00ab96   0x1ce  sx1276.o [1]
  .far_func.text     ro code  0x00ad64   0x1c9  long.o [4]
  .far_func.text     ro code  0x00af2d   0x1b4  LoRaMac.o [1]
  .far_func.text     ro code  0x00b0e1   0x1ae  cfg_parm.o [1]
  .far_func.text     ro code  0x00b28f   0x19d  cmac.o [1]
  .far_func.text     ro code  0x00b42c   0x17c  comport.o [1]
  .far_func.text     ro code  0x00b5a8   0x154  LoRaMac.o [1]
  .far_func.text     ro code  0x00b6fc   0x12c  cfg_parm.o [1]
  .far_func.text     ro code  0x00b828   0x120  aes.o [1]
  .far_func.text     ro code  0x00b948   0x10d  LoRaMacCrypto.o [1]
  .far_func.text     ro code  0x00ba55   0x104  stm8l15x_itc.o [1]
  .near.rodata       const    0x00bb59   0x100  aes.o [1]
  .near.rodata       const    0x00bc59   0x100  aes.o [1]
  .near.rodata       const    0x00bd59   0x100  aes.o [1]
  .near.rodata       const    0x00be59   0x100  hex.o [1]
  .far_func.text     ro code  0x00bf59    0xfa  aes.o [1]
  .far_func.text     ro code  0x00c053    0xf2  cfg_parm.o [1]
  .far_func.text     ro code  0x00c145    0xef  frame.o [1]
  .far_func.text     ro code  0x00c234    0xee  LoRaMacCrypto.o [1]
  .far_func.text     ro code  0x00c322    0xe7  timer.o [1]
  .far_func.text     ro code  0x00c409    0xe4  long_util.o [4]
  .far_func.text     ro code  0x00c4ed    0xe2  stm8l15x_rtc.o [1]
  .far_func.text     ro code  0x00c5cf    0xe2  sx1276-board.o [1]
  .far_func.text     ro code  0x00c6b1    0xe1  LoRaMac.o [1]
  .far_func.text     ro code  0x00c792    0xd9  LoRaMac.o [1]
  .far_func.text     ro code  0x00c86b    0xce  stm8l15x_it.o [1]
  .far_func.text     ro code  0x00c939    0xbd  stm8l15x_exti.o [1]
  .far_func.text     ro code  0x00c9f6    0xb9  LoRaMacCrypto.o [1]
  .far_func.text     ro code  0x00caaf    0xa6  LoRaMacCrypto.o [1]
  .far_func.text     ro code  0x00cb55    0xa5  aes.o [1]
  .far_func.text     ro code  0x00cbfa    0x9a  timer.o [1]
  .far_func.text     ro code  0x00cc94    0x96  sx1276.o [1]
  .far_func.text     ro code  0x00cd2a    0x91  LoRaMac.o [1]
  .far_func.text     ro code  0x00cdbb    0x8a  LoRaMac.o [1]
  .far_func.text     ro code  0x00ce45    0x88  sx1276.o [1]
  .far_func.text     ro code  0x00cecd    0x82  stm8l15x_usart.o [1]
  .far_func.text     ro code  0x00cf4f    0x81  stm8l15x_clk.o [1]
  .far_func.text     ro code  0x00cfd0    0x7e  sx1276-board.o [1]
  .far_func.text     ro code  0x00d04e    0x77  sx1276.o [1]
  .far_func.text     ro code  0x00d0c5    0x76  eeprom.o [1]
  .far_func.text     ro code  0x00d13b    0x73  aes.o [1]
  .far_func.text     ro code  0x00d1ae    0x72  LoRaMac.o [1]
  .far_func.text     ro code  0x00d220    0x6e  stm8l15x_usart.o [1]
  .far_func.text     ro code  0x00d28e    0x6a  stm8l15x_gpio.o [1]
  .far_func.text     ro code  0x00d2f8    0x68  cfg_parm.o [1]
  .far_func.text     ro code  0x00d360    0x65  stm8l15x_clk.o [1]
  .far_func.text     ro code  0x00d3c5    0x5b  LoRaMacCrypto.o [1]
  .far_func.text     ro code  0x00d420    0x59  test_mode.o [1]
  .far_func.text     ro code  0x00d479    0x55  ring_buf.o [1]
  .far_func.text     ro code  0x00d4ce    0x51  delay.o [1]
  .near.rodata       const    0x00d51f    0x51  sx1276-board.o [1]
  .far_func.text     ro code  0x00d570    0x4c  modem.o [1]
  .far_func.text     ro code  0x00d5bc    0x4b  hex.o [1]
  .far_func.text     ro code  0x00d607    0x49  spi-board.o [1]
  .far_func.text     ro code  0x00d650    0x49  sx1276.o [1]
  .far_func.text     ro code  0x00d699    0x46  ring_buf.o [1]
  .far_func.text     ro code  0x00d6df    0x46  stm8l15x_beep.o [1]
  .far_func.text     ro code  0x00d725    0x46  far_util.o [4]
  .far_func.text     ro code  0x00d76b    0x43  stm8l15x_rtc.o [1]
  .far_func.text     ro code  0x00d7ae    0x42  spi-board.o [1]
  .near.rodata       const    0x00d7f0    0x40  test_mode.o [1]
  .far_func.text     ro code  0x00d830    0x3f  cfg_parm.o [1]
  .far_func.text     ro code  0x00d86f    0x3e  LoRaMac.o [1]
  .far_func.text     ro code  0x00d8ad    0x3e  LoRaMac.o [1]
  .far_func.text     ro code  0x00d8eb    0x3d  hex.o [1]
  .far_func.text     ro code  0x00d928    0x39  stm8l15x_clk.o [1]
  .far_func.text     ro code  0x00d961    0x38  hex.o [1]
  .far_func.text     ro code  0x00d999    0x36  stm8l15x_rtc.o [1]
  .far_func.text     ro code  0x00d9cf    0x36  sx1276-board.o [1]
  .far_func.text     ro code  0x00da05    0x34  utilities.o [1]
  .far_func.text     ro code  0x00da39    0x33  LoRaMac.o [1]
  .far_func.text     ro code  0x00da6c    0x33  LoRaMac.o [1]
  .far_func.text     ro code  0x00da9f    0x32  cmac.o [1]
  .far_func.text     ro code  0x00dad1    0x32  stm8l15x_flash.o [1]
  Initializer bytes  const    0x00db03    0x32  <for P2-1>
  .far_func.text     ro code  0x00db35    0x31  eeprom.o [1]
  .far_func.text     ro code  0x00db66    0x31  stm8l15x_spi.o [1]
  .near.rodata       const    0x00db97    0x30  sx1276.o [1]
  .far_func.text     ro code  0x00dbc7    0x2f  comport.o [1]
  .far_func.text     ro code  0x00dbf6    0x2f  stm8l15x_rtc.o [1]
  .far_func.text     ro code  0x00dc25    0x2e  sx1276-board.o [1]
  .far_func.text     ro code  0x00dc53    0x2d  LoRaMac.o [1]
  .far_func.text     ro code  0x00dc80    0x2d  utilities.o [1]
  .far_func.text     ro code  0x00dcad    0x2d  short.o [4]
  .far_func.text     ro code  0x00dcda    0x2c  LoRaMac.o [1]
  .far_func.text     ro code  0x00dd06    0x2c  dc_util.o [4]
  .far_func.text     ro code  0x00dd32    0x2b  frame.o [1]
  .far_func.text     ro code  0x00dd5d    0x2a  sx1276.o [1]
  .far_func.text     ro code  0x00dd87    0x29  main.o [1]
  .far_func.text     ro code  0x00ddb0    0x29  stm8l15x_it.o [1]
  .far_func.text     ro code  0x00ddd9    0x29  test_mode.o [1]
  .far_func.text     ro code  0x00de02    0x28  sx1276-board.o [1]
  .far_func.text     ro code  0x00de2a    0x28  init_small.o [4]
  .far_func.text     ro code  0x00de52    0x27  sx1276-board.o [1]
  .far_func.text     ro code  0x00de79    0x24  utilities.o [1]
  .far_func.text     ro code  0x00de9d    0x23  LoRaMacCrypto.o [1]
  .far_func.text     ro code  0x00dec0    0x23  stm8l15x_it.o [1]
  .far_func.text     ro code  0x00dee3    0x23  stm8l15x_it.o [1]
  .far_func.text     ro code  0x00df06    0x23  stm8l15x_it.o [1]
  .far_func.text     ro code  0x00df29    0x23  stm8l15x_rtc.o [1]
  .far_func.text     ro code  0x00df4c    0x23  stm8l15x_rtc.o [1]
  .far_func.text     ro code  0x00df6f    0x23  stm8l15x_usart.o [1]
  .far_func.text     ro code  0x00df92    0x23  timer.o [1]
  .near.rodata       const    0x00dfb5    0x23  modem.o [1]
  .far_func.text     ro code  0x00dfd8    0x22  stm8l15x_it.o [1]
  .far_func.text     ro code  0x00dffa    0x22  stm8l15x_it.o [1]
  .far_func.text     ro code  0x00e01c    0x22  stm8l15x_it.o [1]
  .far_func.text     ro code  0x00e03e    0x21  stm8l15x_it.o [1]
  .iar.init_table    const    0x00e05f    0x14  - Linker created -
  .far_func.text     ro code  0x00e073    0x20  memcpy.o [4]
  .far_func.text     ro code  0x00e093    0x1f  ring_buf.o [1]
  .far_func.text     ro code  0x00e0b2    0x1f  sx1276.o [1]
  .far_func.text     ro code  0x00e0d1    0x1e  stm8l15x_it.o [1]
  .far_func.text     ro code  0x00e0ef    0x1e  stm8l15x_it.o [1]
  .far_func.text     ro code  0x00e10d    0x1e  stm8l15x_it.o [1]
  .far_func.text     ro code  0x00e12b    0x1e  init.o [4]
  .far_func.text     ro code  0x00e149    0x1e  init_small.o [4]
  .far_func.text     ro code  0x00e167    0x1d  stm8l15x_it.o [1]
  .far_func.text     ro code  0x00e184    0x1d  stm8l15x_usart.o [1]
  .far_func.text     ro code  0x00e1a1    0x1c  modem.o [1]
  .far_func.text     ro code  0x00e1bd    0x1c  timer.o [1]
  .far_func.text     ro code  0x00e1d9    0x1c  utilities.o [1]
  .far_func.text     ro code  0x00e1f5    0x1a  aes.o [1]
  .far_func.text     ro code  0x00e20f    0x1a  hex.o [1]
  .far_func.text     ro code  0x00e229    0x1a  stm8l15x_tim4.o [1]
  .far_func.text     ro code  0x00e243    0x19  stm8l15x_flash.o [1]
  .far_func.text     ro code  0x00e25c    0x17  cfg_parm.o [1]
  .far_func.text     ro code  0x00e273    0x17  stm8l15x_exti.o [1]
  .far_func.text     ro code  0x00e28a    0x17  stm8l15x_spi.o [1]
  .far_func.text     ro code  0x00e2a1    0x17  cstartup.o [4]
  .far_func.text     ro code  0x00e2b8    0x16  ring_buf.o [1]
  .far_func.text     ro code  0x00e2ce    0x16  char.o [4]
  .far_func.text     ro code  0x00e2e4    0x16  memset.o [4]
  .far_func.text     ro code  0x00e2fa    0x16  __dbg_xxexit.o [3]
  .far_func.text     ro code  0x00e310    0x15  stm8l15x_gpio.o [1]
  .far_func.text     ro code  0x00e325    0x15  stm8l15x_rtc.o [1]
  .far_func.text     ro code  0x00e33a    0x14  LoRaMac.o [1]
  .far_func.text     ro code  0x00e34e    0x13  stm8l15x_gpio.o [1]
  .far_func.text     ro code  0x00e361    0x13  stm8l15x_spi.o [1]
  .far_func.text     ro code  0x00e374    0x13  sx1276-board.o [1]
  .far_func.text     ro code  0x00e387    0x12  sx1276-board.o [1]
  .far_func.text     ro code  0x00e399    0x11  hex.o [1]
  .far_func.text     ro code  0x00e3aa    0x11  stm8l15x_tim4.o [1]
  .near.rodata       const    0x00e3bb    0x11  hex.o [1]
  .far_func.text     ro code  0x00e3cc    0x10  stm8l15x_usart.o [1]
  .near.rodata       const    0x00e3dc    0x10  test_mode.o [1]
  .near.rodata       const    0x00e3ec     0xe  modem.o [1]
  .near.rodata       const    0x00e3fa     0xe  modem.o [1]
  .far_func.text     ro code  0x00e408     0xd  cmac.o [1]
  .far_func.text     ro code  0x00e415     0xd  stm8l15x_beep.o [1]
  .far_func.text     ro code  0x00e422     0xd  stm8l15x_beep.o [1]
  .far_func.text     ro code  0x00e42f     0xd  stm8l15x_clk.o [1]
  .far_func.text     ro code  0x00e43c     0xd  stm8l15x_clk.o [1]
  .far_func.text     ro code  0x00e449     0xd  stm8l15x_clk.o [1]
  .far_func.text     ro code  0x00e456     0xd  stm8l15x_pwr.o [1]
  .far_func.text     ro code  0x00e463     0xd  stm8l15x_tim4.o [1]
  .far_func.text     ro code  0x00e470     0xd  move.o [4]
  .far_func.text     ro code  0x00e47d     0xd  strlen.o [4]
  .far_func.text     ro code  0x00e48a     0xb  stm8l15x_flash.o [1]
  .far_func.text     ro code  0x00e495     0xb  system.o [1]
  .near.rodata       const    0x00e4a0     0xb  modem.o [1]
  .far_func.text     ro code  0x00e4ab     0xa  delay.o [1]
  .far_func.text     ro code  0x00e4b5     0xa  stm8l15x_clk.o [1]
  .far_func.text     ro code  0x00e4bf     0xa  stm8l15x_rtc.o [1]
  .far_func.text     ro code  0x00e4c9     0xa  far.o [4]
  .near.rodata       const    0x00e4d3     0xa  modem.o [1]
  .near.rodata       const    0x00e4dd     0x9  modem.o [1]
  .far_func.text     ro code  0x00e4e6     0x7  stm8l15x_gpio.o [1]
  .far_func.text     ro code  0x00e4ed     0x7  stm8l15x_gpio.o [1]
  .far_func.text     ro code  0x00e4f4     0x7  timer.o [1]
  .far_func.text     ro code  0x00e4fb     0x7  utilities.o [1]
  .far_func.text     ro code  0x00e502     0x6  system.o [1]
  .far_func.text     ro code  0x00e508     0x6  cexit.o [4]
  .near.rodata       const    0x00e50e     0x6  modem.o [1]
  .far_func.text     ro code  0x00e514     0x5  stm8l15x_iwdg.o [1]
  .far_func.text     ro code  0x00e519     0x5  stm8l15x_iwdg.o [1]
  .far_func.text     ro code  0x00e51e     0x5  stm8l15x_tim2.o [1]
  .far_func.text     ro code  0x00e523     0x5  stm8l15x_tim4.o [1]
  .far_func.text     ro code  0x00e528     0x5  stm8l15x_tim4.o [1]
  .far_func.text     ro code  0x00e52d     0x5  stm8l15x_usart.o [1]
  .near.rodata       const    0x00e532     0x5  stm8l15x_clk.o [1]
  .far_func.text     ro code  0x00e537     0x4  stm8l15x_clk.o [1]
  .far_func.text     ro code  0x00e53b     0x4  stm8l15x_clk.o [1]
  .far_func.text     ro code  0x00e53f     0x4  stm8l15x_clk.o [1]
  .far_func.text     ro code  0x00e543     0x4  stm8l15x_clk.o [1]
  .far_func.text     ro code  0x00e547     0x4  stm8l15x_flash.o [1]
  .far_func.text     ro code  0x00e54b     0x4  stm8l15x_gpio.o [1]
  .far_func.text     ro code  0x00e54f     0x4  stm8l15x_iwdg.o [1]
  .far_func.text     ro code  0x00e553     0x4  stm8l15x_iwdg.o [1]
  .far_func.text     ro code  0x00e557     0x4  stm8l15x_iwdg.o [1]
  .far_func.text     ro code  0x00e55b     0x4  stm8l15x_usart.o [1]
  .far_func.text     ro code  0x00e55f     0x4  interrupt.o [4]
  .far_func.text     ro code  0x00e563     0x4  exit.o [4]
  .near.rodata       const    0x00e567     0x4  modem.o [1]
  .far_func.text     ro code  0x00e56b     0x3  stm8l15x_usart.o [1]
  .far_func.text     ro code  0x00e56e     0x3  sx1276-board.o [1]
  .far_func.text     ro code  0x00e571     0x3  low_level_init.o [4]
  .far_func.text     ro code  0x00e574     0x3  unhandled_exception.o [4]
  .near.rodata       const    0x00e577     0x3  modem.o [1]
  .far_func.text     ro code  0x00e57a     0x1  board.o [1]
  .far_func.text     ro code  0x00e57b     0x1  stm8l15x_it.o [1]
  .far_func.text     ro code  0x00e57c     0x1  stm8l15x_it.o [1]
  .far_func.text     ro code  0x00e57d     0x1  stm8l15x_it.o [1]
  .far_func.text     ro code  0x00e57e     0x1  stm8l15x_it.o [1]
  .far_func.text     ro code  0x00e57f     0x1  stm8l15x_it.o [1]
  .far_func.text     ro code  0x00e580     0x1  stm8l15x_it.o [1]
  .far_func.text     ro code  0x00e581     0x1  stm8l15x_it.o [1]
  .far_func.text     ro code  0x00e582     0x1  stm8l15x_it.o [1]
  .far_func.text     ro code  0x00e583     0x1  stm8l15x_it.o [1]
  .far_func.text     ro code  0x00e584     0x1  stm8l15x_it.o [1]
  .far_func.text     ro code  0x00e585     0x1  stm8l15x_it.o [1]
  .far_func.text     ro code  0x00e586     0x1  stm8l15x_it.o [1]
  .far_func.text     ro code  0x00e587     0x1  stm8l15x_it.o [1]
  .far_func.text     ro code  0x00e588     0x1  stm8l15x_it.o [1]
  .far_func.text     ro code  0x00e589     0x1  stm8l15x_it.o [1]
  .far_func.text     ro code  0x00e58a     0x1  stm8l15x_it.o [1]
  .far_func.text     ro code  0x00e58b     0x1  stm8l15x_it.o [1]
  .far_func.text     ro code  0x00e58c     0x1  sx1276-board.o [1]
  .far_func.text     ro code  0x00e58d     0x1  __dbg_break.o [3]
                            - 0x00e58e  0x650e


*******************************************************************************
*** INIT TABLE
***

          Address   Size
          -------   ----
Zero (__iar_zero_init2)
    1 destination range, total size 0x67c:
          0x000042  0x67c

Copy (__iar_copy_init2)
    1 source range, total size 0x32:
          0x00db03   0x32
    1 destination range, total size 0x32:
          0x000010   0x32



*******************************************************************************
*** MODULE SUMMARY
***

    Module                 ro code  ro data  rw data
    ------                 -------  -------  -------
D:\stm8lora\src\stm8l15x-sx1278\STM8L15x-16x-05x-AL31-L_StdPeriph_Lib\Project\STM8L151G6U6_Sx1278\EWSTM8\STM8L15X_MD(STM8L15xx4_6)\Obj: [1]
    LoRaMac.o                3 128                42
    LoRaMacCrypto.o            984       32      582
    aes.o                    1 972      768
    board.o                    772               213
    cfg_parm.o               1 162               444
    cmac.o                   1 017
    comport.o                  427                11
    delay.o                     91
    eeprom.o                   167
    frame.o                    282                 9
    hex.o                      235      273
    main.o                      41
    modem.o                  1 593      116      423
    ring_buf.o                 208
    spi-board.o                139
    stm8l15x_beep.o             96
    stm8l15x_clk.o             352        5
    stm8l15x_exti.o            212
    stm8l15x_flash.o            90
    stm8l15x_gpio.o            164
    stm8l15x_it.o              623
    stm8l15x_itc.o             260
    stm8l15x_iwdg.o             22
    stm8l15x_pwr.o              13
    stm8l15x_rtc.o             495
    stm8l15x_spi.o              91
    stm8l15x_tim2.o              5
    stm8l15x_tim4.o             66
    stm8l15x_usart.o           332
    sx1276-board.o             572       81        1
    sx1276.o                 4 280       48      292
    system.o                    17                 1
    test_mode.o                850       80       25
    timer.o                  1 081        4       14
    utilities.o                168        4        4
    ------------------------------------------------
    Total:                  22 007    1 411    2 061

command line: [2]
    ------------------------------------------------
    Total:

dbgstm8mmd.a: [3]
    __dbg_break.o                1
    __dbg_xxexit.o              22
    ------------------------------------------------
    Total:                      23

dlstm8mmf.a: [4]
    cexit.o                      6
    char.o                      22
    cstartup.o                  23
    dc_util.o                   44
    exit.o                       4
    far.o                       10
    far_util.o                  70
    float.o                    819
    init.o                      30
    init_small.o                70
    interrupt.o                  4      128
    long.o                     457
    long_util.o                228
    low_level_init.o             3
    memcpy.o                    32
    memset.o                    22
    move.o                      13
    short.o                     45
    strlen.o                    13
    unhandled_exception.o        3
    vreg_util.o                491
    vregs.o                                       16
    ------------------------------------------------
    Total:                   2 409      128       16

    Linker created                       20      320
----------------------------------------------------
    Grand Total:            24 439    1 559    2 397


*******************************************************************************
*** ENTRY LIST
***

Entry                    Address   Size  Type      Object
-----                    -------   ----  ----      ------
.iar.init_table$$Base   0x00e05f          --   Gb  - Linker created -
.iar.init_table$$Limit  0x00e073          --   Gb  - Linker created -
?add32_l0_l0_0x         0x00ad93         Code  Gb  long.o [4]
?add32_l0_l0_l1         0x00ad90         Code  Gb  long.o [4]
?b0                     0x000000         Data  Gb  vregs.o [4]
?b1                     0x000001         Data  Gb  vregs.o [4]
?b10                    0x00000a         Data  Gb  vregs.o [4]
?b11                    0x00000b         Data  Gb  vregs.o [4]
?b12                    0x00000c         Data  Gb  vregs.o [4]
?b13                    0x00000d         Data  Gb  vregs.o [4]
?b14                    0x00000e         Data  Gb  vregs.o [4]
?b15                    0x00000f         Data  Gb  vregs.o [4]
?b2                     0x000002         Data  Gb  vregs.o [4]
?b3                     0x000003         Data  Gb  vregs.o [4]
?b4                     0x000004         Data  Gb  vregs.o [4]
?b5                     0x000005         Data  Gb  vregs.o [4]
?b6                     0x000006         Data  Gb  vregs.o [4]
?b7                     0x000007         Data  Gb  vregs.o [4]
?b8                     0x000008         Data  Gb  vregs.o [4]
?b9                     0x000009         Data  Gb  vregs.o [4]
?dc32_l1                0x00dd06         Code  Gb  dc_util.o [4]
?dec32_0x_0x            0x00ad7c         Code  Gb  long.o [4]
?dec32_l0_l0            0x00ad77         Code  Gb  long.o [4]
?e0                     0x000001         Data  Gb  vregs.o [4]
?e1                     0x000005         Data  Gb  vregs.o [4]
?e2                     0x000009         Data  Gb  vregs.o [4]
?e3                     0x00000d         Data  Gb  vregs.o [4]
?epilogue_l2            0x00aaa7         Code  Gb  vreg_util.o [4]
?epilogue_l2_l3         0x00aaa3         Code  Gb  vreg_util.o [4]
?epilogue_l2_w6         0x00aaac         Code  Gb  vreg_util.o [4]
?epilogue_w4            0x00aab5         Code  Gb  vreg_util.o [4]
?fcastf32u16_l0_x       0x009903         Code  Gb  float.o [4]
?fcastf32u32_l0_l0      0x0099a6         Code  Gb  float.o [4]
?fcasts16f32_x_l0       0x009921         Code  Gb  float.o [4]
?fcastu32f32_l0_l0      0x009956         Code  Gb  float.o [4]
?fdiv32_l0_l0_dc32      0x00984f         Code  Gb  float.o [4]
?fdiv32_l0_l0_l1        0x009855         Code  Gb  float.o [4]
?fmul32_l0_l0_dc32      0x0097ae         Code  Gb  float.o [4]
?fmul32_l0_l0_l1        0x0097b4         Code  Gb  float.o [4]
?inc32_0x_0x            0x00ad69         Code  Gb  long.o [4]
?inc32_l0_l0            0x00ad64         Code  Gb  long.o [4]
?l0                     0x000000         Data  Gb  vregs.o [4]
?l1                     0x000004         Data  Gb  vregs.o [4]
?l2                     0x000008         Data  Gb  vregs.o [4]
?l3                     0x00000c         Data  Gb  vregs.o [4]
?load24_0x_e0           0x00d75d         Code  Gb  far_util.o [4]
?load24_e0_0x           0x00d725         Code  Gb  far_util.o [4]
?load24_e1_0x           0x00d733         Code  Gb  far_util.o [4]
?load24_e2_0x           0x00d741         Code  Gb  far_util.o [4]
?load24_e3_0x           0x00d74f         Code  Gb  far_util.o [4]
?load32_0x_l0           0x00c4ab         Code  Gb  long_util.o [4]
?load32_0x_l1           0x00c4b9         Code  Gb  long_util.o [4]
?load32_0x_l2           0x00c4d1         Code  Gb  long_util.o [4]
?load32_0x_l3           0x00c4df         Code  Gb  long_util.o [4]
?load32_l0_0x           0x00c423         Code  Gb  long_util.o [4]
?load32_l0_asp          0x00c417         Code  Gb  long_util.o [4]
?load32_l0_dbsp         0x00c409         Code  Gb  long_util.o [4]
?load32_l0_xsp          0x00c419         Code  Gb  long_util.o [4]
?load32_l1_0x           0x00c449         Code  Gb  long_util.o [4]
?load32_l1_asp          0x00c43d         Code  Gb  long_util.o [4]
?load32_l1_dbsp         0x00c42f         Code  Gb  long_util.o [4]
?load32_l1_xsp          0x00c43f         Code  Gb  long_util.o [4]
?load32_l2_0x           0x00c46f         Code  Gb  long_util.o [4]
?load32_l2_asp          0x00c463         Code  Gb  long_util.o [4]
?load32_l2_dbsp         0x00c455         Code  Gb  long_util.o [4]
?load32_l2_xsp          0x00c465         Code  Gb  long_util.o [4]
?load32_l3_0x           0x00c495         Code  Gb  long_util.o [4]
?load32_l3_asp          0x00c489         Code  Gb  long_util.o [4]
?load32_l3_dbsp         0x00c47b         Code  Gb  long_util.o [4]
?load32_l3_xsp          0x00c48b         Code  Gb  long_util.o [4]
?load32_xsp_l0          0x00c4a1         Code  Gb  long_util.o [4]
?load32_xsp_l2          0x00c4c7         Code  Gb  long_util.o [4]
?mov_e0_e1              0x00ab0a         Code  Gb  vreg_util.o [4]
?mov_e0_e2              0x00ab17         Code  Gb  vreg_util.o [4]
?mov_e0_e3              0x00ab24         Code  Gb  vreg_util.o [4]
?mov_e1_e0              0x00ab31         Code  Gb  vreg_util.o [4]
?mov_e1_e2              0x00ab3e         Code  Gb  vreg_util.o [4]
?mov_e1_e3              0x00ab4b         Code  Gb  vreg_util.o [4]
?mov_e2_e0              0x00ab58         Code  Gb  vreg_util.o [4]
?mov_e2_e1              0x00ab65         Code  Gb  vreg_util.o [4]
?mov_e2_e3              0x00ab72         Code  Gb  vreg_util.o [4]
?mov_e3_e0              0x00ab7f         Code  Gb  vreg_util.o [4]
?mov_e3_e1              0x00ab8c         Code  Gb  vreg_util.o [4]
?mov_l0_l1              0x00ab07         Code  Gb  vreg_util.o [4]
?mov_l0_l2              0x00ab14         Code  Gb  vreg_util.o [4]
?mov_l0_l3              0x00ab21         Code  Gb  vreg_util.o [4]
?mov_l1_l0              0x00ab2e         Code  Gb  vreg_util.o [4]
?mov_l1_l2              0x00ab3b         Code  Gb  vreg_util.o [4]
?mov_l1_l3              0x00ab48         Code  Gb  vreg_util.o [4]
?mov_l2_l0              0x00ab55         Code  Gb  vreg_util.o [4]
?mov_l2_l1              0x00ab62         Code  Gb  vreg_util.o [4]
?mov_l2_l3              0x00ab6f         Code  Gb  vreg_util.o [4]
?mov_l3_l0              0x00ab7c         Code  Gb  vreg_util.o [4]
?mov_l3_l1              0x00ab89         Code  Gb  vreg_util.o [4]
?mov_w0_w3              0x00aaba         Code  Gb  vreg_util.o [4]
?mov_w0_w4              0x00aac1         Code  Gb  vreg_util.o [4]
?mov_w0_w5              0x00aac8         Code  Gb  vreg_util.o [4]
?mov_w1_w0              0x00aacf         Code  Gb  vreg_util.o [4]
?mov_w1_w3              0x00ab0d         Code  Gb  vreg_util.o [4]
?mov_w1_w5              0x00ab1a         Code  Gb  vreg_util.o [4]
?mov_w1_w6              0x00aad6         Code  Gb  vreg_util.o [4]
?mov_w1_w7              0x00ab27         Code  Gb  vreg_util.o [4]
?mov_w2_w1              0x00aadd         Code  Gb  vreg_util.o [4]
?mov_w3_w1              0x00ab34         Code  Gb  vreg_util.o [4]
?mov_w3_w5              0x00ab41         Code  Gb  vreg_util.o [4]
?mov_w3_w7              0x00ab4e         Code  Gb  vreg_util.o [4]
?mov_w4_w0              0x00aae4         Code  Gb  vreg_util.o [4]
?mov_w4_w1              0x00aaeb         Code  Gb  vreg_util.o [4]
?mov_w5_w0              0x00aaf2         Code  Gb  vreg_util.o [4]
?mov_w5_w1              0x00ab5b         Code  Gb  vreg_util.o [4]
?mov_w5_w3              0x00ab68         Code  Gb  vreg_util.o [4]
?mov_w5_w7              0x00ab75         Code  Gb  vreg_util.o [4]
?mov_w6_w2              0x00aaf9         Code  Gb  vreg_util.o [4]
?mov_w7_w0              0x00ab00         Code  Gb  vreg_util.o [4]
?mov_w7_w1              0x00ab82         Code  Gb  vreg_util.o [4]
?mov_w7_w3              0x00ab8f         Code  Gb  vreg_util.o [4]
?move1616_v_x_y_a       0x00e470         Code  Gb  move.o [4]
?mul16_x_x_w0           0x00dcad         Code  Gb  short.o [4]
?mul32_l0_l0_0x         0x00adc6         Code  Gb  long.o [4]
?mul32_l0_l0_l1         0x00adcf         Code  Gb  long.o [4]
?or32_l0_l0_0x          0x00aef9         Code  Gb  long.o [4]
?or32_l0_l0_l1          0x00aef6         Code  Gb  long.o [4]
?pop_e2                 0x00aa18         Code  Gb  vreg_util.o [4]
?pop_l0                 0x00aa6b         Code  Gb  vreg_util.o [4]
?pop_l1                 0x00aa76         Code  Gb  vreg_util.o [4]
?pop_l2                 0x00aa81         Code  Gb  vreg_util.o [4]
?pop_l3                 0x00aa8c         Code  Gb  vreg_util.o [4]
?pop_w4                 0x00a9db         Code  Gb  vreg_util.o [4]
?pop_w5                 0x00a9e2         Code  Gb  vreg_util.o [4]
?pop_w6                 0x00a9e9         Code  Gb  vreg_util.o [4]
?push_e2                0x00a9fc         Code  Gb  vreg_util.o [4]
?push_l0                0x00aa36         Code  Gb  vreg_util.o [4]
?push_l1                0x00aa3b         Code  Gb  vreg_util.o [4]
?push_l2                0x00aa40         Code  Gb  vreg_util.o [4]
?push_l3                0x00aa45         Code  Gb  vreg_util.o [4]
?push_w0                0x00a9ab         Code  Gb  vreg_util.o [4]
?push_w1                0x00a9b0         Code  Gb  vreg_util.o [4]
?push_w4                0x00a9b5         Code  Gb  vreg_util.o [4]
?push_w5                0x00a9ba         Code  Gb  vreg_util.o [4]
?push_w6                0x00a9bf         Code  Gb  vreg_util.o [4]
?scmp32_c_l0_l1         0x00aedf         Code  Gb  long.o [4]
?sext16_x_a             0x00dcd3         Code  Gb  short.o [4]
?sext32_l0_x            0x00af22         Code  Gb  long.o [4]
?sll16_x_x_a            0x00dccb         Code  Gb  short.o [4]
?sll32_0x_0x_a          0x00af14         Code  Gb  long.o [4]
?sll32_l0_l0_a          0x00af11         Code  Gb  long.o [4]
?sll8_a_a_5             0x00e2d9         Code  Gb  char.o [4]
?sll8_a_a_6             0x00e2d8         Code  Gb  char.o [4]
?sll8_a_a_b0            0x00e2ce         Code  Gb  char.o [4]
?srl8_a_a_5             0x00e2df         Code  Gb  char.o [4]
?srl8_a_a_6             0x00e2de         Code  Gb  char.o [4]
?sub32_l0_l0_0x         0x00adae         Code  Gb  long.o [4]
?sub32_l0_l0_l1         0x00adab         Code  Gb  long.o [4]
?ucmp24_c_0x_e0         0x00e4c9         Code  Gb  far.o [4]
?ucmp32_c_l0_0x         0x00aec4         Code  Gb  long.o [4]
?ucmp32_c_l0_l1         0x00aed4         Code  Gb  long.o [4]
?udiv32_l0_l0_dl        0x00ae53         Code  Gb  long.o [4]
?udiv32_l0_l0_l1        0x00ae57         Code  Gb  long.o [4]
?umod32_l1_l0_dl        0x00ae4d         Code  Gb  long.o [4]
?umod32_l1_l0_l1        0x00ae57         Code  Gb  long.o [4]
?w0                     0x000000         Data  Gb  vregs.o [4]
?w1                     0x000002         Data  Gb  vregs.o [4]
?w2                     0x000004         Data  Gb  vregs.o [4]
?w3                     0x000006         Data  Gb  vregs.o [4]
?w4                     0x000008         Data  Gb  vregs.o [4]
?w5                     0x00000a         Data  Gb  vregs.o [4]
?w6                     0x00000c         Data  Gb  vregs.o [4]
?w7                     0x00000e         Data  Gb  vregs.o [4]
ADC1_COMP_IRQHandler    0x00e584    0x1  Code  Gb  stm8l15x_it.o [1]
AES_CMAC_Final          0x00a57f  0x21d  Code  Gb  cmac.o [1]
AES_CMAC_Init           0x00da9f   0x32  Code  Gb  cmac.o [1]
AES_CMAC_SetKey         0x00e408    0xd  Code  Gb  cmac.o [1]
AES_CMAC_Update         0x00b28f  0x19d  Code  Gb  cmac.o [1]
AesCmacCtx              0x0001df  0x115  Data  Lc  LoRaMacCrypto.o [1]
AesContext              0x0002f4   0xf1  Data  Lc  LoRaMacCrypto.o [1]
BEEP_Cmd                0x00e415    0xd  Code  Gb  stm8l15x_beep.o [1]
BEEP_LSClockToTIMConnectCmd
                        0x00e422    0xd  Code  Gb  stm8l15x_beep.o [1]
BEEP_LSICalibrationConfig
                        0x00d6df   0x46  Code  Gb  stm8l15x_beep.o [1]
BoardDisableIrq         0x00e502    0x6  Code  Gb  system.o [1]
BoardEnableIrq          0x00e495    0xb  Code  Gb  system.o [1]
BoardInitMcu            0x009c95  0x14f  Code  Gb  board.o [1]
CLK_BEEPClockConfig     0x00e543    0x4  Code  Gb  stm8l15x_clk.o [1]
CLK_GetClockFreq        0x00d928   0x39  Code  Gb  stm8l15x_clk.o [1]
CLK_GetFlagStatus       0x00cf4f   0x81  Code  Gb  stm8l15x_clk.o [1]
CLK_GetSYSCLKSource     0x00e53b    0x4  Code  Gb  stm8l15x_clk.o [1]
CLK_HSICmd              0x00e42f    0xd  Code  Gb  stm8l15x_clk.o [1]
CLK_LSICmd              0x00e43c    0xd  Code  Gb  stm8l15x_clk.o [1]
CLK_PeripheralClockConfig
                        0x00d360   0x65  Code  Gb  stm8l15x_clk.o [1]
CLK_RTCClockConfig      0x00e4b5    0xa  Code  Gb  stm8l15x_clk.o [1]
CLK_SYSCLKDivConfig     0x00e53f    0x4  Code  Gb  stm8l15x_clk.o [1]
CLK_SYSCLKSourceConfig  0x00e537    0x4  Code  Gb  stm8l15x_clk.o [1]
CLK_SYSCLKSourceSwitchCmd
                        0x00e449    0xd  Code  Gb  stm8l15x_clk.o [1]
CSTACK$$Base            0x0006c0          --   Gb  - Linker created -
CSTACK$$Limit           0x000800          --   Gb  - Linker created -
ClearWWDG               0x009ae1    0x4  Code  Gb  board.o [1]
ComportInit             0x00b42c  0x17c  Code  Gb  comport.o [1]
DMA1_CHANNEL0_1_IRQHandler
                        0x00e57d    0x1  Code  Gb  stm8l15x_it.o [1]
DMA1_CHANNEL2_3_IRQHandler
                        0x00e57e    0x1  Code  Gb  stm8l15x_it.o [1]
DelayMs                 0x00e4ab    0xa  Code  Gb  delay.o [1]
EXTI0_IRQHandler        0x00dfd8   0x22  Code  Gb  stm8l15x_it.o [1]
EXTI1_IRQHandler        0x00dec0   0x23  Code  Gb  stm8l15x_it.o [1]
EXTI2_IRQHandler        0x00c86b   0xce  Code  Gb  stm8l15x_it.o [1]
EXTI3_IRQHandler        0x00e0d1   0x1e  Code  Gb  stm8l15x_it.o [1]
EXTI4_IRQHandler        0x00dee3   0x23  Code  Gb  stm8l15x_it.o [1]
EXTI5_IRQHandler        0x00df06   0x23  Code  Gb  stm8l15x_it.o [1]
EXTI6_IRQHandler        0x00e0ef   0x1e  Code  Gb  stm8l15x_it.o [1]
EXTI7_IRQHandler        0x00e10d   0x1e  Code  Gb  stm8l15x_it.o [1]
EXTIB_G_IRQHandler      0x00e580    0x1  Code  Gb  stm8l15x_it.o [1]
EXTID_H_IRQHandler      0x00e581    0x1  Code  Gb  stm8l15x_it.o [1]
EXTIE_F_PVD_IRQHandler  0x00e57f    0x1  Code  Gb  stm8l15x_it.o [1]
EXTI_ClearITPendingBit  0x00e273   0x17  Code  Gb  stm8l15x_exti.o [1]
EXTI_SetPinSensitivity  0x00c939   0xbd  Code  Gb  stm8l15x_exti.o [1]
FLASH_IRQHandler        0x00e57c    0x1  Code  Gb  stm8l15x_it.o [1]
FLASH_Lock              0x00e48a    0xb  Code  Gb  stm8l15x_flash.o [1]
FLASH_ProgramByte       0x00e547    0x4  Code  Gb  stm8l15x_flash.o [1]
FLASH_Unlock            0x00e243   0x19  Code  Gb  stm8l15x_flash.o [1]
FLASH_WaitForLastOperation
                        0x00dad1   0x32  Code  Gb  stm8l15x_flash.o [1]
GPIO_DeInit             0x00e34e   0x13  Code  Gb  stm8l15x_gpio.o [1]
GPIO_ExternalPullUpConfig
                        0x00e310   0x15  Code  Gb  stm8l15x_gpio.o [1]
GPIO_Init               0x00d28e   0x6a  Code  Gb  stm8l15x_gpio.o [1]
GPIO_ReadInputDataBit   0x00e4ed    0x7  Code  Gb  stm8l15x_gpio.o [1]
GPIO_ResetBits          0x00e54b    0x4  Code  Gb  stm8l15x_gpio.o [1]
GPIO_SetBits            0x00e4e6    0x7  Code  Gb  stm8l15x_gpio.o [1]
GetRunModePin           0x009bf2   0x69  Code  Gb  board.o [1]
GlobalChannel           0x0006b5    0x1  Data  Gb  LoRaMac.o [1]
GlobalDR                0x0006b6    0x1  Data  Gb  LoRaMac.o [1]
I2C1_SPI2_IRQHandler    0x00e58b    0x1  Code  Gb  stm8l15x_it.o [1]
INTVEC$$Base            0x008000          --   Gb  - Linker created -
INTVEC$$Limit           0x008080          --   Gb  - Linker created -
ITC_SetSoftwarePriority
                        0x00ba55  0x104  Code  Gb  stm8l15x_itc.o [1]
IWDG_Enable             0x00e519    0x5  Code  Gb  stm8l15x_iwdg.o [1]
IWDG_Init               0x009c5b   0x3a  Code  Gb  board.o [1]
IWDG_ReloadCounter      0x00e514    0x5  Code  Gb  stm8l15x_iwdg.o [1]
IWDG_SetPrescaler       0x00e553    0x4  Code  Gb  stm8l15x_iwdg.o [1]
IWDG_SetReload          0x00e557    0x4  Code  Gb  stm8l15x_iwdg.o [1]
IWDG_WriteAccessCmd     0x00e54f    0x4  Code  Gb  stm8l15x_iwdg.o [1]
InitRunModePin          0x009bb9   0x39  Code  Gb  board.o [1]
IrqNestLevel            0x0006bd    0x1  Data  Lc  system.o [1]
LCD_AES_IRQHandler      0x00e582    0x1  Code  Gb  stm8l15x_it.o [1]
LoRaMacComputeMic       0x00c234   0xee  Code  Gb  LoRaMacCrypto.o [1]
LoRaMacDevEuiInFlash    0x001157    0x8  Data  Gb  cfg_parm.o [1]
LoRaMacDevNonce         0x0006a2    0x2  Data  Lc  LoRaMac.o [1]
LoRaMacDevNonceCopy     0x0006a4    0x2  Data  Lc  LoRaMac.o [1]
LoRaMacInitialization   0x00c792   0xd9  Code  Gb  LoRaMac.o [1]
LoRaMacJoinComputeMic   0x00caaf   0xa6  Code  Gb  LoRaMacCrypto.o [1]
LoRaMacJoinComputeSKeys
                        0x00c9f6   0xb9  Code  Gb  LoRaMacCrypto.o [1]
LoRaMacJoinDecrypt      0x00d3c5   0x5b  Code  Gb  LoRaMacCrypto.o [1]
LoRaMacOnRadioCadDone   0x00dc53   0x2d  Code  Gb  LoRaMac.o [1]
LoRaMacOnRadioRxDone    0x00e33a   0x14  Code  Lc  LoRaMac.o [1]
LoRaMacOnRadioRxDoneInLoop
                        0x009314  0x49a  Code  Lc  LoRaMac.o [1]
LoRaMacOnRadioRxError   0x00da6c   0x33  Code  Lc  LoRaMac.o [1]
LoRaMacOnRadioRxTimeout
                        0x00d8ad   0x3e  Code  Lc  LoRaMac.o [1]
LoRaMacOnRadioTxDone    0x00dcda   0x2c  Code  Lc  LoRaMac.o [1]
LoRaMacOnRadioTxDoneInLoop
                        0x00da39   0x33  Code  Lc  LoRaMac.o [1]
LoRaMacOnRadioTxTimeout
                        0x00d86f   0x3e  Code  Lc  LoRaMac.o [1]
LoRaMacPayloadDecrypt   0x00de9d   0x23  Code  Gb  LoRaMacCrypto.o [1]
LoRaMacPayloadEncrypt   0x00b948  0x10d  Code  Gb  LoRaMacCrypto.o [1]
LoRaMacRadioEvents      0x00060f   0x15  Data  Lc  LoRaMac.o [1]
LoRaMacStateCheck       0x00af2d  0x1b4  Code  Gb  LoRaMac.o [1]
MODEM                   0x000042  0x19d  Data  Lc  modem.o [1]
Mic                     0x000639   0x10  Data  Lc  LoRaMacCrypto.o [1]
MicBlockB0              0x000010   0x10  Data  Lc  LoRaMacCrypto.o [1]
PWR_UltraLowPowerCmd    0x00e456    0xd  Code  Gb  stm8l15x_pwr.o [1]
RTC_CSSLSE_IRQHandler   0x00ddb0   0x29  Code  Gb  stm8l15x_it.o [1]
RTC_ClearITPendingBit   0x00e4bf    0xa  Code  Gb  stm8l15x_rtc.o [1]
RTC_Config              0x009ae5   0x85  Code  Gb  board.o [1]
RTC_DeInit              0x00c4ed   0xe2  Code  Gb  stm8l15x_rtc.o [1]
RTC_EnterInitMode       0x00df29   0x23  Code  Gb  stm8l15x_rtc.o [1]
RTC_ITConfig            0x00d76b   0x43  Code  Gb  stm8l15x_rtc.o [1]
RTC_SetWakeUpCounter    0x00e325   0x15  Code  Gb  stm8l15x_rtc.o [1]
RTC_WaitForSynchro      0x00dbf6   0x2f  Code  Gb  stm8l15x_rtc.o [1]
RTC_WakeUpClockConfig   0x00df4c   0x23  Code  Gb  stm8l15x_rtc.o [1]
RTC_WakeUpCmd           0x00d999   0x36  Code  Gb  stm8l15x_rtc.o [1]
Radio                   0x00d51f   0x51  Data  Gb  sx1276-board.o [1]
RadioEvents             0x0006ac    0x2  Data  Lc  sx1276.o [1]
RadioIsActive           0x0006bc    0x1  Data  Lc  sx1276-board.o [1]
RadioRegsInit           0x00db97   0x30  Data  Gb  sx1276.o [1]
RadioSetParma           0x00d1ae   0x72  Code  Lc  LoRaMac.o [1]
RadioSetRx              0x00cdbb   0x8a  Code  Gb  LoRaMac.o [1]
RadioSetTx              0x00cd2a   0x91  Code  Gb  LoRaMac.o [1]
RadioTxBuffer           0x0003e5   0xd5  Data  Gb  board.o [1]
Region$$Table$$Base     0x00e05f          --   Gb  - Linker created -
Region$$Table$$Limit    0x00e073          --   Gb  - Linker created -
RxChainCalibration      0x008233   0xd3  Code  Lc  sx1276.o [1]
RxDataLen               0x0006b8    0x1  Data  Gb  LoRaMac.o [1]
RxDoneFlag              0x0006ba    0x1  Data  Lc  LoRaMac.o [1]
RxDonepayload           0x0006a6    0x2  Data  Lc  LoRaMac.o [1]
RxDonerssi              0x0006aa    0x2  Data  Lc  LoRaMac.o [1]
RxDonesize              0x0006a8    0x2  Data  Lc  LoRaMac.o [1]
RxDonesnr               0x0006b9    0x1  Data  Lc  LoRaMac.o [1]
RxTimeoutSyncWord       0x000675    0xe  Data  Gb  sx1276.o [1]
RxTimeoutTimer          0x000667    0xe  Data  Gb  sx1276.o [1]
RxTxBuffer              0x0004ba   0xd5  Data  Lc  sx1276.o [1]
RxfCtrl                 0x0006b7    0x1  Data  Gb  LoRaMac.o [1]
SPI1_IRQHandler         0x00e58a    0x1  Code  Gb  stm8l15x_it.o [1]
SPI_Cmd                 0x00e28a    0xd  Code  Gb  stm8l15x_spi.o [1]
SPI_GetFlagStatus       0x00e361   0x13  Code  Gb  stm8l15x_spi.o [1]
SPI_Init                0x00db66   0x31  Code  Gb  stm8l15x_spi.o [1]
SPI_ReceiveData         0x00e29c    0x5  Code  Gb  stm8l15x_spi.o [1]
SPI_SendData            0x00e297    0x5  Code  Gb  stm8l15x_spi.o [1]
SWITCH_CSS_BREAK_DAC_IRQHandler
                        0x00e583    0x1  Code  Gb  stm8l15x_it.o [1]
SX1276                  0x0005ec   0x23  Data  Gb  sx1276.o [1]
SX1276AntSwDeInit       0x00e387   0x12  Code  Gb  sx1276-board.o [1]
SX1276AntSwInit         0x00d9cf   0x12  Code  Gb  sx1276-board.o [1]
SX1276CheckRfFrequency  0x00e56e    0x3  Code  Gb  sx1276-board.o [1]
SX1276GetPaSelect       0x00e374   0x13  Code  Lc  sx1276-board.o [1]
SX1276GetStatus         0x008398    0x4  Code  Gb  sx1276.o [1]
SX1276Init              0x008306   0x92  Code  Gb  sx1276.o [1]
SX1276IoInit            0x00de52   0x27  Code  Gb  sx1276-board.o [1]
SX1276IoIrqInit         0x00cfd0   0x7e  Code  Gb  sx1276-board.o [1]
SX1276IsChannelFree     0x00839c   0x6d  Code  Gb  sx1276.o [1]
SX1276OnDio0Irq         0x00ab96  0x1ce  Code  Gb  sx1276.o [1]
SX1276OnDio1Irq         0x00d650   0x49  Code  Gb  sx1276.o [1]
SX1276OnDio2Irq         0x00cc94   0x96  Code  Gb  sx1276.o [1]
SX1276OnDio3Irq         0x00d04e   0x77  Code  Gb  sx1276.o [1]
SX1276OnTimeoutIrq      0x00ce45   0x88  Code  Gb  sx1276.o [1]
SX1276Random            0x008409   0x6c  Code  Gb  sx1276.o [1]
SX1276Read              0x008128   0x11  Code  Gb  sx1276.o [1]
SX1276ReadBuffer        0x0080d8   0x50  Code  Gb  sx1276.o [1]
SX1276ReadFifo          0x008d3c    0x7  Code  Gb  sx1276.o [1]
SX1276ReadRssi          0x008cf4   0x48  Code  Gb  sx1276.o [1]
SX1276Reset             0x00dc25   0x2e  Code  Gb  sx1276-board.o [1]
SX1276Send              0x00891f   0xa0  Code  Gb  sx1276.o [1]
SX1276SetAntSw          0x00de02   0x28  Code  Gb  sx1276-board.o [1]
SX1276SetAntSwLowPower  0x00d9e1   0x24  Code  Gb  sx1276-board.o [1]
SX1276SetBoardTcxo      0x00e58c    0x1  Code  Lc  sx1276-board.o [1]
SX1276SetChannel        0x0081f5   0x3e  Code  Gb  sx1276.o [1]
SX1276SetMaxPayloadLength
                        0x00e0b2   0x1f  Code  Gb  sx1276.o [1]
SX1276SetModem          0x00817f   0x76  Code  Gb  sx1276.o [1]
SX1276SetOpMode         0x008139   0x2e  Code  Gb  sx1276.o [1]
SX1276SetPublicNetwork  0x00dd5d   0x2a  Code  Gb  sx1276.o [1]
SX1276SetRfTxPower      0x00c5cf   0xe2  Code  Gb  sx1276-board.o [1]
SX1276SetRx             0x0089bf  0x26d  Code  Gb  sx1276.o [1]
SX1276SetRxConfig       0x008475  0x249  Code  Gb  sx1276.o [1]
SX1276SetSleep          0x008167   0x18  Code  Gb  sx1276.o [1]
SX1276SetStby           0x008906   0x19  Code  Gb  sx1276.o [1]
SX1276SetTx             0x0088a4   0x5b  Code  Gb  sx1276.o [1]
SX1276SetTxConfig       0x0086be  0x1e6  Code  Gb  sx1276.o [1]
SX1276SetTxContinuousWave
                        0x008c56   0x9e  Code  Gb  sx1276.o [1]
SX1276StartCad          0x008c2c   0x2a  Code  Gb  sx1276.o [1]
SX1276Write             0x0080ca    0xe  Code  Gb  sx1276.o [1]
SX1276WriteBuffer       0x008080   0x4a  Code  Gb  sx1276.o [1]
SX1276WriteFifo         0x0088ff    0x7  Code  Gb  sx1276.o [1]
SYSDivFactor            0x00e532    0x5  Data  Gb  stm8l15x_clk.o [1]
SendFrameOnChannel      0x00b5a8  0x154  Code  Gb  LoRaMac.o [1]
SendJoinRequest         0x00c6b1   0xe1  Code  Gb  LoRaMac.o [1]
SpiInOut                0x00d7ae   0x42  Code  Gb  spi-board.o [1]
SpiInit                 0x00d607   0x49  Code  Gb  spi-board.o [1]
SysTick_Handler         0x00a1bf   0x2b  Code  Gb  timer.o [1]
TIM1_CC_IRQHandler      0x00e589    0x1  Code  Gb  stm8l15x_it.o [1]
TIM1_UPD_OVF_TRG_COM_IRQHandler
                        0x00e588    0x1  Code  Gb  stm8l15x_it.o [1]
TIM2_CC_USART2_RX_IRQHandler
                        0x00e585    0x1  Code  Gb  stm8l15x_it.o [1]
TIM2_ClearITPendingBit  0x00e51e    0x5  Code  Gb  stm8l15x_tim2.o [1]
TIM2_UPD_OVF_TRG_BRK_USART2_TX_IRQHandler
                        0x00e167   0x1d  Code  Gb  stm8l15x_it.o [1]
TIM3_CC_USART3_RX_IRQHandler
                        0x00e587    0x1  Code  Gb  stm8l15x_it.o [1]
TIM3_UPD_OVF_TRG_BRK_USART3_TX_IRQHandler
                        0x00e586    0x1  Code  Gb  stm8l15x_it.o [1]
TIM4_ClearFlag          0x00e523    0x5  Code  Gb  stm8l15x_tim4.o [1]
TIM4_ClearITPendingBit  0x00e528    0x5  Code  Gb  stm8l15x_tim4.o [1]
TIM4_Cmd                0x00e463    0xd  Code  Gb  stm8l15x_tim4.o [1]
TIM4_Config             0x009b6a   0x4f  Code  Gb  board.o [1]
TIM4_ITConfig           0x00e229   0x1a  Code  Gb  stm8l15x_tim4.o [1]
TIM4_TimeBaseInit       0x00e3aa   0x11  Code  Gb  stm8l15x_tim4.o [1]
TIM4_UPD_OVF_TRG_IRQHandler
                        0x00e03e   0x21  Code  Gb  stm8l15x_it.o [1]
TRAP_IRQHandler         0x00e57b    0x1  Code  Gb  stm8l15x_it.o [1]
TestGetRunModePin       0x00d420   0x59  Code  Gb  test_mode.o [1]
TestModeOnRadioTxTimeout
                        0x00ddd9   0x29  Code  Gb  test_mode.o [1]
TestModeRadioEvents     0x000624   0x15  Data  Lc  test_mode.o [1]
TestRssi                0x0006ae    0x2  Data  Lc  test_mode.o [1]
TestSnr                 0x0006b0    0x2  Data  Lc  test_mode.o [1]
TimerExists             0x00e1bd   0x1c  Code  Lc  timer.o [1]
TimerGetCurrentTime     0x00e4f4    0x7  Code  Gb  timer.o [1]
TimerGetElapsedTime     0x00a0ca   0x3c  Code  Gb  timer.o [1]
TimerGetValue           0x00a106    0xb  Code  Gb  timer.o [1]
TimerInit               0x00a1ea   0x33  Code  Gb  timer.o [1]
TimerInsertNewHeadTimer
                        0x00a2f0   0x36  Code  Lc  timer.o [1]
TimerInsertTimer        0x00a21d   0xd3  Code  Lc  timer.o [1]
TimerIrqHandler         0x00a111   0xae  Code  Gb  timer.o [1]
TimerListHead           0x0006b2    0x2  Data  Lc  timer.o [1]
TimerSetTimeout         0x00a0b4   0x16  Code  Lc  timer.o [1]
TimerSetValue           0x00df92   0x23  Code  Gb  timer.o [1]
TimerStart              0x00cbfa   0x9a  Code  Gb  timer.o [1]
TimerStop               0x00c322   0xe7  Code  Gb  timer.o [1]
TxDoneFlag              0x0006bb    0x1  Data  Lc  LoRaMac.o [1]
TxDoneTimerTick         0x000696    0x4  Data  Gb  LoRaMac.o [1]
TxTimeoutTimer          0x000659    0xe  Data  Gb  sx1276.o [1]
USART1_RX_TIM5_CC_IRQHandler
                        0x00e01c   0x22  Code  Gb  stm8l15x_it.o [1]
USART1_TX_TIM5_UPD_OVF_TRG_BRK_IRQHandler
                        0x00dffa   0x22  Code  Gb  stm8l15x_it.o [1]
USART_ClearFlag         0x00e55b    0x4  Code  Gb  stm8l15x_usart.o [1]
USART_ClearITPendingBit
                        0x00e52d    0x5  Code  Gb  stm8l15x_usart.o [1]
USART_Cmd               0x00e3cc   0x10  Code  Gb  stm8l15x_usart.o [1]
USART_DeInit            0x00df6f   0x23  Code  Gb  stm8l15x_usart.o [1]
USART_GetFlagStatus     0x00e184   0x1d  Code  Gb  stm8l15x_usart.o [1]
USART_ITConfig          0x00d220   0x6e  Code  Gb  stm8l15x_usart.o [1]
USART_Init              0x00cecd   0x82  Code  Gb  stm8l15x_usart.o [1]
USART_SendData8         0x00e56b    0x3  Code  Gb  stm8l15x_usart.o [1]
WWDG_Config             0x00e57a    0x1  Code  Lc  board.o [1]
__DebugBreak            0x00e58d    0x1  Code  Gb  __dbg_break.o [3]
__eeprom_write_32       0x00d0c5   0x76  Code  Gb  eeprom.o [1]
__eeprom_write_8        0x00db35   0x31  Code  Gb  eeprom.o [1]
__exit                  0x00e2fa   0x16  Code  Gb  __dbg_xxexit.o [3]
__iar_copy_init2        0x00de2a         Code  Gb  init_small.o [4]
__iar_data_init2        0x00e12b   0x1e  Code  Gb  init.o [4]
__iar_program_start     0x00e2a1         Code  Gb  cstartup.o [4]
__iar_unhandled_exception
                        0x00e574         Code  Gb  unhandled_exception.o [4]
__iar_zero_init2        0x00e149         Code  Gb  init_small.o [4]
__intvec                0x008000         Data  Gb  interrupt.o [4]
__low_level_init        0x00e571    0x3  Code  Gb  low_level_init.o [4]
_exit                   0x00e508         Code  Gb  cexit.o [4]
_interrupt_1            0x00e57b         Code  Gb  stm8l15x_it.o [1]
_interrupt_10           0x00dfd8         Code  Gb  stm8l15x_it.o [1]
_interrupt_11           0x00dec0         Code  Gb  stm8l15x_it.o [1]
_interrupt_12           0x00c86b         Code  Gb  stm8l15x_it.o [1]
_interrupt_13           0x00e0d1         Code  Gb  stm8l15x_it.o [1]
_interrupt_14           0x00dee3         Code  Gb  stm8l15x_it.o [1]
_interrupt_15           0x00df06         Code  Gb  stm8l15x_it.o [1]
_interrupt_16           0x00e0ef         Code  Gb  stm8l15x_it.o [1]
_interrupt_17           0x00e10d         Code  Gb  stm8l15x_it.o [1]
_interrupt_18           0x00e582         Code  Gb  stm8l15x_it.o [1]
_interrupt_19           0x00e583         Code  Gb  stm8l15x_it.o [1]
_interrupt_20           0x00e584         Code  Gb  stm8l15x_it.o [1]
_interrupt_21           0x00e167         Code  Gb  stm8l15x_it.o [1]
_interrupt_22           0x00e585         Code  Gb  stm8l15x_it.o [1]
_interrupt_23           0x00e586         Code  Gb  stm8l15x_it.o [1]
_interrupt_24           0x00e587         Code  Gb  stm8l15x_it.o [1]
_interrupt_25           0x00e588         Code  Gb  stm8l15x_it.o [1]
_interrupt_26           0x00e589         Code  Gb  stm8l15x_it.o [1]
_interrupt_27           0x00e03e         Code  Gb  stm8l15x_it.o [1]
_interrupt_28           0x00e58a         Code  Gb  stm8l15x_it.o [1]
_interrupt_29           0x00dffa         Code  Gb  stm8l15x_it.o [1]
_interrupt_3            0x00e57c         Code  Gb  stm8l15x_it.o [1]
_interrupt_30           0x00e01c         Code  Gb  stm8l15x_it.o [1]
_interrupt_31           0x00e58b         Code  Gb  stm8l15x_it.o [1]
_interrupt_4            0x00e57d         Code  Gb  stm8l15x_it.o [1]
_interrupt_5            0x00e57e         Code  Gb  stm8l15x_it.o [1]
_interrupt_6            0x00ddb0         Code  Gb  stm8l15x_it.o [1]
_interrupt_7            0x00e57f         Code  Gb  stm8l15x_it.o [1]
_interrupt_8            0x00e580         Code  Gb  stm8l15x_it.o [1]
_interrupt_9            0x00e581         Code  Gb  stm8l15x_it.o [1]
aBlock                  0x000020   0x10  Data  Lc  LoRaMacCrypto.o [1]
aLarmTimerTime          0x00003a    0x4  Data  Gb  timer.o [1]
add_round_key           0x00a9a7    0x4  Code  Lc  aes.o [1]
aes_encrypt             0x00d13b   0x73  Code  Gb  aes.o [1]
aes_set_key             0x00b828  0x120  Code  Gb  aes.o [1]
cfg_parm_dump_to_ram    0x00c053   0xf2  Code  Gb  cfg_parm.o [1]
cfg_parm_factory_reset  0x00b0e1  0x1ae  Code  Gb  cfg_parm.o [1]
cfg_parm_get_uart_baud  0x00d2f8   0x68  Code  Gb  cfg_parm.o [1]
cfg_parm_get_uart_parity
                        0x00e25c   0x17  Code  Gb  cfg_parm.o [1]
cfg_parm_get_wakeup_time
                        0x00d830   0x3f  Code  Gb  cfg_parm.o [1]
cfg_parm_restore        0x00b6fc  0x12c  Code  Gb  cfg_parm.o [1]
copy_and_key            0x00a8a8   0xff  Code  Lc  aes.o [1]
copy_block              0x00cb55   0xa5  Code  Lc  aes.o [1]
copy_block_nn           0x00e1f5   0x1a  Code  Lc  aes.o [1]
cpystr                  0x00e20f   0x1a  Code  Gb  hex.o [1]
delay_10us              0x00d4ce   0x51  Code  Gb  delay.o [1]
evnames                 0x000030    0xa  Data  Lc  modem.o [1]
exit                    0x00e563    0x4  Code  Gb  exit.o [4]
factorystring           0x001000   0xfa  Data  Gb  cfg_parm.o [1]
frame_init              0x00dd32   0x2b  Code  Gb  frame.o [1]
frame_rx                0x00c145   0xef  Code  Gb  frame.o [1]
gethex                  0x00d5bc   0x4b  Code  Gb  hex.o [1]
gfm2_sbox               0x00bc59  0x100  Data  Lc  aes.o [1]
gfm3_sbox               0x00bd59  0x100  Data  Lc  aes.o [1]
hexval                  0x00be59  0x100  Data  Lc  hex.o [1]
main                    0x00dd87   0x29  Code  Gb  main.o [1]
memcpy                  0x00e073   0x20  Code  Gb  memcpy.o [4]
memcpy1                 0x00de79   0x24  Code  Gb  utilities.o [1]
memcpyr                 0x00dc80   0x2d  Code  Gb  utilities.o [1]
memset                  0x00e2e4   0x16  Code  Gb  memset.o [4]
memset1                 0x00e1d9   0x1c  Code  Gb  utilities.o [1]
mix_sub_columns         0x00a326  0x259  Code  Lc  aes.o [1]
modem_init              0x00e1a1   0x1c  Code  Gb  modem.o [1]
modem_rxdone            0x008d43  0x5d1  Code  Gb  modem.o [1]
modem_rxdone_flag       0x0006b4    0x1  Data  Gb  frame.o [1]
next                    0x00003e    0x4  Data  Lc  utilities.o [1]
onEvent                 0x00d570   0x4c  Code  Gb  modem.o [1]
putchar                 0x00dbc7   0x2f  Code  Gb  comport.o [1]
puthex                  0x00d961   0x38  Code  Gb  hex.o [1]
rand1                   0x00da05   0x34  Code  Gb  utilities.o [1]
reverse                 0x00d8eb   0x3d  Code  Gb  hex.o [1]
ring_buffer_dequeue     0x00e093   0x1f  Code  Gb  ring_buf.o [1]
ring_buffer_init        0x00e2b8   0x16  Code  Gb  ring_buf.o [1]
ringbuf_get             0x00d699   0x46  Code  Gb  ring_buf.o [1]
ringbuf_put             0x00d479   0x55  Code  Gb  ring_buf.o [1]
rxframe                 0x00068e    0x8  Data  Gb  frame.o [1]
sBlock                  0x000649   0x10  Data  Lc  LoRaMacCrypto.o [1]
sTartAlarmTimerTime     0x00069e    0x4  Data  Gb  timer.o [1]
sbox                    0x00bb59  0x100  Data  Lc  aes.o [1]
shift_sub_rows          0x00bf59   0xfa  Code  Lc  aes.o [1]
srand1                  0x00e4fb    0x7  Code  Gb  utilities.o [1]
stNvCfgParm             0x0010fa   0x5d  Data  Gb  cfg_parm.o [1]
stTmpCfgParm            0x00058f   0x5d  Data  Gb  cfg_parm.o [1]
strlen                  0x00e47d    0xd  Code  Gb  strlen.o [4]
systick                 0x00069a    0x4  Data  Gb  timer.o [1]
test_mode_routin        0x009de4  0x2d0  Code  Gb  test_mode.o [1]
tolower                 0x00e399   0x11  Code  Gb  hex.o [1]
uart_rx_ring_buf        0x000683    0xb  Data  Gb  comport.o [1]
xor_block               0x00a79c  0x10c  Code  Lc  aes.o [1]


[1] = D:\stm8lora\src\stm8l15x-sx1278\STM8L15x-16x-05x-AL31-L_StdPeriph_Lib\Project\STM8L151G6U6_Sx1278\EWSTM8\STM8L15X_MD(STM8L15xx4_6)\Obj
[2] = command line
[3] = dbgstm8mmd.a
[4] = dlstm8mmf.a

  24 439 bytes of readonly  code memory
   1 559 bytes of readonly  data memory
   2 397 bytes of readwrite data memory

Errors: none
Warnings: none
