###############################################################################
#
# IAR ELF Linker V3.10.1.201 for STM8                     15/Jun/2019  21:02:01
# Copyright 2010-2017 IAR Systems AB.
#
#    Output file  =  
#        D:\stm8lora\src\stm8l15x-sx1278\STM8L15x-16x-05x-AL31-L_StdPeriph_Lib\Project\STM8L151G6U6_Sx1278\EWSTM8\STM8L15X_MD(STM8L15xx4_6)\Exe\project.out
#    Map file     =  
#        D:\stm8lora\src\stm8l15x-sx1278\STM8L15x-16x-05x-AL31-L_StdPeriph_Lib\Project\STM8L151G6U6_Sx1278\EWSTM8\STM8L15X_MD(STM8L15xx4_6)\List\project.map
#    Command line =  
#        -f C:\Users\Administrator\AppData\Local\Temp\EW640D.tmp
#        ("D:\stm8lora\src\stm8l15x-sx1278\STM8L15x-16x-05x-AL31-L_StdPeriph_Lib\Project\STM8L151G6U6_Sx1278\EWSTM8\STM8L15X_MD(STM8L15xx4_6)\Obj\aes.o"
#        "D:\stm8lora\src\stm8l15x-sx1278\STM8L15x-16x-05x-AL31-L_StdPeriph_Lib\Project\STM8L151G6U6_Sx1278\EWSTM8\STM8L15X_MD(STM8L15xx4_6)\Obj\board.o"
#        "D:\stm8lora\src\stm8l15x-sx1278\STM8L15x-16x-05x-AL31-L_StdPeriph_Lib\Project\STM8L151G6U6_Sx1278\EWSTM8\STM8L15X_MD(STM8L15xx4_6)\Obj\cfg_parm.o"
#        "D:\stm8lora\src\stm8l15x-sx1278\STM8L15x-16x-05x-AL31-L_StdPeriph_Lib\Project\STM8L151G6U6_Sx1278\EWSTM8\STM8L15X_MD(STM8L15xx4_6)\Obj\cmac.o"
#        "D:\stm8lora\src\stm8l15x-sx1278\STM8L15x-16x-05x-AL31-L_StdPeriph_Lib\Project\STM8L151G6U6_Sx1278\EWSTM8\STM8L15X_MD(STM8L15xx4_6)\Obj\comport.o"
#        "D:\stm8lora\src\stm8l15x-sx1278\STM8L15x-16x-05x-AL31-L_StdPeriph_Lib\Project\STM8L151G6U6_Sx1278\EWSTM8\STM8L15X_MD(STM8L15xx4_6)\Obj\delay.o"
#        "D:\stm8lora\src\stm8l15x-sx1278\STM8L15x-16x-05x-AL31-L_StdPeriph_Lib\Project\STM8L151G6U6_Sx1278\EWSTM8\STM8L15X_MD(STM8L15xx4_6)\Obj\eeprom.o"
#        "D:\stm8lora\src\stm8l15x-sx1278\STM8L15x-16x-05x-AL31-L_StdPeriph_Lib\Project\STM8L151G6U6_Sx1278\EWSTM8\STM8L15X_MD(STM8L15xx4_6)\Obj\frame.o"
#        "D:\stm8lora\src\stm8l15x-sx1278\STM8L15x-16x-05x-AL31-L_StdPeriph_Lib\Project\STM8L151G6U6_Sx1278\EWSTM8\STM8L15X_MD(STM8L15xx4_6)\Obj\hex.o"
#        "D:\stm8lora\src\stm8l15x-sx1278\STM8L15x-16x-05x-AL31-L_StdPeriph_Lib\Project\STM8L151G6U6_Sx1278\EWSTM8\STM8L15X_MD(STM8L15xx4_6)\Obj\LoRaMac.o"
#        "D:\stm8lora\src\stm8l15x-sx1278\STM8L15x-16x-05x-AL31-L_StdPeriph_Lib\Project\STM8L151G6U6_Sx1278\EWSTM8\STM8L15X_MD(STM8L15xx4_6)\Obj\LoRaMacCrypto.o"
#        "D:\stm8lora\src\stm8l15x-sx1278\STM8L15x-16x-05x-AL31-L_StdPeriph_Lib\Project\STM8L151G6U6_Sx1278\EWSTM8\STM8L15X_MD(STM8L15xx4_6)\Obj\main.o"
#        "D:\stm8lora\src\stm8l15x-sx1278\STM8L15x-16x-05x-AL31-L_StdPeriph_Lib\Project\STM8L151G6U6_Sx1278\EWSTM8\STM8L15X_MD(STM8L15xx4_6)\Obj\manufacture_parm.o"
#        "D:\stm8lora\src\stm8l15x-sx1278\STM8L15x-16x-05x-AL31-L_StdPeriph_Lib\Project\STM8L151G6U6_Sx1278\EWSTM8\STM8L15X_MD(STM8L15xx4_6)\Obj\modem.o"
#        "D:\stm8lora\src\stm8l15x-sx1278\STM8L15x-16x-05x-AL31-L_StdPeriph_Lib\Project\STM8L151G6U6_Sx1278\EWSTM8\STM8L15X_MD(STM8L15xx4_6)\Obj\ring_buf.o"
#        "D:\stm8lora\src\stm8l15x-sx1278\STM8L15x-16x-05x-AL31-L_StdPeriph_Lib\Project\STM8L151G6U6_Sx1278\EWSTM8\STM8L15X_MD(STM8L15xx4_6)\Obj\spi-board.o"
#        "D:\stm8lora\src\stm8l15x-sx1278\STM8L15x-16x-05x-AL31-L_StdPeriph_Lib\Project\STM8L151G6U6_Sx1278\EWSTM8\STM8L15X_MD(STM8L15xx4_6)\Obj\stm8l15x_adc.o"
#        "D:\stm8lora\src\stm8l15x-sx1278\STM8L15x-16x-05x-AL31-L_StdPeriph_Lib\Project\STM8L151G6U6_Sx1278\EWSTM8\STM8L15X_MD(STM8L15xx4_6)\Obj\stm8l15x_beep.o"
#        "D:\stm8lora\src\stm8l15x-sx1278\STM8L15x-16x-05x-AL31-L_StdPeriph_Lib\Project\STM8L151G6U6_Sx1278\EWSTM8\STM8L15X_MD(STM8L15xx4_6)\Obj\stm8l15x_clk.o"
#        "D:\stm8lora\src\stm8l15x-sx1278\STM8L15x-16x-05x-AL31-L_StdPeriph_Lib\Project\STM8L151G6U6_Sx1278\EWSTM8\STM8L15X_MD(STM8L15xx4_6)\Obj\stm8l15x_comp.o"
#        "D:\stm8lora\src\stm8l15x-sx1278\STM8L15x-16x-05x-AL31-L_StdPeriph_Lib\Project\STM8L151G6U6_Sx1278\EWSTM8\STM8L15X_MD(STM8L15xx4_6)\Obj\stm8l15x_dac.o"
#        "D:\stm8lora\src\stm8l15x-sx1278\STM8L15x-16x-05x-AL31-L_StdPeriph_Lib\Project\STM8L151G6U6_Sx1278\EWSTM8\STM8L15X_MD(STM8L15xx4_6)\Obj\stm8l15x_dma.o"
#        "D:\stm8lora\src\stm8l15x-sx1278\STM8L15x-16x-05x-AL31-L_StdPeriph_Lib\Project\STM8L151G6U6_Sx1278\EWSTM8\STM8L15X_MD(STM8L15xx4_6)\Obj\stm8l15x_exti.o"
#        "D:\stm8lora\src\stm8l15x-sx1278\STM8L15x-16x-05x-AL31-L_StdPeriph_Lib\Project\STM8L151G6U6_Sx1278\EWSTM8\STM8L15X_MD(STM8L15xx4_6)\Obj\stm8l15x_flash.o"
#        "D:\stm8lora\src\stm8l15x-sx1278\STM8L15x-16x-05x-AL31-L_StdPeriph_Lib\Project\STM8L151G6U6_Sx1278\EWSTM8\STM8L15X_MD(STM8L15xx4_6)\Obj\stm8l15x_gpio.o"
#        "D:\stm8lora\src\stm8l15x-sx1278\STM8L15x-16x-05x-AL31-L_StdPeriph_Lib\Project\STM8L151G6U6_Sx1278\EWSTM8\STM8L15X_MD(STM8L15xx4_6)\Obj\stm8l15x_i2c.o"
#        "D:\stm8lora\src\stm8l15x-sx1278\STM8L15x-16x-05x-AL31-L_StdPeriph_Lib\Project\STM8L151G6U6_Sx1278\EWSTM8\STM8L15X_MD(STM8L15xx4_6)\Obj\stm8l15x_irtim.o"
#        "D:\stm8lora\src\stm8l15x-sx1278\STM8L15x-16x-05x-AL31-L_StdPeriph_Lib\Project\STM8L151G6U6_Sx1278\EWSTM8\STM8L15X_MD(STM8L15xx4_6)\Obj\stm8l15x_it.o"
#        "D:\stm8lora\src\stm8l15x-sx1278\STM8L15x-16x-05x-AL31-L_StdPeriph_Lib\Project\STM8L151G6U6_Sx1278\EWSTM8\STM8L15X_MD(STM8L15xx4_6)\Obj\stm8l15x_itc.o"
#        "D:\stm8lora\src\stm8l15x-sx1278\STM8L15x-16x-05x-AL31-L_StdPeriph_Lib\Project\STM8L151G6U6_Sx1278\EWSTM8\STM8L15X_MD(STM8L15xx4_6)\Obj\stm8l15x_iwdg.o"
#        "D:\stm8lora\src\stm8l15x-sx1278\STM8L15x-16x-05x-AL31-L_StdPeriph_Lib\Project\STM8L151G6U6_Sx1278\EWSTM8\STM8L15X_MD(STM8L15xx4_6)\Obj\stm8l15x_lcd.o"
#        "D:\stm8lora\src\stm8l15x-sx1278\STM8L15x-16x-05x-AL31-L_StdPeriph_Lib\Project\STM8L151G6U6_Sx1278\EWSTM8\STM8L15X_MD(STM8L15xx4_6)\Obj\stm8l15x_pwr.o"
#        "D:\stm8lora\src\stm8l15x-sx1278\STM8L15x-16x-05x-AL31-L_StdPeriph_Lib\Project\STM8L151G6U6_Sx1278\EWSTM8\STM8L15X_MD(STM8L15xx4_6)\Obj\stm8l15x_rst.o"
#        "D:\stm8lora\src\stm8l15x-sx1278\STM8L15x-16x-05x-AL31-L_StdPeriph_Lib\Project\STM8L151G6U6_Sx1278\EWSTM8\STM8L15X_MD(STM8L15xx4_6)\Obj\stm8l15x_rtc.o"
#        "D:\stm8lora\src\stm8l15x-sx1278\STM8L15x-16x-05x-AL31-L_StdPeriph_Lib\Project\STM8L151G6U6_Sx1278\EWSTM8\STM8L15X_MD(STM8L15xx4_6)\Obj\stm8l15x_spi.o"
#        "D:\stm8lora\src\stm8l15x-sx1278\STM8L15x-16x-05x-AL31-L_StdPeriph_Lib\Project\STM8L151G6U6_Sx1278\EWSTM8\STM8L15X_MD(STM8L15xx4_6)\Obj\stm8l15x_syscfg.o"
#        "D:\stm8lora\src\stm8l15x-sx1278\STM8L15x-16x-05x-AL31-L_StdPeriph_Lib\Project\STM8L151G6U6_Sx1278\EWSTM8\STM8L15X_MD(STM8L15xx4_6)\Obj\stm8l15x_tim1.o"
#        "D:\stm8lora\src\stm8l15x-sx1278\STM8L15x-16x-05x-AL31-L_StdPeriph_Lib\Project\STM8L151G6U6_Sx1278\EWSTM8\STM8L15X_MD(STM8L15xx4_6)\Obj\stm8l15x_tim2.o"
#        "D:\stm8lora\src\stm8l15x-sx1278\STM8L15x-16x-05x-AL31-L_StdPeriph_Lib\Project\STM8L151G6U6_Sx1278\EWSTM8\STM8L15X_MD(STM8L15xx4_6)\Obj\stm8l15x_tim3.o"
#        "D:\stm8lora\src\stm8l15x-sx1278\STM8L15x-16x-05x-AL31-L_StdPeriph_Lib\Project\STM8L151G6U6_Sx1278\EWSTM8\STM8L15X_MD(STM8L15xx4_6)\Obj\stm8l15x_tim4.o"
#        "D:\stm8lora\src\stm8l15x-sx1278\STM8L15x-16x-05x-AL31-L_StdPeriph_Lib\Project\STM8L151G6U6_Sx1278\EWSTM8\STM8L15X_MD(STM8L15xx4_6)\Obj\stm8l15x_tim5.o"
#        "D:\stm8lora\src\stm8l15x-sx1278\STM8L15x-16x-05x-AL31-L_StdPeriph_Lib\Project\STM8L151G6U6_Sx1278\EWSTM8\STM8L15X_MD(STM8L15xx4_6)\Obj\stm8l15x_usart.o"
#        "D:\stm8lora\src\stm8l15x-sx1278\STM8L15x-16x-05x-AL31-L_StdPeriph_Lib\Project\STM8L151G6U6_Sx1278\EWSTM8\STM8L15X_MD(STM8L15xx4_6)\Obj\stm8l15x_wfe.o"
#        "D:\stm8lora\src\stm8l15x-sx1278\STM8L15x-16x-05x-AL31-L_StdPeriph_Lib\Project\STM8L151G6U6_Sx1278\EWSTM8\STM8L15X_MD(STM8L15xx4_6)\Obj\stm8l15x_wwdg.o"
#        "D:\stm8lora\src\stm8l15x-sx1278\STM8L15x-16x-05x-AL31-L_StdPeriph_Lib\Project\STM8L151G6U6_Sx1278\EWSTM8\STM8L15X_MD(STM8L15xx4_6)\Obj\sx1276-board.o"
#        "D:\stm8lora\src\stm8l15x-sx1278\STM8L15x-16x-05x-AL31-L_StdPeriph_Lib\Project\STM8L151G6U6_Sx1278\EWSTM8\STM8L15X_MD(STM8L15xx4_6)\Obj\sx1276.o"
#        "D:\stm8lora\src\stm8l15x-sx1278\STM8L15x-16x-05x-AL31-L_StdPeriph_Lib\Project\STM8L151G6U6_Sx1278\EWSTM8\STM8L15X_MD(STM8L15xx4_6)\Obj\system.o"
#        "D:\stm8lora\src\stm8l15x-sx1278\STM8L15x-16x-05x-AL31-L_StdPeriph_Lib\Project\STM8L151G6U6_Sx1278\EWSTM8\STM8L15X_MD(STM8L15xx4_6)\Obj\test_mode.o"
#        "D:\stm8lora\src\stm8l15x-sx1278\STM8L15x-16x-05x-AL31-L_StdPeriph_Lib\Project\STM8L151G6U6_Sx1278\EWSTM8\STM8L15X_MD(STM8L15xx4_6)\Obj\timer.o"
#        "D:\stm8lora\src\stm8l15x-sx1278\STM8L15x-16x-05x-AL31-L_StdPeriph_Lib\Project\STM8L151G6U6_Sx1278\EWSTM8\STM8L15X_MD(STM8L15xx4_6)\Obj\utilities.o"
#        --redirect _Printf=_PrintfFullNoMb --redirect _Scanf=_ScanfFullNoMb -o
#        "D:\stm8lora\src\stm8l15x-sx1278\STM8L15x-16x-05x-AL31-L_StdPeriph_Lib\Project\STM8L151G6U6_Sx1278\EWSTM8\STM8L15X_MD(STM8L15xx4_6)\Exe\project.out"
#        --map
#        "D:\stm8lora\src\stm8l15x-sx1278\STM8L15x-16x-05x-AL31-L_StdPeriph_Lib\Project\STM8L151G6U6_Sx1278\EWSTM8\STM8L15X_MD(STM8L15xx4_6)\List\project.map"
#        --config "C:\Program Files (x86)\IAR Systems\Embedded Workbench
#        8.0\stm8\config\lnkstm8l151g6.icf" --config_def _CSTACK_SIZE=0x100
#        --config_def _HEAP_SIZE=0x00 --entry __iar_program_start --debug_lib)
#
###############################################################################

*******************************************************************************
*** RUNTIME MODEL ATTRIBUTES
***

__Heap_Handler             = Basic
__SystemLibrary            = DLib
__code_model               = medium_or_large
__core                     = stm8
__data_model               = medium
__dlib_file_descriptor     = 1
__dlib_full_locale_support = 1
__rt_version               = 4


*******************************************************************************
*** PLACEMENT SUMMARY
***

"A0":  place at start of [0x000000-0x0000ff] { rw section .vregs };
"A1":  place at end of [0x000000-0x0007ff] { block CSTACK };
"P2":  place in [from 0x000000 to 0x0007ff] {
          block HEAP, rw section __DLIB_PERTHREAD, rw section .far.bss,
          rw section .far.data, rw section .far.noinit,
          rw section .far_func.textrw, rw section .huge.bss,
          rw section .huge.data, rw section .huge.noinit,
          rw section .huge_func.textrw, rw section .iar.dynexit,
          rw section .near.bss, rw section .near.data, rw section .near.noinit,
          rw section .near_func.textrw };
"A2":  place at start of [0x008000-0x00ffff] { block INTVEC };
"P3":  place in [from 0x008000 to 0x00ffff] {
          ro section __DLIB_PERTHREAD_init, ro section .far.data_init,
          ro section .far_func.textrw_init, ro section .huge.data_init,
          ro section .huge_func.textrw_init, ro section .iar.init_table,
          ro section .init_array, ro section .near.data_init,
          ro section .near.rodata, ro section .near_func.text,
          ro section .near_func.textrw_init, ro section .tiny.data_init,
          ro section .tiny.rodata_init };
"P4":  place in [from 0x008000 to 0x00ffff] {
          ro section .far.rodata, ro section .far_func.text };
"P5":  place in [from 0x008000 to 0x00ffff] {
          ro section .huge.rodata, ro section .huge_func.text };
"P6":  place in [from 0x001000 to 0x0013ff] { section .eeprom.noinit };
"P7":  place in [from 0x001000 to 0x0013ff] { section .eeprom.data };
"P8":  place in [from 0x001000 to 0x0013ff] { section .eeprom.rodata };
do not initialize {
   rw section .eeprom.noinit, rw section .far.noinit, rw section .huge.noinit,
   rw section .near.noinit, rw section .tiny.noinit, rw section .vregs };
initialize by copy {
   rw section .far.bss, rw section .far.data, rw section .far_func.textrw,
   rw section .huge.bss, rw section .huge.data, rw section .huge_func.textrw,
   rw section .iar.dynexit, rw section .near.bss, rw section .near.data,
   rw section .near_func.textrw, rw section .tiny.bss, rw section .tiny.data,
   ro section .tiny.rodata };

  Section            Kind      Address    Size  Object
  -------            ----      -------    ----  ------
"A0":                                     0x10
  .vregs             uninit   0x000000    0x10  vregs.o [4]
                            - 0x000010    0x10

"P2", part 1 of 2:                        0x32
  P2-1                        0x000010    0x32  <Init block>
    .near.data       inited   0x000010    0x10  LoRaMacCrypto.o [1]
    .near.data       inited   0x000020    0x10  LoRaMacCrypto.o [1]
    .near.data       inited   0x000030     0xa  modem.o [1]
    .near.data       inited   0x00003a     0x4  timer.o [1]
    .near.data       inited   0x00003e     0x4  utilities.o [1]
                            - 0x000042    0x32

"P2", part 2 of 2:                       0x694
  .near.bss          zero     0x000042   0x19f  modem.o [1]
  .near.bss          zero     0x0001e1   0x115  LoRaMacCrypto.o [1]
  .near.bss          zero     0x0002f6    0xf1  LoRaMacCrypto.o [1]
  .near.bss          zero     0x0003e7    0xd2  board.o [1]
  .near.bss          zero     0x0004b9    0xd2  sx1276.o [1]
  .near.bss          zero     0x00058b    0x5b  cfg_parm.o [1]
  .near.bss          zero     0x0005e6    0x43  comport.o [1]
  .near.bss          zero     0x000629    0x23  sx1276.o [1]
  .near.bss          zero     0x00064c    0x15  LoRaMac.o [1]
  .near.bss          zero     0x000661    0x10  LoRaMacCrypto.o [1]
  .near.bss          zero     0x000671    0x10  LoRaMacCrypto.o [1]
  .near.bss          zero     0x000681     0xe  sx1276.o [1]
  .near.bss          zero     0x00068f     0xe  sx1276.o [1]
  .near.bss          zero     0x00069d     0xe  sx1276.o [1]
  .near.bss          zero     0x0006ab     0x8  frame.o [1]
  .near.bss          zero     0x0006b3     0x4  LoRaMac.o [1]
  .near.bss          zero     0x0006b7     0x4  timer.o [1]
  .near.bss          zero     0x0006bb     0x4  timer.o [1]
  .near.bss          zero     0x0006bf     0x2  LoRaMac.o [1]
  .near.bss          zero     0x0006c1     0x2  LoRaMac.o [1]
  .near.bss          zero     0x0006c3     0x2  LoRaMac.o [1]
  .near.bss          zero     0x0006c5     0x2  LoRaMac.o [1]
  .near.bss          zero     0x0006c7     0x2  LoRaMac.o [1]
  .near.bss          zero     0x0006c9     0x2  sx1276.o [1]
  .near.bss          zero     0x0006cb     0x2  timer.o [1]
  .near.bss          zero     0x0006cd     0x1  LoRaMac.o [1]
  .near.bss          zero     0x0006ce     0x1  LoRaMac.o [1]
  .near.bss          zero     0x0006cf     0x1  LoRaMac.o [1]
  .near.bss          zero     0x0006d0     0x1  LoRaMac.o [1]
  .near.bss          zero     0x0006d1     0x1  LoRaMac.o [1]
  .near.bss          zero     0x0006d2     0x1  LoRaMac.o [1]
  .near.bss          zero     0x0006d3     0x1  LoRaMac.o [1]
  .near.bss          zero     0x0006d4     0x1  sx1276-board.o [1]
  .near.bss          zero     0x0006d5     0x1  system.o [1]
                            - 0x0006d6   0x694

"A1":                                    0x100
  CSTACK                      0x000700   0x100  <Block>
    CSTACK           uninit   0x000700   0x100  <Block tail>
                            - 0x000800   0x100

"P6-P8":                                 0x15d
  .eeprom.data       rw data  0x001000    0xfa  cfg_parm.o [1]
  .eeprom.data       rw data  0x0010fa    0x5b  cfg_parm.o [1]
  .eeprom.data       rw data  0x001155     0x8  cfg_parm.o [1]
                            - 0x00115d   0x15d

"A2":                                     0x80
  INTVEC                      0x008000    0x80  <Block>
    .intvec          const    0x008000    0x80  interrupt.o [4]
                            - 0x008080    0x80

"P3-P5":                                0x5ec8
  .far_func.text     ro code  0x008080   0xcc3  sx1276.o [1]
  .far_func.text     ro code  0x008d43   0x4ed  modem.o [1]
  .far_func.text     ro code  0x009230   0x49a  LoRaMac.o [1]
  .far_func.text     ro code  0x0096ca   0x333  float.o [4]
  .far_func.text     ro code  0x0099fd   0x2bf  board.o [1]
  .far_func.text     ro code  0x009cbc   0x272  timer.o [1]
  .far_func.text     ro code  0x009f2e   0x259  aes.o [1]
  .far_func.text     ro code  0x00a187   0x21d  cmac.o [1]
  .far_func.text     ro code  0x00a3a4   0x214  long.o [4]
  .far_func.text     ro code  0x00a5b8   0x20f  aes.o [1]
  .far_func.text     ro code  0x00a7c7   0x1ce  sx1276.o [1]
  .far_func.text     ro code  0x00a995   0x1b7  LoRaMac.o [1]
  .far_func.text     ro code  0x00ab4c   0x1b1  vreg_util.o [4]
  .far_func.text     ro code  0x00acfd   0x19d  cmac.o [1]
  .far_func.text     ro code  0x00ae9a   0x192  cfg_parm.o [1]
  .far_func.text     ro code  0x00b02c   0x172  comport.o [1]
  .far_func.text     ro code  0x00b19e   0x166  LoRaMac.o [1]
  .far_func.text     ro code  0x00b304   0x137  LoRaMac.o [1]
  .far_func.text     ro code  0x00b43b   0x120  aes.o [1]
  .far_func.text     ro code  0x00b55b   0x118  cfg_parm.o [1]
  .far_func.text     ro code  0x00b673   0x10d  LoRaMacCrypto.o [1]
  .near.rodata       const    0x00b780   0x100  aes.o [1]
  .near.rodata       const    0x00b880   0x100  aes.o [1]
  .near.rodata       const    0x00b980   0x100  aes.o [1]
  .near.rodata       const    0x00ba80   0x100  hex.o [1]
  .far_func.text     ro code  0x00bb80    0xfa  aes.o [1]
  .far_func.text     ro code  0x00bc7a    0xef  frame.o [1]
  .far_func.text     ro code  0x00bd69    0xee  LoRaMacCrypto.o [1]
  .far_func.text     ro code  0x00be57    0xe8  cfg_parm.o [1]
  .far_func.text     ro code  0x00bf3f    0xe7  timer.o [1]
  .far_func.text     ro code  0x00c026    0xe4  long_util.o [4]
  .far_func.text     ro code  0x00c10a    0xe2  stm8l15x_rtc.o [1]
  .far_func.text     ro code  0x00c1ec    0xe2  sx1276-board.o [1]
  .far_func.text     ro code  0x00c2ce    0xd5  LoRaMac.o [1]
  .far_func.text     ro code  0x00c3a3    0xd0  LoRaMac.o [1]
  .far_func.text     ro code  0x00c473    0xbd  stm8l15x_exti.o [1]
  .far_func.text     ro code  0x00c530    0xbb  stm8l15x_it.o [1]
  .far_func.text     ro code  0x00c5eb    0xb9  LoRaMacCrypto.o [1]
  .far_func.text     ro code  0x00c6a4    0xa6  LoRaMacCrypto.o [1]
  .far_func.text     ro code  0x00c74a    0xa5  aes.o [1]
  .far_func.text     ro code  0x00c7ef    0x9a  timer.o [1]
  .far_func.text     ro code  0x00c889    0x96  sx1276.o [1]
  .far_func.text     ro code  0x00c91f    0x8a  LoRaMac.o [1]
  .far_func.text     ro code  0x00c9a9    0x88  sx1276.o [1]
  .far_func.text     ro code  0x00ca31    0x82  stm8l15x_usart.o [1]
  .far_func.text     ro code  0x00cab3    0x81  stm8l15x_clk.o [1]
  .far_func.text     ro code  0x00cb34    0x7e  sx1276-board.o [1]
  .far_func.text     ro code  0x00cbb2    0x77  sx1276.o [1]
  .far_func.text     ro code  0x00cc29    0x76  eeprom.o [1]
  .far_func.text     ro code  0x00cc9f    0x73  aes.o [1]
  .far_func.text     ro code  0x00cd12    0x6e  stm8l15x_usart.o [1]
  .far_func.text     ro code  0x00cd80    0x6a  stm8l15x_gpio.o [1]
  .far_func.text     ro code  0x00cdea    0x68  cfg_parm.o [1]
  .far_func.text     ro code  0x00ce52    0x65  stm8l15x_clk.o [1]
  .far_func.text     ro code  0x00ceb7    0x5b  LoRaMacCrypto.o [1]
  .far_func.text     ro code  0x00cf12    0x55  ring_buf.o [1]
  .far_func.text     ro code  0x00cf67    0x51  delay.o [1]
  .near.rodata       const    0x00cfb8    0x51  sx1276-board.o [1]
  .far_func.text     ro code  0x00d009    0x4b  hex.o [1]
  .far_func.text     ro code  0x00d054    0x49  spi-board.o [1]
  .far_func.text     ro code  0x00d09d    0x49  sx1276.o [1]
  .far_func.text     ro code  0x00d0e6    0x46  modem.o [1]
  .far_func.text     ro code  0x00d12c    0x46  ring_buf.o [1]
  .far_func.text     ro code  0x00d172    0x46  stm8l15x_beep.o [1]
  .far_func.text     ro code  0x00d1b8    0x46  far_util.o [4]
  .far_func.text     ro code  0x00d1fe    0x43  stm8l15x_rtc.o [1]
  .far_func.text     ro code  0x00d241    0x42  spi-board.o [1]
  .far_func.text     ro code  0x00d283    0x3f  cfg_parm.o [1]
  .far_func.text     ro code  0x00d2c2    0x3d  hex.o [1]
  .far_func.text     ro code  0x00d2ff    0x39  stm8l15x_clk.o [1]
  .far_func.text     ro code  0x00d338    0x38  hex.o [1]
  .far_func.text     ro code  0x00d370    0x38  utilities.o [1]
  .far_func.text     ro code  0x00d3a8    0x36  stm8l15x_rtc.o [1]
  .far_func.text     ro code  0x00d3de    0x34  utilities.o [1]
  .far_func.text     ro code  0x00d412    0x32  cmac.o [1]
  .far_func.text     ro code  0x00d444    0x32  LoRaMac.o [1]
  .far_func.text     ro code  0x00d476    0x32  stm8l15x_flash.o [1]
  Initializer bytes  const    0x00d4a8    0x32  <for P2-1>
  .far_func.text     ro code  0x00d4da    0x31  eeprom.o [1]
  .far_func.text     ro code  0x00d50b    0x31  stm8l15x_spi.o [1]
  .far_func.text     ro code  0x00d53c    0x30  LoRaMac.o [1]
  .far_func.text     ro code  0x00d56c    0x30  stm8l15x_it.o [1]
  .near.rodata       const    0x00d59c    0x30  sx1276.o [1]
  .far_func.text     ro code  0x00d5cc    0x2f  comport.o [1]
  .far_func.text     ro code  0x00d5fb    0x2f  stm8l15x_rtc.o [1]
  .far_func.text     ro code  0x00d62a    0x2e  sx1276-board.o [1]
  .far_func.text     ro code  0x00d658    0x2d  LoRaMac.o [1]
  .far_func.text     ro code  0x00d685    0x2d  sx1276-board.o [1]
  .far_func.text     ro code  0x00d6b2    0x2d  utilities.o [1]
  .far_func.text     ro code  0x00d6df    0x2d  short.o [4]
  .far_func.text     ro code  0x00d70c    0x2c  dc_util.o [4]
  .far_func.text     ro code  0x00d738    0x2b  frame.o [1]
  .far_func.text     ro code  0x00d763    0x2a  sx1276.o [1]
  .far_func.text     ro code  0x00d78d    0x29  stm8l15x_it.o [1]
  .far_func.text     ro code  0x00d7b6    0x28  init_small.o [4]
  .far_func.text     ro code  0x00d7de    0x25  ring_buf.o [1]
  .far_func.text     ro code  0x00d803    0x24  utilities.o [1]
  .far_func.text     ro code  0x00d827    0x23  LoRaMacCrypto.o [1]
  .far_func.text     ro code  0x00d84a    0x23  stm8l15x_it.o [1]
  .far_func.text     ro code  0x00d86d    0x23  stm8l15x_it.o [1]
  .far_func.text     ro code  0x00d890    0x23  stm8l15x_it.o [1]
  .far_func.text     ro code  0x00d8b3    0x23  stm8l15x_rtc.o [1]
  .far_func.text     ro code  0x00d8d6    0x23  stm8l15x_rtc.o [1]
  .far_func.text     ro code  0x00d8f9    0x23  stm8l15x_usart.o [1]
  .far_func.text     ro code  0x00d91c    0x23  timer.o [1]
  .near.rodata       const    0x00d93f    0x23  modem.o [1]
  .far_func.text     ro code  0x00d962    0x22  LoRaMac.o [1]
  .far_func.text     ro code  0x00d984    0x22  stm8l15x_it.o [1]
  .far_func.text     ro code  0x00d9a6    0x22  stm8l15x_it.o [1]
  .far_func.text     ro code  0x00d9c8    0x21  stm8l15x_it.o [1]
  .iar.init_table    const    0x00d9e9    0x14  - Linker created -
  .far_func.text     ro code  0x00d9fd    0x20  memcpy.o [4]
  .far_func.text     ro code  0x00da1d    0x1f  ring_buf.o [1]
  .far_func.text     ro code  0x00da3c    0x1e  LoRaMac.o [1]
  .far_func.text     ro code  0x00da5a    0x1e  stm8l15x_it.o [1]
  .far_func.text     ro code  0x00da78    0x1e  stm8l15x_it.o [1]
  .far_func.text     ro code  0x00da96    0x1e  stm8l15x_it.o [1]
  .far_func.text     ro code  0x00dab4    0x1e  init.o [4]
  .far_func.text     ro code  0x00dad2    0x1e  init_small.o [4]
  .far_func.text     ro code  0x00daf0    0x1d  stm8l15x_it.o [1]
  .far_func.text     ro code  0x00db0d    0x1d  stm8l15x_usart.o [1]
  .far_func.text     ro code  0x00db2a    0x1c  main.o [1]
  .far_func.text     ro code  0x00db46    0x1c  modem.o [1]
  .far_func.text     ro code  0x00db62    0x1c  timer.o [1]
  .far_func.text     ro code  0x00db7e    0x1c  utilities.o [1]
  .far_func.text     ro code  0x00db9a    0x1a  aes.o [1]
  .far_func.text     ro code  0x00dbb4    0x1a  hex.o [1]
  .far_func.text     ro code  0x00dbce    0x1a  stm8l15x_tim4.o [1]
  .far_func.text     ro code  0x00dbe8    0x1a  sx1276-board.o [1]
  .far_func.text     ro code  0x00dc02    0x19  stm8l15x_flash.o [1]
  .far_func.text     ro code  0x00dc1b    0x17  cfg_parm.o [1]
  .far_func.text     ro code  0x00dc32    0x17  stm8l15x_exti.o [1]
  .far_func.text     ro code  0x00dc49    0x17  stm8l15x_spi.o [1]
  .far_func.text     ro code  0x00dc60    0x17  cstartup.o [4]
  .far_func.text     ro code  0x00dc77    0x16  ring_buf.o [1]
  .far_func.text     ro code  0x00dc8d    0x16  sx1276-board.o [1]
  .far_func.text     ro code  0x00dca3    0x16  memset.o [4]
  .far_func.text     ro code  0x00dcb9    0x16  __dbg_xxexit.o [3]
  .far_func.text     ro code  0x00dccf    0x15  stm8l15x_gpio.o [1]
  .far_func.text     ro code  0x00dce4    0x15  stm8l15x_rtc.o [1]
  .far_func.text     ro code  0x00dcf9    0x13  stm8l15x_gpio.o [1]
  .far_func.text     ro code  0x00dd0c    0x13  stm8l15x_spi.o [1]
  .far_func.text     ro code  0x00dd1f    0x13  sx1276-board.o [1]
  .far_func.text     ro code  0x00dd32    0x11  hex.o [1]
  .far_func.text     ro code  0x00dd43    0x11  stm8l15x_tim4.o [1]
  .near.rodata       const    0x00dd54    0x11  hex.o [1]
  .far_func.text     ro code  0x00dd65    0x10  stm8l15x_usart.o [1]
  .far_func.text     ro code  0x00dd75     0xf  LoRaMac.o [1]
  .near.rodata       const    0x00dd84     0xe  modem.o [1]
  .near.rodata       const    0x00dd92     0xe  modem.o [1]
  .far_func.text     ro code  0x00dda0     0xd  cmac.o [1]
  .far_func.text     ro code  0x00ddad     0xd  stm8l15x_beep.o [1]
  .far_func.text     ro code  0x00ddba     0xd  stm8l15x_beep.o [1]
  .far_func.text     ro code  0x00ddc7     0xd  stm8l15x_clk.o [1]
  .far_func.text     ro code  0x00ddd4     0xd  stm8l15x_clk.o [1]
  .far_func.text     ro code  0x00dde1     0xd  stm8l15x_clk.o [1]
  .far_func.text     ro code  0x00ddee     0xd  stm8l15x_pwr.o [1]
  .far_func.text     ro code  0x00ddfb     0xd  stm8l15x_tim4.o [1]
  .far_func.text     ro code  0x00de08     0xd  strlen.o [4]
  .far_func.text     ro code  0x00de15     0xc  ring_buf.o [1]
  .far_func.text     ro code  0x00de21     0xc  char.o [4]
  .far_func.text     ro code  0x00de2d     0xb  LoRaMac.o [1]
  .far_func.text     ro code  0x00de38     0xb  stm8l15x_flash.o [1]
  .far_func.text     ro code  0x00de43     0xb  system.o [1]
  .near.rodata       const    0x00de4e     0xb  modem.o [1]
  .far_func.text     ro code  0x00de59     0xa  delay.o [1]
  .far_func.text     ro code  0x00de63     0xa  stm8l15x_clk.o [1]
  .far_func.text     ro code  0x00de6d     0xa  stm8l15x_rtc.o [1]
  .far_func.text     ro code  0x00de77     0xa  far.o [4]
  .near.rodata       const    0x00de81     0xa  modem.o [1]
  .far_func.text     ro code  0x00de8b     0x9  sx1276-board.o [1]
  .near.rodata       const    0x00de94     0x9  modem.o [1]
  .far_func.text     ro code  0x00de9d     0x7  stm8l15x_gpio.o [1]
  .far_func.text     ro code  0x00dea4     0x7  stm8l15x_gpio.o [1]
  .far_func.text     ro code  0x00deab     0x7  timer.o [1]
  .far_func.text     ro code  0x00deb2     0x7  utilities.o [1]
  .far_func.text     ro code  0x00deb9     0x6  system.o [1]
  .far_func.text     ro code  0x00debf     0x6  cexit.o [4]
  .near.rodata       const    0x00dec5     0x6  modem.o [1]
  .far_func.text     ro code  0x00decb     0x5  stm8l15x_iwdg.o [1]
  .far_func.text     ro code  0x00ded0     0x5  stm8l15x_iwdg.o [1]
  .far_func.text     ro code  0x00ded5     0x5  stm8l15x_tim2.o [1]
  .far_func.text     ro code  0x00deda     0x5  stm8l15x_tim4.o [1]
  .far_func.text     ro code  0x00dedf     0x5  stm8l15x_tim4.o [1]
  .far_func.text     ro code  0x00dee4     0x5  stm8l15x_usart.o [1]
  .near.rodata       const    0x00dee9     0x5  stm8l15x_clk.o [1]
  .far_func.text     ro code  0x00deee     0x4  stm8l15x_clk.o [1]
  .far_func.text     ro code  0x00def2     0x4  stm8l15x_clk.o [1]
  .far_func.text     ro code  0x00def6     0x4  stm8l15x_clk.o [1]
  .far_func.text     ro code  0x00defa     0x4  stm8l15x_clk.o [1]
  .far_func.text     ro code  0x00defe     0x4  stm8l15x_flash.o [1]
  .far_func.text     ro code  0x00df02     0x4  stm8l15x_gpio.o [1]
  .far_func.text     ro code  0x00df06     0x4  stm8l15x_iwdg.o [1]
  .far_func.text     ro code  0x00df0a     0x4  stm8l15x_iwdg.o [1]
  .far_func.text     ro code  0x00df0e     0x4  stm8l15x_iwdg.o [1]
  .far_func.text     ro code  0x00df12     0x4  stm8l15x_usart.o [1]
  .far_func.text     ro code  0x00df16     0x4  interrupt.o [4]
  .far_func.text     ro code  0x00df1a     0x4  exit.o [4]
  .near.rodata       const    0x00df1e     0x4  modem.o [1]
  .far_func.text     ro code  0x00df22     0x3  stm8l15x_usart.o [1]
  .far_func.text     ro code  0x00df25     0x3  stm8l15x_usart.o [1]
  .far_func.text     ro code  0x00df28     0x3  sx1276-board.o [1]
  .far_func.text     ro code  0x00df2b     0x3  low_level_init.o [4]
  .far_func.text     ro code  0x00df2e     0x3  unhandled_exception.o [4]
  .near.rodata       const    0x00df31     0x3  modem.o [1]
  .far_func.text     ro code  0x00df34     0x1  board.o [1]
  .far_func.text     ro code  0x00df35     0x1  stm8l15x_it.o [1]
  .far_func.text     ro code  0x00df36     0x1  stm8l15x_it.o [1]
  .far_func.text     ro code  0x00df37     0x1  stm8l15x_it.o [1]
  .far_func.text     ro code  0x00df38     0x1  stm8l15x_it.o [1]
  .far_func.text     ro code  0x00df39     0x1  stm8l15x_it.o [1]
  .far_func.text     ro code  0x00df3a     0x1  stm8l15x_it.o [1]
  .far_func.text     ro code  0x00df3b     0x1  stm8l15x_it.o [1]
  .far_func.text     ro code  0x00df3c     0x1  stm8l15x_it.o [1]
  .far_func.text     ro code  0x00df3d     0x1  stm8l15x_it.o [1]
  .far_func.text     ro code  0x00df3e     0x1  stm8l15x_it.o [1]
  .far_func.text     ro code  0x00df3f     0x1  stm8l15x_it.o [1]
  .far_func.text     ro code  0x00df40     0x1  stm8l15x_it.o [1]
  .far_func.text     ro code  0x00df41     0x1  stm8l15x_it.o [1]
  .far_func.text     ro code  0x00df42     0x1  stm8l15x_it.o [1]
  .far_func.text     ro code  0x00df43     0x1  stm8l15x_it.o [1]
  .far_func.text     ro code  0x00df44     0x1  stm8l15x_it.o [1]
  .far_func.text     ro code  0x00df45     0x1  stm8l15x_it.o [1]
  .far_func.text     ro code  0x00df46     0x1  sx1276-board.o [1]
  .far_func.text     ro code  0x00df47     0x1  __dbg_break.o [3]
                            - 0x00df48  0x5ec8


*******************************************************************************
*** INIT TABLE
***

          Address   Size
          -------   ----
Zero (__iar_zero_init2)
    1 destination range, total size 0x694:
          0x000042  0x694

Copy (__iar_copy_init2)
    1 source range, total size 0x32:
          0x00d4a8   0x32
    1 destination range, total size 0x32:
          0x000010   0x32



*******************************************************************************
*** MODULE SUMMARY
***

    Module                 ro code  ro data  rw data
    ------                 -------  -------  -------
D:\stm8lora\src\stm8l15x-sx1278\STM8L15x-16x-05x-AL31-L_StdPeriph_Lib\Project\STM8L151G6U6_Sx1278\EWSTM8\STM8L15X_MD(STM8L15xx4_6)\Obj: [1]
    LoRaMac.o                3 078                42
    LoRaMacCrypto.o            984       32      582
    aes.o                    1 972      768
    board.o                    704               210
    cfg_parm.o               1 104               440
    cmac.o                   1 017
    comport.o                  417                67
    delay.o                     91
    eeprom.o                   167
    frame.o                    282                 8
    hex.o                      235      273
    main.o                      28
    modem.o                  1 359      116      425
    ring_buf.o                 257
    spi-board.o                139
    stm8l15x_beep.o             96
    stm8l15x_clk.o             352        5
    stm8l15x_exti.o            212
    stm8l15x_flash.o            90
    stm8l15x_gpio.o            164
    stm8l15x_it.o              618
    stm8l15x_iwdg.o             22
    stm8l15x_pwr.o              13
    stm8l15x_rtc.o             495
    stm8l15x_spi.o              91
    stm8l15x_tim2.o              5
    stm8l15x_tim4.o             66
    stm8l15x_usart.o           335
    sx1276-board.o             523       81        1
    sx1276.o                 4 249       48      289
    system.o                    17                 1
    timer.o                  1 081        4       14
    utilities.o                224        4        4
    ------------------------------------------------
    Total:                  20 487    1 331    2 083

command line: [2]
    ------------------------------------------------
    Total:

dbgstm8mmd.a: [3]
    __dbg_break.o                1
    __dbg_xxexit.o              22
    ------------------------------------------------
    Total:                      23

dlstm8mmf.a: [4]
    cexit.o                      6
    char.o                      12
    cstartup.o                  23
    dc_util.o                   44
    exit.o                       4
    far.o                       10
    far_util.o                  70
    float.o                    819
    init.o                      30
    init_small.o                70
    interrupt.o                  4      128
    long.o                     532
    long_util.o                228
    low_level_init.o             3
    memcpy.o                    32
    memset.o                    22
    short.o                     45
    strlen.o                    13
    unhandled_exception.o        3
    vreg_util.o                433
    vregs.o                                       16
    ------------------------------------------------
    Total:                   2 403      128       16

    Linker created                       20      256
----------------------------------------------------
    Grand Total:            22 913    1 479    2 355


*******************************************************************************
*** ENTRY LIST
***

Entry                    Address   Size  Type      Object
-----                    -------   ----  ----      ------
.iar.init_table$$Base   0x00d9e9          --   Gb  - Linker created -
.iar.init_table$$Limit  0x00d9fd          --   Gb  - Linker created -
?add32_l0_l0_0x         0x00a3d3         Code  Gb  long.o [4]
?add32_l0_l0_l1         0x00a3d0         Code  Gb  long.o [4]
?b0                     0x000000         Data  Gb  vregs.o [4]
?b1                     0x000001         Data  Gb  vregs.o [4]
?b10                    0x00000a         Data  Gb  vregs.o [4]
?b11                    0x00000b         Data  Gb  vregs.o [4]
?b12                    0x00000c         Data  Gb  vregs.o [4]
?b13                    0x00000d         Data  Gb  vregs.o [4]
?b14                    0x00000e         Data  Gb  vregs.o [4]
?b15                    0x00000f         Data  Gb  vregs.o [4]
?b2                     0x000002         Data  Gb  vregs.o [4]
?b3                     0x000003         Data  Gb  vregs.o [4]
?b4                     0x000004         Data  Gb  vregs.o [4]
?b5                     0x000005         Data  Gb  vregs.o [4]
?b6                     0x000006         Data  Gb  vregs.o [4]
?b7                     0x000007         Data  Gb  vregs.o [4]
?b8                     0x000008         Data  Gb  vregs.o [4]
?b9                     0x000009         Data  Gb  vregs.o [4]
?dc32_l1                0x00d70c         Code  Gb  dc_util.o [4]
?dec32_0x_0x            0x00a3bc         Code  Gb  long.o [4]
?dec32_l0_l0            0x00a3b7         Code  Gb  long.o [4]
?e0                     0x000001         Data  Gb  vregs.o [4]
?e1                     0x000005         Data  Gb  vregs.o [4]
?e2                     0x000009         Data  Gb  vregs.o [4]
?e3                     0x00000d         Data  Gb  vregs.o [4]
?epilogue_l2            0x00ac0e         Code  Gb  vreg_util.o [4]
?epilogue_l2_l3         0x00ac0a         Code  Gb  vreg_util.o [4]
?epilogue_l2_w6         0x00ac13         Code  Gb  vreg_util.o [4]
?epilogue_w4            0x00ac1c         Code  Gb  vreg_util.o [4]
?fcastf32u16_l0_x       0x00981f         Code  Gb  float.o [4]
?fcastf32u32_l0_l0      0x0098c2         Code  Gb  float.o [4]
?fcasts16f32_x_l0       0x00983d         Code  Gb  float.o [4]
?fcastu32f32_l0_l0      0x009872         Code  Gb  float.o [4]
?fdiv32_l0_l0_dc32      0x00976b         Code  Gb  float.o [4]
?fdiv32_l0_l0_l1        0x009771         Code  Gb  float.o [4]
?fmul32_l0_l0_dc32      0x0096ca         Code  Gb  float.o [4]
?fmul32_l0_l0_l1        0x0096d0         Code  Gb  float.o [4]
?inc32_0x_0x            0x00a3a9         Code  Gb  long.o [4]
?inc32_l0_l0            0x00a3a4         Code  Gb  long.o [4]
?l0                     0x000000         Data  Gb  vregs.o [4]
?l1                     0x000004         Data  Gb  vregs.o [4]
?l2                     0x000008         Data  Gb  vregs.o [4]
?l3                     0x00000c         Data  Gb  vregs.o [4]
?load24_0x_e0           0x00d1f0         Code  Gb  far_util.o [4]
?load24_e0_0x           0x00d1b8         Code  Gb  far_util.o [4]
?load24_e1_0x           0x00d1c6         Code  Gb  far_util.o [4]
?load24_e2_0x           0x00d1d4         Code  Gb  far_util.o [4]
?load24_e3_0x           0x00d1e2         Code  Gb  far_util.o [4]
?load32_0x_l0           0x00c0c8         Code  Gb  long_util.o [4]
?load32_0x_l1           0x00c0d6         Code  Gb  long_util.o [4]
?load32_0x_l2           0x00c0ee         Code  Gb  long_util.o [4]
?load32_0x_l3           0x00c0fc         Code  Gb  long_util.o [4]
?load32_l0_0x           0x00c040         Code  Gb  long_util.o [4]
?load32_l0_asp          0x00c034         Code  Gb  long_util.o [4]
?load32_l0_dbsp         0x00c026         Code  Gb  long_util.o [4]
?load32_l0_xsp          0x00c036         Code  Gb  long_util.o [4]
?load32_l1_0x           0x00c066         Code  Gb  long_util.o [4]
?load32_l1_asp          0x00c05a         Code  Gb  long_util.o [4]
?load32_l1_dbsp         0x00c04c         Code  Gb  long_util.o [4]
?load32_l1_xsp          0x00c05c         Code  Gb  long_util.o [4]
?load32_l2_0x           0x00c08c         Code  Gb  long_util.o [4]
?load32_l2_asp          0x00c080         Code  Gb  long_util.o [4]
?load32_l2_dbsp         0x00c072         Code  Gb  long_util.o [4]
?load32_l2_xsp          0x00c082         Code  Gb  long_util.o [4]
?load32_l3_0x           0x00c0b2         Code  Gb  long_util.o [4]
?load32_l3_asp          0x00c0a6         Code  Gb  long_util.o [4]
?load32_l3_dbsp         0x00c098         Code  Gb  long_util.o [4]
?load32_l3_xsp          0x00c0a8         Code  Gb  long_util.o [4]
?load32_xsp_l0          0x00c0be         Code  Gb  long_util.o [4]
?load32_xsp_l2          0x00c0e4         Code  Gb  long_util.o [4]
?mov_e0_e1              0x00ac71         Code  Gb  vreg_util.o [4]
?mov_e0_e2              0x00ac7e         Code  Gb  vreg_util.o [4]
?mov_e0_e3              0x00ac8b         Code  Gb  vreg_util.o [4]
?mov_e1_e0              0x00ac98         Code  Gb  vreg_util.o [4]
?mov_e1_e2              0x00aca5         Code  Gb  vreg_util.o [4]
?mov_e1_e3              0x00acb2         Code  Gb  vreg_util.o [4]
?mov_e2_e0              0x00acbf         Code  Gb  vreg_util.o [4]
?mov_e2_e1              0x00accc         Code  Gb  vreg_util.o [4]
?mov_e2_e3              0x00acd9         Code  Gb  vreg_util.o [4]
?mov_e3_e0              0x00ace6         Code  Gb  vreg_util.o [4]
?mov_e3_e1              0x00acf3         Code  Gb  vreg_util.o [4]
?mov_l0_l1              0x00ac6e         Code  Gb  vreg_util.o [4]
?mov_l0_l2              0x00ac7b         Code  Gb  vreg_util.o [4]
?mov_l0_l3              0x00ac88         Code  Gb  vreg_util.o [4]
?mov_l1_l0              0x00ac95         Code  Gb  vreg_util.o [4]
?mov_l1_l2              0x00aca2         Code  Gb  vreg_util.o [4]
?mov_l1_l3              0x00acaf         Code  Gb  vreg_util.o [4]
?mov_l2_l0              0x00acbc         Code  Gb  vreg_util.o [4]
?mov_l2_l1              0x00acc9         Code  Gb  vreg_util.o [4]
?mov_l2_l3              0x00acd6         Code  Gb  vreg_util.o [4]
?mov_l3_l0              0x00ace3         Code  Gb  vreg_util.o [4]
?mov_l3_l1              0x00acf0         Code  Gb  vreg_util.o [4]
?mov_w0_w3              0x00ac21         Code  Gb  vreg_util.o [4]
?mov_w0_w4              0x00ac28         Code  Gb  vreg_util.o [4]
?mov_w0_w5              0x00ac2f         Code  Gb  vreg_util.o [4]
?mov_w1_w0              0x00ac36         Code  Gb  vreg_util.o [4]
?mov_w1_w3              0x00ac74         Code  Gb  vreg_util.o [4]
?mov_w1_w5              0x00ac81         Code  Gb  vreg_util.o [4]
?mov_w1_w6              0x00ac3d         Code  Gb  vreg_util.o [4]
?mov_w1_w7              0x00ac8e         Code  Gb  vreg_util.o [4]
?mov_w2_w1              0x00ac44         Code  Gb  vreg_util.o [4]
?mov_w3_w1              0x00ac9b         Code  Gb  vreg_util.o [4]
?mov_w3_w5              0x00aca8         Code  Gb  vreg_util.o [4]
?mov_w3_w7              0x00acb5         Code  Gb  vreg_util.o [4]
?mov_w4_w0              0x00ac4b         Code  Gb  vreg_util.o [4]
?mov_w4_w1              0x00ac52         Code  Gb  vreg_util.o [4]
?mov_w5_w0              0x00ac59         Code  Gb  vreg_util.o [4]
?mov_w5_w1              0x00acc2         Code  Gb  vreg_util.o [4]
?mov_w5_w3              0x00accf         Code  Gb  vreg_util.o [4]
?mov_w5_w7              0x00acdc         Code  Gb  vreg_util.o [4]
?mov_w6_w2              0x00ac60         Code  Gb  vreg_util.o [4]
?mov_w7_w0              0x00ac67         Code  Gb  vreg_util.o [4]
?mov_w7_w1              0x00ace9         Code  Gb  vreg_util.o [4]
?mov_w7_w3              0x00acf6         Code  Gb  vreg_util.o [4]
?mul16_x_x_w0           0x00d6df         Code  Gb  short.o [4]
?mul32_l0_l0_0x         0x00a406         Code  Gb  long.o [4]
?mul32_l0_l0_l1         0x00a40f         Code  Gb  long.o [4]
?or32_l0_l0_0x          0x00a584         Code  Gb  long.o [4]
?or32_l0_l0_l1          0x00a581         Code  Gb  long.o [4]
?pop_l0                 0x00abd2         Code  Gb  vreg_util.o [4]
?pop_l1                 0x00abdd         Code  Gb  vreg_util.o [4]
?pop_l2                 0x00abe8         Code  Gb  vreg_util.o [4]
?pop_l3                 0x00abf3         Code  Gb  vreg_util.o [4]
?pop_w4                 0x00ab7c         Code  Gb  vreg_util.o [4]
?pop_w5                 0x00ab83         Code  Gb  vreg_util.o [4]
?pop_w6                 0x00ab8a         Code  Gb  vreg_util.o [4]
?push_l0                0x00ab9d         Code  Gb  vreg_util.o [4]
?push_l1                0x00aba2         Code  Gb  vreg_util.o [4]
?push_l2                0x00aba7         Code  Gb  vreg_util.o [4]
?push_l3                0x00abac         Code  Gb  vreg_util.o [4]
?push_w0                0x00ab4c         Code  Gb  vreg_util.o [4]
?push_w1                0x00ab51         Code  Gb  vreg_util.o [4]
?push_w4                0x00ab56         Code  Gb  vreg_util.o [4]
?push_w5                0x00ab5b         Code  Gb  vreg_util.o [4]
?push_w6                0x00ab60         Code  Gb  vreg_util.o [4]
?scmp32_c_l0_l1         0x00a56a         Code  Gb  long.o [4]
?sdiv32_l0_l0_l1        0x00a504         Code  Gb  long.o [4]
?sext16_x_a             0x00d705         Code  Gb  short.o [4]
?sext32_l0_x            0x00a5ad         Code  Gb  long.o [4]
?sll16_x_x_a            0x00d6fd         Code  Gb  short.o [4]
?sll32_0x_0x_a          0x00a59f         Code  Gb  long.o [4]
?sll32_l0_l0_a          0x00a59c         Code  Gb  long.o [4]
?sll8_a_a_5             0x00de22         Code  Gb  char.o [4]
?sll8_a_a_6             0x00de21         Code  Gb  char.o [4]
?smod32_l1_l0_l1        0x00a504         Code  Gb  long.o [4]
?srl8_a_a_5             0x00de28         Code  Gb  char.o [4]
?srl8_a_a_6             0x00de27         Code  Gb  char.o [4]
?sub32_l0_l0_0x         0x00a3ee         Code  Gb  long.o [4]
?sub32_l0_l0_l1         0x00a3eb         Code  Gb  long.o [4]
?ucmp24_c_0x_e0         0x00de77         Code  Gb  far.o [4]
?ucmp32_c_l0_0x         0x00a54f         Code  Gb  long.o [4]
?ucmp32_c_l0_l1         0x00a55f         Code  Gb  long.o [4]
?udiv32_l0_l0_dl        0x00a493         Code  Gb  long.o [4]
?udiv32_l0_l0_l1        0x00a497         Code  Gb  long.o [4]
?umod32_l1_l0_dl        0x00a48d         Code  Gb  long.o [4]
?umod32_l1_l0_l1        0x00a497         Code  Gb  long.o [4]
?w0                     0x000000         Data  Gb  vregs.o [4]
?w1                     0x000002         Data  Gb  vregs.o [4]
?w2                     0x000004         Data  Gb  vregs.o [4]
?w3                     0x000006         Data  Gb  vregs.o [4]
?w4                     0x000008         Data  Gb  vregs.o [4]
?w5                     0x00000a         Data  Gb  vregs.o [4]
?w6                     0x00000c         Data  Gb  vregs.o [4]
?w7                     0x00000e         Data  Gb  vregs.o [4]
ADC1_COMP_IRQHandler    0x00df3e    0x1  Code  Gb  stm8l15x_it.o [1]
AES_CMAC_Final          0x00a187  0x21d  Code  Gb  cmac.o [1]
AES_CMAC_Init           0x00d412   0x32  Code  Gb  cmac.o [1]
AES_CMAC_SetKey         0x00dda0    0xd  Code  Gb  cmac.o [1]
AES_CMAC_Update         0x00acfd  0x19d  Code  Gb  cmac.o [1]
AesCmacCtx              0x0001e1  0x115  Data  Lc  LoRaMacCrypto.o [1]
AesContext              0x0002f6   0xf1  Data  Lc  LoRaMacCrypto.o [1]
BEEP_Cmd                0x00ddad    0xd  Code  Gb  stm8l15x_beep.o [1]
BEEP_LSClockToTIMConnectCmd
                        0x00ddba    0xd  Code  Gb  stm8l15x_beep.o [1]
BEEP_LSICalibrationConfig
                        0x00d172   0x46  Code  Gb  stm8l15x_beep.o [1]
BoardDisableIrq         0x00deb9    0x6  Code  Gb  system.o [1]
BoardEnableIrq          0x00de43    0xb  Code  Gb  system.o [1]
BoardInitMcu            0x009ba1  0x11b  Code  Gb  board.o [1]
CLK_BEEPClockConfig     0x00defa    0x4  Code  Gb  stm8l15x_clk.o [1]
CLK_GetClockFreq        0x00d2ff   0x39  Code  Gb  stm8l15x_clk.o [1]
CLK_GetFlagStatus       0x00cab3   0x81  Code  Gb  stm8l15x_clk.o [1]
CLK_GetSYSCLKSource     0x00def2    0x4  Code  Gb  stm8l15x_clk.o [1]
CLK_HSICmd              0x00ddc7    0xd  Code  Gb  stm8l15x_clk.o [1]
CLK_LSICmd              0x00ddd4    0xd  Code  Gb  stm8l15x_clk.o [1]
CLK_PeripheralClockConfig
                        0x00ce52   0x65  Code  Gb  stm8l15x_clk.o [1]
CLK_RTCClockConfig      0x00de63    0xa  Code  Gb  stm8l15x_clk.o [1]
CLK_SYSCLKDivConfig     0x00def6    0x4  Code  Gb  stm8l15x_clk.o [1]
CLK_SYSCLKSourceConfig  0x00deee    0x4  Code  Gb  stm8l15x_clk.o [1]
CLK_SYSCLKSourceSwitchCmd
                        0x00dde1    0xd  Code  Gb  stm8l15x_clk.o [1]
CSTACK$$Base            0x000700          --   Gb  - Linker created -
CSTACK$$Limit           0x000800          --   Gb  - Linker created -
ClearWWDG               0x0099fd    0x4  Code  Gb  board.o [1]
ComportInit             0x00b02c  0x172  Code  Gb  comport.o [1]
DMA1_CHANNEL0_1_IRQHandler
                        0x00df37    0x1  Code  Gb  stm8l15x_it.o [1]
DMA1_CHANNEL2_3_IRQHandler
                        0x00df38    0x1  Code  Gb  stm8l15x_it.o [1]
DelayMs                 0x00de59    0xa  Code  Gb  delay.o [1]
EXTI0_IRQHandler        0x00d984   0x22  Code  Gb  stm8l15x_it.o [1]
EXTI1_IRQHandler        0x00d84a   0x23  Code  Gb  stm8l15x_it.o [1]
EXTI2_IRQHandler        0x00c530   0xbb  Code  Gb  stm8l15x_it.o [1]
EXTI3_IRQHandler        0x00da5a   0x1e  Code  Gb  stm8l15x_it.o [1]
EXTI4_IRQHandler        0x00d86d   0x23  Code  Gb  stm8l15x_it.o [1]
EXTI5_IRQHandler        0x00d890   0x23  Code  Gb  stm8l15x_it.o [1]
EXTI6_IRQHandler        0x00da78   0x1e  Code  Gb  stm8l15x_it.o [1]
EXTI7_IRQHandler        0x00da96   0x1e  Code  Gb  stm8l15x_it.o [1]
EXTIB_G_IRQHandler      0x00df3a    0x1  Code  Gb  stm8l15x_it.o [1]
EXTID_H_IRQHandler      0x00df3b    0x1  Code  Gb  stm8l15x_it.o [1]
EXTIE_F_PVD_IRQHandler  0x00df39    0x1  Code  Gb  stm8l15x_it.o [1]
EXTI_ClearITPendingBit  0x00dc32   0x17  Code  Gb  stm8l15x_exti.o [1]
EXTI_SetPinSensitivity  0x00c473   0xbd  Code  Gb  stm8l15x_exti.o [1]
FLASH_IRQHandler        0x00df36    0x1  Code  Gb  stm8l15x_it.o [1]
FLASH_Lock              0x00de38    0xb  Code  Gb  stm8l15x_flash.o [1]
FLASH_ProgramByte       0x00defe    0x4  Code  Gb  stm8l15x_flash.o [1]
FLASH_Unlock            0x00dc02   0x19  Code  Gb  stm8l15x_flash.o [1]
FLASH_WaitForLastOperation
                        0x00d476   0x32  Code  Gb  stm8l15x_flash.o [1]
GPIO_DeInit             0x00dcf9   0x13  Code  Gb  stm8l15x_gpio.o [1]
GPIO_ExternalPullUpConfig
                        0x00dccf   0x15  Code  Gb  stm8l15x_gpio.o [1]
GPIO_Init               0x00cd80   0x6a  Code  Gb  stm8l15x_gpio.o [1]
GPIO_ReadInputDataBit   0x00dea4    0x7  Code  Gb  stm8l15x_gpio.o [1]
GPIO_ResetBits          0x00df02    0x4  Code  Gb  stm8l15x_gpio.o [1]
GPIO_SetBits            0x00de9d    0x7  Code  Gb  stm8l15x_gpio.o [1]
GetRunModePin           0x009b0e   0x59  Code  Gb  board.o [1]
GlobalChannel           0x0006cd    0x1  Data  Gb  LoRaMac.o [1]
GlobalDR                0x0006ce    0x1  Data  Gb  LoRaMac.o [1]
I2C1_SPI2_IRQHandler    0x00df45    0x1  Code  Gb  stm8l15x_it.o [1]
INTVEC$$Base            0x008000          --   Gb  - Linker created -
INTVEC$$Limit           0x008080          --   Gb  - Linker created -
IWDG_Enable             0x00ded0    0x5  Code  Gb  stm8l15x_iwdg.o [1]
IWDG_Init               0x009b67   0x3a  Code  Gb  board.o [1]
IWDG_ReloadCounter      0x00decb    0x5  Code  Gb  stm8l15x_iwdg.o [1]
IWDG_SetPrescaler       0x00df0a    0x4  Code  Gb  stm8l15x_iwdg.o [1]
IWDG_SetReload          0x00df0e    0x4  Code  Gb  stm8l15x_iwdg.o [1]
IWDG_WriteAccessCmd     0x00df06    0x4  Code  Gb  stm8l15x_iwdg.o [1]
InitRunModePin          0x009ad5   0x39  Code  Gb  board.o [1]
IrqNestLevel            0x0006d5    0x1  Data  Lc  system.o [1]
LCD_AES_IRQHandler      0x00df3c    0x1  Code  Gb  stm8l15x_it.o [1]
LoRaMacComputeMic       0x00bd69   0xee  Code  Gb  LoRaMacCrypto.o [1]
LoRaMacDevEuiInFlash    0x001155    0x8  Data  Gb  cfg_parm.o [1]
LoRaMacDevNonce         0x0006bf    0x2  Data  Lc  LoRaMac.o [1]
LoRaMacDevNonceCopy     0x0006c1    0x2  Data  Lc  LoRaMac.o [1]
LoRaMacInitialization   0x00c2ce   0xd5  Code  Gb  LoRaMac.o [1]
LoRaMacJoinComputeMic   0x00c6a4   0xa6  Code  Gb  LoRaMacCrypto.o [1]
LoRaMacJoinComputeSKeys
                        0x00c5eb   0xb9  Code  Gb  LoRaMacCrypto.o [1]
LoRaMacJoinDecrypt      0x00ceb7   0x5b  Code  Gb  LoRaMacCrypto.o [1]
LoRaMacOnRadioCadDone   0x00d658   0x2d  Code  Gb  LoRaMac.o [1]
LoRaMacOnRadioRxDone    0x00da3c   0x1e  Code  Lc  LoRaMac.o [1]
LoRaMacOnRadioRxDoneInLoop
                        0x009230  0x49a  Code  Lc  LoRaMac.o [1]
LoRaMacOnRadioRxError   0x00d53c   0x30  Code  Lc  LoRaMac.o [1]
LoRaMacOnRadioRxTimeout
                        0x00de2d    0xb  Code  Lc  LoRaMac.o [1]
LoRaMacOnRadioTxDone    0x00dd75    0xf  Code  Lc  LoRaMac.o [1]
LoRaMacOnRadioTxDoneInLoop
                        0x00d444   0x32  Code  Lc  LoRaMac.o [1]
LoRaMacOnRadioTxTimeout
                        0x00d962   0x22  Code  Lc  LoRaMac.o [1]
LoRaMacPayloadDecrypt   0x00d827   0x23  Code  Gb  LoRaMacCrypto.o [1]
LoRaMacPayloadEncrypt   0x00b673  0x10d  Code  Gb  LoRaMacCrypto.o [1]
LoRaMacRadioEvents      0x00064c   0x15  Data  Lc  LoRaMac.o [1]
LoRaMacStateCheck       0x00a995  0x1b7  Code  Gb  LoRaMac.o [1]
MODEM                   0x000042  0x19f  Data  Lc  modem.o [1]
Mic                     0x000661   0x10  Data  Lc  LoRaMacCrypto.o [1]
MicBlockB0              0x000010   0x10  Data  Lc  LoRaMacCrypto.o [1]
PWR_UltraLowPowerCmd    0x00ddee    0xd  Code  Gb  stm8l15x_pwr.o [1]
RTC_CSSLSE_IRQHandler   0x00d78d   0x29  Code  Gb  stm8l15x_it.o [1]
RTC_ClearITPendingBit   0x00de6d    0xa  Code  Gb  stm8l15x_rtc.o [1]
RTC_Config              0x009a01   0x85  Code  Gb  board.o [1]
RTC_DeInit              0x00c10a   0xe2  Code  Gb  stm8l15x_rtc.o [1]
RTC_EnterInitMode       0x00d8b3   0x23  Code  Gb  stm8l15x_rtc.o [1]
RTC_ITConfig            0x00d1fe   0x43  Code  Gb  stm8l15x_rtc.o [1]
RTC_SetWakeUpCounter    0x00dce4   0x15  Code  Gb  stm8l15x_rtc.o [1]
RTC_WaitForSynchro      0x00d5fb   0x2f  Code  Gb  stm8l15x_rtc.o [1]
RTC_WakeUpClockConfig   0x00d8d6   0x23  Code  Gb  stm8l15x_rtc.o [1]
RTC_WakeUpCmd           0x00d3a8   0x36  Code  Gb  stm8l15x_rtc.o [1]
Radio                   0x00cfb8   0x51  Data  Gb  sx1276-board.o [1]
RadioEvents             0x0006c9    0x2  Data  Lc  sx1276.o [1]
RadioIsActive           0x0006d4    0x1  Data  Lc  sx1276-board.o [1]
RadioRegsInit           0x00d59c   0x30  Data  Gb  sx1276.o [1]
RadioSetRx              0x00c91f   0x8a  Code  Gb  LoRaMac.o [1]
RadioSetTx              0x00b19e  0x166  Code  Gb  LoRaMac.o [1]
RadioTxBuffer           0x0003e7   0xd2  Data  Gb  board.o [1]
Region$$Table$$Base     0x00d9e9          --   Gb  - Linker created -
Region$$Table$$Limit    0x00d9fd          --   Gb  - Linker created -
RxChainCalibration      0x008233   0xd3  Code  Lc  sx1276.o [1]
RxDataLen               0x0006d0    0x1  Data  Gb  LoRaMac.o [1]
RxDoneFlag              0x0006d2    0x1  Data  Lc  LoRaMac.o [1]
RxDonepayload           0x0006c3    0x2  Data  Lc  LoRaMac.o [1]
RxDonerssi              0x0006c7    0x2  Data  Lc  LoRaMac.o [1]
RxDonesize              0x0006c5    0x2  Data  Lc  LoRaMac.o [1]
RxDonesnr               0x0006d1    0x1  Data  Lc  LoRaMac.o [1]
RxTimeoutSyncWord       0x00069d    0xe  Data  Gb  sx1276.o [1]
RxTimeoutTimer          0x00068f    0xe  Data  Gb  sx1276.o [1]
RxTxBuffer              0x0004b9   0xd2  Data  Lc  sx1276.o [1]
RxfCtrl                 0x0006cf    0x1  Data  Gb  LoRaMac.o [1]
SPI1_IRQHandler         0x00df44    0x1  Code  Gb  stm8l15x_it.o [1]
SPI_Cmd                 0x00dc49    0xd  Code  Gb  stm8l15x_spi.o [1]
SPI_GetFlagStatus       0x00dd0c   0x13  Code  Gb  stm8l15x_spi.o [1]
SPI_Init                0x00d50b   0x31  Code  Gb  stm8l15x_spi.o [1]
SPI_ReceiveData         0x00dc5b    0x5  Code  Gb  stm8l15x_spi.o [1]
SPI_SendData            0x00dc56    0x5  Code  Gb  stm8l15x_spi.o [1]
SWITCH_CSS_BREAK_DAC_IRQHandler
                        0x00df3d    0x1  Code  Gb  stm8l15x_it.o [1]
SX1276                  0x000629   0x23  Data  Gb  sx1276.o [1]
SX1276AntSwDeInit       0x00de8b    0x9  Code  Gb  sx1276-board.o [1]
SX1276AntSwInit         0x00d685    0x9  Code  Gb  sx1276-board.o [1]
SX1276CheckRfFrequency  0x00df28    0x3  Code  Gb  sx1276-board.o [1]
SX1276GetPaSelect       0x00dd1f   0x13  Code  Lc  sx1276-board.o [1]
SX1276GetStatus         0x008398    0x4  Code  Gb  sx1276.o [1]
SX1276Init              0x008306   0x92  Code  Gb  sx1276.o [1]
SX1276IoInit            0x00dbe8   0x1a  Code  Gb  sx1276-board.o [1]
SX1276IoIrqInit         0x00cb34   0x7e  Code  Gb  sx1276-board.o [1]
SX1276IsChannelFree     0x00839c   0x6d  Code  Gb  sx1276.o [1]
SX1276OnDio0Irq         0x00a7c7  0x1ce  Code  Gb  sx1276.o [1]
SX1276OnDio1Irq         0x00d09d   0x49  Code  Gb  sx1276.o [1]
SX1276OnDio2Irq         0x00c889   0x96  Code  Gb  sx1276.o [1]
SX1276OnDio3Irq         0x00cbb2   0x77  Code  Gb  sx1276.o [1]
SX1276OnTimeoutIrq      0x00c9a9   0x88  Code  Gb  sx1276.o [1]
SX1276Random            0x008409   0x6c  Code  Gb  sx1276.o [1]
SX1276Read              0x008128   0x11  Code  Gb  sx1276.o [1]
SX1276ReadBuffer        0x0080d8   0x50  Code  Gb  sx1276.o [1]
SX1276ReadFifo          0x008d3c    0x7  Code  Gb  sx1276.o [1]
SX1276ReadRssi          0x008cf4   0x48  Code  Gb  sx1276.o [1]
SX1276Reset             0x00d62a   0x2e  Code  Gb  sx1276-board.o [1]
SX1276Send              0x00891f   0xa0  Code  Gb  sx1276.o [1]
SX1276SetAntSw          0x00dc8d   0x16  Code  Gb  sx1276-board.o [1]
SX1276SetAntSwLowPower  0x00d68e   0x24  Code  Gb  sx1276-board.o [1]
SX1276SetBoardTcxo      0x00df46    0x1  Code  Lc  sx1276-board.o [1]
SX1276SetChannel        0x0081f5   0x3e  Code  Gb  sx1276.o [1]
SX1276SetModem          0x00817f   0x76  Code  Gb  sx1276.o [1]
SX1276SetOpMode         0x008139   0x2e  Code  Gb  sx1276.o [1]
SX1276SetPublicNetwork  0x00d763   0x2a  Code  Gb  sx1276.o [1]
SX1276SetRfTxPower      0x00c1ec   0xe2  Code  Gb  sx1276-board.o [1]
SX1276SetRx             0x0089bf  0x26d  Code  Gb  sx1276.o [1]
SX1276SetRxConfig       0x008475  0x249  Code  Gb  sx1276.o [1]
SX1276SetSleep          0x008167   0x18  Code  Gb  sx1276.o [1]
SX1276SetStby           0x008906   0x19  Code  Gb  sx1276.o [1]
SX1276SetTx             0x0088a4   0x5b  Code  Gb  sx1276.o [1]
SX1276SetTxConfig       0x0086be  0x1e6  Code  Gb  sx1276.o [1]
SX1276SetTxContinuousWave
                        0x008c56   0x9e  Code  Gb  sx1276.o [1]
SX1276StartCad          0x008c2c   0x2a  Code  Gb  sx1276.o [1]
SX1276Write             0x0080ca    0xe  Code  Gb  sx1276.o [1]
SX1276WriteBuffer       0x008080   0x4a  Code  Gb  sx1276.o [1]
SX1276WriteFifo         0x0088ff    0x7  Code  Gb  sx1276.o [1]
SYSDivFactor            0x00dee9    0x5  Data  Gb  stm8l15x_clk.o [1]
SendFrameOnChannel      0x00b304  0x137  Code  Gb  LoRaMac.o [1]
SendJoinRequest         0x00c3a3   0xd0  Code  Gb  LoRaMac.o [1]
SpiInOut                0x00d241   0x42  Code  Gb  spi-board.o [1]
SpiInit                 0x00d054   0x49  Code  Gb  spi-board.o [1]
SysTick_Handler         0x009dc7   0x2b  Code  Gb  timer.o [1]
TIM1_CC_IRQHandler      0x00df43    0x1  Code  Gb  stm8l15x_it.o [1]
TIM1_UPD_OVF_TRG_COM_IRQHandler
                        0x00df42    0x1  Code  Gb  stm8l15x_it.o [1]
TIM2_CC_USART2_RX_IRQHandler
                        0x00df3f    0x1  Code  Gb  stm8l15x_it.o [1]
TIM2_ClearITPendingBit  0x00ded5    0x5  Code  Gb  stm8l15x_tim2.o [1]
TIM2_UPD_OVF_TRG_BRK_USART2_TX_IRQHandler
                        0x00daf0   0x1d  Code  Gb  stm8l15x_it.o [1]
TIM3_CC_USART3_RX_IRQHandler
                        0x00df41    0x1  Code  Gb  stm8l15x_it.o [1]
TIM3_UPD_OVF_TRG_BRK_USART3_TX_IRQHandler
                        0x00df40    0x1  Code  Gb  stm8l15x_it.o [1]
TIM4_ClearFlag          0x00deda    0x5  Code  Gb  stm8l15x_tim4.o [1]
TIM4_ClearITPendingBit  0x00dedf    0x5  Code  Gb  stm8l15x_tim4.o [1]
TIM4_Cmd                0x00ddfb    0xd  Code  Gb  stm8l15x_tim4.o [1]
TIM4_Config             0x009a86   0x4f  Code  Gb  board.o [1]
TIM4_ITConfig           0x00dbce   0x1a  Code  Gb  stm8l15x_tim4.o [1]
TIM4_TimeBaseInit       0x00dd43   0x11  Code  Gb  stm8l15x_tim4.o [1]
TIM4_UPD_OVF_TRG_IRQHandler
                        0x00d9c8   0x21  Code  Gb  stm8l15x_it.o [1]
TRAP_IRQHandler         0x00df35    0x1  Code  Gb  stm8l15x_it.o [1]
TimerExists             0x00db62   0x1c  Code  Lc  timer.o [1]
TimerGetCurrentTime     0x00deab    0x7  Code  Gb  timer.o [1]
TimerGetElapsedTime     0x009cd2   0x3c  Code  Gb  timer.o [1]
TimerGetValue           0x009d0e    0xb  Code  Gb  timer.o [1]
TimerInit               0x009df2   0x33  Code  Gb  timer.o [1]
TimerInsertNewHeadTimer
                        0x009ef8   0x36  Code  Lc  timer.o [1]
TimerInsertTimer        0x009e25   0xd3  Code  Lc  timer.o [1]
TimerIrqHandler         0x009d19   0xae  Code  Gb  timer.o [1]
TimerListHead           0x0006cb    0x2  Data  Lc  timer.o [1]
TimerSetTimeout         0x009cbc   0x16  Code  Lc  timer.o [1]
TimerSetValue           0x00d91c   0x23  Code  Gb  timer.o [1]
TimerStart              0x00c7ef   0x9a  Code  Gb  timer.o [1]
TimerStop               0x00bf3f   0xe7  Code  Gb  timer.o [1]
TxDoneFlag              0x0006d3    0x1  Data  Lc  LoRaMac.o [1]
TxDoneTimerTick         0x0006b3    0x4  Data  Gb  LoRaMac.o [1]
TxTimeoutTimer          0x000681    0xe  Data  Gb  sx1276.o [1]
USART1_RX_TIM5_CC_IRQHandler
                        0x00d56c   0x30  Code  Gb  stm8l15x_it.o [1]
USART1_TX_TIM5_UPD_OVF_TRG_BRK_IRQHandler
                        0x00d9a6   0x22  Code  Gb  stm8l15x_it.o [1]
USART_ClearFlag         0x00df12    0x4  Code  Gb  stm8l15x_usart.o [1]
USART_ClearITPendingBit
                        0x00dee4    0x5  Code  Gb  stm8l15x_usart.o [1]
USART_Cmd               0x00dd65   0x10  Code  Gb  stm8l15x_usart.o [1]
USART_DeInit            0x00d8f9   0x23  Code  Gb  stm8l15x_usart.o [1]
USART_GetFlagStatus     0x00db0d   0x1d  Code  Gb  stm8l15x_usart.o [1]
USART_ITConfig          0x00cd12   0x6e  Code  Gb  stm8l15x_usart.o [1]
USART_Init              0x00ca31   0x82  Code  Gb  stm8l15x_usart.o [1]
USART_ReceiveData8      0x00df22    0x3  Code  Gb  stm8l15x_usart.o [1]
USART_SendData8         0x00df25    0x3  Code  Gb  stm8l15x_usart.o [1]
WWDG_Config             0x00df34    0x1  Code  Lc  board.o [1]
__DebugBreak            0x00df47    0x1  Code  Gb  __dbg_break.o [3]
__eeprom_write_32       0x00cc29   0x76  Code  Gb  eeprom.o [1]
__eeprom_write_8        0x00d4da   0x31  Code  Gb  eeprom.o [1]
__exit                  0x00dcb9   0x16  Code  Gb  __dbg_xxexit.o [3]
__iar_copy_init2        0x00d7b6         Code  Gb  init_small.o [4]
__iar_data_init2        0x00dab4   0x1e  Code  Gb  init.o [4]
__iar_program_start     0x00dc60         Code  Gb  cstartup.o [4]
__iar_unhandled_exception
                        0x00df2e         Code  Gb  unhandled_exception.o [4]
__iar_zero_init2        0x00dad2         Code  Gb  init_small.o [4]
__intvec                0x008000         Data  Gb  interrupt.o [4]
__low_level_init        0x00df2b    0x3  Code  Gb  low_level_init.o [4]
_exit                   0x00debf         Code  Gb  cexit.o [4]
_interrupt_1            0x00df35         Code  Gb  stm8l15x_it.o [1]
_interrupt_10           0x00d984         Code  Gb  stm8l15x_it.o [1]
_interrupt_11           0x00d84a         Code  Gb  stm8l15x_it.o [1]
_interrupt_12           0x00c530         Code  Gb  stm8l15x_it.o [1]
_interrupt_13           0x00da5a         Code  Gb  stm8l15x_it.o [1]
_interrupt_14           0x00d86d         Code  Gb  stm8l15x_it.o [1]
_interrupt_15           0x00d890         Code  Gb  stm8l15x_it.o [1]
_interrupt_16           0x00da78         Code  Gb  stm8l15x_it.o [1]
_interrupt_17           0x00da96         Code  Gb  stm8l15x_it.o [1]
_interrupt_18           0x00df3c         Code  Gb  stm8l15x_it.o [1]
_interrupt_19           0x00df3d         Code  Gb  stm8l15x_it.o [1]
_interrupt_20           0x00df3e         Code  Gb  stm8l15x_it.o [1]
_interrupt_21           0x00daf0         Code  Gb  stm8l15x_it.o [1]
_interrupt_22           0x00df3f         Code  Gb  stm8l15x_it.o [1]
_interrupt_23           0x00df40         Code  Gb  stm8l15x_it.o [1]
_interrupt_24           0x00df41         Code  Gb  stm8l15x_it.o [1]
_interrupt_25           0x00df42         Code  Gb  stm8l15x_it.o [1]
_interrupt_26           0x00df43         Code  Gb  stm8l15x_it.o [1]
_interrupt_27           0x00d9c8         Code  Gb  stm8l15x_it.o [1]
_interrupt_28           0x00df44         Code  Gb  stm8l15x_it.o [1]
_interrupt_29           0x00d9a6         Code  Gb  stm8l15x_it.o [1]
_interrupt_3            0x00df36         Code  Gb  stm8l15x_it.o [1]
_interrupt_30           0x00d56c         Code  Gb  stm8l15x_it.o [1]
_interrupt_31           0x00df45         Code  Gb  stm8l15x_it.o [1]
_interrupt_4            0x00df37         Code  Gb  stm8l15x_it.o [1]
_interrupt_5            0x00df38         Code  Gb  stm8l15x_it.o [1]
_interrupt_6            0x00d78d         Code  Gb  stm8l15x_it.o [1]
_interrupt_7            0x00df39         Code  Gb  stm8l15x_it.o [1]
_interrupt_8            0x00df3a         Code  Gb  stm8l15x_it.o [1]
_interrupt_9            0x00df3b         Code  Gb  stm8l15x_it.o [1]
aBlock                  0x000020   0x10  Data  Lc  LoRaMacCrypto.o [1]
aLarmTimerTime          0x00003a    0x4  Data  Gb  timer.o [1]
add_round_key           0x00a7c3    0x4  Code  Lc  aes.o [1]
aes_encrypt             0x00cc9f   0x73  Code  Gb  aes.o [1]
aes_set_key             0x00b43b  0x120  Code  Gb  aes.o [1]
cfg_parm_dump_to_ram    0x00be57   0xe8  Code  Gb  cfg_parm.o [1]
cfg_parm_factory_reset  0x00ae9a  0x192  Code  Gb  cfg_parm.o [1]
cfg_parm_get_uart_baud  0x00cdea   0x68  Code  Gb  cfg_parm.o [1]
cfg_parm_get_uart_parity
                        0x00dc1b   0x17  Code  Gb  cfg_parm.o [1]
cfg_parm_get_wakeup_time
                        0x00d283   0x3f  Code  Gb  cfg_parm.o [1]
cfg_parm_restore        0x00b55b  0x118  Code  Gb  cfg_parm.o [1]
copy_and_key            0x00a6c4   0xff  Code  Lc  aes.o [1]
copy_block              0x00c74a   0xa5  Code  Lc  aes.o [1]
copy_block_nn           0x00db9a   0x1a  Code  Lc  aes.o [1]
cpystr                  0x00dbb4   0x1a  Code  Gb  hex.o [1]
delay_10us              0x00cf67   0x51  Code  Gb  delay.o [1]
evnames                 0x000030    0xa  Data  Lc  modem.o [1]
exit                    0x00df1a    0x4  Code  Gb  exit.o [4]
factorystring           0x001000   0xfa  Data  Gb  cfg_parm.o [1]
frame_init              0x00d738   0x2b  Code  Gb  frame.o [1]
frame_rx                0x00bc7a   0xef  Code  Gb  frame.o [1]
gethex                  0x00d009   0x4b  Code  Gb  hex.o [1]
gfm2_sbox               0x00b880  0x100  Data  Lc  aes.o [1]
gfm3_sbox               0x00b980  0x100  Data  Lc  aes.o [1]
hexval                  0x00ba80  0x100  Data  Lc  hex.o [1]
main                    0x00db2a   0x1c  Code  Gb  main.o [1]
memcpy                  0x00d9fd   0x20  Code  Gb  memcpy.o [4]
memcpy1                 0x00d803   0x24  Code  Gb  utilities.o [1]
memcpyr                 0x00d6b2   0x2d  Code  Gb  utilities.o [1]
memset                  0x00dca3   0x16  Code  Gb  memset.o [4]
memset1                 0x00db7e   0x1c  Code  Gb  utilities.o [1]
mix_sub_columns         0x009f2e  0x259  Code  Lc  aes.o [1]
modem_init              0x00db46   0x1c  Code  Gb  modem.o [1]
modem_rxdone            0x008d43  0x4ed  Code  Gb  modem.o [1]
next                    0x00003e    0x4  Data  Lc  utilities.o [1]
onEvent                 0x00d0e6   0x46  Code  Gb  modem.o [1]
putchar                 0x00d5cc   0x2f  Code  Gb  comport.o [1]
puthex                  0x00d338   0x38  Code  Gb  hex.o [1]
rand1                   0x00d3de   0x34  Code  Gb  utilities.o [1]
randr                   0x00d370   0x38  Code  Gb  utilities.o [1]
reverse                 0x00d2c2   0x3d  Code  Gb  hex.o [1]
ring_buffer_dequeue     0x00da1d   0x1f  Code  Gb  ring_buf.o [1]
ring_buffer_init        0x00dc77   0x16  Code  Gb  ring_buf.o [1]
ring_buffer_is_empty    0x00de15    0xc  Code  Gb  ring_buf.o [1]
ringbuf_elements        0x00d7de   0x25  Code  Gb  ring_buf.o [1]
ringbuf_get             0x00d12c   0x46  Code  Gb  ring_buf.o [1]
ringbuf_put             0x00cf12   0x55  Code  Gb  ring_buf.o [1]
rxframe                 0x0006ab    0x8  Data  Gb  frame.o [1]
sBlock                  0x000671   0x10  Data  Lc  LoRaMacCrypto.o [1]
sTartAlarmTimerTime     0x0006bb    0x4  Data  Gb  timer.o [1]
sbox                    0x00b780  0x100  Data  Lc  aes.o [1]
shift_sub_rows          0x00bb80   0xfa  Code  Lc  aes.o [1]
srand1                  0x00deb2    0x7  Code  Gb  utilities.o [1]
stNvCfgParm             0x0010fa   0x5b  Data  Gb  cfg_parm.o [1]
stTmpCfgParm            0x00058b   0x5b  Data  Gb  cfg_parm.o [1]
strlen                  0x00de08    0xd  Code  Gb  strlen.o [4]
systick                 0x0006b7    0x4  Data  Gb  timer.o [1]
tolower                 0x00dd32   0x11  Code  Gb  hex.o [1]
uart_rx_ring_buf        0x0005e6   0x43  Data  Gb  comport.o [1]
xor_block               0x00a5b8  0x10c  Code  Lc  aes.o [1]


[1] = D:\stm8lora\src\stm8l15x-sx1278\STM8L15x-16x-05x-AL31-L_StdPeriph_Lib\Project\STM8L151G6U6_Sx1278\EWSTM8\STM8L15X_MD(STM8L15xx4_6)\Obj
[2] = command line
[3] = dbgstm8mmd.a
[4] = dlstm8mmf.a

  22 913 bytes of readonly  code memory
   1 479 bytes of readonly  data memory
   2 355 bytes of readwrite data memory

Errors: none
Warnings: none
