###############################################################################
#
# IAR ELF Linker V2.20.1.176 for STM8                     09/Dec/2018  19:42:03
# Copyright 2010-2015 IAR Systems AB.
#
#    Output file  =  
#        D:\stm8lora\src\stm8l15x-sx1278\STM8L15x-16x-05x-AL31-L_StdPeriph_Lib\Project\STM8L151G6U6_Sx1278\EWSTM8\STM8L15X_MD(STM8L15xx4_6)\Exe\project.out
#    Map file     =  
#        D:\stm8lora\src\stm8l15x-sx1278\STM8L15x-16x-05x-AL31-L_StdPeriph_Lib\Project\STM8L151G6U6_Sx1278\EWSTM8\STM8L15X_MD(STM8L15xx4_6)\List\project.map
#    Command line =  
#        "D:\stm8lora\src\stm8l15x-sx1278\STM8L15x-16x-05x-AL31-L_StdPeriph_Lib\Project\STM8L151G6U6_Sx1278\EWSTM8\STM8L15X_MD(STM8L15xx4_6)\Obj\board.o"
#        "D:\stm8lora\src\stm8l15x-sx1278\STM8L15x-16x-05x-AL31-L_StdPeriph_Lib\Project\STM8L151G6U6_Sx1278\EWSTM8\STM8L15X_MD(STM8L15xx4_6)\Obj\cfg_parm.o"
#        "D:\stm8lora\src\stm8l15x-sx1278\STM8L15x-16x-05x-AL31-L_StdPeriph_Lib\Project\STM8L151G6U6_Sx1278\EWSTM8\STM8L15X_MD(STM8L15xx4_6)\Obj\comport.o"
#        "D:\stm8lora\src\stm8l15x-sx1278\STM8L15x-16x-05x-AL31-L_StdPeriph_Lib\Project\STM8L151G6U6_Sx1278\EWSTM8\STM8L15X_MD(STM8L15xx4_6)\Obj\config_mode.o"
#        "D:\stm8lora\src\stm8l15x-sx1278\STM8L15x-16x-05x-AL31-L_StdPeriph_Lib\Project\STM8L151G6U6_Sx1278\EWSTM8\STM8L15X_MD(STM8L15xx4_6)\Obj\crc8.o"
#        "D:\stm8lora\src\stm8l15x-sx1278\STM8L15x-16x-05x-AL31-L_StdPeriph_Lib\Project\STM8L151G6U6_Sx1278\EWSTM8\STM8L15X_MD(STM8L15xx4_6)\Obj\delay.o"
#        "D:\stm8lora\src\stm8l15x-sx1278\STM8L15x-16x-05x-AL31-L_StdPeriph_Lib\Project\STM8L151G6U6_Sx1278\EWSTM8\STM8L15X_MD(STM8L15xx4_6)\Obj\eeprom.o"
#        "D:\stm8lora\src\stm8l15x-sx1278\STM8L15x-16x-05x-AL31-L_StdPeriph_Lib\Project\STM8L151G6U6_Sx1278\EWSTM8\STM8L15X_MD(STM8L15xx4_6)\Obj\lowpower_mode.o"
#        "D:\stm8lora\src\stm8l15x-sx1278\STM8L15x-16x-05x-AL31-L_StdPeriph_Lib\Project\STM8L151G6U6_Sx1278\EWSTM8\STM8L15X_MD(STM8L15xx4_6)\Obj\main.o"
#        "D:\stm8lora\src\stm8l15x-sx1278\STM8L15x-16x-05x-AL31-L_StdPeriph_Lib\Project\STM8L151G6U6_Sx1278\EWSTM8\STM8L15X_MD(STM8L15xx4_6)\Obj\manufacture_parm.o"
#        "D:\stm8lora\src\stm8l15x-sx1278\STM8L15x-16x-05x-AL31-L_StdPeriph_Lib\Project\STM8L151G6U6_Sx1278\EWSTM8\STM8L15X_MD(STM8L15xx4_6)\Obj\normal_mode.o"
#        "D:\stm8lora\src\stm8l15x-sx1278\STM8L15x-16x-05x-AL31-L_StdPeriph_Lib\Project\STM8L151G6U6_Sx1278\EWSTM8\STM8L15X_MD(STM8L15xx4_6)\Obj\ring_buf.o"
#        "D:\stm8lora\src\stm8l15x-sx1278\STM8L15x-16x-05x-AL31-L_StdPeriph_Lib\Project\STM8L151G6U6_Sx1278\EWSTM8\STM8L15X_MD(STM8L15xx4_6)\Obj\spi-board.o"
#        "D:\stm8lora\src\stm8l15x-sx1278\STM8L15x-16x-05x-AL31-L_StdPeriph_Lib\Project\STM8L151G6U6_Sx1278\EWSTM8\STM8L15X_MD(STM8L15xx4_6)\Obj\stm8l15x_adc.o"
#        "D:\stm8lora\src\stm8l15x-sx1278\STM8L15x-16x-05x-AL31-L_StdPeriph_Lib\Project\STM8L151G6U6_Sx1278\EWSTM8\STM8L15X_MD(STM8L15xx4_6)\Obj\stm8l15x_beep.o"
#        "D:\stm8lora\src\stm8l15x-sx1278\STM8L15x-16x-05x-AL31-L_StdPeriph_Lib\Project\STM8L151G6U6_Sx1278\EWSTM8\STM8L15X_MD(STM8L15xx4_6)\Obj\stm8l15x_clk.o"
#        "D:\stm8lora\src\stm8l15x-sx1278\STM8L15x-16x-05x-AL31-L_StdPeriph_Lib\Project\STM8L151G6U6_Sx1278\EWSTM8\STM8L15X_MD(STM8L15xx4_6)\Obj\stm8l15x_comp.o"
#        "D:\stm8lora\src\stm8l15x-sx1278\STM8L15x-16x-05x-AL31-L_StdPeriph_Lib\Project\STM8L151G6U6_Sx1278\EWSTM8\STM8L15X_MD(STM8L15xx4_6)\Obj\stm8l15x_dac.o"
#        "D:\stm8lora\src\stm8l15x-sx1278\STM8L15x-16x-05x-AL31-L_StdPeriph_Lib\Project\STM8L151G6U6_Sx1278\EWSTM8\STM8L15X_MD(STM8L15xx4_6)\Obj\stm8l15x_dma.o"
#        "D:\stm8lora\src\stm8l15x-sx1278\STM8L15x-16x-05x-AL31-L_StdPeriph_Lib\Project\STM8L151G6U6_Sx1278\EWSTM8\STM8L15X_MD(STM8L15xx4_6)\Obj\stm8l15x_exti.o"
#        "D:\stm8lora\src\stm8l15x-sx1278\STM8L15x-16x-05x-AL31-L_StdPeriph_Lib\Project\STM8L151G6U6_Sx1278\EWSTM8\STM8L15X_MD(STM8L15xx4_6)\Obj\stm8l15x_flash.o"
#        "D:\stm8lora\src\stm8l15x-sx1278\STM8L15x-16x-05x-AL31-L_StdPeriph_Lib\Project\STM8L151G6U6_Sx1278\EWSTM8\STM8L15X_MD(STM8L15xx4_6)\Obj\stm8l15x_gpio.o"
#        "D:\stm8lora\src\stm8l15x-sx1278\STM8L15x-16x-05x-AL31-L_StdPeriph_Lib\Project\STM8L151G6U6_Sx1278\EWSTM8\STM8L15X_MD(STM8L15xx4_6)\Obj\stm8l15x_i2c.o"
#        "D:\stm8lora\src\stm8l15x-sx1278\STM8L15x-16x-05x-AL31-L_StdPeriph_Lib\Project\STM8L151G6U6_Sx1278\EWSTM8\STM8L15X_MD(STM8L15xx4_6)\Obj\stm8l15x_irtim.o"
#        "D:\stm8lora\src\stm8l15x-sx1278\STM8L15x-16x-05x-AL31-L_StdPeriph_Lib\Project\STM8L151G6U6_Sx1278\EWSTM8\STM8L15X_MD(STM8L15xx4_6)\Obj\stm8l15x_it.o"
#        "D:\stm8lora\src\stm8l15x-sx1278\STM8L15x-16x-05x-AL31-L_StdPeriph_Lib\Project\STM8L151G6U6_Sx1278\EWSTM8\STM8L15X_MD(STM8L15xx4_6)\Obj\stm8l15x_itc.o"
#        "D:\stm8lora\src\stm8l15x-sx1278\STM8L15x-16x-05x-AL31-L_StdPeriph_Lib\Project\STM8L151G6U6_Sx1278\EWSTM8\STM8L15X_MD(STM8L15xx4_6)\Obj\stm8l15x_iwdg.o"
#        "D:\stm8lora\src\stm8l15x-sx1278\STM8L15x-16x-05x-AL31-L_StdPeriph_Lib\Project\STM8L151G6U6_Sx1278\EWSTM8\STM8L15X_MD(STM8L15xx4_6)\Obj\stm8l15x_lcd.o"
#        "D:\stm8lora\src\stm8l15x-sx1278\STM8L15x-16x-05x-AL31-L_StdPeriph_Lib\Project\STM8L151G6U6_Sx1278\EWSTM8\STM8L15X_MD(STM8L15xx4_6)\Obj\stm8l15x_pwr.o"
#        "D:\stm8lora\src\stm8l15x-sx1278\STM8L15x-16x-05x-AL31-L_StdPeriph_Lib\Project\STM8L151G6U6_Sx1278\EWSTM8\STM8L15X_MD(STM8L15xx4_6)\Obj\stm8l15x_rst.o"
#        "D:\stm8lora\src\stm8l15x-sx1278\STM8L15x-16x-05x-AL31-L_StdPeriph_Lib\Project\STM8L151G6U6_Sx1278\EWSTM8\STM8L15X_MD(STM8L15xx4_6)\Obj\stm8l15x_rtc.o"
#        "D:\stm8lora\src\stm8l15x-sx1278\STM8L15x-16x-05x-AL31-L_StdPeriph_Lib\Project\STM8L151G6U6_Sx1278\EWSTM8\STM8L15X_MD(STM8L15xx4_6)\Obj\stm8l15x_spi.o"
#        "D:\stm8lora\src\stm8l15x-sx1278\STM8L15x-16x-05x-AL31-L_StdPeriph_Lib\Project\STM8L151G6U6_Sx1278\EWSTM8\STM8L15X_MD(STM8L15xx4_6)\Obj\stm8l15x_syscfg.o"
#        "D:\stm8lora\src\stm8l15x-sx1278\STM8L15x-16x-05x-AL31-L_StdPeriph_Lib\Project\STM8L151G6U6_Sx1278\EWSTM8\STM8L15X_MD(STM8L15xx4_6)\Obj\stm8l15x_tim1.o"
#        "D:\stm8lora\src\stm8l15x-sx1278\STM8L15x-16x-05x-AL31-L_StdPeriph_Lib\Project\STM8L151G6U6_Sx1278\EWSTM8\STM8L15X_MD(STM8L15xx4_6)\Obj\stm8l15x_tim2.o"
#        "D:\stm8lora\src\stm8l15x-sx1278\STM8L15x-16x-05x-AL31-L_StdPeriph_Lib\Project\STM8L151G6U6_Sx1278\EWSTM8\STM8L15X_MD(STM8L15xx4_6)\Obj\stm8l15x_tim3.o"
#        "D:\stm8lora\src\stm8l15x-sx1278\STM8L15x-16x-05x-AL31-L_StdPeriph_Lib\Project\STM8L151G6U6_Sx1278\EWSTM8\STM8L15X_MD(STM8L15xx4_6)\Obj\stm8l15x_tim4.o"
#        "D:\stm8lora\src\stm8l15x-sx1278\STM8L15x-16x-05x-AL31-L_StdPeriph_Lib\Project\STM8L151G6U6_Sx1278\EWSTM8\STM8L15X_MD(STM8L15xx4_6)\Obj\stm8l15x_tim5.o"
#        "D:\stm8lora\src\stm8l15x-sx1278\STM8L15x-16x-05x-AL31-L_StdPeriph_Lib\Project\STM8L151G6U6_Sx1278\EWSTM8\STM8L15X_MD(STM8L15xx4_6)\Obj\stm8l15x_usart.o"
#        "D:\stm8lora\src\stm8l15x-sx1278\STM8L15x-16x-05x-AL31-L_StdPeriph_Lib\Project\STM8L151G6U6_Sx1278\EWSTM8\STM8L15X_MD(STM8L15xx4_6)\Obj\stm8l15x_wfe.o"
#        "D:\stm8lora\src\stm8l15x-sx1278\STM8L15x-16x-05x-AL31-L_StdPeriph_Lib\Project\STM8L151G6U6_Sx1278\EWSTM8\STM8L15X_MD(STM8L15xx4_6)\Obj\stm8l15x_wwdg.o"
#        "D:\stm8lora\src\stm8l15x-sx1278\STM8L15x-16x-05x-AL31-L_StdPeriph_Lib\Project\STM8L151G6U6_Sx1278\EWSTM8\STM8L15X_MD(STM8L15xx4_6)\Obj\sx1276-board.o"
#        "D:\stm8lora\src\stm8l15x-sx1278\STM8L15x-16x-05x-AL31-L_StdPeriph_Lib\Project\STM8L151G6U6_Sx1278\EWSTM8\STM8L15X_MD(STM8L15xx4_6)\Obj\sx1276.o"
#        "D:\stm8lora\src\stm8l15x-sx1278\STM8L15x-16x-05x-AL31-L_StdPeriph_Lib\Project\STM8L151G6U6_Sx1278\EWSTM8\STM8L15X_MD(STM8L15xx4_6)\Obj\system.o"
#        "D:\stm8lora\src\stm8l15x-sx1278\STM8L15x-16x-05x-AL31-L_StdPeriph_Lib\Project\STM8L151G6U6_Sx1278\EWSTM8\STM8L15X_MD(STM8L15xx4_6)\Obj\test_mode.o"
#        "D:\stm8lora\src\stm8l15x-sx1278\STM8L15x-16x-05x-AL31-L_StdPeriph_Lib\Project\STM8L151G6U6_Sx1278\EWSTM8\STM8L15X_MD(STM8L15xx4_6)\Obj\timer.o"
#        "D:\stm8lora\src\stm8l15x-sx1278\STM8L15x-16x-05x-AL31-L_StdPeriph_Lib\Project\STM8L151G6U6_Sx1278\EWSTM8\STM8L15X_MD(STM8L15xx4_6)\Obj\utilities.o"
#        "D:\stm8lora\src\stm8l15x-sx1278\STM8L15x-16x-05x-AL31-L_StdPeriph_Lib\Project\STM8L151G6U6_Sx1278\EWSTM8\STM8L15X_MD(STM8L15xx4_6)\Obj\wakeup_mode.o"
#        --redirect _Printf=_PrintfFullNoMb --redirect _Scanf=_ScanfFullNoMb -o
#        "D:\stm8lora\src\stm8l15x-sx1278\STM8L15x-16x-05x-AL31-L_StdPeriph_Lib\Project\STM8L151G6U6_Sx1278\EWSTM8\STM8L15X_MD(STM8L15xx4_6)\Exe\project.out"
#        --map
#        "D:\stm8lora\src\stm8l15x-sx1278\STM8L15x-16x-05x-AL31-L_StdPeriph_Lib\Project\STM8L151G6U6_Sx1278\EWSTM8\STM8L15X_MD(STM8L15xx4_6)\List\project.map"
#        --config "C:\Program Files (x86)\IAR Systems\Embedded Workbench
#        7.3\stm8\config\lnkstm8l151g6.icf" --config_def _CSTACK_SIZE=0x300
#        --config_def _HEAP_SIZE=0x00 --entry __iar_program_start --debug_lib
#
###############################################################################

*******************************************************************************
*** RUNTIME MODEL ATTRIBUTES
***

__Heap_Handler             = Basic
__SystemLibrary            = DLib
__code_model               = medium_or_large
__core                     = stm8
__data_model               = medium
__dlib_file_descriptor     = 1
__dlib_full_locale_support = 1
__rt_version               = 4


*******************************************************************************
*** PLACEMENT SUMMARY
***

"A1":  place at start of [0x000000-0x0000ff] { rw section .vregs };
"A2":  place at end of [0x000000-0x0007ff] { block CSTACK };
"P2":  place in [from 0x000000 to 0x0007ff] {
          block HEAP, rw section __DLIB_PERTHREAD, rw section .far.bss,
          rw section .far.data, rw section .far.noinit,
          rw section .far_func.textrw, rw section .huge.bss,
          rw section .huge.data, rw section .huge.noinit,
          rw section .huge_func.textrw, rw section .iar.dynexit,
          rw section .near.bss, rw section .near.data, rw section .near.noinit,
          rw section .near_func.textrw };
"A3":  place at start of [0x008000-0x00ffff] { block INTVEC };
"P3":  place in [from 0x008000 to 0x00ffff] {
          ro section __DLIB_PERTHREAD_init, ro section .far.data_init,
          ro section .far_func.textrw_init, ro section .huge.data_init,
          ro section .huge_func.textrw_init, ro section .iar.init_table,
          ro section .init_array, ro section .near.data_init,
          ro section .near.rodata, ro section .near_func.text,
          ro section .near_func.textrw_init, ro section .tiny.data_init,
          ro section .tiny.rodata_init };
"P4":  place in [from 0x008000 to 0x00ffff] {
          ro section .far.rodata, ro section .far_func.text };
"P7":  place in [from 0x001000 to 0x0013ff] { section .eeprom.data };

  Section            Kind      Address    Size  Object
  -------            ----      -------    ----  ------
"A1":                                     0x10
  .vregs             uninit   0x000000    0x10  vregs.o [4]
                            - 0x000010    0x10

"P2", part 1 of 2:                        0x32
  P2-1                        0x000010    0x32  <Init block>
    .near.data       inited   0x000010     0x4  timer.o [1]
    .near.data       inited   0x000014    0x2e  localeconv.o [4]
                            - 0x000042    0x32

"P2", part 2 of 2:                       0x47d
  .near.bss          zero     0x000042   0x100  crc8.o [1]
  .near.bss          zero     0x000142   0x100  sx1276.o [1]
  .near.bss          zero     0x000242    0x83  comport.o [1]
  .near.bss          zero     0x0002c5    0x83  comport.o [1]
  .near.bss          zero     0x000348    0x51  sx1276.o [1]
  .near.bss          zero     0x000399    0x3d  normal_mode.o [1]
  .near.bss          zero     0x0003d6    0x3a  wakeup_mode.o [1]
  .near.bss          zero     0x000410    0x15  config_mode.o [1]
  .near.bss          zero     0x000425    0x15  lowpower_mode.o [1]
  .near.bss          zero     0x00043a    0x15  normal_mode.o [1]
  .near.bss          zero     0x00044f    0x15  test_mode.o [1]
  .near.bss          zero     0x000464    0x15  wakeup_mode.o [1]
  .near.bss          zero     0x000479     0xe  sx1276.o [1]
  .near.bss          zero     0x000487     0xe  sx1276.o [1]
  .near.bss          zero     0x000495     0xe  sx1276.o [1]
  .near.bss          zero     0x0004a3     0x5  cfg_parm.o [1]
  .near.bss          zero     0x0004a8     0x4  timer.o [1]
  .near.bss          zero     0x0004ac     0x4  timer.o [1]
  .near.bss          zero     0x0004b0     0x3  localeconv.o [4]
  .near.bss          zero     0x0004b3     0x2  sx1276.o [1]
  .near.bss          zero     0x0004b5     0x2  test_mode.o [1]
  .near.bss          zero     0x0004b7     0x2  timer.o [1]
  .near.bss          zero     0x0004b9     0x1  lowpower_mode.o [1]
  .near.bss          zero     0x0004ba     0x1  normal_mode.o [1]
  .near.bss          zero     0x0004bb     0x1  sx1276-board.o [1]
  .near.bss          zero     0x0004bc     0x1  system.o [1]
  .near.bss          zero     0x0004bd     0x1  test_mode.o [1]
  .near.bss          zero     0x0004be     0x1  wakeup_mode.o [1]
                            - 0x0004bf   0x47d

"A2":                                    0x300
  CSTACK                      0x000500   0x300  <Block>
    CSTACK           uninit   0x000500   0x300  <Block tail>
                            - 0x000800   0x300

"P7":                                     0x19
  .eeprom.data       rw data  0x001000    0x14  manufacture_parm.o [1]
  .eeprom.data       rw data  0x001014     0x5  cfg_parm.o [1]
                            - 0x001019    0x19

"A3":                                     0x80
  INTVEC                      0x008000    0x80  <Block>
    .intvec          const    0x008000    0x80  interrupt.o [4]
                            - 0x008080    0x80

"P3":                                    0x22d
  .near.rodata       const    0x008080    0x6e  sx1276.o [1]
  .near.rodata       const    0x0080ee    0x51  sx1276-board.o [1]
  .near_func.text    const    0x00813f    0x3c  xprintffull_nomb.o [4]
  Initializer bytes  const    0x00817b    0x32  <for P2-1>
  .near.rodata       const    0x0081ad    0x30  sx1276.o [1]
  .near.rodata       const    0x0081dd    0x23  test_mode.o [1]
  .iar.init_table    const    0x008200    0x14  - Linker created -
  .near.rodata       const    0x008214    0x10  test_mode.o [1]
  .near.rodata       const    0x008224     0xe  test_mode.o [1]
  .near.rodata       const    0x008232     0xc  lowpower_mode.o [1]
  .near.rodata       const    0x00823e     0xc  normal_mode.o [1]
  .near.rodata       const    0x00824a     0xb  lowpower_mode.o [1]
  .near.rodata       const    0x008255     0xa  lowpower_mode.o [1]
  .near.rodata       const    0x00825f     0x9  config_mode.o [1]
  .near.rodata       const    0x008268     0x9  normal_mode.o [1]
  .near.rodata       const    0x008271     0x9  wakeup_mode.o [1]
  .near.rodata       const    0x00827a     0x7  test_mode.o [1]
  .near.rodata       const    0x008281     0x7  xprintffull_nomb.o [4]
  .near.rodata       const    0x008288     0x6  localeconv.o [4]
  .near.rodata       const    0x00828e     0x5  stm8l15x_clk.o [1]
  .near.rodata       const    0x008293     0x5  localeconv.o [4]
  .near.rodata       const    0x008298     0x4  xprintffull_nomb.o [4]
  .near.rodata       const    0x00829c     0x4  xprintffull_nomb.o [4]
  .near.rodata       const    0x0082a0     0x4  xprintffull_nomb.o [4]
  .near.rodata       const    0x0082a4     0x4  xprintffull_nomb.o [4]
  .near.rodata       const    0x0082a8     0x2  xprintffull_nomb.o [4]
  .near.rodata       const    0x0082aa     0x2  localeconv.o [4]
  .near.rodata       const    0x0082ac     0x1  localeconv.o [4]
                            - 0x0082ad   0x22d

"P4":                                   0x713c
  .far_func.text     ro code  0x0082ad   0x4f2  xprintffull_nomb.o [4]
  .far_func.text     ro code  0x00879f   0x4d6  float.o [4]
  .far_func.text     ro code  0x008c75   0x49a  xprintffull_nomb.o [4]
  .far_func.text     ro code  0x00910f   0x3cf  sx1276.o [1]
  .far_func.text     ro code  0x0094de   0x3bf  xprintffull_nomb.o [4]
  .far_func.text     ro code  0x00989d   0x3b5  sx1276.o [1]
  .far_func.text     ro code  0x009c52   0x341  sx1276.o [1]
  .far_func.text     ro code  0x009f93   0x329  sx1276.o [1]
  .far_func.text     ro code  0x00a2bc   0x2fc  sx1276.o [1]
  .far_func.text     ro code  0x00a5b8   0x2b9  normal_mode.o [1]
  .far_func.text     ro code  0x00a871   0x286  config_mode.o [1]
  .far_func.text     ro code  0x00aaf7   0x261  long.o [4]
  .far_func.text     ro code  0x00ad58   0x21b  wakeup_mode.o [1]
  .far_func.text     ro code  0x00af73   0x20d  vreg_util.o [4]
  .far_func.text     ro code  0x00b180   0x1c5  comport.o [1]
  .far_func.text     ro code  0x00b345   0x184  lowpower_mode.o [1]
  .far_func.text     ro code  0x00b4c9   0x182  timer.o [1]
  .far_func.text     ro code  0x00b64b   0x17f  xprintffull_nomb.o [4]
  .far_func.text     ro code  0x00b7ca   0x162  float_libsup.o [4]
  .far_func.text     ro code  0x00b92c   0x15c  timer.o [1]
  .far_func.text     ro code  0x00ba88   0x151  sx1276.o [1]
  .far_func.text     ro code  0x00bbd9   0x13b  sx1276.o [1]
  .far_func.text     ro code  0x00bd14   0x130  sx1276.o [1]
  .far_func.text     ro code  0x00be44   0x128  sx1276.o [1]
  .far_func.text     ro code  0x00bf6c   0x127  stm8l15x_exti.o [1]
  .far_func.text     ro code  0x00c093   0x119  lowpower_mode.o [1]
  .far_func.text     ro code  0x00c1ac   0x110  board.o [1]
  .far_func.text     ro code  0x00c2bc   0x106  sx1276-board.o [1]
  .far_func.text     ro code  0x00c3c2   0x104  stm8l15x_rtc.o [1]
  .far_func.text     ro code  0x00c4c6    0xf0  stm8l15x_it.o [1]
  .far_func.text     ro code  0x00c5b6    0xe4  sx1276.o [1]
  .far_func.text     ro code  0x00c69a    0xdc  stm8l15x_usart.o [1]
  .far_func.text     ro code  0x00c776    0xd6  long_util.o [4]
  .far_func.text     ro code  0x00c84c    0xd4  timer.o [1]
  .far_func.text     ro code  0x00c920    0xd4  wakeup_mode.o [1]
  .far_func.text     ro code  0x00c9f4    0xcb  timer.o [1]
  .far_func.text     ro code  0x00cabf    0xca  xdint.o [4]
  .far_func.text     ro code  0x00cb89    0xc1  lowpower_mode.o [1]
  .far_func.text     ro code  0x00cc4a    0xb2  sx1276.o [1]
  .far_func.text     ro code  0x00ccfc    0xb1  sx1276.o [1]
  .far_func.text     ro code  0x00cdad    0xaf  cfg_parm.o [1]
  .far_func.text     ro code  0x00ce5c    0xaf  stm8l15x_gpio.o [1]
  .far_func.text     ro code  0x00cf0b    0xaa  sx1276-board.o [1]
  .far_func.text     ro code  0x00cfb5    0xa5  normal_mode.o [1]
  .far_func.text     ro code  0x00d05a    0xa5  wakeup_mode.o [1]
  .far_func.text     ro code  0x00d0ff    0xa4  sx1276.o [1]
  .far_func.text     ro code  0x00d1a3    0xa0  cfg_parm.o [1]
  .far_func.text     ro code  0x00d243    0x9e  stm8l15x_clk.o [1]
  .far_func.text     ro code  0x00d2e1    0x97  cfg_parm.o [1]
  .far_func.text     ro code  0x00d378    0x95  stm8l15x_usart.o [1]
  .far_func.text     ro code  0x00d40d    0x94  stm8l15x_clk.o [1]
  .far_func.text     ro code  0x00d4a1    0x94  test_mode.o [1]
  .far_func.text     ro code  0x00d535    0x8e  sx1276.o [1]
  .far_func.text     ro code  0x00d5c3    0x83  sx1276.o [1]
  .far_func.text     ro code  0x00d646    0x82  board.o [1]
  .far_func.text     ro code  0x00d6c8    0x76  sx1276.o [1]
  .far_func.text     ro code  0x00d73e    0x75  stm8l15x_beep.o [1]
  .far_func.text     ro code  0x00d7b3    0x71  sx1276.o [1]
  .far_func.text     ro code  0x00d824    0x71  test_mode.o [1]
  .far_func.text     ro code  0x00d895    0x6d  board.o [1]
  .far_func.text     ro code  0x00d902    0x6b  sx1276.o [1]
  .far_func.text     ro code  0x00d96d    0x6a  sx1276.o [1]
  .far_func.text     ro code  0x00d9d7    0x67  lowpower_mode.o [1]
  .far_func.text     ro code  0x00da3e    0x66  stm8l15x_it.o [1]
  .far_func.text     ro code  0x00daa4    0x64  ring_buf.o [1]
  .far_func.text     ro code  0x00db08    0x61  wakeup_mode.o [1]
  .far_func.text     ro code  0x00db69    0x60  cfg_parm.o [1]
  .far_func.text     ro code  0x00dbc9    0x5f  cfg_parm.o [1]
  .far_func.text     ro code  0x00dc28    0x5e  cfg_parm.o [1]
  .far_func.text     ro code  0x00dc86    0x5c  ring_buf.o [1]
  .far_func.text     ro code  0x00dce2    0x5b  stm8l15x_spi.o [1]
  .far_func.text     ro code  0x00dd3d    0x59  comport.o [1]
  .far_func.text     ro code  0x00dd96    0x58  dc_util.o [4]
  .far_func.text     ro code  0x00ddee    0x57  sx1276.o [1]
  .far_func.text     ro code  0x00de45    0x55  round.o [4]
  .far_func.text     ro code  0x00de9a    0x53  delay.o [1]
  .far_func.text     ro code  0x00deed    0x52  sx1276.o [1]
  .far_func.text     ro code  0x00df3f    0x52  timer.o [1]
  .far_func.text     ro code  0x00df91    0x52  far_util.o [4]
  .far_func.text     ro code  0x00dfe3    0x51  xprintffull_nomb.o [4]
  .far_func.text     ro code  0x00e034    0x4f  eeprom.o [1]
  .far_func.text     ro code  0x00e083    0x4b  board.o [1]
  .far_func.text     ro code  0x00e0ce    0x4b  xprintffull_nomb.o [4]
  .far_func.text     ro code  0x00e119    0x4a  spi-board.o [1]
  .far_func.text     ro code  0x00e163    0x46  crc8.o [1]
  .far_func.text     ro code  0x00e1a9    0x46  ring_buf.o [1]
  .far_func.text     ro code  0x00e1ef    0x46  sx1276.o [1]
  .far_func.text     ro code  0x00e235    0x46  short.o [4]
  .far_func.text     ro code  0x00e27b    0x46  ceil.o [4]
  .far_func.text     ro code  0x00e2c1    0x46  floor.o [4]
  .far_func.text     ro code  0x00e307    0x45  stm8l15x_rtc.o [1]
  .far_func.text     ro code  0x00e34c    0x43  lowpower_mode.o [1]
  .far_func.text     ro code  0x00e38f    0x43  lowpower_mode.o [1]
  .far_func.text     ro code  0x00e3d2    0x42  spi-board.o [1]
  .far_func.text     ro code  0x00e414    0x41  timer.o [1]
  .far_func.text     ro code  0x00e455    0x3e  main.o [1]
  .far_func.text     ro code  0x00e493    0x3e  stm8l15x_usart.o [1]
  .far_func.text     ro code  0x00e4d1    0x3d  xprintffull_nomb.o [4]
  .far_func.text     ro code  0x00e50e    0x3c  stm8l15x_flash.o [1]
  .far_func.text     ro code  0x00e54a    0x3b  stm8l15x_rtc.o [1]
  .far_func.text     ro code  0x00e585    0x3b  xprintffull_nomb.o [4]
  .far_func.text     ro code  0x00e5c0    0x39  board.o [1]
  .far_func.text     ro code  0x00e5f9    0x39  timer.o [1]
  .far_func.text     ro code  0x00e632    0x38  sx1276.o [1]
  .far_func.text     ro code  0x00e66a    0x37  eeprom.o [1]
  .far_func.text     ro code  0x00e6a1    0x37  stm8l15x_rtc.o [1]
  .far_func.text     ro code  0x00e6d8    0x37  stm8l15x_usart.o [1]
  .far_func.text     ro code  0x00e70f    0x37  sx1276.o [1]
  .far_func.text     ro code  0x00e746    0x34  ring_buf.o [1]
  .far_func.text     ro code  0x00e77a    0x34  sx1276.o [1]
  .far_func.text     ro code  0x00e7ae    0x34  div.o [4]
  .far_func.text     ro code  0x00e7e2    0x33  cfg_parm.o [1]
  .far_func.text     ro code  0x00e815    0x32  cfg_parm.o [1]
  .far_func.text     ro code  0x00e847    0x32  crc8.o [1]
  .far_func.text     ro code  0x00e879    0x31  cfg_parm.o [1]
  .far_func.text     ro code  0x00e8aa    0x30  lowpower_mode.o [1]
  .far_func.text     ro code  0x00e8da    0x30  stm8l15x_it.o [1]
  .far_func.text     ro code  0x00e90a    0x2f  comport.o [1]
  .far_func.text     ro code  0x00e939    0x2f  sx1276-board.o [1]
  .far_func.text     ro code  0x00e968    0x2e  sx1276-board.o [1]
  .far_func.text     ro code  0x00e996    0x2e  xprintffull_nomb.o [4]
  .far_func.text     ro code  0x00e9c4    0x2c  stm8l15x_gpio.o [1]
  .far_func.text     ro code  0x00e9f0    0x2c  stm8l15x_rtc.o [1]
  .far_func.text     ro code  0x00ea1c    0x2c  sx1276.o [1]
  .far_func.text     ro code  0x00ea48    0x2b  stm8l15x_usart.o [1]
  .far_func.text     ro code  0x00ea73    0x2b  timer.o [1]
  .far_func.text     ro code  0x00ea9e    0x29  stm8l15x_it.o [1]
  .far_func.text     ro code  0x00eac7    0x29  utilities.o [1]
  .far_func.text     ro code  0x00eaf0    0x28  ring_buf.o [1]
  .far_func.text     ro code  0x00eb18    0x28  printf.o [4]
  .far_func.text     ro code  0x00eb40    0x28  init_small.o [4]
  .far_func.text     ro code  0x00eb68    0x27  normal_mode.o [1]
  .far_func.text     ro code  0x00eb8f    0x27  timer.o [1]
  .far_func.text     ro code  0x00ebb6    0x26  ring_buf.o [1]
  .far_func.text     ro code  0x00ebdc    0x26  memcpy.o [4]
  .far_func.text     ro code  0x00ec02    0x23  stm8l15x_it.o [1]
  .far_func.text     ro code  0x00ec25    0x23  stm8l15x_it.o [1]
  .far_func.text     ro code  0x00ec48    0x23  stm8l15x_it.o [1]
  .far_func.text     ro code  0x00ec6b    0x23  stm8l15x_it.o [1]
  .far_func.text     ro code  0x00ec8e    0x23  stm8l15x_rtc.o [1]
  .far_func.text     ro code  0x00ecb1    0x23  sx1276-board.o [1]
  .far_func.text     ro code  0x00ecd4    0x22  stm8l15x_exti.o [1]
  .far_func.text     ro code  0x00ecf6    0x21  board.o [1]
  .far_func.text     ro code  0x00ed17    0x21  stm8l15x_it.o [1]
  .far_func.text     ro code  0x00ed38    0x20  lowpower_mode.o [1]
  .far_func.text     ro code  0x00ed58    0x20  lowpower_mode.o [1]
  .far_func.text     ro code  0x00ed78    0x20  normal_mode.o [1]
  .far_func.text     ro code  0x00ed98    0x20  normal_mode.o [1]
  .far_func.text     ro code  0x00edb8    0x20  normal_mode.o [1]
  .far_func.text     ro code  0x00edd8    0x20  wakeup_mode.o [1]
  .far_func.text     ro code  0x00edf8    0x20  wakeup_mode.o [1]
  .far_func.text     ro code  0x00ee18    0x20  wakeup_mode.o [1]
  .far_func.text     ro code  0x00ee38    0x20  wakeup_mode.o [1]
  .far_func.text     ro code  0x00ee58    0x1f  xprout.o [4]
  .far_func.text     ro code  0x00ee77    0x1e  stm8l15x_it.o [1]
  .far_func.text     ro code  0x00ee95    0x1e  stm8l15x_it.o [1]
  .far_func.text     ro code  0x00eeb3    0x1e  stm8l15x_spi.o [1]
  .far_func.text     ro code  0x00eed1    0x1e  sx1276.o [1]
  .far_func.text     ro code  0x00eeef    0x1e  init.o [4]
  .far_func.text     ro code  0x00ef0d    0x1e  init_small.o [4]
  .far_func.text     ro code  0x00ef2b    0x1d  stm8l15x_it.o [1]
  .far_func.text     ro code  0x00ef48    0x1d  stm8l15x_it.o [1]
  .far_func.text     ro code  0x00ef65    0x1d  sx1276.o [1]
  .far_func.text     ro code  0x00ef82    0x1d  timer.o [1]
  .far_func.text     ro code  0x00ef9f    0x1c  sx1276.o [1]
  .far_func.text     ro code  0x00efbb    0x1c  sx1276.o [1]
  .far_func.text     ro code  0x00efd7    0x1b  stm8l15x_gpio.o [1]
  .far_func.text     ro code  0x00eff2    0x1b  sx1276-board.o [1]
  .far_func.text     ro code  0x00f00d    0x1b  sx1276.o [1]
  .far_func.text     ro code  0x00f028    0x1a  cfg_parm.o [1]
  .far_func.text     ro code  0x00f042    0x1a  ring_buf.o [1]
  .far_func.text     ro code  0x00f05c    0x1a  stm8l15x_tim4.o [1]
  .far_func.text     ro code  0x00f076    0x1a  timer.o [1]
  .far_func.text     ro code  0x00f090    0x19  stm8l15x_flash.o [1]
  .far_func.text     ro code  0x00f0a9    0x19  sx1276.o [1]
  .far_func.text     ro code  0x00f0c2    0x18  sx1276.o [1]
  .far_func.text     ro code  0x00f0da    0x18  memchr.o [4]
  .far_func.text     ro code  0x00f0f2    0x17  cstartup.o [4]
  .far_func.text     ro code  0x00f109    0x17  memset.o [4]
  .far_func.text     ro code  0x00f120    0x16  __dbg_xxexit.o [3]
  .far_func.text     ro code  0x00f136    0x15  stm8l15x_rtc.o [1]
  .far_func.text     ro code  0x00f14b    0x15  xprintffull_nomb.o [4]
  .far_func.text     ro code  0x00f160    0x15  strchr.o [4]
  .far_func.text     ro code  0x00f175    0x14  sx1276-board.o [1]
  .far_func.text     ro code  0x00f189    0x12  strlen.o [4]
  .far_func.text     ro code  0x00f19b    0x11  ring_buf.o [1]
  .far_func.text     ro code  0x00f1ac    0x11  stm8l15x_spi.o [1]
  .far_func.text     ro code  0x00f1bd    0x11  stm8l15x_tim4.o [1]
  .far_func.text     ro code  0x00f1ce    0x10  system.o [1]
  .far_func.text     ro code  0x00f1de    0x10  xprintffull_nomb.o [4]
  .far_func.text     ro code  0x00f1ee     0xe  stm8l15x_beep.o [1]
  .far_func.text     ro code  0x00f1fc     0xe  stm8l15x_beep.o [1]
  .far_func.text     ro code  0x00f20a     0xe  stm8l15x_clk.o [1]
  .far_func.text     ro code  0x00f218     0xe  stm8l15x_clk.o [1]
  .far_func.text     ro code  0x00f226     0xe  stm8l15x_clk.o [1]
  .far_func.text     ro code  0x00f234     0xe  stm8l15x_pwr.o [1]
  .far_func.text     ro code  0x00f242     0xe  stm8l15x_tim4.o [1]
  .far_func.text     ro code  0x00f250     0xe  localeconv.o [4]
  .far_func.text     ro code  0x00f25e     0xe  localeconv.o [4]
  .far_func.text     ro code  0x00f26c     0xd  stm8l15x_rtc.o [1]
  .far_func.text     ro code  0x00f279     0xd  move.o [4]
  .far_func.text     ro code  0x00f286     0xc  delay.o [1]
  .far_func.text     ro code  0x00f292     0xc  timer.o [1]
  .far_func.text     ro code  0x00f29e     0xc  switch.o [4]
  .far_func.text     ro code  0x00f2aa     0xc  xprintffull_nomb.o [4]
  .far_func.text     ro code  0x00f2b6     0xc  xprintffull_nomb.o [4]
  .far_func.text     ro code  0x00f2c2     0xb  stm8l15x_flash.o [1]
  .far_func.text     ro code  0x00f2cd     0xb  xprintffull_nomb.o [4]
  .far_func.text     ro code  0x00f2d8     0xb  localeconv.o [4]
  .far_func.text     ro code  0x00f2e3     0xa  stm8l15x_clk.o [1]
  .far_func.text     ro code  0x00f2ed     0xa  sx1276-board.o [1]
  .far_func.text     ro code  0x00f2f7     0xa  sx1276-board.o [1]
  .far_func.text     ro code  0x00f301     0xa  system.o [1]
  .far_func.text     ro code  0x00f30b     0xa  far.o [4]
  .far_func.text     ro code  0x00f315     0xa  xprintffull_nomb.o [4]
  .far_func.text     ro code  0x00f31f     0x9  stm8l15x_gpio.o [1]
  .far_func.text     ro code  0x00f328     0x9  stm8l15x_tim2.o [1]
  .far_func.text     ro code  0x00f331     0x9  stm8l15x_tim4.o [1]
  .far_func.text     ro code  0x00f33a     0x9  stm8l15x_tim4.o [1]
  .far_func.text     ro code  0x00f343     0x9  sx1276.o [1]
  .far_func.text     ro code  0x00f34c     0x8  stm8l15x_gpio.o [1]
  .far_func.text     ro code  0x00f354     0x8  stm8l15x_spi.o [1]
  .far_func.text     ro code  0x00f35c     0x8  stm8l15x_usart.o [1]
  .far_func.text     ro code  0x00f364     0x8  timer.o [1]
  .far_func.text     ro code  0x00f36c     0x8  xprintffull_nomb.o [4]
  .far_func.text     ro code  0x00f374     0x7  stm8l15x_gpio.o [1]
  .far_func.text     ro code  0x00f37b     0x7  sx1276-board.o [1]
  .far_func.text     ro code  0x00f382     0x7  xprintffull_nomb.o [4]
  .far_func.text     ro code  0x00f389     0x6  char.o [4]
  .far_func.text     ro code  0x00f38f     0x6  xprintffull_nomb.o [4]
  .far_func.text     ro code  0x00f395     0x6  cexit.o [4]
  .far_func.text     ro code  0x00f39b     0x5  stm8l15x_spi.o [1]
  .far_func.text     ro code  0x00f3a0     0x5  stm8l15x_usart.o [1]
  .far_func.text     ro code  0x00f3a5     0x5  stm8l15x_usart.o [1]
  .far_func.text     ro code  0x00f3aa     0x5  stm8l15x_usart.o [1]
  .far_func.text     ro code  0x00f3af     0x4  stm8l15x_clk.o [1]
  .far_func.text     ro code  0x00f3b3     0x4  stm8l15x_clk.o [1]
  .far_func.text     ro code  0x00f3b7     0x4  stm8l15x_clk.o [1]
  .far_func.text     ro code  0x00f3bb     0x4  stm8l15x_flash.o [1]
  .far_func.text     ro code  0x00f3bf     0x4  sx1276.o [1]
  .far_func.text     ro code  0x00f3c3     0x4  interrupt.o [4]
  .far_func.text     ro code  0x00f3c7     0x4  exit.o [4]
  .far_func.text     ro code  0x00f3cb     0x3  sx1276-board.o [1]
  .far_func.text     ro code  0x00f3ce     0x3  low_level_init.o [4]
  .far_func.text     ro code  0x00f3d1     0x3  unhandled_exception.o [4]
  .far_func.text     ro code  0x00f3d4     0x1  board.o [1]
  .far_func.text     ro code  0x00f3d5     0x1  board.o [1]
  .far_func.text     ro code  0x00f3d6     0x1  stm8l15x_it.o [1]
  .far_func.text     ro code  0x00f3d7     0x1  stm8l15x_it.o [1]
  .far_func.text     ro code  0x00f3d8     0x1  stm8l15x_it.o [1]
  .far_func.text     ro code  0x00f3d9     0x1  stm8l15x_it.o [1]
  .far_func.text     ro code  0x00f3da     0x1  stm8l15x_it.o [1]
  .far_func.text     ro code  0x00f3db     0x1  stm8l15x_it.o [1]
  .far_func.text     ro code  0x00f3dc     0x1  stm8l15x_it.o [1]
  .far_func.text     ro code  0x00f3dd     0x1  stm8l15x_it.o [1]
  .far_func.text     ro code  0x00f3de     0x1  stm8l15x_it.o [1]
  .far_func.text     ro code  0x00f3df     0x1  stm8l15x_it.o [1]
  .far_func.text     ro code  0x00f3e0     0x1  stm8l15x_it.o [1]
  .far_func.text     ro code  0x00f3e1     0x1  stm8l15x_it.o [1]
  .far_func.text     ro code  0x00f3e2     0x1  stm8l15x_it.o [1]
  .far_func.text     ro code  0x00f3e3     0x1  stm8l15x_it.o [1]
  .far_func.text     ro code  0x00f3e4     0x1  stm8l15x_it.o [1]
  .far_func.text     ro code  0x00f3e5     0x1  stm8l15x_it.o [1]
  .far_func.text     ro code  0x00f3e6     0x1  stm8l15x_it.o [1]
  .far_func.text     ro code  0x00f3e7     0x1  sx1276-board.o [1]
  .far_func.text     ro code  0x00f3e8     0x1  __dbg_break.o [3]
                            - 0x00f3e9  0x713c


*******************************************************************************
*** INIT TABLE
***

          Address   Size
          -------   ----
Zero (__iar_zero_init2)
    1 destination range, total size 0x47d:
          0x000042  0x47d

Copy (__iar_copy_init2)
    1 source range, total size 0x32:
          0x00817b   0x32
    1 destination range, total size 0x32:
          0x000010   0x32



*******************************************************************************
*** MODULE SUMMARY
***

    Module                 ro code  ro data  rw data
    ------                 -------  -------  -------
D:\stm8lora\src\stm8l15x-sx1278\STM8L15x-16x-05x-AL31-L_StdPeriph_Lib\Project\STM8L151G6U6_Sx1278\EWSTM8\STM8L15X_MD(STM8L15xx4_6)\Obj: [1]
    board.o                    678
    cfg_parm.o                 947                10
    comport.o                  589               262
    config_mode.o              646        9       21
    crc8.o                     120               256
    delay.o                     95
    eeprom.o                   134
    lowpower_mode.o          1 211       33       22
    main.o                      62
    manufacture_parm.o                            20
    normal_mode.o              997       21       83
    ring_buf.o                 435
    spi-board.o                140
    stm8l15x_beep.o            145
    stm8l15x_clk.o             370        5
    stm8l15x_exti.o            329
    stm8l15x_flash.o           100
    stm8l15x_gpio.o            270
    stm8l15x_it.o              739
    stm8l15x_pwr.o              14
    stm8l15x_rtc.o             556
    stm8l15x_spi.o             151
    stm8l15x_tim2.o              9
    stm8l15x_tim4.o             75
    stm8l15x_usart.o           552
    sx1276-board.o             638       81        1
    sx1276.o                 7 696      158      381
    system.o                    26                 1
    test_mode.o                261       72       24
    timer.o                  1 510        4       14
    utilities.o                 41
    wakeup_mode.o            1 141        9       80
    ------------------------------------------------
    Total:                  20 677      392    1 175

command line: [2]
    ------------------------------------------------
    Total:

dbgstm8mmd.a: [3]
    __dbg_break.o                1
    __dbg_xxexit.o              22
    ------------------------------------------------
    Total:                      23

dlstm8mmf.a: [4]
    ceil.o                      70
    cexit.o                      6
    char.o                       6
    cstartup.o                  23
    dc_util.o                   88
    div.o                       52
    exit.o                       4
    far.o                       10
    far_util.o                  82
    float.o                  1 238
    float_libsup.o             354
    floor.o                     70
    init.o                      30
    init_small.o                70
    interrupt.o                  4      128
    localeconv.o                39       60       49
    long.o                     609
    long_util.o                214
    low_level_init.o             3
    memchr.o                    24
    memcpy.o                    38
    memset.o                    23
    move.o                      13
    printf.o                    40
    round.o                     85
    short.o                     70
    strchr.o                    21
    strlen.o                    18
    switch.o                    12
    unhandled_exception.o        3
    vreg_util.o                525
    vregs.o                                       16
    xdint.o                    202
    xprintffull_nomb.o       4 211       85
    xprout.o                    31
    ------------------------------------------------
    Total:                   8 288      273       65

    Linker created                       20      768
----------------------------------------------------
    Grand Total:            28 988      685    2 008


*******************************************************************************
*** ENTRY LIST
***

Entry                    Address   Size  Type      Object
-----                    -------   ----  ----      ------
.iar.init_table$$Base   0x008200          --   Gb  - Linker created -
.iar.init_table$$Limit  0x008214          --   Gb  - Linker created -
?add32_l0_l0_0x         0x00ab36         Code  Gb  long.o [4]
?add32_l0_l0_l1         0x00ab33         Code  Gb  long.o [4]
?and32_l0_l0_0x         0x00aceb         Code  Gb  long.o [4]
?and32_l0_l0_l1         0x00ace8         Code  Gb  long.o [4]
?b0                     0x000000         Data  Gb  vregs.o [4]
?b1                     0x000001         Data  Gb  vregs.o [4]
?b10                    0x00000a         Data  Gb  vregs.o [4]
?b11                    0x00000b         Data  Gb  vregs.o [4]
?b12                    0x00000c         Data  Gb  vregs.o [4]
?b13                    0x00000d         Data  Gb  vregs.o [4]
?b14                    0x00000e         Data  Gb  vregs.o [4]
?b15                    0x00000f         Data  Gb  vregs.o [4]
?b2                     0x000002         Data  Gb  vregs.o [4]
?b3                     0x000003         Data  Gb  vregs.o [4]
?b4                     0x000004         Data  Gb  vregs.o [4]
?b5                     0x000005         Data  Gb  vregs.o [4]
?b6                     0x000006         Data  Gb  vregs.o [4]
?b7                     0x000007         Data  Gb  vregs.o [4]
?b8                     0x000008         Data  Gb  vregs.o [4]
?b9                     0x000009         Data  Gb  vregs.o [4]
?dc32_l0                0x00dd96         Code  Gb  dc_util.o [4]
?dc32_l1                0x00ddc2         Code  Gb  dc_util.o [4]
?dec32_0x_0x            0x00ab1f         Code  Gb  long.o [4]
?dec32_l2_l2            0x00ab1a         Code  Gb  long.o [4]
?e0                     0x000001         Data  Gb  vregs.o [4]
?e1                     0x000005         Data  Gb  vregs.o [4]
?e2                     0x000009         Data  Gb  vregs.o [4]
?e3                     0x00000d         Data  Gb  vregs.o [4]
?epilogue_l2            0x00b0bb         Code  Gb  vreg_util.o [4]
?epilogue_l2_l3         0x00b0b7         Code  Gb  vreg_util.o [4]
?epilogue_l2_w6         0x00b0c0         Code  Gb  vreg_util.o [4]
?epilogue_w4            0x00b0c9         Code  Gb  vreg_util.o [4]
?fadd32_l0_l0_dc32      0x0087c3         Code  Gb  float.o [4]
?fadd32_l0_l0_l1        0x0087c9         Code  Gb  float.o [4]
?fcastf32s16_l0_x       0x008a5a         Code  Gb  float.o [4]
?fcastf32s32_l0_l0      0x008b2e         Code  Gb  float.o [4]
?fcastf32u16_l0_x       0x008a61         Code  Gb  float.o [4]
?fcastf32u32_l0_l0      0x008b3a         Code  Gb  float.o [4]
?fcasts16f32_x_l0       0x008a7f         Code  Gb  float.o [4]
?fcasts32f32_l0_l0      0x008acb         Code  Gb  float.o [4]
?fcastu32f32_l0_l0      0x008ab4         Code  Gb  float.o [4]
?fcmpge32_c_l0_0x       0x0089f9         Code  Gb  float.o [4]
?fcmpge32_c_l0_dc32     0x0089f2         Code  Gb  float.o [4]
?fcmpge32_c_l0_l1       0x0089f6         Code  Gb  float.o [4]
?fcmplt32_c_l0_0x       0x008a04         Code  Gb  float.o [4]
?fcmplt32_c_l0_dc32     0x0089fd         Code  Gb  float.o [4]
?fcmplt32_c_l0_l1       0x008a01         Code  Gb  float.o [4]
?fdiv32_l0_dc32_l1      0x008938         Code  Gb  float.o [4]
?fdiv32_l0_l0_dc32      0x00893e         Code  Gb  float.o [4]
?fdiv32_l0_l0_l1        0x008944         Code  Gb  float.o [4]
?fmul32_l0_l0_dc32      0x008897         Code  Gb  float.o [4]
?fmul32_l0_l0_l1        0x00889d         Code  Gb  float.o [4]
?fsub32_l0_l0_l1        0x0087bd         Code  Gb  float.o [4]
?inc32_0x_0x            0x00ab0c         Code  Gb  long.o [4]
?inc32_l0_l0            0x00ab07         Code  Gb  long.o [4]
?l0                     0x000000         Data  Gb  vregs.o [4]
?l1                     0x000004         Data  Gb  vregs.o [4]
?l2                     0x000008         Data  Gb  vregs.o [4]
?l3                     0x00000c         Data  Gb  vregs.o [4]
?load24_0x_e0           0x00dfd5         Code  Gb  far_util.o [4]
?load24_e0_0x           0x00df9d         Code  Gb  far_util.o [4]
?load24_e0_asp          0x00df91         Code  Gb  far_util.o [4]
?load24_e0_xsp          0x00df93         Code  Gb  far_util.o [4]
?load24_e1_0x           0x00dfab         Code  Gb  far_util.o [4]
?load24_e2_0x           0x00dfb9         Code  Gb  far_util.o [4]
?load24_e3_0x           0x00dfc7         Code  Gb  far_util.o [4]
?load32_0x_l0           0x00c818         Code  Gb  long_util.o [4]
?load32_0x_l2           0x00c830         Code  Gb  long_util.o [4]
?load32_0x_l3           0x00c83e         Code  Gb  long_util.o [4]
?load32_l0_0x           0x00c790         Code  Gb  long_util.o [4]
?load32_l0_asp          0x00c784         Code  Gb  long_util.o [4]
?load32_l0_dbsp         0x00c776         Code  Gb  long_util.o [4]
?load32_l0_xsp          0x00c786         Code  Gb  long_util.o [4]
?load32_l1_0x           0x00c7b6         Code  Gb  long_util.o [4]
?load32_l1_asp          0x00c7aa         Code  Gb  long_util.o [4]
?load32_l1_dbsp         0x00c79c         Code  Gb  long_util.o [4]
?load32_l1_xsp          0x00c7ac         Code  Gb  long_util.o [4]
?load32_l2_0x           0x00c7dc         Code  Gb  long_util.o [4]
?load32_l2_asp          0x00c7d0         Code  Gb  long_util.o [4]
?load32_l2_dbsp         0x00c7c2         Code  Gb  long_util.o [4]
?load32_l2_xsp          0x00c7d2         Code  Gb  long_util.o [4]
?load32_l3_0x           0x00c802         Code  Gb  long_util.o [4]
?load32_l3_asp          0x00c7f6         Code  Gb  long_util.o [4]
?load32_l3_dbsp         0x00c7e8         Code  Gb  long_util.o [4]
?load32_l3_xsp          0x00c7f8         Code  Gb  long_util.o [4]
?load32_xsp_l0          0x00c80e         Code  Gb  long_util.o [4]
?load32_xsp_l2          0x00c826         Code  Gb  long_util.o [4]
?mov_e0_e1              0x00b0f4         Code  Gb  vreg_util.o [4]
?mov_e0_e2              0x00b101         Code  Gb  vreg_util.o [4]
?mov_e0_e3              0x00b10e         Code  Gb  vreg_util.o [4]
?mov_e1_e0              0x00b11b         Code  Gb  vreg_util.o [4]
?mov_e1_e2              0x00b128         Code  Gb  vreg_util.o [4]
?mov_e1_e3              0x00b135         Code  Gb  vreg_util.o [4]
?mov_e2_e0              0x00b142         Code  Gb  vreg_util.o [4]
?mov_e2_e1              0x00b14f         Code  Gb  vreg_util.o [4]
?mov_e2_e3              0x00b15c         Code  Gb  vreg_util.o [4]
?mov_e3_e0              0x00b169         Code  Gb  vreg_util.o [4]
?mov_e3_e1              0x00b176         Code  Gb  vreg_util.o [4]
?mov_l0_l1              0x00b0f1         Code  Gb  vreg_util.o [4]
?mov_l0_l2              0x00b0fe         Code  Gb  vreg_util.o [4]
?mov_l0_l3              0x00b10b         Code  Gb  vreg_util.o [4]
?mov_l1_l0              0x00b118         Code  Gb  vreg_util.o [4]
?mov_l1_l2              0x00b125         Code  Gb  vreg_util.o [4]
?mov_l1_l3              0x00b132         Code  Gb  vreg_util.o [4]
?mov_l2_l0              0x00b13f         Code  Gb  vreg_util.o [4]
?mov_l2_l1              0x00b14c         Code  Gb  vreg_util.o [4]
?mov_l2_l3              0x00b159         Code  Gb  vreg_util.o [4]
?mov_l3_l0              0x00b166         Code  Gb  vreg_util.o [4]
?mov_l3_l1              0x00b173         Code  Gb  vreg_util.o [4]
?mov_w0_w5              0x00b0ce         Code  Gb  vreg_util.o [4]
?mov_w1_w3              0x00b0f7         Code  Gb  vreg_util.o [4]
?mov_w1_w4              0x00b0d5         Code  Gb  vreg_util.o [4]
?mov_w1_w5              0x00b104         Code  Gb  vreg_util.o [4]
?mov_w1_w7              0x00b111         Code  Gb  vreg_util.o [4]
?mov_w2_w0              0x00b0dc         Code  Gb  vreg_util.o [4]
?mov_w2_w1              0x00b0e3         Code  Gb  vreg_util.o [4]
?mov_w3_w1              0x00b11e         Code  Gb  vreg_util.o [4]
?mov_w3_w5              0x00b12b         Code  Gb  vreg_util.o [4]
?mov_w3_w7              0x00b138         Code  Gb  vreg_util.o [4]
?mov_w5_w1              0x00b145         Code  Gb  vreg_util.o [4]
?mov_w5_w3              0x00b152         Code  Gb  vreg_util.o [4]
?mov_w5_w7              0x00b15f         Code  Gb  vreg_util.o [4]
?mov_w7_w0              0x00b0ea         Code  Gb  vreg_util.o [4]
?mov_w7_w1              0x00b16c         Code  Gb  vreg_util.o [4]
?mov_w7_w3              0x00b179         Code  Gb  vreg_util.o [4]
?move1616_v_x_y_a       0x00f279         Code  Gb  move.o [4]
?mul16_x_x_w0           0x00e235         Code  Gb  short.o [4]
?mul32_l0_l0_0x         0x00ab69         Code  Gb  long.o [4]
?mul32_l0_l0_l1         0x00ab72         Code  Gb  long.o [4]
?neg32_l0_l0            0x00aaf7         Code  Gb  long.o [4]
?or32_l0_l0_0x          0x00ad06         Code  Gb  long.o [4]
?or32_l0_l0_l1          0x00ad03         Code  Gb  long.o [4]
?pop_e2                 0x00b01d         Code  Gb  vreg_util.o [4]
?pop_e3                 0x00b02c         Code  Gb  vreg_util.o [4]
?pop_l0                 0x00b07f         Code  Gb  vreg_util.o [4]
?pop_l1                 0x00b08a         Code  Gb  vreg_util.o [4]
?pop_l2                 0x00b095         Code  Gb  vreg_util.o [4]
?pop_l3                 0x00b0a0         Code  Gb  vreg_util.o [4]
?pop_w4                 0x00afa8         Code  Gb  vreg_util.o [4]
?pop_w5                 0x00afaf         Code  Gb  vreg_util.o [4]
?pop_w6                 0x00afb6         Code  Gb  vreg_util.o [4]
?push_e0                0x00afc9         Code  Gb  vreg_util.o [4]
?push_e2                0x00afe5         Code  Gb  vreg_util.o [4]
?push_e3                0x00b001         Code  Gb  vreg_util.o [4]
?push_l0                0x00b04a         Code  Gb  vreg_util.o [4]
?push_l1                0x00b04f         Code  Gb  vreg_util.o [4]
?push_l2                0x00b054         Code  Gb  vreg_util.o [4]
?push_l3                0x00b059         Code  Gb  vreg_util.o [4]
?push_w0                0x00af73         Code  Gb  vreg_util.o [4]
?push_w1                0x00af78         Code  Gb  vreg_util.o [4]
?push_w2                0x00af7d         Code  Gb  vreg_util.o [4]
?push_w4                0x00af82         Code  Gb  vreg_util.o [4]
?push_w5                0x00af87         Code  Gb  vreg_util.o [4]
?push_w6                0x00af8c         Code  Gb  vreg_util.o [4]
?scmp32_c_l0_l1         0x00acd1         Code  Gb  long.o [4]
?sdiv16_x_x_y           0x00e253         Code  Gb  short.o [4]
?sdiv32_l0_l0_dl        0x00ac67         Code  Gb  long.o [4]
?sdiv32_l0_l0_l1        0x00ac6b         Code  Gb  long.o [4]
?sext16_x_a             0x00e274         Code  Gb  short.o [4]
?sext32_l0_a            0x00ad4b         Code  Gb  long.o [4]
?sext32_l0_x            0x00ad40         Code  Gb  long.o [4]
?sll16_x_x_a            0x00e26c         Code  Gb  short.o [4]
?sll32_0x_0x_a          0x00ad21         Code  Gb  long.o [4]
?sll32_l0_l0_a          0x00ad1e         Code  Gb  long.o [4]
?smod32_l1_l0_l1        0x00ac6b         Code  Gb  long.o [4]
?sra32_0x_0x_a          0x00ad32         Code  Gb  long.o [4]
?sra32_l0_l0_a          0x00ad2f         Code  Gb  long.o [4]
?srl8_a_a_5             0x00f38a         Code  Gb  char.o [4]
?srl8_a_a_6             0x00f389         Code  Gb  char.o [4]
?sub32_l0_l0_0x         0x00ab51         Code  Gb  long.o [4]
?sub32_l0_l0_l1         0x00ab4e         Code  Gb  long.o [4]
?switch8vlt_0x_a_0x     0x00f29e         Code  Gb  switch.o [4]
?ucmp24_c_0x_e0         0x00f30b         Code  Gb  far.o [4]
?ucmp32_c_l0_0x         0x00acb6         Code  Gb  long.o [4]
?ucmp32_c_l0_l1         0x00acc6         Code  Gb  long.o [4]
?udiv32_l0_l0_dl        0x00abf6         Code  Gb  long.o [4]
?udiv32_l0_l0_l1        0x00abfa         Code  Gb  long.o [4]
?umod32_l1_l0_dl        0x00abf0         Code  Gb  long.o [4]
?umod32_l1_l0_l1        0x00abfa         Code  Gb  long.o [4]
?w0                     0x000000         Data  Gb  vregs.o [4]
?w1                     0x000002         Data  Gb  vregs.o [4]
?w2                     0x000004         Data  Gb  vregs.o [4]
?w3                     0x000006         Data  Gb  vregs.o [4]
?w4                     0x000008         Data  Gb  vregs.o [4]
?w5                     0x00000a         Data  Gb  vregs.o [4]
?w6                     0x00000c         Data  Gb  vregs.o [4]
?w7                     0x00000e         Data  Gb  vregs.o [4]
ADC1_COMP_IRQHandler    0x00f3df    0x1  Code  Gb  stm8l15x_it.o [1]
BEEP_Cmd                0x00f1ee    0xe  Code  Gb  stm8l15x_beep.o [1]
BEEP_LSClockToTIMConnectCmd
                        0x00f1fc    0xe  Code  Gb  stm8l15x_beep.o [1]
BEEP_LSICalibrationConfig
                        0x00d73e   0x75  Code  Gb  stm8l15x_beep.o [1]
BoardDisableIrq         0x00f301    0xa  Code  Gb  system.o [1]
BoardEnableIrq          0x00f1ce   0x10  Code  Gb  system.o [1]
BoardInitMcu            0x00c1ac  0x110  Code  Gb  board.o [1]
CLK_GetClockFreq        0x00d243   0x9e  Code  Gb  stm8l15x_clk.o [1]
CLK_GetSYSCLKSource     0x00f3b3    0x4  Code  Gb  stm8l15x_clk.o [1]
CLK_HSICmd              0x00f20a    0xe  Code  Gb  stm8l15x_clk.o [1]
CLK_LSICmd              0x00f218    0xe  Code  Gb  stm8l15x_clk.o [1]
CLK_PeripheralClockConfig
                        0x00d40d   0x94  Code  Gb  stm8l15x_clk.o [1]
CLK_RTCClockConfig      0x00f2e3    0xa  Code  Gb  stm8l15x_clk.o [1]
CLK_SYSCLKDivConfig     0x00f3b7    0x4  Code  Gb  stm8l15x_clk.o [1]
CLK_SYSCLKSourceConfig  0x00f3af    0x4  Code  Gb  stm8l15x_clk.o [1]
CLK_SYSCLKSourceSwitchCmd
                        0x00f226    0xe  Code  Gb  stm8l15x_clk.o [1]
CSTACK$$Base            0x000500          --   Gb  - Linker created -
CSTACK$$Limit           0x000800          --   Gb  - Linker created -
ClearWWDG               0x00f3d5    0x1  Code  Gb  board.o [1]
ComportInit             0x00b180  0x1c5  Code  Gb  comport.o [1]
ComportTxStart          0x00dd3d   0x59  Code  Gb  comport.o [1]
ConfigModeRadioEvents   0x000410   0x15  Data  Lc  config_mode.o [1]
DMA1_CHANNEL0_1_IRQHandler
                        0x00f3d8    0x1  Code  Gb  stm8l15x_it.o [1]
DMA1_CHANNEL2_3_IRQHandler
                        0x00f3d9    0x1  Code  Gb  stm8l15x_it.o [1]
DelayMs                 0x00f286    0xc  Code  Gb  delay.o [1]
EXTI0_IRQHandler        0x00ef2b   0x1d  Code  Gb  stm8l15x_it.o [1]
EXTI1_IRQHandler        0x00ee77   0x1e  Code  Gb  stm8l15x_it.o [1]
EXTI2_IRQHandler        0x00c4c6   0xf0  Code  Gb  stm8l15x_it.o [1]
EXTI3_IRQHandler        0x00ec02   0x23  Code  Gb  stm8l15x_it.o [1]
EXTI4_IRQHandler        0x00ec25   0x23  Code  Gb  stm8l15x_it.o [1]
EXTI5_IRQHandler        0x00ec48   0x23  Code  Gb  stm8l15x_it.o [1]
EXTI6_IRQHandler        0x00ec6b   0x23  Code  Gb  stm8l15x_it.o [1]
EXTI7_IRQHandler        0x00ee95   0x1e  Code  Gb  stm8l15x_it.o [1]
EXTIB_G_IRQHandler      0x00f3db    0x1  Code  Gb  stm8l15x_it.o [1]
EXTID_H_IRQHandler      0x00f3dc    0x1  Code  Gb  stm8l15x_it.o [1]
EXTIE_F_PVD_IRQHandler  0x00f3da    0x1  Code  Gb  stm8l15x_it.o [1]
EXTI_ClearITPendingBit  0x00ecd4   0x22  Code  Gb  stm8l15x_exti.o [1]
EXTI_SetPinSensitivity  0x00bf6c  0x127  Code  Gb  stm8l15x_exti.o [1]
FLASH_IRQHandler        0x00f3d7    0x1  Code  Gb  stm8l15x_it.o [1]
FLASH_Lock              0x00f2c2    0xb  Code  Gb  stm8l15x_flash.o [1]
FLASH_ProgramByte       0x00f3bb    0x4  Code  Gb  stm8l15x_flash.o [1]
FLASH_Unlock            0x00f090   0x19  Code  Gb  stm8l15x_flash.o [1]
FLASH_WaitForLastOperation
                        0x00e50e   0x3c  Code  Gb  stm8l15x_flash.o [1]
FskBandwidths           0x008080   0x6e  Data  Gb  sx1276.o [1]
GPIO_DeInit             0x00efd7   0x1b  Code  Gb  stm8l15x_gpio.o [1]
GPIO_ExternalPullUpConfig
                        0x00e9c4   0x2c  Code  Gb  stm8l15x_gpio.o [1]
GPIO_Init               0x00ce5c   0xaf  Code  Gb  stm8l15x_gpio.o [1]
GPIO_ReadInputDataBit   0x00f31f    0x9  Code  Gb  stm8l15x_gpio.o [1]
GPIO_ResetBits          0x00f34c    0x8  Code  Gb  stm8l15x_gpio.o [1]
GPIO_SetBits            0x00f374    0x7  Code  Gb  stm8l15x_gpio.o [1]
GetFskBandwidthRegValue
                        0x00d96d   0x6a  Code  Lc  sx1276.o [1]
GetRunModePin           0x00d895   0x6d  Code  Gb  board.o [1]
I2C1_SPI2_IRQHandler    0x00f3e6    0x1  Code  Gb  stm8l15x_it.o [1]
INTVEC$$Base            0x008000          --   Gb  - Linker created -
INTVEC$$Limit           0x008080          --   Gb  - Linker created -
IndicationRfTxFifoStatus
                        0x00ecf6   0x21  Code  Gb  board.o [1]
InitRunModePin          0x00e5c0   0x39  Code  Gb  board.o [1]
IrqNestLevel            0x0004bc    0x1  Data  Lc  system.o [1]
LCD_AES_IRQHandler      0x00f3dd    0x1  Code  Gb  stm8l15x_it.o [1]
LoadInt                 0x00e0ce   0x4b  Code  Lc  xprintffull_nomb.o [4]
LowPowerModeOnCadDone   0x00e8aa   0x30  Code  Gb  lowpower_mode.o [1]
LowPowerModeOnRxDone    0x00cb89   0xc1  Code  Gb  lowpower_mode.o [1]
LowPowerModeOnRxError   0x00e38f   0x43  Code  Gb  lowpower_mode.o [1]
LowPowerModeOnRxTimeout
                        0x00e34c   0x43  Code  Gb  lowpower_mode.o [1]
LowPowerModeOnTxDone    0x00ed38   0x20  Code  Gb  lowpower_mode.o [1]
LowPowerModeOnTxTimeout
                        0x00ed58   0x20  Code  Gb  lowpower_mode.o [1]
LowPowerModeRadioEvents
                        0x000425   0x15  Data  Lc  lowpower_mode.o [1]
LowPowerModeState       0x0004b9    0x1  Data  Gb  lowpower_mode.o [1]
NormalModeOnRxDone      0x00cfb5   0xa5  Code  Gb  normal_mode.o [1]
NormalModeOnRxError     0x00edb8   0x20  Code  Gb  normal_mode.o [1]
NormalModeOnRxTimeout   0x00ed98   0x20  Code  Gb  normal_mode.o [1]
NormalModeOnTxDone      0x00ed78   0x20  Code  Gb  normal_mode.o [1]
NormalModeOnTxTimeout   0x00eb68   0x27  Code  Gb  normal_mode.o [1]
NormalModeRadioEvents   0x00043a   0x15  Data  Lc  normal_mode.o [1]
NormalModeState         0x0004ba    0x1  Data  Gb  normal_mode.o [1]
PWR_UltraLowPowerCmd    0x00f234    0xe  Code  Gb  stm8l15x_pwr.o [1]
RTC_CSSLSE_IRQHandler   0x00ea9e   0x29  Code  Gb  stm8l15x_it.o [1]
RTC_ClearITPendingBit   0x00f26c    0xd  Code  Gb  stm8l15x_rtc.o [1]
RTC_Config              0x00d646   0x82  Code  Gb  board.o [1]
RTC_DeInit              0x00c3c2  0x104  Code  Gb  stm8l15x_rtc.o [1]
RTC_EnterInitMode       0x00e9f0   0x2c  Code  Gb  stm8l15x_rtc.o [1]
RTC_ITConfig            0x00e54a   0x3b  Code  Gb  stm8l15x_rtc.o [1]
RTC_SetWakeUpCounter    0x00f136   0x15  Code  Gb  stm8l15x_rtc.o [1]
RTC_WaitForSynchro      0x00e6a1   0x37  Code  Gb  stm8l15x_rtc.o [1]
RTC_WakeUpClockConfig   0x00ec8e   0x23  Code  Gb  stm8l15x_rtc.o [1]
RTC_WakeUpCmd           0x00e307   0x45  Code  Gb  stm8l15x_rtc.o [1]
Radio                   0x0080ee   0x51  Data  Gb  sx1276-board.o [1]
RadioEvents             0x0004b3    0x2  Data  Lc  sx1276.o [1]
RadioIsActive           0x0004bb    0x1  Data  Lc  sx1276-board.o [1]
RadioRegsInit           0x0081ad   0x30  Data  Gb  sx1276.o [1]
Region$$Table$$Base     0x008200          --   Gb  - Linker created -
Region$$Table$$Limit    0x008214          --   Gb  - Linker created -
RxChainCalibration      0x00c5b6   0xe4  Code  Lc  sx1276.o [1]
RxTimeoutSyncWord       0x000495    0xe  Data  Gb  sx1276.o [1]
RxTimeoutTimer          0x000487    0xe  Data  Gb  sx1276.o [1]
RxTxBuffer              0x000142  0x100  Data  Lc  sx1276.o [1]
SPI1_IRQHandler         0x00f3e5    0x1  Code  Gb  stm8l15x_it.o [1]
SPI_Cmd                 0x00f1ac   0x11  Code  Gb  stm8l15x_spi.o [1]
SPI_GetFlagStatus       0x00eeb3   0x1e  Code  Gb  stm8l15x_spi.o [1]
SPI_Init                0x00dce2   0x5b  Code  Gb  stm8l15x_spi.o [1]
SPI_ReceiveData         0x00f39b    0x5  Code  Gb  stm8l15x_spi.o [1]
SPI_SendData            0x00f354    0x8  Code  Gb  stm8l15x_spi.o [1]
SWITCH_CSS_BREAK_DAC_IRQHandler
                        0x00f3de    0x1  Code  Gb  stm8l15x_it.o [1]
SX1276                  0x000348   0x51  Data  Gb  sx1276.o [1]
SX1276AntSwDeInit       0x00f2f7    0xa  Code  Gb  sx1276-board.o [1]
SX1276AntSwInit         0x00f2ed    0xa  Code  Gb  sx1276-board.o [1]
SX1276CheckRfFrequency  0x00f3cb    0x3  Code  Gb  sx1276-board.o [1]
SX1276GetBoardTcxoWakeupTime
                        0x00f37b    0x7  Code  Gb  sx1276-board.o [1]
SX1276GetPaSelect       0x00f175   0x14  Code  Lc  sx1276-board.o [1]
SX1276GetStatus         0x00f3bf    0x4  Code  Gb  sx1276.o [1]
SX1276GetTimeOnAir      0x00a2bc  0x2fc  Code  Gb  sx1276.o [1]
SX1276GetWakeupTime     0x00f343    0x9  Code  Gb  sx1276.o [1]
SX1276Init              0x00ccfc   0xb1  Code  Gb  sx1276.o [1]
SX1276IoInit            0x00eff2   0x1b  Code  Gb  sx1276-board.o [1]
SX1276IoIrqInit         0x00cf0b   0xaa  Code  Gb  sx1276-board.o [1]
SX1276IsChannelFree     0x00d6c8   0x76  Code  Gb  sx1276.o [1]
SX1276OnDio0Irq         0x00989d  0x3b5  Code  Gb  sx1276.o [1]
SX1276OnDio1Irq         0x00ba88  0x151  Code  Gb  sx1276.o [1]
SX1276OnDio2Irq         0x00bbd9  0x13b  Code  Gb  sx1276.o [1]
SX1276OnDio3Irq         0x00d535   0x8e  Code  Gb  sx1276.o [1]
SX1276OnDio4Irq         0x00ef65   0x1d  Code  Gb  sx1276.o [1]
SX1276OnTimeoutIrq      0x00bd14  0x130  Code  Gb  sx1276.o [1]
SX1276Random            0x00d7b3   0x71  Code  Gb  sx1276.o [1]
SX1276Read              0x00eed1   0x1e  Code  Gb  sx1276.o [1]
SX1276ReadBuffer        0x00ddee   0x57  Code  Gb  sx1276.o [1]
SX1276ReadFifo          0x00efbb   0x1c  Code  Gb  sx1276.o [1]
SX1276ReadRssi          0x00d902   0x6b  Code  Gb  sx1276.o [1]
SX1276Reset             0x00e939   0x2f  Code  Gb  sx1276-board.o [1]
SX1276Send              0x00be44  0x128  Code  Gb  sx1276.o [1]
SX1276SetAntSw          0x00ecb1   0x23  Code  Gb  sx1276-board.o [1]
SX1276SetAntSwLowPower  0x00e968   0x2e  Code  Gb  sx1276-board.o [1]
SX1276SetBoardTcxo      0x00f3e7    0x1  Code  Lc  sx1276-board.o [1]
SX1276SetChannel        0x00e1ef   0x46  Code  Gb  sx1276.o [1]
SX1276SetMaxPayloadLength
                        0x00e70f   0x37  Code  Gb  sx1276.o [1]
SX1276SetModem          0x00d5c3   0x83  Code  Gb  sx1276.o [1]
SX1276SetOpMode         0x00e77a   0x34  Code  Gb  sx1276.o [1]
SX1276SetPublicNetwork  0x00ea1c   0x2c  Code  Gb  sx1276.o [1]
SX1276SetRfTxPower      0x00c2bc  0x106  Code  Gb  sx1276-board.o [1]
SX1276SetRx             0x009c52  0x341  Code  Gb  sx1276.o [1]
SX1276SetRxConfig       0x00910f  0x3cf  Code  Gb  sx1276.o [1]
SX1276SetSleep          0x00f0c2   0x18  Code  Gb  sx1276.o [1]
SX1276SetStby           0x00f0a9   0x19  Code  Gb  sx1276.o [1]
SX1276SetTx             0x00cc4a   0xb2  Code  Gb  sx1276.o [1]
SX1276SetTxConfig       0x009f93  0x329  Code  Gb  sx1276.o [1]
SX1276SetTxContinuousWave
                        0x00d0ff   0xa4  Code  Gb  sx1276.o [1]
SX1276StartCad          0x00e632   0x38  Code  Gb  sx1276.o [1]
SX1276Write             0x00f00d   0x1b  Code  Gb  sx1276.o [1]
SX1276WriteBuffer       0x00deed   0x52  Code  Gb  sx1276.o [1]
SX1276WriteFifo         0x00ef9f   0x1c  Code  Gb  sx1276.o [1]
SYSDivFactor            0x00828e    0x5  Data  Gb  stm8l15x_clk.o [1]
SetRxCfg                0x00c093  0x119  Code  Lc  lowpower_mode.o [1]
SetRxCfg                0x00db08   0x61  Code  Lc  wakeup_mode.o [1]
SetTxCfg                0x00d9d7   0x67  Code  Lc  lowpower_mode.o [1]
SetTxCfg                0x00c920   0xd4  Code  Lc  wakeup_mode.o [1]
SpiInOut                0x00e3d2   0x42  Code  Gb  spi-board.o [1]
SpiInit                 0x00e119   0x4a  Code  Gb  spi-board.o [1]
SysTick_Handler         0x00ea73   0x2b  Code  Gb  timer.o [1]
TIM1_CC_IRQHandler      0x00f3e4    0x1  Code  Gb  stm8l15x_it.o [1]
TIM1_UPD_OVF_TRG_COM_IRQHandler
                        0x00f3e3    0x1  Code  Gb  stm8l15x_it.o [1]
TIM2_CC_USART2_RX_IRQHandler
                        0x00f3e0    0x1  Code  Gb  stm8l15x_it.o [1]
TIM2_ClearITPendingBit  0x00f328    0x9  Code  Gb  stm8l15x_tim2.o [1]
TIM2_UPD_OVF_TRG_BRK_USART2_TX_IRQHandler
                        0x00ef48   0x1d  Code  Gb  stm8l15x_it.o [1]
TIM3_CC_USART3_RX_IRQHandler
                        0x00f3e2    0x1  Code  Gb  stm8l15x_it.o [1]
TIM3_UPD_OVF_TRG_BRK_USART3_TX_IRQHandler
                        0x00f3e1    0x1  Code  Gb  stm8l15x_it.o [1]
TIM4_ClearFlag          0x00f331    0x9  Code  Gb  stm8l15x_tim4.o [1]
TIM4_ClearITPendingBit  0x00f33a    0x9  Code  Gb  stm8l15x_tim4.o [1]
TIM4_Cmd                0x00f242    0xe  Code  Gb  stm8l15x_tim4.o [1]
TIM4_Config             0x00e083   0x4b  Code  Gb  board.o [1]
TIM4_ITConfig           0x00f05c   0x1a  Code  Gb  stm8l15x_tim4.o [1]
TIM4_TimeBaseInit       0x00f1bd   0x11  Code  Gb  stm8l15x_tim4.o [1]
TIM4_UPD_OVF_TRG_IRQHandler
                        0x00ed17   0x21  Code  Gb  stm8l15x_it.o [1]
TRAP_IRQHandler         0x00f3d6    0x1  Code  Gb  stm8l15x_it.o [1]
TestModeOnRadioTxTimeout
                        0x00d824   0x71  Code  Gb  test_mode.o [1]
TestModeRadioEvents     0x00044f   0x15  Data  Lc  test_mode.o [1]
TestModeState           0x0004bd    0x1  Data  Lc  test_mode.o [1]
TimerExists             0x00ef82   0x1d  Code  Lc  timer.o [1]
TimerGetCurrentTime     0x00f364    0x8  Code  Gb  timer.o [1]
TimerGetElapsedTime     0x00e5f9   0x39  Code  Gb  timer.o [1]
TimerGetValue           0x00f292    0xc  Code  Gb  timer.o [1]
TimerInit               0x00e414   0x41  Code  Gb  timer.o [1]
TimerInsertNewHeadTimer
                        0x00df3f   0x52  Code  Lc  timer.o [1]
TimerInsertTimer        0x00b92c  0x15c  Code  Lc  timer.o [1]
TimerIrqHandler         0x00c9f4   0xcb  Code  Gb  timer.o [1]
TimerListHead           0x0004b7    0x2  Data  Lc  timer.o [1]
TimerSetTimeout         0x00f076   0x1a  Code  Lc  timer.o [1]
TimerSetValue           0x00eb8f   0x27  Code  Gb  timer.o [1]
TimerStart              0x00c84c   0xd4  Code  Gb  timer.o [1]
TimerStop               0x00b4c9  0x182  Code  Gb  timer.o [1]
TxTimeoutTimer          0x000479    0xe  Data  Gb  sx1276.o [1]
USART1_RX_TIM5_CC_IRQHandler
                        0x00e8da   0x30  Code  Gb  stm8l15x_it.o [1]
USART1_TX_TIM5_UPD_OVF_TRG_BRK_IRQHandler
                        0x00da3e   0x66  Code  Gb  stm8l15x_it.o [1]
USART_ClearFlag         0x00f3a5    0x5  Code  Gb  stm8l15x_usart.o [1]
USART_ClearITPendingBit
                        0x00f3aa    0x5  Code  Gb  stm8l15x_usart.o [1]
USART_Cmd               0x00ea48   0x2b  Code  Gb  stm8l15x_usart.o [1]
USART_DeInit            0x00e493   0x3e  Code  Gb  stm8l15x_usart.o [1]
USART_GetFlagStatus     0x00e6d8   0x37  Code  Gb  stm8l15x_usart.o [1]
USART_ITConfig          0x00d378   0x95  Code  Gb  stm8l15x_usart.o [1]
USART_Init              0x00c69a   0xdc  Code  Gb  stm8l15x_usart.o [1]
USART_ReceiveData8      0x00f3a0    0x5  Code  Gb  stm8l15x_usart.o [1]
USART_SendData8         0x00f35c    0x8  Code  Gb  stm8l15x_usart.o [1]
WWDG_Config             0x00f3d4    0x1  Code  Lc  board.o [1]
WakeUpModeOnRxDone      0x00d05a   0xa5  Code  Gb  wakeup_mode.o [1]
WakeUpModeOnRxError     0x00ee38   0x20  Code  Gb  wakeup_mode.o [1]
WakeUpModeOnRxTimeout   0x00ee18   0x20  Code  Gb  wakeup_mode.o [1]
WakeUpModeOnTxDone      0x00edd8   0x20  Code  Gb  wakeup_mode.o [1]
WakeUpModeOnTxTimeout   0x00edf8   0x20  Code  Gb  wakeup_mode.o [1]
WakeUpModeRadioEvents   0x000464   0x15  Data  Lc  wakeup_mode.o [1]
WakeUpModeState         0x0004be    0x1  Data  Gb  wakeup_mode.o [1]
_GenldFullNoMb          0x0094de  0x3bf  Code  Lc  xprintffull_nomb.o [4]
_LdtobFullNoMb          0x008c75  0x49a  Code  Lc  xprintffull_nomb.o [4]
_LitobFullNoMb          0x00b64b  0x17f  Code  Lc  xprintffull_nomb.o [4]
_Locale_lconv           0x000014   0x2e  Data  Gb  localeconv.o [4]
_PrintfFullNoMb         0x0082ad  0x4f2  Code  Gb  xprintffull_nomb.o [4]
_Prout                  0x00ee58   0x1f  Code  Gb  xprout.o [4]
_PutcharFullNoMb        0x00e996   0x2e  Code  Lc  xprintffull_nomb.o [4]
_PutcharsFullNoMb       0x00e585   0x3b  Code  Lc  xprintffull_nomb.o [4]
__DebugBreak            0x00f3e8    0x1  Code  Gb  __dbg_break.o [3]
__eeprom_write_16       0x00e034   0x4f  Code  Gb  eeprom.o [1]
__eeprom_write_8        0x00e66a   0x37  Code  Gb  eeprom.o [1]
__exit                  0x00f120   0x16  Code  Gb  __dbg_xxexit.o [3]
__iar_Dint              0x00cabf   0xca  Code  Gb  xdint.o [4]
__iar_Dnorm             0x00b7ca         Code  Gb  float_libsup.o [4]
__iar_Dscale            0x00b858         Code  Gb  float_libsup.o [4]
__iar_Dunscale          0x00b806         Code  Gb  float_libsup.o [4]
__iar_Memchr            0x00f0da   0x18  Code  Gb  memchr.o [4]
__iar_Strchr            0x00f160   0x15  Code  Gb  strchr.o [4]
__iar_Tls_setup__Locale_lconv
                        0x0004b0    0x3  Data  Gb  localeconv.o [4]
__iar_copy_init2        0x00eb40         Code  Gb  init_small.o [4]
__iar_data_init2        0x00eeef   0x1e  Code  Gb  init.o [4]
__iar_program_start     0x00f0f2         Code  Gb  cstartup.o [4]
__iar_unhandled_exception
                        0x00f3d1         Code  Gb  unhandled_exception.o [4]
__iar_zero_init2        0x00ef0d         Code  Gb  init_small.o [4]
__intvec                0x008000         Data  Gb  interrupt.o [4]
__low_level_init        0x00f3ce    0x3  Code  Gb  low_level_init.o [4]
_exit                   0x00f395         Code  Gb  cexit.o [4]
_interrupt_1            0x00f3d6         Code  Gb  stm8l15x_it.o [1]
_interrupt_10           0x00ef2b         Code  Gb  stm8l15x_it.o [1]
_interrupt_11           0x00ee77         Code  Gb  stm8l15x_it.o [1]
_interrupt_12           0x00c4c6         Code  Gb  stm8l15x_it.o [1]
_interrupt_13           0x00ec02         Code  Gb  stm8l15x_it.o [1]
_interrupt_14           0x00ec25         Code  Gb  stm8l15x_it.o [1]
_interrupt_15           0x00ec48         Code  Gb  stm8l15x_it.o [1]
_interrupt_16           0x00ec6b         Code  Gb  stm8l15x_it.o [1]
_interrupt_17           0x00ee95         Code  Gb  stm8l15x_it.o [1]
_interrupt_18           0x00f3dd         Code  Gb  stm8l15x_it.o [1]
_interrupt_19           0x00f3de         Code  Gb  stm8l15x_it.o [1]
_interrupt_20           0x00f3df         Code  Gb  stm8l15x_it.o [1]
_interrupt_21           0x00ef48         Code  Gb  stm8l15x_it.o [1]
_interrupt_22           0x00f3e0         Code  Gb  stm8l15x_it.o [1]
_interrupt_23           0x00f3e1         Code  Gb  stm8l15x_it.o [1]
_interrupt_24           0x00f3e2         Code  Gb  stm8l15x_it.o [1]
_interrupt_25           0x00f3e3         Code  Gb  stm8l15x_it.o [1]
_interrupt_26           0x00f3e4         Code  Gb  stm8l15x_it.o [1]
_interrupt_27           0x00ed17         Code  Gb  stm8l15x_it.o [1]
_interrupt_28           0x00f3e5         Code  Gb  stm8l15x_it.o [1]
_interrupt_29           0x00da3e         Code  Gb  stm8l15x_it.o [1]
_interrupt_3            0x00f3d7         Code  Gb  stm8l15x_it.o [1]
_interrupt_30           0x00e8da         Code  Gb  stm8l15x_it.o [1]
_interrupt_31           0x00f3e6         Code  Gb  stm8l15x_it.o [1]
_interrupt_4            0x00f3d8         Code  Gb  stm8l15x_it.o [1]
_interrupt_5            0x00f3d9         Code  Gb  stm8l15x_it.o [1]
_interrupt_6            0x00ea9e         Code  Gb  stm8l15x_it.o [1]
_interrupt_7            0x00f3da         Code  Gb  stm8l15x_it.o [1]
_interrupt_8            0x00f3db         Code  Gb  stm8l15x_it.o [1]
_interrupt_9            0x00f3dc         Code  Gb  stm8l15x_it.o [1]
aLarmTimerTime          0x000010    0x4  Data  Gb  timer.o [1]
ceil                    0x00e27b   0x46  Code  Gb  ceil.o [4]
cfg_parm_dump_to_ram    0x00f028   0x1a  Code  Gb  cfg_parm.o [1]
cfg_parm_factory_reset  0x00d2e1   0x97  Code  Gb  cfg_parm.o [1]
cfg_parm_get_air_bandwith
                        0x00dc28   0x5e  Code  Gb  cfg_parm.o [1]
cfg_parm_get_air_baud   0x00cdad   0xaf  Code  Gb  cfg_parm.o [1]
cfg_parm_get_air_sf     0x00dbc9   0x5f  Code  Gb  cfg_parm.o [1]
cfg_parm_get_tx_power   0x00e815   0x32  Code  Gb  cfg_parm.o [1]
cfg_parm_get_uart_baud  0x00d1a3   0xa0  Code  Gb  cfg_parm.o [1]
cfg_parm_get_uart_parity
                        0x00e879   0x31  Code  Gb  cfg_parm.o [1]
cfg_parm_get_wakeup_time
                        0x00db69   0x60  Code  Gb  cfg_parm.o [1]
cfg_parm_restore        0x00e7e2   0x33  Code  Gb  cfg_parm.o [1]
config_mode_routin      0x00a871  0x286  Code  Gb  config_mode.o [1]
crc8                    0x00e847   0x32  Code  Gb  crc8.o [1]
crc8_table              0x000042  0x100  Data  Gb  crc8.o [1]
delay_10us              0x00de9a   0x53  Code  Gb  delay.o [1]
div                     0x00e7ae   0x34  Code  Gb  div.o [4]
exit                    0x00f3c7    0x4  Code  Gb  exit.o [4]
floor                   0x00e2c1   0x46  Code  Gb  floor.o [4]
init_crc8               0x00e163   0x46  Code  Gb  crc8.o [1]
localeconv              0x00f250    0xe  Code  Gb  localeconv.o [4]
lowpower_mode_routin    0x00b345  0x184  Code  Gb  lowpower_mode.o [1]
main                    0x00e455   0x3e  Code  Gb  main.o [1]
memcpy                  0x00ebdc   0x26  Code  Gb  memcpy.o [4]
memcpy1                 0x00eac7   0x29  Code  Gb  utilities.o [1]
memset                  0x00f109   0x17  Code  Gb  memset.o [4]
normal_mode_routin      0x00a5b8  0x2b9  Code  Gb  normal_mode.o [1]
pad                     0x00e4d1   0x3d  Code  Lc  xprintffull_nomb.o [4]
printf                  0x00eb18   0x28  Code  Gb  printf.o [4]
putchar                 0x00e90a   0x2f  Code  Gb  comport.o [1]
ring_buffer_dequeue     0x00ebb6   0x26  Code  Gb  ring_buf.o [1]
ring_buffer_dequeue_arr
                        0x00e1a9   0x46  Code  Gb  ring_buf.o [1]
ring_buffer_init        0x00f042   0x1a  Code  Gb  ring_buf.o [1]
ring_buffer_is_empty    0x00f19b   0x11  Code  Gb  ring_buf.o [1]
ring_buffer_queue_arr   0x00e746   0x34  Code  Gb  ring_buf.o [1]
ringbuf_elements        0x00eaf0   0x28  Code  Gb  ring_buf.o [1]
ringbuf_get             0x00dc86   0x5c  Code  Gb  ring_buf.o [1]
ringbuf_put             0x00daa4   0x64  Code  Gb  ring_buf.o [1]
round                   0x00de45   0x55  Code  Gb  round.o [4]
sTartAlarmTimerTime     0x0004ac    0x4  Data  Gb  timer.o [1]
scale                   0x00dfe3   0x51  Code  Lc  xprintffull_nomb.o [4]
stManufactureParm       0x001000   0x14  Data  Gb  manufacture_parm.o [1]
stNvCfgParm             0x001014    0x5  Data  Gb  cfg_parm.o [1]
stTmpCfgParm            0x0004a3    0x5  Data  Gb  cfg_parm.o [1]
strlen                  0x00f189   0x12  Code  Gb  strlen.o [4]
systick                 0x0004a8    0x4  Data  Gb  timer.o [1]
test_mode_routin        0x00d4a1   0x94  Code  Gb  test_mode.o [1]
uart_rx_ring_buf        0x000242   0x83  Data  Gb  comport.o [1]
uart_tx_ring_buf        0x0002c5   0x83  Data  Gb  comport.o [1]
wakeup_mode_routin      0x00ad58  0x21b  Code  Gb  wakeup_mode.o [1]


[1] = D:\stm8lora\src\stm8l15x-sx1278\STM8L15x-16x-05x-AL31-L_StdPeriph_Lib\Project\STM8L151G6U6_Sx1278\EWSTM8\STM8L15X_MD(STM8L15xx4_6)\Obj
[2] = command line
[3] = dbgstm8mmd.a
[4] = dlstm8mmf.a

  28 988 bytes of readonly  code memory
     685 bytes of readonly  data memory
   2 008 bytes of readwrite data memory

Errors: none
Warnings: none
