###############################################################################
#
# IAR ELF Linker V2.20.1.176 for STM8                     08/Nov/2018  21:02:54
# Copyright 2010-2015 IAR Systems AB.
#
#    Output file  =  
#        D:\stm8lora\src\stm8l15x-sx1278\STM8L15x-16x-05x-AL31-L_StdPeriph_Lib\Project\STM8L151G6U6_Sx1278\EWSTM8\STM8L15X_MD(STM8L15xx4_6)\Exe\project.out
#    Map file     =  
#        D:\stm8lora\src\stm8l15x-sx1278\STM8L15x-16x-05x-AL31-L_StdPeriph_Lib\Project\STM8L151G6U6_Sx1278\EWSTM8\STM8L15X_MD(STM8L15xx4_6)\List\project.map
#    Command line =  
#        "D:\stm8lora\src\stm8l15x-sx1278\STM8L15x-16x-05x-AL31-L_StdPeriph_Lib\Project\STM8L151G6U6_Sx1278\EWSTM8\STM8L15X_MD(STM8L15xx4_6)\Obj\board.o"
#        "D:\stm8lora\src\stm8l15x-sx1278\STM8L15x-16x-05x-AL31-L_StdPeriph_Lib\Project\STM8L151G6U6_Sx1278\EWSTM8\STM8L15X_MD(STM8L15xx4_6)\Obj\cfg_parm.o"
#        "D:\stm8lora\src\stm8l15x-sx1278\STM8L15x-16x-05x-AL31-L_StdPeriph_Lib\Project\STM8L151G6U6_Sx1278\EWSTM8\STM8L15X_MD(STM8L15xx4_6)\Obj\comport.o"
#        "D:\stm8lora\src\stm8l15x-sx1278\STM8L15x-16x-05x-AL31-L_StdPeriph_Lib\Project\STM8L151G6U6_Sx1278\EWSTM8\STM8L15X_MD(STM8L15xx4_6)\Obj\config_mode.o"
#        "D:\stm8lora\src\stm8l15x-sx1278\STM8L15x-16x-05x-AL31-L_StdPeriph_Lib\Project\STM8L151G6U6_Sx1278\EWSTM8\STM8L15X_MD(STM8L15xx4_6)\Obj\delay.o"
#        "D:\stm8lora\src\stm8l15x-sx1278\STM8L15x-16x-05x-AL31-L_StdPeriph_Lib\Project\STM8L151G6U6_Sx1278\EWSTM8\STM8L15X_MD(STM8L15xx4_6)\Obj\eeprom.o"
#        "D:\stm8lora\src\stm8l15x-sx1278\STM8L15x-16x-05x-AL31-L_StdPeriph_Lib\Project\STM8L151G6U6_Sx1278\EWSTM8\STM8L15X_MD(STM8L15xx4_6)\Obj\lowpower_mode.o"
#        "D:\stm8lora\src\stm8l15x-sx1278\STM8L15x-16x-05x-AL31-L_StdPeriph_Lib\Project\STM8L151G6U6_Sx1278\EWSTM8\STM8L15X_MD(STM8L15xx4_6)\Obj\main.o"
#        "D:\stm8lora\src\stm8l15x-sx1278\STM8L15x-16x-05x-AL31-L_StdPeriph_Lib\Project\STM8L151G6U6_Sx1278\EWSTM8\STM8L15X_MD(STM8L15xx4_6)\Obj\manufacture_parm.o"
#        "D:\stm8lora\src\stm8l15x-sx1278\STM8L15x-16x-05x-AL31-L_StdPeriph_Lib\Project\STM8L151G6U6_Sx1278\EWSTM8\STM8L15X_MD(STM8L15xx4_6)\Obj\normal_mode.o"
#        "D:\stm8lora\src\stm8l15x-sx1278\STM8L15x-16x-05x-AL31-L_StdPeriph_Lib\Project\STM8L151G6U6_Sx1278\EWSTM8\STM8L15X_MD(STM8L15xx4_6)\Obj\ring_buf.o"
#        "D:\stm8lora\src\stm8l15x-sx1278\STM8L15x-16x-05x-AL31-L_StdPeriph_Lib\Project\STM8L151G6U6_Sx1278\EWSTM8\STM8L15X_MD(STM8L15xx4_6)\Obj\spi-board.o"
#        "D:\stm8lora\src\stm8l15x-sx1278\STM8L15x-16x-05x-AL31-L_StdPeriph_Lib\Project\STM8L151G6U6_Sx1278\EWSTM8\STM8L15X_MD(STM8L15xx4_6)\Obj\stm8l15x_adc.o"
#        "D:\stm8lora\src\stm8l15x-sx1278\STM8L15x-16x-05x-AL31-L_StdPeriph_Lib\Project\STM8L151G6U6_Sx1278\EWSTM8\STM8L15X_MD(STM8L15xx4_6)\Obj\stm8l15x_beep.o"
#        "D:\stm8lora\src\stm8l15x-sx1278\STM8L15x-16x-05x-AL31-L_StdPeriph_Lib\Project\STM8L151G6U6_Sx1278\EWSTM8\STM8L15X_MD(STM8L15xx4_6)\Obj\stm8l15x_clk.o"
#        "D:\stm8lora\src\stm8l15x-sx1278\STM8L15x-16x-05x-AL31-L_StdPeriph_Lib\Project\STM8L151G6U6_Sx1278\EWSTM8\STM8L15X_MD(STM8L15xx4_6)\Obj\stm8l15x_comp.o"
#        "D:\stm8lora\src\stm8l15x-sx1278\STM8L15x-16x-05x-AL31-L_StdPeriph_Lib\Project\STM8L151G6U6_Sx1278\EWSTM8\STM8L15X_MD(STM8L15xx4_6)\Obj\stm8l15x_dac.o"
#        "D:\stm8lora\src\stm8l15x-sx1278\STM8L15x-16x-05x-AL31-L_StdPeriph_Lib\Project\STM8L151G6U6_Sx1278\EWSTM8\STM8L15X_MD(STM8L15xx4_6)\Obj\stm8l15x_dma.o"
#        "D:\stm8lora\src\stm8l15x-sx1278\STM8L15x-16x-05x-AL31-L_StdPeriph_Lib\Project\STM8L151G6U6_Sx1278\EWSTM8\STM8L15X_MD(STM8L15xx4_6)\Obj\stm8l15x_exti.o"
#        "D:\stm8lora\src\stm8l15x-sx1278\STM8L15x-16x-05x-AL31-L_StdPeriph_Lib\Project\STM8L151G6U6_Sx1278\EWSTM8\STM8L15X_MD(STM8L15xx4_6)\Obj\stm8l15x_flash.o"
#        "D:\stm8lora\src\stm8l15x-sx1278\STM8L15x-16x-05x-AL31-L_StdPeriph_Lib\Project\STM8L151G6U6_Sx1278\EWSTM8\STM8L15X_MD(STM8L15xx4_6)\Obj\stm8l15x_gpio.o"
#        "D:\stm8lora\src\stm8l15x-sx1278\STM8L15x-16x-05x-AL31-L_StdPeriph_Lib\Project\STM8L151G6U6_Sx1278\EWSTM8\STM8L15X_MD(STM8L15xx4_6)\Obj\stm8l15x_i2c.o"
#        "D:\stm8lora\src\stm8l15x-sx1278\STM8L15x-16x-05x-AL31-L_StdPeriph_Lib\Project\STM8L151G6U6_Sx1278\EWSTM8\STM8L15X_MD(STM8L15xx4_6)\Obj\stm8l15x_irtim.o"
#        "D:\stm8lora\src\stm8l15x-sx1278\STM8L15x-16x-05x-AL31-L_StdPeriph_Lib\Project\STM8L151G6U6_Sx1278\EWSTM8\STM8L15X_MD(STM8L15xx4_6)\Obj\stm8l15x_it.o"
#        "D:\stm8lora\src\stm8l15x-sx1278\STM8L15x-16x-05x-AL31-L_StdPeriph_Lib\Project\STM8L151G6U6_Sx1278\EWSTM8\STM8L15X_MD(STM8L15xx4_6)\Obj\stm8l15x_itc.o"
#        "D:\stm8lora\src\stm8l15x-sx1278\STM8L15x-16x-05x-AL31-L_StdPeriph_Lib\Project\STM8L151G6U6_Sx1278\EWSTM8\STM8L15X_MD(STM8L15xx4_6)\Obj\stm8l15x_iwdg.o"
#        "D:\stm8lora\src\stm8l15x-sx1278\STM8L15x-16x-05x-AL31-L_StdPeriph_Lib\Project\STM8L151G6U6_Sx1278\EWSTM8\STM8L15X_MD(STM8L15xx4_6)\Obj\stm8l15x_lcd.o"
#        "D:\stm8lora\src\stm8l15x-sx1278\STM8L15x-16x-05x-AL31-L_StdPeriph_Lib\Project\STM8L151G6U6_Sx1278\EWSTM8\STM8L15X_MD(STM8L15xx4_6)\Obj\stm8l15x_pwr.o"
#        "D:\stm8lora\src\stm8l15x-sx1278\STM8L15x-16x-05x-AL31-L_StdPeriph_Lib\Project\STM8L151G6U6_Sx1278\EWSTM8\STM8L15X_MD(STM8L15xx4_6)\Obj\stm8l15x_rst.o"
#        "D:\stm8lora\src\stm8l15x-sx1278\STM8L15x-16x-05x-AL31-L_StdPeriph_Lib\Project\STM8L151G6U6_Sx1278\EWSTM8\STM8L15X_MD(STM8L15xx4_6)\Obj\stm8l15x_rtc.o"
#        "D:\stm8lora\src\stm8l15x-sx1278\STM8L15x-16x-05x-AL31-L_StdPeriph_Lib\Project\STM8L151G6U6_Sx1278\EWSTM8\STM8L15X_MD(STM8L15xx4_6)\Obj\stm8l15x_spi.o"
#        "D:\stm8lora\src\stm8l15x-sx1278\STM8L15x-16x-05x-AL31-L_StdPeriph_Lib\Project\STM8L151G6U6_Sx1278\EWSTM8\STM8L15X_MD(STM8L15xx4_6)\Obj\stm8l15x_syscfg.o"
#        "D:\stm8lora\src\stm8l15x-sx1278\STM8L15x-16x-05x-AL31-L_StdPeriph_Lib\Project\STM8L151G6U6_Sx1278\EWSTM8\STM8L15X_MD(STM8L15xx4_6)\Obj\stm8l15x_tim1.o"
#        "D:\stm8lora\src\stm8l15x-sx1278\STM8L15x-16x-05x-AL31-L_StdPeriph_Lib\Project\STM8L151G6U6_Sx1278\EWSTM8\STM8L15X_MD(STM8L15xx4_6)\Obj\stm8l15x_tim2.o"
#        "D:\stm8lora\src\stm8l15x-sx1278\STM8L15x-16x-05x-AL31-L_StdPeriph_Lib\Project\STM8L151G6U6_Sx1278\EWSTM8\STM8L15X_MD(STM8L15xx4_6)\Obj\stm8l15x_tim3.o"
#        "D:\stm8lora\src\stm8l15x-sx1278\STM8L15x-16x-05x-AL31-L_StdPeriph_Lib\Project\STM8L151G6U6_Sx1278\EWSTM8\STM8L15X_MD(STM8L15xx4_6)\Obj\stm8l15x_tim4.o"
#        "D:\stm8lora\src\stm8l15x-sx1278\STM8L15x-16x-05x-AL31-L_StdPeriph_Lib\Project\STM8L151G6U6_Sx1278\EWSTM8\STM8L15X_MD(STM8L15xx4_6)\Obj\stm8l15x_tim5.o"
#        "D:\stm8lora\src\stm8l15x-sx1278\STM8L15x-16x-05x-AL31-L_StdPeriph_Lib\Project\STM8L151G6U6_Sx1278\EWSTM8\STM8L15X_MD(STM8L15xx4_6)\Obj\stm8l15x_usart.o"
#        "D:\stm8lora\src\stm8l15x-sx1278\STM8L15x-16x-05x-AL31-L_StdPeriph_Lib\Project\STM8L151G6U6_Sx1278\EWSTM8\STM8L15X_MD(STM8L15xx4_6)\Obj\stm8l15x_wfe.o"
#        "D:\stm8lora\src\stm8l15x-sx1278\STM8L15x-16x-05x-AL31-L_StdPeriph_Lib\Project\STM8L151G6U6_Sx1278\EWSTM8\STM8L15X_MD(STM8L15xx4_6)\Obj\stm8l15x_wwdg.o"
#        "D:\stm8lora\src\stm8l15x-sx1278\STM8L15x-16x-05x-AL31-L_StdPeriph_Lib\Project\STM8L151G6U6_Sx1278\EWSTM8\STM8L15X_MD(STM8L15xx4_6)\Obj\sx1276-board.o"
#        "D:\stm8lora\src\stm8l15x-sx1278\STM8L15x-16x-05x-AL31-L_StdPeriph_Lib\Project\STM8L151G6U6_Sx1278\EWSTM8\STM8L15X_MD(STM8L15xx4_6)\Obj\sx1276.o"
#        "D:\stm8lora\src\stm8l15x-sx1278\STM8L15x-16x-05x-AL31-L_StdPeriph_Lib\Project\STM8L151G6U6_Sx1278\EWSTM8\STM8L15X_MD(STM8L15xx4_6)\Obj\system.o"
#        "D:\stm8lora\src\stm8l15x-sx1278\STM8L15x-16x-05x-AL31-L_StdPeriph_Lib\Project\STM8L151G6U6_Sx1278\EWSTM8\STM8L15X_MD(STM8L15xx4_6)\Obj\test_mode.o"
#        "D:\stm8lora\src\stm8l15x-sx1278\STM8L15x-16x-05x-AL31-L_StdPeriph_Lib\Project\STM8L151G6U6_Sx1278\EWSTM8\STM8L15X_MD(STM8L15xx4_6)\Obj\timer.o"
#        "D:\stm8lora\src\stm8l15x-sx1278\STM8L15x-16x-05x-AL31-L_StdPeriph_Lib\Project\STM8L151G6U6_Sx1278\EWSTM8\STM8L15X_MD(STM8L15xx4_6)\Obj\utilities.o"
#        "D:\stm8lora\src\stm8l15x-sx1278\STM8L15x-16x-05x-AL31-L_StdPeriph_Lib\Project\STM8L151G6U6_Sx1278\EWSTM8\STM8L15X_MD(STM8L15xx4_6)\Obj\wakeup_mode.o"
#        --redirect _Printf=_PrintfFullNoMb --redirect _Scanf=_ScanfFullNoMb -o
#        "D:\stm8lora\src\stm8l15x-sx1278\STM8L15x-16x-05x-AL31-L_StdPeriph_Lib\Project\STM8L151G6U6_Sx1278\EWSTM8\STM8L15X_MD(STM8L15xx4_6)\Exe\project.out"
#        --map
#        "D:\stm8lora\src\stm8l15x-sx1278\STM8L15x-16x-05x-AL31-L_StdPeriph_Lib\Project\STM8L151G6U6_Sx1278\EWSTM8\STM8L15X_MD(STM8L15xx4_6)\List\project.map"
#        --config "C:\Program Files (x86)\IAR Systems\Embedded Workbench
#        7.3\stm8\config\lnkstm8l151g6.icf" --config_def _CSTACK_SIZE=0x400
#        --config_def _HEAP_SIZE=0x00 --entry __iar_program_start --debug_lib
#
###############################################################################

*******************************************************************************
*** RUNTIME MODEL ATTRIBUTES
***

__Heap_Handler             = Basic
__SystemLibrary            = DLib
__code_model               = medium_or_large
__core                     = stm8
__data_model               = medium
__dlib_file_descriptor     = 1
__dlib_full_locale_support = 1
__rt_version               = 4


*******************************************************************************
*** PLACEMENT SUMMARY
***

"A1":  place at start of [0x000000-0x0000ff] { rw section .vregs };
"A2":  place at end of [0x000000-0x0007ff] { block CSTACK };
"P2":  place in [from 0x000000 to 0x0007ff] {
          block HEAP, rw section __DLIB_PERTHREAD, rw section .far.bss,
          rw section .far.data, rw section .far.noinit,
          rw section .far_func.textrw, rw section .huge.bss,
          rw section .huge.data, rw section .huge.noinit,
          rw section .huge_func.textrw, rw section .iar.dynexit,
          rw section .near.bss, rw section .near.data, rw section .near.noinit,
          rw section .near_func.textrw };
"A3":  place at start of [0x008000-0x00ffff] { block INTVEC };
"P3":  place in [from 0x008000 to 0x00ffff] {
          ro section __DLIB_PERTHREAD_init, ro section .far.data_init,
          ro section .far_func.textrw_init, ro section .huge.data_init,
          ro section .huge_func.textrw_init, ro section .iar.init_table,
          ro section .init_array, ro section .near.data_init,
          ro section .near.rodata, ro section .near_func.text,
          ro section .near_func.textrw_init, ro section .tiny.data_init,
          ro section .tiny.rodata_init };
"P4":  place in [from 0x008000 to 0x00ffff] {
          ro section .far.rodata, ro section .far_func.text };
"P7":  place in [from 0x001000 to 0x0013ff] { section .eeprom.data };

  Section            Kind      Address    Size  Object
  -------            ----      -------    ----  ------
"A1":                                     0x10
  .vregs             uninit   0x000000    0x10  vregs.o [4]
                            - 0x000010    0x10

"P2", part 1 of 2:                        0x32
  P2-1                        0x000010    0x32  <Init block>
    .near.data       inited   0x000010     0x4  timer.o [1]
    .near.data       inited   0x000014    0x2e  localeconv.o [4]
                            - 0x000042    0x32

"P2", part 2 of 2:                       0x32a
  .near.bss          zero     0x000042   0x100  sx1276.o [1]
  .near.bss          zero     0x000142    0x82  comport.o [1]
  .near.bss          zero     0x0001c4    0x82  comport.o [1]
  .near.bss          zero     0x000246    0x51  sx1276.o [1]
  .near.bss          zero     0x000297    0x3a  normal_mode.o [1]
  .near.bss          zero     0x0002d1    0x15  lowpower_mode.o [1]
  .near.bss          zero     0x0002e6    0x15  normal_mode.o [1]
  .near.bss          zero     0x0002fb    0x15  test_mode.o [1]
  .near.bss          zero     0x000310    0x15  wakeup_mode.o [1]
  .near.bss          zero     0x000325     0xe  sx1276.o [1]
  .near.bss          zero     0x000333     0xe  sx1276.o [1]
  .near.bss          zero     0x000341     0xe  sx1276.o [1]
  .near.bss          zero     0x00034f     0x5  cfg_parm.o [1]
  .near.bss          zero     0x000354     0x4  timer.o [1]
  .near.bss          zero     0x000358     0x4  timer.o [1]
  .near.bss          zero     0x00035c     0x3  localeconv.o [4]
  .near.bss          zero     0x00035f     0x2  sx1276.o [1]
  .near.bss          zero     0x000361     0x2  test_mode.o [1]
  .near.bss          zero     0x000363     0x2  timer.o [1]
  .near.bss          zero     0x000365     0x1  lowpower_mode.o [1]
  .near.bss          zero     0x000366     0x1  normal_mode.o [1]
  .near.bss          zero     0x000367     0x1  sx1276-board.o [1]
  .near.bss          zero     0x000368     0x1  sx1276.o [1]
  .near.bss          zero     0x000369     0x1  system.o [1]
  .near.bss          zero     0x00036a     0x1  test_mode.o [1]
  .near.bss          zero     0x00036b     0x1  wakeup_mode.o [1]
                            - 0x00036c   0x32a

"A2":                                    0x400
  CSTACK                      0x000400   0x400  <Block>
    CSTACK           uninit   0x000400   0x400  <Block tail>
                            - 0x000800   0x400

"P7":                                     0x19
  .eeprom.data       rw data  0x001000    0x14  manufacture_parm.o [1]
  .eeprom.data       rw data  0x001014     0x5  cfg_parm.o [1]
                            - 0x001019    0x19

"A3":                                     0x80
  INTVEC                      0x008000    0x80  <Block>
    .intvec          const    0x008000    0x80  interrupt.o [4]
                            - 0x008080    0x80

"P3":                                    0x1de
  .near.rodata       const    0x008080    0x6e  sx1276.o [1]
  .near.rodata       const    0x0080ee    0x51  sx1276-board.o [1]
  .near_func.text    const    0x00813f    0x3c  xprintffull_nomb.o [4]
  Initializer bytes  const    0x00817b    0x32  <for P2-1>
  .near.rodata       const    0x0081ad    0x30  sx1276.o [1]
  .near.rodata       const    0x0081dd    0x23  test_mode.o [1]
  .iar.init_table    const    0x008200    0x14  - Linker created -
  .near.rodata       const    0x008214    0x10  test_mode.o [1]
  .near.rodata       const    0x008224     0xe  test_mode.o [1]
  .near.rodata       const    0x008232     0x7  xprintffull_nomb.o [4]
  .near.rodata       const    0x008239     0x6  localeconv.o [4]
  .near.rodata       const    0x00823f     0x5  stm8l15x_clk.o [1]
  .near.rodata       const    0x008244     0x5  localeconv.o [4]
  .near.rodata       const    0x008249     0x4  xprintffull_nomb.o [4]
  .near.rodata       const    0x00824d     0x4  xprintffull_nomb.o [4]
  .near.rodata       const    0x008251     0x4  xprintffull_nomb.o [4]
  .near.rodata       const    0x008255     0x4  xprintffull_nomb.o [4]
  .near.rodata       const    0x008259     0x2  xprintffull_nomb.o [4]
  .near.rodata       const    0x00825b     0x2  localeconv.o [4]
  .near.rodata       const    0x00825d     0x1  localeconv.o [4]
                            - 0x00825e   0x1de

"P4":                                   0x61b6
  .far_func.text     ro code  0x00825e   0x4f2  xprintffull_nomb.o [4]
  .far_func.text     ro code  0x008750   0x4d6  float.o [4]
  .far_func.text     ro code  0x008c26   0x49a  xprintffull_nomb.o [4]
  .far_func.text     ro code  0x0090c0   0x3cf  sx1276.o [1]
  .far_func.text     ro code  0x00948f   0x3bf  xprintffull_nomb.o [4]
  .far_func.text     ro code  0x00984e   0x3b5  sx1276.o [1]
  .far_func.text     ro code  0x009c03   0x341  sx1276.o [1]
  .far_func.text     ro code  0x009f44   0x329  sx1276.o [1]
  .far_func.text     ro code  0x00a26d   0x2fc  sx1276.o [1]
  .far_func.text     ro code  0x00a569   0x261  long.o [4]
  .far_func.text     ro code  0x00a7ca   0x1f5  vreg_util.o [4]
  .far_func.text     ro code  0x00a9bf   0x1ee  lowpower_mode.o [1]
  .far_func.text     ro code  0x00abad   0x1ee  wakeup_mode.o [1]
  .far_func.text     ro code  0x00ad9b   0x1ed  normal_mode.o [1]
  .far_func.text     ro code  0x00af88   0x1b3  config_mode.o [1]
  .far_func.text     ro code  0x00b13b   0x182  timer.o [1]
  .far_func.text     ro code  0x00b2bd   0x17f  xprintffull_nomb.o [4]
  .far_func.text     ro code  0x00b43c   0x162  float_libsup.o [4]
  .far_func.text     ro code  0x00b59e   0x15c  timer.o [1]
  .far_func.text     ro code  0x00b6fa   0x151  sx1276.o [1]
  .far_func.text     ro code  0x00b84b   0x143  sx1276.o [1]
  .far_func.text     ro code  0x00b98e   0x130  sx1276.o [1]
  .far_func.text     ro code  0x00babe   0x128  sx1276.o [1]
  .far_func.text     ro code  0x00bbe6   0x127  stm8l15x_exti.o [1]
  .far_func.text     ro code  0x00bd0d   0x106  sx1276-board.o [1]
  .far_func.text     ro code  0x00be13    0xe4  sx1276.o [1]
  .far_func.text     ro code  0x00bef7    0xdc  stm8l15x_usart.o [1]
  .far_func.text     ro code  0x00bfd3    0xd6  long_util.o [4]
  .far_func.text     ro code  0x00c0a9    0xd4  timer.o [1]
  .far_func.text     ro code  0x00c17d    0xd3  comport.o [1]
  .far_func.text     ro code  0x00c250    0xcb  timer.o [1]
  .far_func.text     ro code  0x00c31b    0xca  xdint.o [4]
  .far_func.text     ro code  0x00c3e5    0xbc  board.o [1]
  .far_func.text     ro code  0x00c4a1    0xbb  sx1276-board.o [1]
  .far_func.text     ro code  0x00c55c    0xbb  sx1276.o [1]
  .far_func.text     ro code  0x00c617    0xb2  sx1276.o [1]
  .far_func.text     ro code  0x00c6c9    0xaf  stm8l15x_gpio.o [1]
  .far_func.text     ro code  0x00c778    0xa4  sx1276.o [1]
  .far_func.text     ro code  0x00c81c    0xa0  cfg_parm.o [1]
  .far_func.text     ro code  0x00c8bc    0x9e  stm8l15x_clk.o [1]
  .far_func.text     ro code  0x00c95a    0x97  cfg_parm.o [1]
  .far_func.text     ro code  0x00c9f1    0x95  stm8l15x_usart.o [1]
  .far_func.text     ro code  0x00ca86    0x94  stm8l15x_clk.o [1]
  .far_func.text     ro code  0x00cb1a    0x8e  sx1276.o [1]
  .far_func.text     ro code  0x00cba8    0x83  sx1276.o [1]
  .far_func.text     ro code  0x00cc2b    0x7d  test_mode.o [1]
  .far_func.text     ro code  0x00cca8    0x77  normal_mode.o [1]
  .far_func.text     ro code  0x00cd1f    0x76  sx1276.o [1]
  .far_func.text     ro code  0x00cd95    0x71  sx1276.o [1]
  .far_func.text     ro code  0x00ce06    0x6b  sx1276.o [1]
  .far_func.text     ro code  0x00ce71    0x6a  sx1276.o [1]
  .far_func.text     ro code  0x00cedb    0x5b  stm8l15x_spi.o [1]
  .far_func.text     ro code  0x00cf36    0x5a  test_mode.o [1]
  .far_func.text     ro code  0x00cf90    0x58  dc_util.o [4]
  .far_func.text     ro code  0x00cfe8    0x57  sx1276.o [1]
  .far_func.text     ro code  0x00d03f    0x56  lowpower_mode.o [1]
  .far_func.text     ro code  0x00d095    0x56  ring_buf.o [1]
  .far_func.text     ro code  0x00d0eb    0x56  wakeup_mode.o [1]
  .far_func.text     ro code  0x00d141    0x55  round.o [4]
  .far_func.text     ro code  0x00d196    0x52  sx1276.o [1]
  .far_func.text     ro code  0x00d1e8    0x52  timer.o [1]
  .far_func.text     ro code  0x00d23a    0x51  ring_buf.o [1]
  .far_func.text     ro code  0x00d28b    0x51  xprintffull_nomb.o [4]
  .far_func.text     ro code  0x00d2dc    0x4f  eeprom.o [1]
  .far_func.text     ro code  0x00d32b    0x4e  stm8l15x_it.o [1]
  .far_func.text     ro code  0x00d379    0x4c  spi-board.o [1]
  .far_func.text     ro code  0x00d3c5    0x4b  xprintffull_nomb.o [4]
  .far_func.text     ro code  0x00d410    0x47  ring_buf.o [1]
  .far_func.text     ro code  0x00d457    0x46  sx1276.o [1]
  .far_func.text     ro code  0x00d49d    0x46  short.o [4]
  .far_func.text     ro code  0x00d4e3    0x46  ceil.o [4]
  .far_func.text     ro code  0x00d529    0x46  floor.o [4]
  .far_func.text     ro code  0x00d56f    0x44  far_util.o [4]
  .far_func.text     ro code  0x00d5b3    0x41  timer.o [1]
  .far_func.text     ro code  0x00d5f4    0x3e  main.o [1]
  .far_func.text     ro code  0x00d632    0x3d  xprintffull_nomb.o [4]
  .far_func.text     ro code  0x00d66f    0x3c  stm8l15x_flash.o [1]
  .far_func.text     ro code  0x00d6ab    0x3b  ring_buf.o [1]
  .far_func.text     ro code  0x00d6e6    0x3b  xprintffull_nomb.o [4]
  .far_func.text     ro code  0x00d721    0x39  timer.o [1]
  .far_func.text     ro code  0x00d75a    0x38  sx1276.o [1]
  .far_func.text     ro code  0x00d792    0x37  eeprom.o [1]
  .far_func.text     ro code  0x00d7c9    0x37  stm8l15x_usart.o [1]
  .far_func.text     ro code  0x00d800    0x37  sx1276.o [1]
  .far_func.text     ro code  0x00d837    0x36  spi-board.o [1]
  .far_func.text     ro code  0x00d86d    0x34  sx1276.o [1]
  .far_func.text     ro code  0x00d8a1    0x34  div.o [4]
  .far_func.text     ro code  0x00d8d5    0x33  cfg_parm.o [1]
  .far_func.text     ro code  0x00d908    0x32  cfg_parm.o [1]
  .far_func.text     ro code  0x00d93a    0x31  cfg_parm.o [1]
  .far_func.text     ro code  0x00d96b    0x30  stm8l15x_it.o [1]
  .far_func.text     ro code  0x00d99b    0x2f  sx1276-board.o [1]
  .far_func.text     ro code  0x00d9ca    0x2e  sx1276-board.o [1]
  .far_func.text     ro code  0x00d9f8    0x2e  xprintffull_nomb.o [4]
  .far_func.text     ro code  0x00da26    0x2c  stm8l15x_gpio.o [1]
  .far_func.text     ro code  0x00da52    0x2c  sx1276.o [1]
  .far_func.text     ro code  0x00da7e    0x2b  board.o [1]
  .far_func.text     ro code  0x00daa9    0x2b  stm8l15x_usart.o [1]
  .far_func.text     ro code  0x00dad4    0x2b  timer.o [1]
  .far_func.text     ro code  0x00daff    0x29  utilities.o [1]
  .far_func.text     ro code  0x00db28    0x28  printf.o [4]
  .far_func.text     ro code  0x00db50    0x28  init_small.o [4]
  .far_func.text     ro code  0x00db78    0x27  timer.o [1]
  .far_func.text     ro code  0x00db9f    0x26  memcpy.o [4]
  .far_func.text     ro code  0x00dbc5    0x24  test_mode.o [1]
  .far_func.text     ro code  0x00dbe9    0x23  stm8l15x_it.o [1]
  .far_func.text     ro code  0x00dc0c    0x23  stm8l15x_it.o [1]
  .far_func.text     ro code  0x00dc2f    0x23  stm8l15x_it.o [1]
  .far_func.text     ro code  0x00dc52    0x23  stm8l15x_it.o [1]
  .far_func.text     ro code  0x00dc75    0x23  stm8l15x_it.o [1]
  .far_func.text     ro code  0x00dc98    0x23  sx1276-board.o [1]
  .far_func.text     ro code  0x00dcbb    0x22  board.o [1]
  .far_func.text     ro code  0x00dcdd    0x22  stm8l15x_exti.o [1]
  .far_func.text     ro code  0x00dcff    0x22  stm8l15x_it.o [1]
  .far_func.text     ro code  0x00dd21    0x21  stm8l15x_it.o [1]
  .far_func.text     ro code  0x00dd42    0x20  lowpower_mode.o [1]
  .far_func.text     ro code  0x00dd62    0x20  lowpower_mode.o [1]
  .far_func.text     ro code  0x00dd82    0x20  lowpower_mode.o [1]
  .far_func.text     ro code  0x00dda2    0x20  lowpower_mode.o [1]
  .far_func.text     ro code  0x00ddc2    0x20  normal_mode.o [1]
  .far_func.text     ro code  0x00dde2    0x20  normal_mode.o [1]
  .far_func.text     ro code  0x00de02    0x20  normal_mode.o [1]
  .far_func.text     ro code  0x00de22    0x20  normal_mode.o [1]
  .far_func.text     ro code  0x00de42    0x20  ring_buf.o [1]
  .far_func.text     ro code  0x00de62    0x20  wakeup_mode.o [1]
  .far_func.text     ro code  0x00de82    0x20  wakeup_mode.o [1]
  .far_func.text     ro code  0x00dea2    0x20  wakeup_mode.o [1]
  .far_func.text     ro code  0x00dec2    0x20  wakeup_mode.o [1]
  .far_func.text     ro code  0x00dee2    0x1f  xprout.o [4]
  .far_func.text     ro code  0x00df01    0x1e  stm8l15x_it.o [1]
  .far_func.text     ro code  0x00df1f    0x1e  stm8l15x_it.o [1]
  .far_func.text     ro code  0x00df3d    0x1e  stm8l15x_spi.o [1]
  .far_func.text     ro code  0x00df5b    0x1e  sx1276.o [1]
  .far_func.text     ro code  0x00df79    0x1e  init.o [4]
  .far_func.text     ro code  0x00df97    0x1e  init_small.o [4]
  .far_func.text     ro code  0x00dfb5    0x1d  stm8l15x_it.o [1]
  .far_func.text     ro code  0x00dfd2    0x1d  sx1276.o [1]
  .far_func.text     ro code  0x00dfef    0x1d  timer.o [1]
  .far_func.text     ro code  0x00e00c    0x1c  sx1276.o [1]
  .far_func.text     ro code  0x00e028    0x1c  sx1276.o [1]
  .far_func.text     ro code  0x00e044    0x1b  stm8l15x_gpio.o [1]
  .far_func.text     ro code  0x00e05f    0x1b  sx1276-board.o [1]
  .far_func.text     ro code  0x00e07a    0x1b  sx1276.o [1]
  .far_func.text     ro code  0x00e095    0x1a  board.o [1]
  .far_func.text     ro code  0x00e0af    0x1a  cfg_parm.o [1]
  .far_func.text     ro code  0x00e0c9    0x1a  stm8l15x_tim4.o [1]
  .far_func.text     ro code  0x00e0e3    0x1a  timer.o [1]
  .far_func.text     ro code  0x00e0fd    0x19  stm8l15x_flash.o [1]
  .far_func.text     ro code  0x00e116    0x19  sx1276.o [1]
  .far_func.text     ro code  0x00e12f    0x18  ring_buf.o [1]
  .far_func.text     ro code  0x00e147    0x18  sx1276.o [1]
  .far_func.text     ro code  0x00e15f    0x18  memchr.o [4]
  .far_func.text     ro code  0x00e177    0x17  cstartup.o [4]
  .far_func.text     ro code  0x00e18e    0x17  memset.o [4]
  .far_func.text     ro code  0x00e1a5    0x16  __dbg_xxexit.o [3]
  .far_func.text     ro code  0x00e1bb    0x15  xprintffull_nomb.o [4]
  .far_func.text     ro code  0x00e1d0    0x15  strchr.o [4]
  .far_func.text     ro code  0x00e1e5    0x14  ring_buf.o [1]
  .far_func.text     ro code  0x00e1f9    0x14  sx1276-board.o [1]
  .far_func.text     ro code  0x00e20d    0x13  sx1276.o [1]
  .far_func.text     ro code  0x00e220    0x12  strlen.o [4]
  .far_func.text     ro code  0x00e232    0x11  stm8l15x_spi.o [1]
  .far_func.text     ro code  0x00e243    0x11  stm8l15x_tim4.o [1]
  .far_func.text     ro code  0x00e254    0x10  system.o [1]
  .far_func.text     ro code  0x00e264    0x10  xprintffull_nomb.o [4]
  .far_func.text     ro code  0x00e274     0xf  ring_buf.o [1]
  .far_func.text     ro code  0x00e283     0xe  stm8l15x_clk.o [1]
  .far_func.text     ro code  0x00e291     0xe  stm8l15x_tim4.o [1]
  .far_func.text     ro code  0x00e29f     0xe  localeconv.o [4]
  .far_func.text     ro code  0x00e2ad     0xe  localeconv.o [4]
  .far_func.text     ro code  0x00e2bb     0xd  move.o [4]
  .far_func.text     ro code  0x00e2c8     0xc  delay.o [1]
  .far_func.text     ro code  0x00e2d4     0xc  timer.o [1]
  .far_func.text     ro code  0x00e2e0     0xc  switch.o [4]
  .far_func.text     ro code  0x00e2ec     0xc  xprintffull_nomb.o [4]
  .far_func.text     ro code  0x00e2f8     0xc  xprintffull_nomb.o [4]
  .far_func.text     ro code  0x00e304     0xb  stm8l15x_flash.o [1]
  .far_func.text     ro code  0x00e30f     0xb  xprintffull_nomb.o [4]
  .far_func.text     ro code  0x00e31a     0xb  localeconv.o [4]
  .far_func.text     ro code  0x00e325     0xa  sx1276-board.o [1]
  .far_func.text     ro code  0x00e32f     0xa  sx1276-board.o [1]
  .far_func.text     ro code  0x00e339     0xa  system.o [1]
  .far_func.text     ro code  0x00e343     0xa  far.o [4]
  .far_func.text     ro code  0x00e34d     0xa  xprintffull_nomb.o [4]
  .far_func.text     ro code  0x00e357     0x9  stm8l15x_tim2.o [1]
  .far_func.text     ro code  0x00e360     0x9  stm8l15x_tim4.o [1]
  .far_func.text     ro code  0x00e369     0x9  stm8l15x_tim4.o [1]
  .far_func.text     ro code  0x00e372     0x9  sx1276.o [1]
  .far_func.text     ro code  0x00e37b     0x8  stm8l15x_gpio.o [1]
  .far_func.text     ro code  0x00e383     0x8  stm8l15x_spi.o [1]
  .far_func.text     ro code  0x00e38b     0x8  stm8l15x_usart.o [1]
  .far_func.text     ro code  0x00e393     0x8  timer.o [1]
  .far_func.text     ro code  0x00e39b     0x8  xprintffull_nomb.o [4]
  .far_func.text     ro code  0x00e3a3     0x7  stm8l15x_gpio.o [1]
  .far_func.text     ro code  0x00e3aa     0x7  sx1276-board.o [1]
  .far_func.text     ro code  0x00e3b1     0x7  xprintffull_nomb.o [4]
  .far_func.text     ro code  0x00e3b8     0x6  char.o [4]
  .far_func.text     ro code  0x00e3be     0x6  xprintffull_nomb.o [4]
  .far_func.text     ro code  0x00e3c4     0x6  cexit.o [4]
  .far_func.text     ro code  0x00e3ca     0x5  stm8l15x_spi.o [1]
  .far_func.text     ro code  0x00e3cf     0x5  stm8l15x_usart.o [1]
  .far_func.text     ro code  0x00e3d4     0x5  stm8l15x_usart.o [1]
  .far_func.text     ro code  0x00e3d9     0x4  stm8l15x_clk.o [1]
  .far_func.text     ro code  0x00e3dd     0x4  stm8l15x_clk.o [1]
  .far_func.text     ro code  0x00e3e1     0x4  stm8l15x_clk.o [1]
  .far_func.text     ro code  0x00e3e5     0x4  stm8l15x_flash.o [1]
  .far_func.text     ro code  0x00e3e9     0x4  sx1276.o [1]
  .far_func.text     ro code  0x00e3ed     0x4  interrupt.o [4]
  .far_func.text     ro code  0x00e3f1     0x4  exit.o [4]
  .far_func.text     ro code  0x00e3f5     0x3  sx1276-board.o [1]
  .far_func.text     ro code  0x00e3f8     0x3  low_level_init.o [4]
  .far_func.text     ro code  0x00e3fb     0x3  unhandled_exception.o [4]
  .far_func.text     ro code  0x00e3fe     0x2  board.o [1]
  .far_func.text     ro code  0x00e400     0x1  stm8l15x_it.o [1]
  .far_func.text     ro code  0x00e401     0x1  stm8l15x_it.o [1]
  .far_func.text     ro code  0x00e402     0x1  stm8l15x_it.o [1]
  .far_func.text     ro code  0x00e403     0x1  stm8l15x_it.o [1]
  .far_func.text     ro code  0x00e404     0x1  stm8l15x_it.o [1]
  .far_func.text     ro code  0x00e405     0x1  stm8l15x_it.o [1]
  .far_func.text     ro code  0x00e406     0x1  stm8l15x_it.o [1]
  .far_func.text     ro code  0x00e407     0x1  stm8l15x_it.o [1]
  .far_func.text     ro code  0x00e408     0x1  stm8l15x_it.o [1]
  .far_func.text     ro code  0x00e409     0x1  stm8l15x_it.o [1]
  .far_func.text     ro code  0x00e40a     0x1  stm8l15x_it.o [1]
  .far_func.text     ro code  0x00e40b     0x1  stm8l15x_it.o [1]
  .far_func.text     ro code  0x00e40c     0x1  stm8l15x_it.o [1]
  .far_func.text     ro code  0x00e40d     0x1  stm8l15x_it.o [1]
  .far_func.text     ro code  0x00e40e     0x1  stm8l15x_it.o [1]
  .far_func.text     ro code  0x00e40f     0x1  stm8l15x_it.o [1]
  .far_func.text     ro code  0x00e410     0x1  stm8l15x_it.o [1]
  .far_func.text     ro code  0x00e411     0x1  stm8l15x_it.o [1]
  .far_func.text     ro code  0x00e412     0x1  sx1276-board.o [1]
  .far_func.text     ro code  0x00e413     0x1  __dbg_break.o [3]
                            - 0x00e414  0x61b6


*******************************************************************************
*** INIT TABLE
***

          Address   Size
          -------   ----
Zero (__iar_zero_init2)
    1 destination range, total size 0x32a:
          0x000042  0x32a

Copy (__iar_copy_init2)
    1 source range, total size 0x32:
          0x00817b   0x32
    1 destination range, total size 0x32:
          0x000010   0x32



*******************************************************************************
*** MODULE SUMMARY
***

    Module                 ro code  ro data  rw data
    ------                 -------  -------  -------
D:\stm8lora\src\stm8l15x-sx1278\STM8L15x-16x-05x-AL31-L_StdPeriph_Lib\Project\STM8L151G6U6_Sx1278\EWSTM8\STM8L15X_MD(STM8L15xx4_6)\Obj: [1]
    board.o                    293
    cfg_parm.o                 487                10
    comport.o                  211               260
    config_mode.o              435
    delay.o                     12
    eeprom.o                   134
    lowpower_mode.o            708                22
    main.o                      62
    manufacture_parm.o                            20
    normal_mode.o              740                80
    ring_buf.o                 388
    spi-board.o                130
    stm8l15x_clk.o             332        5
    stm8l15x_exti.o            329
    stm8l15x_flash.o           100
    stm8l15x_gpio.o            261
    stm8l15x_it.o              475
    stm8l15x_spi.o             151
    stm8l15x_tim2.o              9
    stm8l15x_tim4.o             75
    stm8l15x_usart.o           485
    sx1276-board.o             655       81        1
    sx1276.o                 7 733      158      382
    system.o                    26                 1
    test_mode.o                251       65       24
    timer.o                  1 510        4       14
    utilities.o                 41
    wakeup_mode.o              708                22
    ------------------------------------------------
    Total:                  16 741      313      836

command line: [2]
    ------------------------------------------------
    Total:

dbgstm8mmd.a: [3]
    __dbg_break.o                1
    __dbg_xxexit.o              22
    ------------------------------------------------
    Total:                      23

dlstm8mmf.a: [4]
    ceil.o                      70
    cexit.o                      6
    char.o                       6
    cstartup.o                  23
    dc_util.o                   88
    div.o                       52
    exit.o                       4
    far.o                       10
    far_util.o                  68
    float.o                  1 238
    float_libsup.o             354
    floor.o                     70
    init.o                      30
    init_small.o                70
    interrupt.o                  4      128
    localeconv.o                39       60       49
    long.o                     609
    long_util.o                214
    low_level_init.o             3
    memchr.o                    24
    memcpy.o                    38
    memset.o                    23
    move.o                      13
    printf.o                    40
    round.o                     85
    short.o                     70
    strchr.o                    21
    strlen.o                    18
    switch.o                    12
    unhandled_exception.o        3
    vreg_util.o                501
    vregs.o                                       16
    xdint.o                    202
    xprintffull_nomb.o       4 211       85
    xprout.o                    31
    ------------------------------------------------
    Total:                   8 250      273       65

    Linker created                       20    1 024
----------------------------------------------------
    Grand Total:            25 014      606    1 925


*******************************************************************************
*** ENTRY LIST
***

Entry                    Address   Size  Type      Object
-----                    -------   ----  ----      ------
.iar.init_table$$Base   0x008200          --   Gb  - Linker created -
.iar.init_table$$Limit  0x008214          --   Gb  - Linker created -
?add32_l0_l0_0x         0x00a5a8         Code  Gb  long.o [4]
?add32_l0_l0_l1         0x00a5a5         Code  Gb  long.o [4]
?and32_l0_l0_0x         0x00a75d         Code  Gb  long.o [4]
?and32_l0_l0_l1         0x00a75a         Code  Gb  long.o [4]
?b0                     0x000000         Data  Gb  vregs.o [4]
?b1                     0x000001         Data  Gb  vregs.o [4]
?b10                    0x00000a         Data  Gb  vregs.o [4]
?b11                    0x00000b         Data  Gb  vregs.o [4]
?b12                    0x00000c         Data  Gb  vregs.o [4]
?b13                    0x00000d         Data  Gb  vregs.o [4]
?b14                    0x00000e         Data  Gb  vregs.o [4]
?b15                    0x00000f         Data  Gb  vregs.o [4]
?b2                     0x000002         Data  Gb  vregs.o [4]
?b3                     0x000003         Data  Gb  vregs.o [4]
?b4                     0x000004         Data  Gb  vregs.o [4]
?b5                     0x000005         Data  Gb  vregs.o [4]
?b6                     0x000006         Data  Gb  vregs.o [4]
?b7                     0x000007         Data  Gb  vregs.o [4]
?b8                     0x000008         Data  Gb  vregs.o [4]
?b9                     0x000009         Data  Gb  vregs.o [4]
?dc32_l0                0x00cf90         Code  Gb  dc_util.o [4]
?dc32_l1                0x00cfbc         Code  Gb  dc_util.o [4]
?dec32_0x_0x            0x00a591         Code  Gb  long.o [4]
?dec32_l2_l2            0x00a58c         Code  Gb  long.o [4]
?e0                     0x000001         Data  Gb  vregs.o [4]
?e1                     0x000005         Data  Gb  vregs.o [4]
?e2                     0x000009         Data  Gb  vregs.o [4]
?e3                     0x00000d         Data  Gb  vregs.o [4]
?epilogue_l2            0x00a8f3         Code  Gb  vreg_util.o [4]
?epilogue_l2_l3         0x00a8ef         Code  Gb  vreg_util.o [4]
?epilogue_l2_w6         0x00a8f8         Code  Gb  vreg_util.o [4]
?epilogue_w4            0x00a901         Code  Gb  vreg_util.o [4]
?fadd32_l0_l0_dc32      0x008774         Code  Gb  float.o [4]
?fadd32_l0_l0_l1        0x00877a         Code  Gb  float.o [4]
?fcastf32s16_l0_x       0x008a0b         Code  Gb  float.o [4]
?fcastf32s32_l0_l0      0x008adf         Code  Gb  float.o [4]
?fcastf32u16_l0_x       0x008a12         Code  Gb  float.o [4]
?fcastf32u32_l0_l0      0x008aeb         Code  Gb  float.o [4]
?fcasts16f32_x_l0       0x008a30         Code  Gb  float.o [4]
?fcasts32f32_l0_l0      0x008a7c         Code  Gb  float.o [4]
?fcastu32f32_l0_l0      0x008a65         Code  Gb  float.o [4]
?fcmpge32_c_l0_0x       0x0089aa         Code  Gb  float.o [4]
?fcmpge32_c_l0_dc32     0x0089a3         Code  Gb  float.o [4]
?fcmpge32_c_l0_l1       0x0089a7         Code  Gb  float.o [4]
?fcmplt32_c_l0_0x       0x0089b5         Code  Gb  float.o [4]
?fcmplt32_c_l0_dc32     0x0089ae         Code  Gb  float.o [4]
?fcmplt32_c_l0_l1       0x0089b2         Code  Gb  float.o [4]
?fdiv32_l0_dc32_l1      0x0088e9         Code  Gb  float.o [4]
?fdiv32_l0_l0_dc32      0x0088ef         Code  Gb  float.o [4]
?fdiv32_l0_l0_l1        0x0088f5         Code  Gb  float.o [4]
?fmul32_l0_l0_dc32      0x008848         Code  Gb  float.o [4]
?fmul32_l0_l0_l1        0x00884e         Code  Gb  float.o [4]
?fsub32_l0_l0_l1        0x00876e         Code  Gb  float.o [4]
?inc32_0x_0x            0x00a57e         Code  Gb  long.o [4]
?inc32_l0_l0            0x00a579         Code  Gb  long.o [4]
?l0                     0x000000         Data  Gb  vregs.o [4]
?l1                     0x000004         Data  Gb  vregs.o [4]
?l2                     0x000008         Data  Gb  vregs.o [4]
?l3                     0x00000c         Data  Gb  vregs.o [4]
?load24_0x_e0           0x00d5a5         Code  Gb  far_util.o [4]
?load24_e0_0x           0x00d57b         Code  Gb  far_util.o [4]
?load24_e0_asp          0x00d56f         Code  Gb  far_util.o [4]
?load24_e0_xsp          0x00d571         Code  Gb  far_util.o [4]
?load24_e1_0x           0x00d589         Code  Gb  far_util.o [4]
?load24_e2_0x           0x00d597         Code  Gb  far_util.o [4]
?load32_0x_l0           0x00c075         Code  Gb  long_util.o [4]
?load32_0x_l2           0x00c08d         Code  Gb  long_util.o [4]
?load32_0x_l3           0x00c09b         Code  Gb  long_util.o [4]
?load32_l0_0x           0x00bfed         Code  Gb  long_util.o [4]
?load32_l0_asp          0x00bfe1         Code  Gb  long_util.o [4]
?load32_l0_dbsp         0x00bfd3         Code  Gb  long_util.o [4]
?load32_l0_xsp          0x00bfe3         Code  Gb  long_util.o [4]
?load32_l1_0x           0x00c013         Code  Gb  long_util.o [4]
?load32_l1_asp          0x00c007         Code  Gb  long_util.o [4]
?load32_l1_dbsp         0x00bff9         Code  Gb  long_util.o [4]
?load32_l1_xsp          0x00c009         Code  Gb  long_util.o [4]
?load32_l2_0x           0x00c039         Code  Gb  long_util.o [4]
?load32_l2_asp          0x00c02d         Code  Gb  long_util.o [4]
?load32_l2_dbsp         0x00c01f         Code  Gb  long_util.o [4]
?load32_l2_xsp          0x00c02f         Code  Gb  long_util.o [4]
?load32_l3_0x           0x00c05f         Code  Gb  long_util.o [4]
?load32_l3_asp          0x00c053         Code  Gb  long_util.o [4]
?load32_l3_dbsp         0x00c045         Code  Gb  long_util.o [4]
?load32_l3_xsp          0x00c055         Code  Gb  long_util.o [4]
?load32_xsp_l0          0x00c06b         Code  Gb  long_util.o [4]
?load32_xsp_l2          0x00c083         Code  Gb  long_util.o [4]
?mov_e0_e1              0x00a933         Code  Gb  vreg_util.o [4]
?mov_e0_e2              0x00a940         Code  Gb  vreg_util.o [4]
?mov_e0_e3              0x00a94d         Code  Gb  vreg_util.o [4]
?mov_e1_e0              0x00a95a         Code  Gb  vreg_util.o [4]
?mov_e1_e2              0x00a967         Code  Gb  vreg_util.o [4]
?mov_e1_e3              0x00a974         Code  Gb  vreg_util.o [4]
?mov_e2_e0              0x00a981         Code  Gb  vreg_util.o [4]
?mov_e2_e1              0x00a98e         Code  Gb  vreg_util.o [4]
?mov_e2_e3              0x00a99b         Code  Gb  vreg_util.o [4]
?mov_e3_e0              0x00a9a8         Code  Gb  vreg_util.o [4]
?mov_e3_e1              0x00a9b5         Code  Gb  vreg_util.o [4]
?mov_l0_l1              0x00a930         Code  Gb  vreg_util.o [4]
?mov_l0_l2              0x00a93d         Code  Gb  vreg_util.o [4]
?mov_l0_l3              0x00a94a         Code  Gb  vreg_util.o [4]
?mov_l1_l0              0x00a957         Code  Gb  vreg_util.o [4]
?mov_l1_l2              0x00a964         Code  Gb  vreg_util.o [4]
?mov_l1_l3              0x00a971         Code  Gb  vreg_util.o [4]
?mov_l2_l0              0x00a97e         Code  Gb  vreg_util.o [4]
?mov_l2_l1              0x00a98b         Code  Gb  vreg_util.o [4]
?mov_l2_l3              0x00a998         Code  Gb  vreg_util.o [4]
?mov_l3_l0              0x00a9a5         Code  Gb  vreg_util.o [4]
?mov_l3_l1              0x00a9b2         Code  Gb  vreg_util.o [4]
?mov_w0_w5              0x00a906         Code  Gb  vreg_util.o [4]
?mov_w1_w3              0x00a936         Code  Gb  vreg_util.o [4]
?mov_w1_w4              0x00a90d         Code  Gb  vreg_util.o [4]
?mov_w1_w5              0x00a943         Code  Gb  vreg_util.o [4]
?mov_w1_w7              0x00a950         Code  Gb  vreg_util.o [4]
?mov_w2_w0              0x00a914         Code  Gb  vreg_util.o [4]
?mov_w2_w1              0x00a91b         Code  Gb  vreg_util.o [4]
?mov_w3_w1              0x00a95d         Code  Gb  vreg_util.o [4]
?mov_w3_w5              0x00a96a         Code  Gb  vreg_util.o [4]
?mov_w3_w7              0x00a977         Code  Gb  vreg_util.o [4]
?mov_w4_w6              0x00a922         Code  Gb  vreg_util.o [4]
?mov_w5_w1              0x00a984         Code  Gb  vreg_util.o [4]
?mov_w5_w3              0x00a991         Code  Gb  vreg_util.o [4]
?mov_w5_w7              0x00a99e         Code  Gb  vreg_util.o [4]
?mov_w7_w0              0x00a929         Code  Gb  vreg_util.o [4]
?mov_w7_w1              0x00a9ab         Code  Gb  vreg_util.o [4]
?mov_w7_w3              0x00a9b8         Code  Gb  vreg_util.o [4]
?move1616_v_x_y_a       0x00e2bb         Code  Gb  move.o [4]
?mul16_x_x_w0           0x00d49d         Code  Gb  short.o [4]
?mul32_l0_l0_0x         0x00a5db         Code  Gb  long.o [4]
?mul32_l0_l0_l1         0x00a5e4         Code  Gb  long.o [4]
?neg32_l0_l0            0x00a569         Code  Gb  long.o [4]
?or32_l0_l0_0x          0x00a778         Code  Gb  long.o [4]
?or32_l0_l0_l1          0x00a775         Code  Gb  long.o [4]
?pop_e2                 0x00a864         Code  Gb  vreg_util.o [4]
?pop_l0                 0x00a8b7         Code  Gb  vreg_util.o [4]
?pop_l1                 0x00a8c2         Code  Gb  vreg_util.o [4]
?pop_l2                 0x00a8cd         Code  Gb  vreg_util.o [4]
?pop_l3                 0x00a8d8         Code  Gb  vreg_util.o [4]
?pop_w4                 0x00a804         Code  Gb  vreg_util.o [4]
?pop_w5                 0x00a80b         Code  Gb  vreg_util.o [4]
?pop_w6                 0x00a812         Code  Gb  vreg_util.o [4]
?pop_w7                 0x00a819         Code  Gb  vreg_util.o [4]
?push_e0                0x00a82c         Code  Gb  vreg_util.o [4]
?push_e2                0x00a848         Code  Gb  vreg_util.o [4]
?push_l0                0x00a882         Code  Gb  vreg_util.o [4]
?push_l1                0x00a887         Code  Gb  vreg_util.o [4]
?push_l2                0x00a88c         Code  Gb  vreg_util.o [4]
?push_l3                0x00a891         Code  Gb  vreg_util.o [4]
?push_w0                0x00a7ca         Code  Gb  vreg_util.o [4]
?push_w1                0x00a7cf         Code  Gb  vreg_util.o [4]
?push_w2                0x00a7d4         Code  Gb  vreg_util.o [4]
?push_w4                0x00a7d9         Code  Gb  vreg_util.o [4]
?push_w5                0x00a7de         Code  Gb  vreg_util.o [4]
?push_w6                0x00a7e3         Code  Gb  vreg_util.o [4]
?push_w7                0x00a7e8         Code  Gb  vreg_util.o [4]
?scmp32_c_l0_l1         0x00a743         Code  Gb  long.o [4]
?sdiv16_x_x_y           0x00d4bb         Code  Gb  short.o [4]
?sdiv32_l0_l0_dl        0x00a6d9         Code  Gb  long.o [4]
?sdiv32_l0_l0_l1        0x00a6dd         Code  Gb  long.o [4]
?sext16_x_a             0x00d4dc         Code  Gb  short.o [4]
?sext32_l0_a            0x00a7bd         Code  Gb  long.o [4]
?sext32_l0_x            0x00a7b2         Code  Gb  long.o [4]
?sll16_x_x_a            0x00d4d4         Code  Gb  short.o [4]
?sll32_0x_0x_a          0x00a793         Code  Gb  long.o [4]
?sll32_l0_l0_a          0x00a790         Code  Gb  long.o [4]
?smod32_l1_l0_l1        0x00a6dd         Code  Gb  long.o [4]
?sra32_0x_0x_a          0x00a7a4         Code  Gb  long.o [4]
?sra32_l0_l0_a          0x00a7a1         Code  Gb  long.o [4]
?srl8_a_a_5             0x00e3b9         Code  Gb  char.o [4]
?srl8_a_a_6             0x00e3b8         Code  Gb  char.o [4]
?sub32_l0_l0_0x         0x00a5c3         Code  Gb  long.o [4]
?sub32_l0_l0_l1         0x00a5c0         Code  Gb  long.o [4]
?switch8vlt_0x_a_0x     0x00e2e0         Code  Gb  switch.o [4]
?ucmp24_c_0x_e0         0x00e343         Code  Gb  far.o [4]
?ucmp32_c_l0_0x         0x00a728         Code  Gb  long.o [4]
?ucmp32_c_l0_l1         0x00a738         Code  Gb  long.o [4]
?udiv32_l0_l0_dl        0x00a668         Code  Gb  long.o [4]
?udiv32_l0_l0_l1        0x00a66c         Code  Gb  long.o [4]
?umod32_l1_l0_dl        0x00a662         Code  Gb  long.o [4]
?umod32_l1_l0_l1        0x00a66c         Code  Gb  long.o [4]
?w0                     0x000000         Data  Gb  vregs.o [4]
?w1                     0x000002         Data  Gb  vregs.o [4]
?w2                     0x000004         Data  Gb  vregs.o [4]
?w3                     0x000006         Data  Gb  vregs.o [4]
?w4                     0x000008         Data  Gb  vregs.o [4]
?w5                     0x00000a         Data  Gb  vregs.o [4]
?w6                     0x00000c         Data  Gb  vregs.o [4]
?w7                     0x00000e         Data  Gb  vregs.o [4]
ADC1_COMP_IRQHandler    0x00e40a    0x1  Code  Gb  stm8l15x_it.o [1]
BoardDisableIrq         0x00e339    0xa  Code  Gb  system.o [1]
BoardEnableIrq          0x00e254   0x10  Code  Gb  system.o [1]
BoardInitMcu            0x00c3e5   0xbc  Code  Gb  board.o [1]
CLK_Config              0x00e095   0x1a  Code  Lc  board.o [1]
CLK_GetClockFreq        0x00c8bc   0x9e  Code  Gb  stm8l15x_clk.o [1]
CLK_GetSYSCLKSource     0x00e3dd    0x4  Code  Gb  stm8l15x_clk.o [1]
CLK_PeripheralClockConfig
                        0x00ca86   0x94  Code  Gb  stm8l15x_clk.o [1]
CLK_SYSCLKDivConfig     0x00e3e1    0x4  Code  Gb  stm8l15x_clk.o [1]
CLK_SYSCLKSourceConfig  0x00e3d9    0x4  Code  Gb  stm8l15x_clk.o [1]
CLK_SYSCLKSourceSwitchCmd
                        0x00e283    0xe  Code  Gb  stm8l15x_clk.o [1]
CSTACK$$Base            0x000400          --   Gb  - Linker created -
CSTACK$$Limit           0x000800          --   Gb  - Linker created -
ComportInit             0x00c17d   0xd3  Code  Gb  comport.o [1]
DMA1_CHANNEL0_1_IRQHandler
                        0x00e402    0x1  Code  Gb  stm8l15x_it.o [1]
DMA1_CHANNEL2_3_IRQHandler
                        0x00e403    0x1  Code  Gb  stm8l15x_it.o [1]
DelayMs                 0x00e2c8    0xc  Code  Gb  delay.o [1]
EXTI0_IRQHandler        0x00dcff   0x22  Code  Gb  stm8l15x_it.o [1]
EXTI1_IRQHandler        0x00df01   0x1e  Code  Gb  stm8l15x_it.o [1]
EXTI2_IRQHandler        0x00dbe9   0x23  Code  Gb  stm8l15x_it.o [1]
EXTI3_IRQHandler        0x00dc0c   0x23  Code  Gb  stm8l15x_it.o [1]
EXTI4_IRQHandler        0x00dc2f   0x23  Code  Gb  stm8l15x_it.o [1]
EXTI5_IRQHandler        0x00dc52   0x23  Code  Gb  stm8l15x_it.o [1]
EXTI6_IRQHandler        0x00dc75   0x23  Code  Gb  stm8l15x_it.o [1]
EXTI7_IRQHandler        0x00df1f   0x1e  Code  Gb  stm8l15x_it.o [1]
EXTIB_G_IRQHandler      0x00e406    0x1  Code  Gb  stm8l15x_it.o [1]
EXTID_H_IRQHandler      0x00e407    0x1  Code  Gb  stm8l15x_it.o [1]
EXTIE_F_PVD_IRQHandler  0x00e405    0x1  Code  Gb  stm8l15x_it.o [1]
EXTI_ClearITPendingBit  0x00dcdd   0x22  Code  Gb  stm8l15x_exti.o [1]
EXTI_SetPinSensitivity  0x00bbe6  0x127  Code  Gb  stm8l15x_exti.o [1]
FLASH_IRQHandler        0x00e401    0x1  Code  Gb  stm8l15x_it.o [1]
FLASH_Lock              0x00e304    0xb  Code  Gb  stm8l15x_flash.o [1]
FLASH_ProgramByte       0x00e3e5    0x4  Code  Gb  stm8l15x_flash.o [1]
FLASH_Unlock            0x00e0fd   0x19  Code  Gb  stm8l15x_flash.o [1]
FLASH_WaitForLastOperation
                        0x00d66f   0x3c  Code  Gb  stm8l15x_flash.o [1]
FskBandwidths           0x008080   0x6e  Data  Gb  sx1276.o [1]
GPIO_DeInit             0x00e044   0x1b  Code  Gb  stm8l15x_gpio.o [1]
GPIO_ExternalPullUpConfig
                        0x00da26   0x2c  Code  Gb  stm8l15x_gpio.o [1]
GPIO_Init               0x00c6c9   0xaf  Code  Gb  stm8l15x_gpio.o [1]
GPIO_ResetBits          0x00e37b    0x8  Code  Gb  stm8l15x_gpio.o [1]
GPIO_SetBits            0x00e3a3    0x7  Code  Gb  stm8l15x_gpio.o [1]
GetFskBandwidthRegValue
                        0x00ce71   0x6a  Code  Lc  sx1276.o [1]
GetRunModePin           0x00e3fe    0x2  Code  Gb  board.o [1]
I2C1_SPI2_IRQHandler    0x00e411    0x1  Code  Gb  stm8l15x_it.o [1]
INTVEC$$Base            0x008000          --   Gb  - Linker created -
INTVEC$$Limit           0x008080          --   Gb  - Linker created -
InitRunModePin          0x00dcbb   0x22  Code  Gb  board.o [1]
IrqNestLevel            0x000369    0x1  Data  Lc  system.o [1]
LCD_AES_IRQHandler      0x00e408    0x1  Code  Gb  stm8l15x_it.o [1]
LoadInt                 0x00d3c5   0x4b  Code  Lc  xprintffull_nomb.o [4]
LowPowerModeOnRxDone    0x00d03f   0x56  Code  Gb  lowpower_mode.o [1]
LowPowerModeOnRxError   0x00dda2   0x20  Code  Gb  lowpower_mode.o [1]
LowPowerModeOnRxTimeout
                        0x00dd82   0x20  Code  Gb  lowpower_mode.o [1]
LowPowerModeOnTxDone    0x00dd42   0x20  Code  Gb  lowpower_mode.o [1]
LowPowerModeOnTxTimeout
                        0x00dd62   0x20  Code  Gb  lowpower_mode.o [1]
LowPowerModeRadioEvents
                        0x0002d1   0x15  Data  Lc  lowpower_mode.o [1]
LowPowerModeState       0x000365    0x1  Data  Gb  lowpower_mode.o [1]
NormalModeOnRxDone      0x00cca8   0x77  Code  Gb  normal_mode.o [1]
NormalModeOnRxError     0x00de22   0x20  Code  Gb  normal_mode.o [1]
NormalModeOnRxTimeout   0x00de02   0x20  Code  Gb  normal_mode.o [1]
NormalModeOnTxDone      0x00ddc2   0x20  Code  Gb  normal_mode.o [1]
NormalModeOnTxTimeout   0x00dde2   0x20  Code  Gb  normal_mode.o [1]
NormalModeRadioEvents   0x0002e6   0x15  Data  Lc  normal_mode.o [1]
NormalModeState         0x000366    0x1  Data  Gb  normal_mode.o [1]
RTC_CSSLSE_IRQHandler   0x00e404    0x1  Code  Gb  stm8l15x_it.o [1]
Radio                   0x0080ee   0x51  Data  Gb  sx1276-board.o [1]
RadioEvents             0x00035f    0x2  Data  Lc  sx1276.o [1]
RadioIsActive           0x000367    0x1  Data  Lc  sx1276-board.o [1]
RadioRegsInit           0x0081ad   0x30  Data  Gb  sx1276.o [1]
Region$$Table$$Base     0x008200          --   Gb  - Linker created -
Region$$Table$$Limit    0x008214          --   Gb  - Linker created -
RxChainCalibration      0x00be13   0xe4  Code  Lc  sx1276.o [1]
RxTimeoutSyncWord       0x000341    0xe  Data  Gb  sx1276.o [1]
RxTimeoutTimer          0x000333    0xe  Data  Gb  sx1276.o [1]
RxTxBuffer              0x000042  0x100  Data  Lc  sx1276.o [1]
SPI1_IRQHandler         0x00e410    0x1  Code  Gb  stm8l15x_it.o [1]
SPI_Cmd                 0x00e232   0x11  Code  Gb  stm8l15x_spi.o [1]
SPI_GetFlagStatus       0x00df3d   0x1e  Code  Gb  stm8l15x_spi.o [1]
SPI_Init                0x00cedb   0x5b  Code  Gb  stm8l15x_spi.o [1]
SPI_ReceiveData         0x00e3ca    0x5  Code  Gb  stm8l15x_spi.o [1]
SPI_SendData            0x00e383    0x8  Code  Gb  stm8l15x_spi.o [1]
SWITCH_CSS_BREAK_DAC_IRQHandler
                        0x00e409    0x1  Code  Gb  stm8l15x_it.o [1]
SX1276                  0x000246   0x51  Data  Gb  sx1276.o [1]
SX1276AntSwDeInit       0x00e32f    0xa  Code  Gb  sx1276-board.o [1]
SX1276AntSwInit         0x00e325    0xa  Code  Gb  sx1276-board.o [1]
SX1276CheckRfFrequency  0x00e3f5    0x3  Code  Gb  sx1276-board.o [1]
SX1276GetBoardTcxoWakeupTime
                        0x00e3aa    0x7  Code  Gb  sx1276-board.o [1]
SX1276GetPaSelect       0x00e1f9   0x14  Code  Lc  sx1276-board.o [1]
SX1276GetStatus         0x00e3e9    0x4  Code  Gb  sx1276.o [1]
SX1276GetTimeOnAir      0x00a26d  0x2fc  Code  Gb  sx1276.o [1]
SX1276GetWakeupTime     0x00e372    0x9  Code  Gb  sx1276.o [1]
SX1276Init              0x00c55c   0xbb  Code  Gb  sx1276.o [1]
SX1276IoInit            0x00e05f   0x1b  Code  Gb  sx1276-board.o [1]
SX1276IoIrqInit         0x00c4a1   0xbb  Code  Gb  sx1276-board.o [1]
SX1276IsChannelFree     0x00cd1f   0x76  Code  Gb  sx1276.o [1]
SX1276OnDio0Irq         0x00984e  0x3b5  Code  Gb  sx1276.o [1]
SX1276OnDio1Irq         0x00b6fa  0x151  Code  Gb  sx1276.o [1]
SX1276OnDio2Irq         0x00b84b  0x143  Code  Gb  sx1276.o [1]
SX1276OnDio3Irq         0x00cb1a   0x8e  Code  Gb  sx1276.o [1]
SX1276OnDio4Irq         0x00dfd2   0x1d  Code  Gb  sx1276.o [1]
SX1276OnDio5Irq         0x00e20d   0x13  Code  Gb  sx1276.o [1]
SX1276OnTimeoutIrq      0x00b98e  0x130  Code  Gb  sx1276.o [1]
SX1276Random            0x00cd95   0x71  Code  Gb  sx1276.o [1]
SX1276Read              0x00df5b   0x1e  Code  Gb  sx1276.o [1]
SX1276ReadBuffer        0x00cfe8   0x57  Code  Gb  sx1276.o [1]
SX1276ReadFifo          0x00e028   0x1c  Code  Gb  sx1276.o [1]
SX1276ReadRssi          0x00ce06   0x6b  Code  Gb  sx1276.o [1]
SX1276Reset             0x00d99b   0x2f  Code  Gb  sx1276-board.o [1]
SX1276Send              0x00babe  0x128  Code  Gb  sx1276.o [1]
SX1276SetAntSw          0x00dc98   0x23  Code  Gb  sx1276-board.o [1]
SX1276SetAntSwLowPower  0x00d9ca   0x2e  Code  Gb  sx1276-board.o [1]
SX1276SetBoardTcxo      0x00e412    0x1  Code  Lc  sx1276-board.o [1]
SX1276SetChannel        0x00d457   0x46  Code  Gb  sx1276.o [1]
SX1276SetMaxPayloadLength
                        0x00d800   0x37  Code  Gb  sx1276.o [1]
SX1276SetModem          0x00cba8   0x83  Code  Gb  sx1276.o [1]
SX1276SetOpMode         0x00d86d   0x34  Code  Gb  sx1276.o [1]
SX1276SetPublicNetwork  0x00da52   0x2c  Code  Gb  sx1276.o [1]
SX1276SetRfTxPower      0x00bd0d  0x106  Code  Gb  sx1276-board.o [1]
SX1276SetRx             0x009c03  0x341  Code  Gb  sx1276.o [1]
SX1276SetRxConfig       0x0090c0  0x3cf  Code  Gb  sx1276.o [1]
SX1276SetSleep          0x00e147   0x18  Code  Gb  sx1276.o [1]
SX1276SetStby           0x00e116   0x19  Code  Gb  sx1276.o [1]
SX1276SetTx             0x00c617   0xb2  Code  Gb  sx1276.o [1]
SX1276SetTxConfig       0x009f44  0x329  Code  Gb  sx1276.o [1]
SX1276SetTxContinuousWave
                        0x00c778   0xa4  Code  Gb  sx1276.o [1]
SX1276StartCad          0x00d75a   0x38  Code  Gb  sx1276.o [1]
SX1276Write             0x00e07a   0x1b  Code  Gb  sx1276.o [1]
SX1276WriteBuffer       0x00d196   0x52  Code  Gb  sx1276.o [1]
SX1276WriteFifo         0x00e00c   0x1c  Code  Gb  sx1276.o [1]
SYSDivFactor            0x00823f    0x5  Data  Gb  stm8l15x_clk.o [1]
SpiInOut                0x00d837   0x36  Code  Gb  spi-board.o [1]
SpiInit                 0x00d379   0x4c  Code  Gb  spi-board.o [1]
SysTick_Handler         0x00dad4   0x2b  Code  Gb  timer.o [1]
TIM1_CC_IRQHandler      0x00e40f    0x1  Code  Gb  stm8l15x_it.o [1]
TIM1_UPD_OVF_TRG_COM_IRQHandler
                        0x00e40e    0x1  Code  Gb  stm8l15x_it.o [1]
TIM2_CC_USART2_RX_IRQHandler
                        0x00e40b    0x1  Code  Gb  stm8l15x_it.o [1]
TIM2_ClearITPendingBit  0x00e357    0x9  Code  Gb  stm8l15x_tim2.o [1]
TIM2_UPD_OVF_TRG_BRK_USART2_TX_IRQHandler
                        0x00dfb5   0x1d  Code  Gb  stm8l15x_it.o [1]
TIM3_CC_USART3_RX_IRQHandler
                        0x00e40d    0x1  Code  Gb  stm8l15x_it.o [1]
TIM3_UPD_OVF_TRG_BRK_USART3_TX_IRQHandler
                        0x00e40c    0x1  Code  Gb  stm8l15x_it.o [1]
TIM4_ClearFlag          0x00e360    0x9  Code  Gb  stm8l15x_tim4.o [1]
TIM4_ClearITPendingBit  0x00e369    0x9  Code  Gb  stm8l15x_tim4.o [1]
TIM4_Cmd                0x00e291    0xe  Code  Gb  stm8l15x_tim4.o [1]
TIM4_Config             0x00da7e   0x2b  Code  Lc  board.o [1]
TIM4_ITConfig           0x00e0c9   0x1a  Code  Gb  stm8l15x_tim4.o [1]
TIM4_TimeBaseInit       0x00e243   0x11  Code  Gb  stm8l15x_tim4.o [1]
TIM4_UPD_OVF_TRG_IRQHandler
                        0x00dd21   0x21  Code  Gb  stm8l15x_it.o [1]
TRAP_IRQHandler         0x00e400    0x1  Code  Gb  stm8l15x_it.o [1]
TestModeOnRadioTxTimeout
                        0x00cf36   0x5a  Code  Gb  test_mode.o [1]
TestModeRadioEvents     0x0002fb   0x15  Data  Lc  test_mode.o [1]
TestModeState           0x00036a    0x1  Data  Lc  test_mode.o [1]
TimerExists             0x00dfef   0x1d  Code  Lc  timer.o [1]
TimerGetCurrentTime     0x00e393    0x8  Code  Gb  timer.o [1]
TimerGetElapsedTime     0x00d721   0x39  Code  Gb  timer.o [1]
TimerGetValue           0x00e2d4    0xc  Code  Gb  timer.o [1]
TimerInit               0x00d5b3   0x41  Code  Gb  timer.o [1]
TimerInsertNewHeadTimer
                        0x00d1e8   0x52  Code  Lc  timer.o [1]
TimerInsertTimer        0x00b59e  0x15c  Code  Lc  timer.o [1]
TimerIrqHandler         0x00c250   0xcb  Code  Gb  timer.o [1]
TimerListHead           0x000363    0x2  Data  Lc  timer.o [1]
TimerSetTimeout         0x00e0e3   0x1a  Code  Lc  timer.o [1]
TimerSetValue           0x00db78   0x27  Code  Gb  timer.o [1]
TimerStart              0x00c0a9   0xd4  Code  Gb  timer.o [1]
TimerStop               0x00b13b  0x182  Code  Gb  timer.o [1]
TxTimeoutTimer          0x000325    0xe  Data  Gb  sx1276.o [1]
USART1_RX_TIM5_CC_IRQHandler
                        0x00d96b   0x30  Code  Gb  stm8l15x_it.o [1]
USART1_TX_TIM5_UPD_OVF_TRG_BRK_IRQHandler
                        0x00d32b   0x4e  Code  Gb  stm8l15x_it.o [1]
USART_ClearITPendingBit
                        0x00e3d4    0x5  Code  Gb  stm8l15x_usart.o [1]
USART_Cmd               0x00daa9   0x2b  Code  Gb  stm8l15x_usart.o [1]
USART_GetFlagStatus     0x00d7c9   0x37  Code  Gb  stm8l15x_usart.o [1]
USART_ITConfig          0x00c9f1   0x95  Code  Gb  stm8l15x_usart.o [1]
USART_Init              0x00bef7   0xdc  Code  Gb  stm8l15x_usart.o [1]
USART_ReceiveData8      0x00e3cf    0x5  Code  Gb  stm8l15x_usart.o [1]
USART_SendData8         0x00e38b    0x8  Code  Gb  stm8l15x_usart.o [1]
WakeUpModeOnRxDone      0x00d0eb   0x56  Code  Gb  wakeup_mode.o [1]
WakeUpModeOnRxError     0x00dec2   0x20  Code  Gb  wakeup_mode.o [1]
WakeUpModeOnRxTimeout   0x00dea2   0x20  Code  Gb  wakeup_mode.o [1]
WakeUpModeOnTxDone      0x00de62   0x20  Code  Gb  wakeup_mode.o [1]
WakeUpModeOnTxTimeout   0x00de82   0x20  Code  Gb  wakeup_mode.o [1]
WakeUpModeRadioEvents   0x000310   0x15  Data  Lc  wakeup_mode.o [1]
WakeUpModeState         0x00036b    0x1  Data  Gb  wakeup_mode.o [1]
_GenldFullNoMb          0x00948f  0x3bf  Code  Lc  xprintffull_nomb.o [4]
_LdtobFullNoMb          0x008c26  0x49a  Code  Lc  xprintffull_nomb.o [4]
_LitobFullNoMb          0x00b2bd  0x17f  Code  Lc  xprintffull_nomb.o [4]
_Locale_lconv           0x000014   0x2e  Data  Gb  localeconv.o [4]
_PrintfFullNoMb         0x00825e  0x4f2  Code  Gb  xprintffull_nomb.o [4]
_Prout                  0x00dee2   0x1f  Code  Gb  xprout.o [4]
_PutcharFullNoMb        0x00d9f8   0x2e  Code  Lc  xprintffull_nomb.o [4]
_PutcharsFullNoMb       0x00d6e6   0x3b  Code  Lc  xprintffull_nomb.o [4]
__DebugBreak            0x00e413    0x1  Code  Gb  __dbg_break.o [3]
__eeprom_write_16       0x00d2dc   0x4f  Code  Gb  eeprom.o [1]
__eeprom_write_8        0x00d792   0x37  Code  Gb  eeprom.o [1]
__exit                  0x00e1a5   0x16  Code  Gb  __dbg_xxexit.o [3]
__iar_Dint              0x00c31b   0xca  Code  Gb  xdint.o [4]
__iar_Dnorm             0x00b43c         Code  Gb  float_libsup.o [4]
__iar_Dscale            0x00b4ca         Code  Gb  float_libsup.o [4]
__iar_Dunscale          0x00b478         Code  Gb  float_libsup.o [4]
__iar_Memchr            0x00e15f   0x18  Code  Gb  memchr.o [4]
__iar_Strchr            0x00e1d0   0x15  Code  Gb  strchr.o [4]
__iar_Tls_setup__Locale_lconv
                        0x00035c    0x3  Data  Gb  localeconv.o [4]
__iar_copy_init2        0x00db50         Code  Gb  init_small.o [4]
__iar_data_init2        0x00df79   0x1e  Code  Gb  init.o [4]
__iar_program_start     0x00e177         Code  Gb  cstartup.o [4]
__iar_unhandled_exception
                        0x00e3fb         Code  Gb  unhandled_exception.o [4]
__iar_zero_init2        0x00df97         Code  Gb  init_small.o [4]
__intvec                0x008000         Data  Gb  interrupt.o [4]
__low_level_init        0x00e3f8    0x3  Code  Gb  low_level_init.o [4]
_exit                   0x00e3c4         Code  Gb  cexit.o [4]
_interrupt_1            0x00e400         Code  Gb  stm8l15x_it.o [1]
_interrupt_10           0x00dcff         Code  Gb  stm8l15x_it.o [1]
_interrupt_11           0x00df01         Code  Gb  stm8l15x_it.o [1]
_interrupt_12           0x00dbe9         Code  Gb  stm8l15x_it.o [1]
_interrupt_13           0x00dc0c         Code  Gb  stm8l15x_it.o [1]
_interrupt_14           0x00dc2f         Code  Gb  stm8l15x_it.o [1]
_interrupt_15           0x00dc52         Code  Gb  stm8l15x_it.o [1]
_interrupt_16           0x00dc75         Code  Gb  stm8l15x_it.o [1]
_interrupt_17           0x00df1f         Code  Gb  stm8l15x_it.o [1]
_interrupt_18           0x00e408         Code  Gb  stm8l15x_it.o [1]
_interrupt_19           0x00e409         Code  Gb  stm8l15x_it.o [1]
_interrupt_20           0x00e40a         Code  Gb  stm8l15x_it.o [1]
_interrupt_21           0x00dfb5         Code  Gb  stm8l15x_it.o [1]
_interrupt_22           0x00e40b         Code  Gb  stm8l15x_it.o [1]
_interrupt_23           0x00e40c         Code  Gb  stm8l15x_it.o [1]
_interrupt_24           0x00e40d         Code  Gb  stm8l15x_it.o [1]
_interrupt_25           0x00e40e         Code  Gb  stm8l15x_it.o [1]
_interrupt_26           0x00e40f         Code  Gb  stm8l15x_it.o [1]
_interrupt_27           0x00dd21         Code  Gb  stm8l15x_it.o [1]
_interrupt_28           0x00e410         Code  Gb  stm8l15x_it.o [1]
_interrupt_29           0x00d32b         Code  Gb  stm8l15x_it.o [1]
_interrupt_3            0x00e401         Code  Gb  stm8l15x_it.o [1]
_interrupt_30           0x00d96b         Code  Gb  stm8l15x_it.o [1]
_interrupt_31           0x00e411         Code  Gb  stm8l15x_it.o [1]
_interrupt_4            0x00e402         Code  Gb  stm8l15x_it.o [1]
_interrupt_5            0x00e403         Code  Gb  stm8l15x_it.o [1]
_interrupt_6            0x00e404         Code  Gb  stm8l15x_it.o [1]
_interrupt_7            0x00e405         Code  Gb  stm8l15x_it.o [1]
_interrupt_8            0x00e406         Code  Gb  stm8l15x_it.o [1]
_interrupt_9            0x00e407         Code  Gb  stm8l15x_it.o [1]
aLarmTimerTime          0x000010    0x4  Data  Gb  timer.o [1]
ceil                    0x00d4e3   0x46  Code  Gb  ceil.o [4]
cfg_parm_dump_to_ram    0x00e0af   0x1a  Code  Gb  cfg_parm.o [1]
cfg_parm_factory_reset  0x00c95a   0x97  Code  Gb  cfg_parm.o [1]
cfg_parm_get_tx_power   0x00d908   0x32  Code  Gb  cfg_parm.o [1]
cfg_parm_get_uart_baud  0x00c81c   0xa0  Code  Gb  cfg_parm.o [1]
cfg_parm_get_uart_parity
                        0x00d93a   0x31  Code  Gb  cfg_parm.o [1]
cfg_parm_restore        0x00d8d5   0x33  Code  Gb  cfg_parm.o [1]
config_mode_routin      0x00af88  0x1b3  Code  Gb  config_mode.o [1]
div                     0x00d8a1   0x34  Code  Gb  div.o [4]
exit                    0x00e3f1    0x4  Code  Gb  exit.o [4]
floor                   0x00d529   0x46  Code  Gb  floor.o [4]
localeconv              0x00e29f    0xe  Code  Gb  localeconv.o [4]
lowpower_mode_routin    0x00a9bf  0x1ee  Code  Gb  lowpower_mode.o [1]
main                    0x00d5f4   0x3e  Code  Gb  main.o [1]
memcpy                  0x00db9f   0x26  Code  Gb  memcpy.o [4]
memcpy1                 0x00daff   0x29  Code  Gb  utilities.o [1]
memset                  0x00e18e   0x17  Code  Gb  memset.o [4]
normal_mode_routin      0x00ad9b  0x1ed  Code  Gb  normal_mode.o [1]
pad                     0x00d632   0x3d  Code  Lc  xprintffull_nomb.o [4]
printf                  0x00db28   0x28  Code  Gb  printf.o [4]
putchar                 0x00dbc5   0x24  Code  Gb  test_mode.o [1]
ring_buffer_dequeue     0x00d410   0x47  Code  Gb  ring_buf.o [1]
ring_buffer_dequeue_arr
                        0x00d095   0x56  Code  Gb  ring_buf.o [1]
ring_buffer_init        0x00de42   0x20  Code  Gb  ring_buf.o [1]
ring_buffer_is_empty    0x00e1e5   0x14  Code  Gb  ring_buf.o [1]
ring_buffer_is_full     0x00e12f   0x18  Code  Gb  ring_buf.o [1]
ring_buffer_num_items   0x00e274    0xf  Code  Gb  ring_buf.o [1]
ring_buffer_queue       0x00d23a   0x51  Code  Gb  ring_buf.o [1]
ring_buffer_queue_arr   0x00d6ab   0x3b  Code  Gb  ring_buf.o [1]
round                   0x00d141   0x55  Code  Gb  round.o [4]
sTartAlarmTimerTime     0x000358    0x4  Data  Gb  timer.o [1]
scale                   0x00d28b   0x51  Code  Lc  xprintffull_nomb.o [4]
stManufactureParm       0x001000   0x14  Data  Gb  manufacture_parm.o [1]
stNvCfgParm             0x001014    0x5  Data  Gb  cfg_parm.o [1]
stTmpCfgParm            0x00034f    0x5  Data  Gb  cfg_parm.o [1]
strlen                  0x00e220   0x12  Code  Gb  strlen.o [4]
systick                 0x000354    0x4  Data  Gb  timer.o [1]
test_mode_routin        0x00cc2b   0x7d  Code  Gb  test_mode.o [1]
uart_rx_ring_buf        0x000142   0x82  Data  Gb  comport.o [1]
uart_tx_ring_buf        0x0001c4   0x82  Data  Gb  comport.o [1]
wakeup_mode_routin      0x00abad  0x1ee  Code  Gb  wakeup_mode.o [1]


[1] = D:\stm8lora\src\stm8l15x-sx1278\STM8L15x-16x-05x-AL31-L_StdPeriph_Lib\Project\STM8L151G6U6_Sx1278\EWSTM8\STM8L15X_MD(STM8L15xx4_6)\Obj
[2] = command line
[3] = dbgstm8mmd.a
[4] = dlstm8mmf.a

  25 014 bytes of readonly  code memory
     606 bytes of readonly  data memory
   1 925 bytes of readwrite data memory

Errors: none
Warnings: none
