###############################################################################
#
# IAR ELF Linker V2.20.1.176 for STM8                     06/Nov/2018  22:03:35
# Copyright 2010-2015 IAR Systems AB.
#
#    Output file  =  
#        D:\stm8lora\src\stm8l15x-sx1278\STM8L15x-16x-05x-AL31-L_StdPeriph_Lib\Project\STM8L151G6U6_Sx1278\EWSTM8\STM8L15X_MD(STM8L15xx4_6)\Exe\project.out
#    Map file     =  
#        D:\stm8lora\src\stm8l15x-sx1278\STM8L15x-16x-05x-AL31-L_StdPeriph_Lib\Project\STM8L151G6U6_Sx1278\EWSTM8\STM8L15X_MD(STM8L15xx4_6)\List\project.map
#    Command line =  
#        "D:\stm8lora\src\stm8l15x-sx1278\STM8L15x-16x-05x-AL31-L_StdPeriph_Lib\Project\STM8L151G6U6_Sx1278\EWSTM8\STM8L15X_MD(STM8L15xx4_6)\Obj\board.o"
#        "D:\stm8lora\src\stm8l15x-sx1278\STM8L15x-16x-05x-AL31-L_StdPeriph_Lib\Project\STM8L151G6U6_Sx1278\EWSTM8\STM8L15X_MD(STM8L15xx4_6)\Obj\cfg_parm.o"
#        "D:\stm8lora\src\stm8l15x-sx1278\STM8L15x-16x-05x-AL31-L_StdPeriph_Lib\Project\STM8L151G6U6_Sx1278\EWSTM8\STM8L15X_MD(STM8L15xx4_6)\Obj\comport.o"
#        "D:\stm8lora\src\stm8l15x-sx1278\STM8L15x-16x-05x-AL31-L_StdPeriph_Lib\Project\STM8L151G6U6_Sx1278\EWSTM8\STM8L15X_MD(STM8L15xx4_6)\Obj\config_mode.o"
#        "D:\stm8lora\src\stm8l15x-sx1278\STM8L15x-16x-05x-AL31-L_StdPeriph_Lib\Project\STM8L151G6U6_Sx1278\EWSTM8\STM8L15X_MD(STM8L15xx4_6)\Obj\delay.o"
#        "D:\stm8lora\src\stm8l15x-sx1278\STM8L15x-16x-05x-AL31-L_StdPeriph_Lib\Project\STM8L151G6U6_Sx1278\EWSTM8\STM8L15X_MD(STM8L15xx4_6)\Obj\eeprom.o"
#        "D:\stm8lora\src\stm8l15x-sx1278\STM8L15x-16x-05x-AL31-L_StdPeriph_Lib\Project\STM8L151G6U6_Sx1278\EWSTM8\STM8L15X_MD(STM8L15xx4_6)\Obj\lowpower_mode.o"
#        "D:\stm8lora\src\stm8l15x-sx1278\STM8L15x-16x-05x-AL31-L_StdPeriph_Lib\Project\STM8L151G6U6_Sx1278\EWSTM8\STM8L15X_MD(STM8L15xx4_6)\Obj\main.o"
#        "D:\stm8lora\src\stm8l15x-sx1278\STM8L15x-16x-05x-AL31-L_StdPeriph_Lib\Project\STM8L151G6U6_Sx1278\EWSTM8\STM8L15X_MD(STM8L15xx4_6)\Obj\manufacture_parm.o"
#        "D:\stm8lora\src\stm8l15x-sx1278\STM8L15x-16x-05x-AL31-L_StdPeriph_Lib\Project\STM8L151G6U6_Sx1278\EWSTM8\STM8L15X_MD(STM8L15xx4_6)\Obj\normal_mode.o"
#        "D:\stm8lora\src\stm8l15x-sx1278\STM8L15x-16x-05x-AL31-L_StdPeriph_Lib\Project\STM8L151G6U6_Sx1278\EWSTM8\STM8L15X_MD(STM8L15xx4_6)\Obj\ring_buf.o"
#        "D:\stm8lora\src\stm8l15x-sx1278\STM8L15x-16x-05x-AL31-L_StdPeriph_Lib\Project\STM8L151G6U6_Sx1278\EWSTM8\STM8L15X_MD(STM8L15xx4_6)\Obj\spi-board.o"
#        "D:\stm8lora\src\stm8l15x-sx1278\STM8L15x-16x-05x-AL31-L_StdPeriph_Lib\Project\STM8L151G6U6_Sx1278\EWSTM8\STM8L15X_MD(STM8L15xx4_6)\Obj\stm8l15x_adc.o"
#        "D:\stm8lora\src\stm8l15x-sx1278\STM8L15x-16x-05x-AL31-L_StdPeriph_Lib\Project\STM8L151G6U6_Sx1278\EWSTM8\STM8L15X_MD(STM8L15xx4_6)\Obj\stm8l15x_beep.o"
#        "D:\stm8lora\src\stm8l15x-sx1278\STM8L15x-16x-05x-AL31-L_StdPeriph_Lib\Project\STM8L151G6U6_Sx1278\EWSTM8\STM8L15X_MD(STM8L15xx4_6)\Obj\stm8l15x_clk.o"
#        "D:\stm8lora\src\stm8l15x-sx1278\STM8L15x-16x-05x-AL31-L_StdPeriph_Lib\Project\STM8L151G6U6_Sx1278\EWSTM8\STM8L15X_MD(STM8L15xx4_6)\Obj\stm8l15x_comp.o"
#        "D:\stm8lora\src\stm8l15x-sx1278\STM8L15x-16x-05x-AL31-L_StdPeriph_Lib\Project\STM8L151G6U6_Sx1278\EWSTM8\STM8L15X_MD(STM8L15xx4_6)\Obj\stm8l15x_dac.o"
#        "D:\stm8lora\src\stm8l15x-sx1278\STM8L15x-16x-05x-AL31-L_StdPeriph_Lib\Project\STM8L151G6U6_Sx1278\EWSTM8\STM8L15X_MD(STM8L15xx4_6)\Obj\stm8l15x_dma.o"
#        "D:\stm8lora\src\stm8l15x-sx1278\STM8L15x-16x-05x-AL31-L_StdPeriph_Lib\Project\STM8L151G6U6_Sx1278\EWSTM8\STM8L15X_MD(STM8L15xx4_6)\Obj\stm8l15x_exti.o"
#        "D:\stm8lora\src\stm8l15x-sx1278\STM8L15x-16x-05x-AL31-L_StdPeriph_Lib\Project\STM8L151G6U6_Sx1278\EWSTM8\STM8L15X_MD(STM8L15xx4_6)\Obj\stm8l15x_flash.o"
#        "D:\stm8lora\src\stm8l15x-sx1278\STM8L15x-16x-05x-AL31-L_StdPeriph_Lib\Project\STM8L151G6U6_Sx1278\EWSTM8\STM8L15X_MD(STM8L15xx4_6)\Obj\stm8l15x_gpio.o"
#        "D:\stm8lora\src\stm8l15x-sx1278\STM8L15x-16x-05x-AL31-L_StdPeriph_Lib\Project\STM8L151G6U6_Sx1278\EWSTM8\STM8L15X_MD(STM8L15xx4_6)\Obj\stm8l15x_i2c.o"
#        "D:\stm8lora\src\stm8l15x-sx1278\STM8L15x-16x-05x-AL31-L_StdPeriph_Lib\Project\STM8L151G6U6_Sx1278\EWSTM8\STM8L15X_MD(STM8L15xx4_6)\Obj\stm8l15x_irtim.o"
#        "D:\stm8lora\src\stm8l15x-sx1278\STM8L15x-16x-05x-AL31-L_StdPeriph_Lib\Project\STM8L151G6U6_Sx1278\EWSTM8\STM8L15X_MD(STM8L15xx4_6)\Obj\stm8l15x_it.o"
#        "D:\stm8lora\src\stm8l15x-sx1278\STM8L15x-16x-05x-AL31-L_StdPeriph_Lib\Project\STM8L151G6U6_Sx1278\EWSTM8\STM8L15X_MD(STM8L15xx4_6)\Obj\stm8l15x_itc.o"
#        "D:\stm8lora\src\stm8l15x-sx1278\STM8L15x-16x-05x-AL31-L_StdPeriph_Lib\Project\STM8L151G6U6_Sx1278\EWSTM8\STM8L15X_MD(STM8L15xx4_6)\Obj\stm8l15x_iwdg.o"
#        "D:\stm8lora\src\stm8l15x-sx1278\STM8L15x-16x-05x-AL31-L_StdPeriph_Lib\Project\STM8L151G6U6_Sx1278\EWSTM8\STM8L15X_MD(STM8L15xx4_6)\Obj\stm8l15x_lcd.o"
#        "D:\stm8lora\src\stm8l15x-sx1278\STM8L15x-16x-05x-AL31-L_StdPeriph_Lib\Project\STM8L151G6U6_Sx1278\EWSTM8\STM8L15X_MD(STM8L15xx4_6)\Obj\stm8l15x_pwr.o"
#        "D:\stm8lora\src\stm8l15x-sx1278\STM8L15x-16x-05x-AL31-L_StdPeriph_Lib\Project\STM8L151G6U6_Sx1278\EWSTM8\STM8L15X_MD(STM8L15xx4_6)\Obj\stm8l15x_rst.o"
#        "D:\stm8lora\src\stm8l15x-sx1278\STM8L15x-16x-05x-AL31-L_StdPeriph_Lib\Project\STM8L151G6U6_Sx1278\EWSTM8\STM8L15X_MD(STM8L15xx4_6)\Obj\stm8l15x_rtc.o"
#        "D:\stm8lora\src\stm8l15x-sx1278\STM8L15x-16x-05x-AL31-L_StdPeriph_Lib\Project\STM8L151G6U6_Sx1278\EWSTM8\STM8L15X_MD(STM8L15xx4_6)\Obj\stm8l15x_spi.o"
#        "D:\stm8lora\src\stm8l15x-sx1278\STM8L15x-16x-05x-AL31-L_StdPeriph_Lib\Project\STM8L151G6U6_Sx1278\EWSTM8\STM8L15X_MD(STM8L15xx4_6)\Obj\stm8l15x_syscfg.o"
#        "D:\stm8lora\src\stm8l15x-sx1278\STM8L15x-16x-05x-AL31-L_StdPeriph_Lib\Project\STM8L151G6U6_Sx1278\EWSTM8\STM8L15X_MD(STM8L15xx4_6)\Obj\stm8l15x_tim1.o"
#        "D:\stm8lora\src\stm8l15x-sx1278\STM8L15x-16x-05x-AL31-L_StdPeriph_Lib\Project\STM8L151G6U6_Sx1278\EWSTM8\STM8L15X_MD(STM8L15xx4_6)\Obj\stm8l15x_tim2.o"
#        "D:\stm8lora\src\stm8l15x-sx1278\STM8L15x-16x-05x-AL31-L_StdPeriph_Lib\Project\STM8L151G6U6_Sx1278\EWSTM8\STM8L15X_MD(STM8L15xx4_6)\Obj\stm8l15x_tim3.o"
#        "D:\stm8lora\src\stm8l15x-sx1278\STM8L15x-16x-05x-AL31-L_StdPeriph_Lib\Project\STM8L151G6U6_Sx1278\EWSTM8\STM8L15X_MD(STM8L15xx4_6)\Obj\stm8l15x_tim4.o"
#        "D:\stm8lora\src\stm8l15x-sx1278\STM8L15x-16x-05x-AL31-L_StdPeriph_Lib\Project\STM8L151G6U6_Sx1278\EWSTM8\STM8L15X_MD(STM8L15xx4_6)\Obj\stm8l15x_tim5.o"
#        "D:\stm8lora\src\stm8l15x-sx1278\STM8L15x-16x-05x-AL31-L_StdPeriph_Lib\Project\STM8L151G6U6_Sx1278\EWSTM8\STM8L15X_MD(STM8L15xx4_6)\Obj\stm8l15x_usart.o"
#        "D:\stm8lora\src\stm8l15x-sx1278\STM8L15x-16x-05x-AL31-L_StdPeriph_Lib\Project\STM8L151G6U6_Sx1278\EWSTM8\STM8L15X_MD(STM8L15xx4_6)\Obj\stm8l15x_wfe.o"
#        "D:\stm8lora\src\stm8l15x-sx1278\STM8L15x-16x-05x-AL31-L_StdPeriph_Lib\Project\STM8L151G6U6_Sx1278\EWSTM8\STM8L15X_MD(STM8L15xx4_6)\Obj\stm8l15x_wwdg.o"
#        "D:\stm8lora\src\stm8l15x-sx1278\STM8L15x-16x-05x-AL31-L_StdPeriph_Lib\Project\STM8L151G6U6_Sx1278\EWSTM8\STM8L15X_MD(STM8L15xx4_6)\Obj\sx1276-board.o"
#        "D:\stm8lora\src\stm8l15x-sx1278\STM8L15x-16x-05x-AL31-L_StdPeriph_Lib\Project\STM8L151G6U6_Sx1278\EWSTM8\STM8L15X_MD(STM8L15xx4_6)\Obj\sx1276.o"
#        "D:\stm8lora\src\stm8l15x-sx1278\STM8L15x-16x-05x-AL31-L_StdPeriph_Lib\Project\STM8L151G6U6_Sx1278\EWSTM8\STM8L15X_MD(STM8L15xx4_6)\Obj\system.o"
#        "D:\stm8lora\src\stm8l15x-sx1278\STM8L15x-16x-05x-AL31-L_StdPeriph_Lib\Project\STM8L151G6U6_Sx1278\EWSTM8\STM8L15X_MD(STM8L15xx4_6)\Obj\test_mode.o"
#        "D:\stm8lora\src\stm8l15x-sx1278\STM8L15x-16x-05x-AL31-L_StdPeriph_Lib\Project\STM8L151G6U6_Sx1278\EWSTM8\STM8L15X_MD(STM8L15xx4_6)\Obj\timer.o"
#        "D:\stm8lora\src\stm8l15x-sx1278\STM8L15x-16x-05x-AL31-L_StdPeriph_Lib\Project\STM8L151G6U6_Sx1278\EWSTM8\STM8L15X_MD(STM8L15xx4_6)\Obj\utilities.o"
#        "D:\stm8lora\src\stm8l15x-sx1278\STM8L15x-16x-05x-AL31-L_StdPeriph_Lib\Project\STM8L151G6U6_Sx1278\EWSTM8\STM8L15X_MD(STM8L15xx4_6)\Obj\wakeup_mode.o"
#        --redirect _Printf=_PrintfFullNoMb --redirect _Scanf=_ScanfFullNoMb -o
#        "D:\stm8lora\src\stm8l15x-sx1278\STM8L15x-16x-05x-AL31-L_StdPeriph_Lib\Project\STM8L151G6U6_Sx1278\EWSTM8\STM8L15X_MD(STM8L15xx4_6)\Exe\project.out"
#        --map
#        "D:\stm8lora\src\stm8l15x-sx1278\STM8L15x-16x-05x-AL31-L_StdPeriph_Lib\Project\STM8L151G6U6_Sx1278\EWSTM8\STM8L15X_MD(STM8L15xx4_6)\List\project.map"
#        --config "C:\Program Files (x86)\IAR Systems\Embedded Workbench
#        7.3\stm8\config\lnkstm8l151g6.icf" --config_def _CSTACK_SIZE=0x300
#        --config_def _HEAP_SIZE=0x100 --entry __iar_program_start --debug_lib
#
###############################################################################

*******************************************************************************
*** RUNTIME MODEL ATTRIBUTES
***

__SystemLibrary            = DLib
__code_model               = medium_or_large
__core                     = stm8
__data_model               = medium
__dlib_file_descriptor     = 0
__dlib_full_locale_support = 0
__rt_version               = 4


*******************************************************************************
*** PLACEMENT SUMMARY
***

"A1":  place at start of [0x000000-0x0000ff] { rw section .vregs };
"A2":  place at end of [0x000000-0x0007ff] { block CSTACK };
"P2":  place in [from 0x000000 to 0x0007ff] {
          block HEAP, rw section __DLIB_PERTHREAD, rw section .far.bss,
          rw section .far.data, rw section .far.noinit,
          rw section .far_func.textrw, rw section .huge.bss,
          rw section .huge.data, rw section .huge.noinit,
          rw section .huge_func.textrw, rw section .iar.dynexit,
          rw section .near.bss, rw section .near.data, rw section .near.noinit,
          rw section .near_func.textrw };
"A3":  place at start of [0x008000-0x00ffff] { block INTVEC };
"P3":  place in [from 0x008000 to 0x00ffff] {
          ro section __DLIB_PERTHREAD_init, ro section .far.data_init,
          ro section .far_func.textrw_init, ro section .huge.data_init,
          ro section .huge_func.textrw_init, ro section .iar.init_table,
          ro section .init_array, ro section .near.data_init,
          ro section .near.rodata, ro section .near_func.text,
          ro section .near_func.textrw_init, ro section .tiny.data_init,
          ro section .tiny.rodata_init };
"P4":  place in [from 0x008000 to 0x00ffff] {
          ro section .far.rodata, ro section .far_func.text };
"P7":  place in [from 0x001000 to 0x0013ff] { section .eeprom.data };

  Section            Kind      Address    Size  Object
  -------            ----      -------    ----  ------
"A1":                                     0x10
  .vregs             uninit   0x000000    0x10  vregs.o [4]
                            - 0x000010    0x10

"P2", part 1 of 2:                         0x4
  P2-1                        0x000010     0x4  <Init block>
    .near.data       inited   0x000010     0x4  timer.o [1]
                            - 0x000014     0x4

"P2", part 2 of 2:                       0x2eb
  .near.bss          zero     0x000014   0x100  sx1276.o [1]
  .near.bss          zero     0x000114    0x82  comport.o [1]
  .near.bss          zero     0x000196    0x82  comport.o [1]
  .near.bss          zero     0x000218    0x51  sx1276.o [1]
  .near.bss          zero     0x000269    0x15  lowpower_mode.o [1]
  .near.bss          zero     0x00027e    0x15  normal_mode.o [1]
  .near.bss          zero     0x000293    0x15  test_mode.o [1]
  .near.bss          zero     0x0002a8    0x15  wakeup_mode.o [1]
  .near.bss          zero     0x0002bd     0xe  sx1276.o [1]
  .near.bss          zero     0x0002cb     0xe  sx1276.o [1]
  .near.bss          zero     0x0002d9     0xe  sx1276.o [1]
  .near.bss          zero     0x0002e7     0x5  cfg_parm.o [1]
  .near.bss          zero     0x0002ec     0x4  timer.o [1]
  .near.bss          zero     0x0002f0     0x4  timer.o [1]
  .near.bss          zero     0x0002f4     0x2  sx1276.o [1]
  .near.bss          zero     0x0002f6     0x2  timer.o [1]
  .near.bss          zero     0x0002f8     0x1  lowpower_mode.o [1]
  .near.bss          zero     0x0002f9     0x1  normal_mode.o [1]
  .near.bss          zero     0x0002fa     0x1  sx1276-board.o [1]
  .near.bss          zero     0x0002fb     0x1  sx1276.o [1]
  .near.bss          zero     0x0002fc     0x1  system.o [1]
  .near.bss          zero     0x0002fd     0x1  test_mode.o [1]
  .near.bss          zero     0x0002fe     0x1  wakeup_mode.o [1]
                            - 0x0002ff   0x2eb

"A2":                                    0x300
  CSTACK                      0x000500   0x300  <Block>
    CSTACK           uninit   0x000500   0x300  <Block tail>
                            - 0x000800   0x300

"P7":                                     0x19
  .eeprom.data       rw data  0x001000    0x14  manufacture_parm.o [1]
  .eeprom.data       rw data  0x001014     0x5  cfg_parm.o [1]
                            - 0x001019    0x19

"A3":                                     0x80
  INTVEC                      0x008000    0x80  <Block>
    .intvec          const    0x008000    0x80  interrupt.o [4]
                            - 0x008080    0x80

"P3":                                    0x1a2
  .near.rodata       const    0x008080    0x6e  sx1276.o [1]
  .near.rodata       const    0x0080ee    0x51  sx1276-board.o [1]
  .near_func.text    const    0x00813f    0x3c  xprintffull_nomb.o [4]
  .near.rodata       const    0x00817b    0x30  sx1276.o [1]
  .near.rodata       const    0x0081ab    0x23  test_mode.o [1]
  .iar.init_table    const    0x0081ce    0x14  - Linker created -
  .near.rodata       const    0x0081e2    0x10  test_mode.o [1]
  .near.rodata       const    0x0081f2     0xe  test_mode.o [1]
  .near.rodata       const    0x008200     0x7  xprintffull_nomb.o [4]
  .near.rodata       const    0x008207     0x5  stm8l15x_clk.o [1]
  .near.rodata       const    0x00820c     0x4  xprintffull_nomb.o [4]
  .near.rodata       const    0x008210     0x4  xprintffull_nomb.o [4]
  .near.rodata       const    0x008214     0x4  xprintffull_nomb.o [4]
  .near.rodata       const    0x008218     0x4  xprintffull_nomb.o [4]
  Initializer bytes  const    0x00821c     0x4  <for P2-1>
  .near.rodata       const    0x008220     0x2  xprintffull_nomb.o [4]
                            - 0x008222   0x1a2

"P4":                                   0x6201
  .far_func.text     ro code  0x008222   0x4f2  xprintffull_nomb.o [4]
  .far_func.text     ro code  0x008714   0x4d6  float.o [4]
  .far_func.text     ro code  0x008bea   0x49a  xprintffull_nomb.o [4]
  .far_func.text     ro code  0x009084   0x3cf  sx1276.o [1]
  .far_func.text     ro code  0x009453   0x3b8  xprintffull_nomb.o [4]
  .far_func.text     ro code  0x00980b   0x3b5  sx1276.o [1]
  .far_func.text     ro code  0x009bc0   0x341  sx1276.o [1]
  .far_func.text     ro code  0x009f01   0x329  sx1276.o [1]
  .far_func.text     ro code  0x00a22a   0x2fc  sx1276.o [1]
  .far_func.text     ro code  0x00a526   0x261  long.o [4]
  .far_func.text     ro code  0x00a787   0x1fc  vreg_util.o [4]
  .far_func.text     ro code  0x00a983   0x1ee  lowpower_mode.o [1]
  .far_func.text     ro code  0x00ab71   0x1ee  normal_mode.o [1]
  .far_func.text     ro code  0x00ad5f   0x1ee  wakeup_mode.o [1]
  .far_func.text     ro code  0x00af4d   0x182  timer.o [1]
  .far_func.text     ro code  0x00b0cf   0x17f  xprintffull_nomb.o [4]
  .far_func.text     ro code  0x00b24e   0x162  config_mode.o [1]
  .far_func.text     ro code  0x00b3b0   0x162  float_libsup.o [4]
  .far_func.text     ro code  0x00b512   0x15c  timer.o [1]
  .far_func.text     ro code  0x00b66e   0x151  sx1276.o [1]
  .far_func.text     ro code  0x00b7bf   0x143  sx1276.o [1]
  .far_func.text     ro code  0x00b902   0x130  sx1276.o [1]
  .far_func.text     ro code  0x00ba32   0x128  sx1276.o [1]
  .far_func.text     ro code  0x00bb5a   0x127  stm8l15x_exti.o [1]
  .far_func.text     ro code  0x00bc81   0x106  sx1276-board.o [1]
  .far_func.text     ro code  0x00bd87    0xe4  cfg_parm.o [1]
  .far_func.text     ro code  0x00be6b    0xe4  sx1276.o [1]
  .far_func.text     ro code  0x00bf4f    0xdc  stm8l15x_usart.o [1]
  .far_func.text     ro code  0x00c02b    0xd6  long_util.o [4]
  .far_func.text     ro code  0x00c101    0xd4  timer.o [1]
  .far_func.text     ro code  0x00c1d5    0xcb  timer.o [1]
  .far_func.text     ro code  0x00c2a0    0xca  xdint.o [4]
  .far_func.text     ro code  0x00c36a    0xc5  eeprom_util.o [4]
  .far_func.text     ro code  0x00c42f    0xbb  sx1276-board.o [1]
  .far_func.text     ro code  0x00c4ea    0xbb  sx1276.o [1]
  .far_func.text     ro code  0x00c5a5    0xb6  cfg_parm.o [1]
  .far_func.text     ro code  0x00c65b    0xb2  sx1276.o [1]
  .far_func.text     ro code  0x00c70d    0xaf  stm8l15x_gpio.o [1]
  .far_func.text     ro code  0x00c7bc    0xa4  sx1276.o [1]
  .far_func.text     ro code  0x00c860    0xa1  comport.o [1]
  .far_func.text     ro code  0x00c901    0x9e  stm8l15x_clk.o [1]
  .far_func.text     ro code  0x00c99f    0x9d  cfg_parm.o [1]
  .far_func.text     ro code  0x00ca3c    0x9c  board.o [1]
  .far_func.text     ro code  0x00cad8    0x95  stm8l15x_usart.o [1]
  .far_func.text     ro code  0x00cb6d    0x94  stm8l15x_clk.o [1]
  .far_func.text     ro code  0x00cc01    0x8e  sx1276.o [1]
  .far_func.text     ro code  0x00cc8f    0x83  cfg_parm.o [1]
  .far_func.text     ro code  0x00cd12    0x83  sx1276.o [1]
  .far_func.text     ro code  0x00cd95    0x7d  test_mode.o [1]
  .far_func.text     ro code  0x00ce12    0x76  sx1276.o [1]
  .far_func.text     ro code  0x00ce88    0x71  sx1276.o [1]
  .far_func.text     ro code  0x00cef9    0x6b  sx1276.o [1]
  .far_func.text     ro code  0x00cf64    0x6a  sx1276.o [1]
  .far_func.text     ro code  0x00cfce    0x5b  stm8l15x_spi.o [1]
  .far_func.text     ro code  0x00d029    0x58  dc_util.o [4]
  .far_func.text     ro code  0x00d081    0x57  sx1276.o [1]
  .far_func.text     ro code  0x00d0d8    0x56  lowpower_mode.o [1]
  .far_func.text     ro code  0x00d12e    0x56  normal_mode.o [1]
  .far_func.text     ro code  0x00d184    0x56  wakeup_mode.o [1]
  .far_func.text     ro code  0x00d1da    0x55  round.o [4]
  .far_func.text     ro code  0x00d22f    0x52  sx1276.o [1]
  .far_func.text     ro code  0x00d281    0x52  timer.o [1]
  .far_func.text     ro code  0x00d2d3    0x51  xprintffull_nomb.o [4]
  .far_func.text     ro code  0x00d324    0x4e  stm8l15x_it.o [1]
  .far_func.text     ro code  0x00d372    0x4c  spi-board.o [1]
  .far_func.text     ro code  0x00d3be    0x4b  xprintffull_nomb.o [4]
  .far_func.text     ro code  0x00d409    0x46  ring_buf.o [1]
  .far_func.text     ro code  0x00d44f    0x46  sx1276.o [1]
  .far_func.text     ro code  0x00d495    0x46  short.o [4]
  .far_func.text     ro code  0x00d4db    0x46  ceil.o [4]
  .far_func.text     ro code  0x00d521    0x46  floor.o [4]
  .far_func.text     ro code  0x00d567    0x44  far_util.o [4]
  .far_func.text     ro code  0x00d5ab    0x41  timer.o [1]
  .far_func.text     ro code  0x00d5ec    0x3e  main.o [1]
  .far_func.text     ro code  0x00d62a    0x3d  xprintffull_nomb.o [4]
  .far_func.text     ro code  0x00d667    0x3c  ring_buf.o [1]
  .far_func.text     ro code  0x00d6a3    0x3c  stm8l15x_flash.o [1]
  .far_func.text     ro code  0x00d6df    0x3b  xprintffull_nomb.o [4]
  .far_func.text     ro code  0x00d71a    0x39  timer.o [1]
  .far_func.text     ro code  0x00d753    0x38  sx1276.o [1]
  .far_func.text     ro code  0x00d78b    0x37  stm8l15x_usart.o [1]
  .far_func.text     ro code  0x00d7c2    0x37  sx1276.o [1]
  .far_func.text     ro code  0x00d7f9    0x36  spi-board.o [1]
  .far_func.text     ro code  0x00d82f    0x34  ring_buf.o [1]
  .far_func.text     ro code  0x00d863    0x34  sx1276.o [1]
  .far_func.text     ro code  0x00d897    0x34  div.o [4]
  .far_func.text     ro code  0x00d8cb    0x32  cfg_parm.o [1]
  .far_func.text     ro code  0x00d8fd    0x31  stm8l15x_flash.o [1]
  .far_func.text     ro code  0x00d92e    0x2f  cfg_parm.o [1]
  .far_func.text     ro code  0x00d95d    0x2f  ring_buf.o [1]
  .far_func.text     ro code  0x00d98c    0x2f  sx1276-board.o [1]
  .far_func.text     ro code  0x00d9bb    0x2e  sx1276-board.o [1]
  .far_func.text     ro code  0x00d9e9    0x2e  xprintffull_nomb.o [4]
  .far_func.text     ro code  0x00da17    0x2c  stm8l15x_gpio.o [1]
  .far_func.text     ro code  0x00da43    0x2c  sx1276.o [1]
  .far_func.text     ro code  0x00da6f    0x2b  board.o [1]
  .far_func.text     ro code  0x00da9a    0x2b  stm8l15x_usart.o [1]
  .far_func.text     ro code  0x00dac5    0x2b  timer.o [1]
  .far_func.text     ro code  0x00daf0    0x29  utilities.o [1]
  .far_func.text     ro code  0x00db19    0x28  printf.o [4]
  .far_func.text     ro code  0x00db41    0x28  init_small.o [4]
  .far_func.text     ro code  0x00db69    0x27  timer.o [1]
  .far_func.text     ro code  0x00db90    0x26  memcpy.o [4]
  .far_func.text     ro code  0x00dbb6    0x25  stm8l15x_it.o [1]
  .far_func.text     ro code  0x00dbdb    0x25  test_mode.o [1]
  .far_func.text     ro code  0x00dc00    0x24  test_mode.o [1]
  .far_func.text     ro code  0x00dc24    0x23  stm8l15x_it.o [1]
  .far_func.text     ro code  0x00dc47    0x23  stm8l15x_it.o [1]
  .far_func.text     ro code  0x00dc6a    0x23  stm8l15x_it.o [1]
  .far_func.text     ro code  0x00dc8d    0x23  stm8l15x_it.o [1]
  .far_func.text     ro code  0x00dcb0    0x23  stm8l15x_it.o [1]
  .far_func.text     ro code  0x00dcd3    0x23  sx1276-board.o [1]
  .far_func.text     ro code  0x00dcf6    0x22  board.o [1]
  .far_func.text     ro code  0x00dd18    0x22  stm8l15x_exti.o [1]
  .far_func.text     ro code  0x00dd3a    0x22  stm8l15x_it.o [1]
  .far_func.text     ro code  0x00dd5c    0x21  eeprom.o [1]
  .far_func.text     ro code  0x00dd7d    0x21  stm8l15x_it.o [1]
  .far_func.text     ro code  0x00dd9e    0x20  lowpower_mode.o [1]
  .far_func.text     ro code  0x00ddbe    0x20  lowpower_mode.o [1]
  .far_func.text     ro code  0x00ddde    0x20  lowpower_mode.o [1]
  .far_func.text     ro code  0x00ddfe    0x20  lowpower_mode.o [1]
  .far_func.text     ro code  0x00de1e    0x20  normal_mode.o [1]
  .far_func.text     ro code  0x00de3e    0x20  normal_mode.o [1]
  .far_func.text     ro code  0x00de5e    0x20  normal_mode.o [1]
  .far_func.text     ro code  0x00de7e    0x20  normal_mode.o [1]
  .far_func.text     ro code  0x00de9e    0x20  wakeup_mode.o [1]
  .far_func.text     ro code  0x00debe    0x20  wakeup_mode.o [1]
  .far_func.text     ro code  0x00dede    0x20  wakeup_mode.o [1]
  .far_func.text     ro code  0x00defe    0x20  wakeup_mode.o [1]
  .far_func.text     ro code  0x00df1e    0x1f  eeprom.o [1]
  .far_func.text     ro code  0x00df3d    0x1f  xprout.o [4]
  .far_func.text     ro code  0x00df5c    0x1e  stm8l15x_it.o [1]
  .far_func.text     ro code  0x00df7a    0x1e  stm8l15x_it.o [1]
  .far_func.text     ro code  0x00df98    0x1e  stm8l15x_spi.o [1]
  .far_func.text     ro code  0x00dfb6    0x1e  sx1276.o [1]
  .far_func.text     ro code  0x00dfd4    0x1e  init.o [4]
  .far_func.text     ro code  0x00dff2    0x1e  init_small.o [4]
  .far_func.text     ro code  0x00e010    0x1d  stm8l15x_it.o [1]
  .far_func.text     ro code  0x00e02d    0x1d  sx1276.o [1]
  .far_func.text     ro code  0x00e04a    0x1d  timer.o [1]
  .far_func.text     ro code  0x00e067    0x1c  sx1276.o [1]
  .far_func.text     ro code  0x00e083    0x1c  sx1276.o [1]
  .far_func.text     ro code  0x00e09f    0x1b  stm8l15x_gpio.o [1]
  .far_func.text     ro code  0x00e0ba    0x1b  sx1276-board.o [1]
  .far_func.text     ro code  0x00e0d5    0x1b  sx1276.o [1]
  .far_func.text     ro code  0x00e0f0    0x1a  board.o [1]
  .far_func.text     ro code  0x00e10a    0x1a  stm8l15x_tim4.o [1]
  .far_func.text     ro code  0x00e124    0x1a  timer.o [1]
  .far_func.text     ro code  0x00e13e    0x19  sx1276.o [1]
  .far_func.text     ro code  0x00e157    0x18  ring_buf.o [1]
  .far_func.text     ro code  0x00e16f    0x18  sx1276.o [1]
  .far_func.text     ro code  0x00e187    0x18  memchr.o [4]
  .far_func.text     ro code  0x00e19f    0x17  cstartup.o [4]
  .far_func.text     ro code  0x00e1b6    0x17  memset.o [4]
  .far_func.text     ro code  0x00e1cd    0x16  __dbg_xxexit.o [3]
  .far_func.text     ro code  0x00e1e3    0x15  xprintffull_nomb.o [4]
  .far_func.text     ro code  0x00e1f8    0x15  strchr.o [4]
  .far_func.text     ro code  0x00e20d    0x14  ring_buf.o [1]
  .far_func.text     ro code  0x00e221    0x14  sx1276-board.o [1]
  .far_func.text     ro code  0x00e235    0x13  sx1276.o [1]
  .far_func.text     ro code  0x00e248    0x12  strlen.o [4]
  .far_func.text     ro code  0x00e25a    0x11  ring_buf.o [1]
  .far_func.text     ro code  0x00e26b    0x11  stm8l15x_spi.o [1]
  .far_func.text     ro code  0x00e27c    0x11  stm8l15x_tim4.o [1]
  .far_func.text     ro code  0x00e28d    0x10  system.o [1]
  .far_func.text     ro code  0x00e29d    0x10  xprintffull_nomb.o [4]
  .far_func.text     ro code  0x00e2ad     0xf  ring_buf.o [1]
  .far_func.text     ro code  0x00e2bc     0xe  stm8l15x_clk.o [1]
  .far_func.text     ro code  0x00e2ca     0xe  stm8l15x_tim4.o [1]
  .far_func.text     ro code  0x00e2d8     0xd  eeprom.o [1]
  .far_func.text     ro code  0x00e2e5     0xd  move.o [4]
  .far_func.text     ro code  0x00e2f2     0xc  delay.o [1]
  .far_func.text     ro code  0x00e2fe     0xc  timer.o [1]
  .far_func.text     ro code  0x00e30a     0xc  switch.o [4]
  .far_func.text     ro code  0x00e316     0xc  xprintffull_nomb.o [4]
  .far_func.text     ro code  0x00e322     0xc  xprintffull_nomb.o [4]
  .far_func.text     ro code  0x00e32e     0xb  xprintffull_nomb.o [4]
  .far_func.text     ro code  0x00e339     0xa  sx1276-board.o [1]
  .far_func.text     ro code  0x00e343     0xa  sx1276-board.o [1]
  .far_func.text     ro code  0x00e34d     0xa  system.o [1]
  .far_func.text     ro code  0x00e357     0xa  far.o [4]
  .far_func.text     ro code  0x00e361     0xa  xprintffull_nomb.o [4]
  .far_func.text     ro code  0x00e36b     0x9  stm8l15x_tim2.o [1]
  .far_func.text     ro code  0x00e374     0x9  stm8l15x_tim4.o [1]
  .far_func.text     ro code  0x00e37d     0x9  stm8l15x_tim4.o [1]
  .far_func.text     ro code  0x00e386     0x9  sx1276.o [1]
  .far_func.text     ro code  0x00e38f     0x8  stm8l15x_gpio.o [1]
  .far_func.text     ro code  0x00e397     0x8  stm8l15x_spi.o [1]
  .far_func.text     ro code  0x00e39f     0x8  stm8l15x_usart.o [1]
  .far_func.text     ro code  0x00e3a7     0x8  timer.o [1]
  .far_func.text     ro code  0x00e3af     0x8  xprintffull_nomb.o [4]
  .far_func.text     ro code  0x00e3b7     0x7  stm8l15x_gpio.o [1]
  .far_func.text     ro code  0x00e3be     0x7  sx1276-board.o [1]
  .far_func.text     ro code  0x00e3c5     0x7  xprintffull_nomb.o [4]
  .far_func.text     ro code  0x00e3cc     0x6  xprintffull_nomb.o [4]
  .far_func.text     ro code  0x00e3d2     0x6  cexit.o [4]
  .far_func.text     ro code  0x00e3d8     0x5  stm8l15x_spi.o [1]
  .far_func.text     ro code  0x00e3dd     0x5  stm8l15x_usart.o [1]
  .far_func.text     ro code  0x00e3e2     0x5  stm8l15x_usart.o [1]
  .far_func.text     ro code  0x00e3e7     0x4  stm8l15x_clk.o [1]
  .far_func.text     ro code  0x00e3eb     0x4  stm8l15x_clk.o [1]
  .far_func.text     ro code  0x00e3ef     0x4  stm8l15x_clk.o [1]
  .far_func.text     ro code  0x00e3f3     0x4  stm8l15x_flash.o [1]
  .far_func.text     ro code  0x00e3f7     0x4  sx1276.o [1]
  .far_func.text     ro code  0x00e3fb     0x4  interrupt.o [4]
  .far_func.text     ro code  0x00e3ff     0x4  exit.o [4]
  .far_func.text     ro code  0x00e403     0x3  board.o [1]
  .far_func.text     ro code  0x00e406     0x3  sx1276-board.o [1]
  .far_func.text     ro code  0x00e409     0x3  low_level_init.o [4]
  .far_func.text     ro code  0x00e40c     0x3  unhandled_exception.o [4]
  .far_func.text     ro code  0x00e40f     0x1  stm8l15x_it.o [1]
  .far_func.text     ro code  0x00e410     0x1  stm8l15x_it.o [1]
  .far_func.text     ro code  0x00e411     0x1  stm8l15x_it.o [1]
  .far_func.text     ro code  0x00e412     0x1  stm8l15x_it.o [1]
  .far_func.text     ro code  0x00e413     0x1  stm8l15x_it.o [1]
  .far_func.text     ro code  0x00e414     0x1  stm8l15x_it.o [1]
  .far_func.text     ro code  0x00e415     0x1  stm8l15x_it.o [1]
  .far_func.text     ro code  0x00e416     0x1  stm8l15x_it.o [1]
  .far_func.text     ro code  0x00e417     0x1  stm8l15x_it.o [1]
  .far_func.text     ro code  0x00e418     0x1  stm8l15x_it.o [1]
  .far_func.text     ro code  0x00e419     0x1  stm8l15x_it.o [1]
  .far_func.text     ro code  0x00e41a     0x1  stm8l15x_it.o [1]
  .far_func.text     ro code  0x00e41b     0x1  stm8l15x_it.o [1]
  .far_func.text     ro code  0x00e41c     0x1  stm8l15x_it.o [1]
  .far_func.text     ro code  0x00e41d     0x1  stm8l15x_it.o [1]
  .far_func.text     ro code  0x00e41e     0x1  stm8l15x_it.o [1]
  .far_func.text     ro code  0x00e41f     0x1  stm8l15x_it.o [1]
  .far_func.text     ro code  0x00e420     0x1  stm8l15x_it.o [1]
  .far_func.text     ro code  0x00e421     0x1  sx1276-board.o [1]
  .far_func.text     ro code  0x00e422     0x1  __dbg_break.o [3]
                            - 0x00e423  0x6201


*******************************************************************************
*** INIT TABLE
***

          Address   Size
          -------   ----
Zero (__iar_zero_init2)
    1 destination range, total size 0x2eb:
          0x000014  0x2eb

Copy (__iar_copy_init2)
    1 source range, total size 0x4:
          0x00821c    0x4
    1 destination range, total size 0x4:
          0x000010    0x4



*******************************************************************************
*** MODULE SUMMARY
***

    Module                 ro code  ro data  rw data
    ------                 -------  -------  -------
D:\stm8lora\src\stm8l15x-sx1278\STM8L15x-16x-05x-AL31-L_StdPeriph_Lib\Project\STM8L151G6U6_Sx1278\EWSTM8\STM8L15X_MD(STM8L15xx4_6)\Obj: [1]
    board.o                    262
    cfg_parm.o                 795                10
    comport.o                  161               260
    config_mode.o              354
    delay.o                     12
    eeprom.o                    77
    lowpower_mode.o            708                22
    main.o                      62
    manufacture_parm.o                            20
    normal_mode.o              708                22
    ring_buf.o                 305
    spi-board.o                130
    stm8l15x_clk.o             332        5
    stm8l15x_exti.o            329
    stm8l15x_flash.o           113
    stm8l15x_gpio.o            261
    stm8l15x_it.o              464
    stm8l15x_spi.o             151
    stm8l15x_tim2.o              9
    stm8l15x_tim4.o             75
    stm8l15x_usart.o           485
    sx1276-board.o             655       81        1
    sx1276.o                 7 733      158      382
    system.o                    26                 1
    test_mode.o                198       65       22
    timer.o                  1 510        4       14
    utilities.o                 41
    wakeup_mode.o              708                22
    ------------------------------------------------
    Total:                  16 664      313      776

command line: [2]
    ------------------------------------------------
    Total:

dbgstm8mmd.a: [3]
    __dbg_break.o                1
    __dbg_xxexit.o              22
    ------------------------------------------------
    Total:                      23

dlstm8mmn.a: [4]
    ceil.o                      70
    cexit.o                      6
    cstartup.o                  23
    dc_util.o                   88
    div.o                       52
    eeprom_util.o              197
    exit.o                       4
    far.o                       10
    far_util.o                  68
    float.o                  1 238
    float_libsup.o             354
    floor.o                     70
    init.o                      30
    init_small.o                70
    interrupt.o                  4      128
    long.o                     609
    long_util.o                214
    low_level_init.o             3
    memchr.o                    24
    memcpy.o                    38
    memset.o                    23
    move.o                      13
    printf.o                    40
    round.o                     85
    short.o                     70
    strchr.o                    21
    strlen.o                    18
    switch.o                    12
    unhandled_exception.o        3
    vreg_util.o                508
    vregs.o                                       16
    xdint.o                    202
    xprintffull_nomb.o       4 204       85
    xprout.o                    31
    ------------------------------------------------
    Total:                   8 402      213       16

    Linker created                       20      768
----------------------------------------------------
    Grand Total:            25 089      546    1 560


*******************************************************************************
*** ENTRY LIST
***

Entry                    Address   Size  Type      Object
-----                    -------   ----  ----      ------
.iar.init_table$$Base   0x0081ce          --   Gb  - Linker created -
.iar.init_table$$Limit  0x0081e2          --   Gb  - Linker created -
?add32_l0_l0_0x         0x00a565         Code  Gb  long.o [4]
?add32_l0_l0_l1         0x00a562         Code  Gb  long.o [4]
?and32_l0_l0_0x         0x00a71a         Code  Gb  long.o [4]
?and32_l0_l0_l1         0x00a717         Code  Gb  long.o [4]
?b0                     0x000000         Data  Gb  vregs.o [4]
?b1                     0x000001         Data  Gb  vregs.o [4]
?b10                    0x00000a         Data  Gb  vregs.o [4]
?b11                    0x00000b         Data  Gb  vregs.o [4]
?b12                    0x00000c         Data  Gb  vregs.o [4]
?b13                    0x00000d         Data  Gb  vregs.o [4]
?b14                    0x00000e         Data  Gb  vregs.o [4]
?b15                    0x00000f         Data  Gb  vregs.o [4]
?b2                     0x000002         Data  Gb  vregs.o [4]
?b3                     0x000003         Data  Gb  vregs.o [4]
?b4                     0x000004         Data  Gb  vregs.o [4]
?b5                     0x000005         Data  Gb  vregs.o [4]
?b6                     0x000006         Data  Gb  vregs.o [4]
?b7                     0x000007         Data  Gb  vregs.o [4]
?b8                     0x000008         Data  Gb  vregs.o [4]
?b9                     0x000009         Data  Gb  vregs.o [4]
?dc32_l0                0x00d029         Code  Gb  dc_util.o [4]
?dc32_l1                0x00d055         Code  Gb  dc_util.o [4]
?dec32_0x_0x            0x00a54e         Code  Gb  long.o [4]
?dec32_l2_l2            0x00a549         Code  Gb  long.o [4]
?e0                     0x000001         Data  Gb  vregs.o [4]
?e1                     0x000005         Data  Gb  vregs.o [4]
?e2                     0x000009         Data  Gb  vregs.o [4]
?e3                     0x00000d         Data  Gb  vregs.o [4]
?epilogue_l2            0x00a8b0         Code  Gb  vreg_util.o [4]
?epilogue_l2_l3         0x00a8ac         Code  Gb  vreg_util.o [4]
?epilogue_l2_w6         0x00a8b5         Code  Gb  vreg_util.o [4]
?epilogue_w4            0x00a8be         Code  Gb  vreg_util.o [4]
?fadd32_l0_l0_dc32      0x008738         Code  Gb  float.o [4]
?fadd32_l0_l0_l1        0x00873e         Code  Gb  float.o [4]
?fcastf32s16_l0_x       0x0089cf         Code  Gb  float.o [4]
?fcastf32s32_l0_l0      0x008aa3         Code  Gb  float.o [4]
?fcastf32u16_l0_x       0x0089d6         Code  Gb  float.o [4]
?fcastf32u32_l0_l0      0x008aaf         Code  Gb  float.o [4]
?fcasts16f32_x_l0       0x0089f4         Code  Gb  float.o [4]
?fcasts32f32_l0_l0      0x008a40         Code  Gb  float.o [4]
?fcastu32f32_l0_l0      0x008a29         Code  Gb  float.o [4]
?fcmpge32_c_l0_0x       0x00896e         Code  Gb  float.o [4]
?fcmpge32_c_l0_dc32     0x008967         Code  Gb  float.o [4]
?fcmpge32_c_l0_l1       0x00896b         Code  Gb  float.o [4]
?fcmplt32_c_l0_0x       0x008979         Code  Gb  float.o [4]
?fcmplt32_c_l0_dc32     0x008972         Code  Gb  float.o [4]
?fcmplt32_c_l0_l1       0x008976         Code  Gb  float.o [4]
?fdiv32_l0_dc32_l1      0x0088ad         Code  Gb  float.o [4]
?fdiv32_l0_l0_dc32      0x0088b3         Code  Gb  float.o [4]
?fdiv32_l0_l0_l1        0x0088b9         Code  Gb  float.o [4]
?fmul32_l0_l0_dc32      0x00880c         Code  Gb  float.o [4]
?fmul32_l0_l0_l1        0x008812         Code  Gb  float.o [4]
?fsub32_l0_l0_l1        0x008732         Code  Gb  float.o [4]
?inc32_0x_0x            0x00a53b         Code  Gb  long.o [4]
?inc32_l0_l0            0x00a536         Code  Gb  long.o [4]
?l0                     0x000000         Data  Gb  vregs.o [4]
?l1                     0x000004         Data  Gb  vregs.o [4]
?l2                     0x000008         Data  Gb  vregs.o [4]
?l3                     0x00000c         Data  Gb  vregs.o [4]
?load24_0x_e0           0x00d59d         Code  Gb  far_util.o [4]
?load24_e0_0x           0x00d573         Code  Gb  far_util.o [4]
?load24_e0_asp          0x00d567         Code  Gb  far_util.o [4]
?load24_e0_xsp          0x00d569         Code  Gb  far_util.o [4]
?load24_e1_0x           0x00d581         Code  Gb  far_util.o [4]
?load24_e2_0x           0x00d58f         Code  Gb  far_util.o [4]
?load32_0x_l0           0x00c0cd         Code  Gb  long_util.o [4]
?load32_0x_l2           0x00c0e5         Code  Gb  long_util.o [4]
?load32_0x_l3           0x00c0f3         Code  Gb  long_util.o [4]
?load32_l0_0x           0x00c045         Code  Gb  long_util.o [4]
?load32_l0_asp          0x00c039         Code  Gb  long_util.o [4]
?load32_l0_dbsp         0x00c02b         Code  Gb  long_util.o [4]
?load32_l0_xsp          0x00c03b         Code  Gb  long_util.o [4]
?load32_l1_0x           0x00c06b         Code  Gb  long_util.o [4]
?load32_l1_asp          0x00c05f         Code  Gb  long_util.o [4]
?load32_l1_dbsp         0x00c051         Code  Gb  long_util.o [4]
?load32_l1_xsp          0x00c061         Code  Gb  long_util.o [4]
?load32_l2_0x           0x00c091         Code  Gb  long_util.o [4]
?load32_l2_asp          0x00c085         Code  Gb  long_util.o [4]
?load32_l2_dbsp         0x00c077         Code  Gb  long_util.o [4]
?load32_l2_xsp          0x00c087         Code  Gb  long_util.o [4]
?load32_l3_0x           0x00c0b7         Code  Gb  long_util.o [4]
?load32_l3_asp          0x00c0ab         Code  Gb  long_util.o [4]
?load32_l3_dbsp         0x00c09d         Code  Gb  long_util.o [4]
?load32_l3_xsp          0x00c0ad         Code  Gb  long_util.o [4]
?load32_xsp_l0          0x00c0c3         Code  Gb  long_util.o [4]
?load32_xsp_l2          0x00c0db         Code  Gb  long_util.o [4]
?mov_e0_e1              0x00a8f7         Code  Gb  vreg_util.o [4]
?mov_e0_e2              0x00a904         Code  Gb  vreg_util.o [4]
?mov_e0_e3              0x00a911         Code  Gb  vreg_util.o [4]
?mov_e1_e0              0x00a91e         Code  Gb  vreg_util.o [4]
?mov_e1_e2              0x00a92b         Code  Gb  vreg_util.o [4]
?mov_e1_e3              0x00a938         Code  Gb  vreg_util.o [4]
?mov_e2_e0              0x00a945         Code  Gb  vreg_util.o [4]
?mov_e2_e1              0x00a952         Code  Gb  vreg_util.o [4]
?mov_e2_e3              0x00a95f         Code  Gb  vreg_util.o [4]
?mov_e3_e0              0x00a96c         Code  Gb  vreg_util.o [4]
?mov_e3_e1              0x00a979         Code  Gb  vreg_util.o [4]
?mov_l0_l1              0x00a8f4         Code  Gb  vreg_util.o [4]
?mov_l0_l2              0x00a901         Code  Gb  vreg_util.o [4]
?mov_l0_l3              0x00a90e         Code  Gb  vreg_util.o [4]
?mov_l1_l0              0x00a91b         Code  Gb  vreg_util.o [4]
?mov_l1_l2              0x00a928         Code  Gb  vreg_util.o [4]
?mov_l1_l3              0x00a935         Code  Gb  vreg_util.o [4]
?mov_l2_l0              0x00a942         Code  Gb  vreg_util.o [4]
?mov_l2_l1              0x00a94f         Code  Gb  vreg_util.o [4]
?mov_l2_l3              0x00a95c         Code  Gb  vreg_util.o [4]
?mov_l3_l0              0x00a969         Code  Gb  vreg_util.o [4]
?mov_l3_l1              0x00a976         Code  Gb  vreg_util.o [4]
?mov_w0_w5              0x00a8c3         Code  Gb  vreg_util.o [4]
?mov_w1_w3              0x00a8fa         Code  Gb  vreg_util.o [4]
?mov_w1_w4              0x00a8ca         Code  Gb  vreg_util.o [4]
?mov_w1_w5              0x00a907         Code  Gb  vreg_util.o [4]
?mov_w1_w6              0x00a8d1         Code  Gb  vreg_util.o [4]
?mov_w1_w7              0x00a914         Code  Gb  vreg_util.o [4]
?mov_w2_w0              0x00a8d8         Code  Gb  vreg_util.o [4]
?mov_w2_w1              0x00a8df         Code  Gb  vreg_util.o [4]
?mov_w2_w4              0x00a8e6         Code  Gb  vreg_util.o [4]
?mov_w3_w1              0x00a921         Code  Gb  vreg_util.o [4]
?mov_w3_w5              0x00a92e         Code  Gb  vreg_util.o [4]
?mov_w3_w7              0x00a93b         Code  Gb  vreg_util.o [4]
?mov_w5_w1              0x00a948         Code  Gb  vreg_util.o [4]
?mov_w5_w3              0x00a955         Code  Gb  vreg_util.o [4]
?mov_w5_w7              0x00a962         Code  Gb  vreg_util.o [4]
?mov_w7_w0              0x00a8ed         Code  Gb  vreg_util.o [4]
?mov_w7_w1              0x00a96f         Code  Gb  vreg_util.o [4]
?mov_w7_w3              0x00a97c         Code  Gb  vreg_util.o [4]
?move1616_v_x_y_a       0x00e2e5         Code  Gb  move.o [4]
?mul16_x_x_w0           0x00d495         Code  Gb  short.o [4]
?mul32_l0_l0_0x         0x00a598         Code  Gb  long.o [4]
?mul32_l0_l0_l1         0x00a5a1         Code  Gb  long.o [4]
?neg32_l0_l0            0x00a526         Code  Gb  long.o [4]
?or32_l0_l0_0x          0x00a735         Code  Gb  long.o [4]
?or32_l0_l0_l1          0x00a732         Code  Gb  long.o [4]
?pop_e2                 0x00a821         Code  Gb  vreg_util.o [4]
?pop_l0                 0x00a874         Code  Gb  vreg_util.o [4]
?pop_l1                 0x00a87f         Code  Gb  vreg_util.o [4]
?pop_l2                 0x00a88a         Code  Gb  vreg_util.o [4]
?pop_l3                 0x00a895         Code  Gb  vreg_util.o [4]
?pop_w4                 0x00a7c1         Code  Gb  vreg_util.o [4]
?pop_w5                 0x00a7c8         Code  Gb  vreg_util.o [4]
?pop_w6                 0x00a7cf         Code  Gb  vreg_util.o [4]
?pop_w7                 0x00a7d6         Code  Gb  vreg_util.o [4]
?push_e0                0x00a7e9         Code  Gb  vreg_util.o [4]
?push_e2                0x00a805         Code  Gb  vreg_util.o [4]
?push_l0                0x00a83f         Code  Gb  vreg_util.o [4]
?push_l1                0x00a844         Code  Gb  vreg_util.o [4]
?push_l2                0x00a849         Code  Gb  vreg_util.o [4]
?push_l3                0x00a84e         Code  Gb  vreg_util.o [4]
?push_w0                0x00a787         Code  Gb  vreg_util.o [4]
?push_w1                0x00a78c         Code  Gb  vreg_util.o [4]
?push_w2                0x00a791         Code  Gb  vreg_util.o [4]
?push_w4                0x00a796         Code  Gb  vreg_util.o [4]
?push_w5                0x00a79b         Code  Gb  vreg_util.o [4]
?push_w6                0x00a7a0         Code  Gb  vreg_util.o [4]
?push_w7                0x00a7a5         Code  Gb  vreg_util.o [4]
?scmp32_c_l0_l1         0x00a700         Code  Gb  long.o [4]
?sdiv16_x_x_y           0x00d4b3         Code  Gb  short.o [4]
?sdiv32_l0_l0_dl        0x00a696         Code  Gb  long.o [4]
?sdiv32_l0_l0_l1        0x00a69a         Code  Gb  long.o [4]
?sext16_x_a             0x00d4d4         Code  Gb  short.o [4]
?sext32_l0_a            0x00a77a         Code  Gb  long.o [4]
?sext32_l0_x            0x00a76f         Code  Gb  long.o [4]
?sll16_x_x_a            0x00d4cc         Code  Gb  short.o [4]
?sll32_0x_0x_a          0x00a750         Code  Gb  long.o [4]
?sll32_l0_l0_a          0x00a74d         Code  Gb  long.o [4]
?smod32_l1_l0_l1        0x00a69a         Code  Gb  long.o [4]
?sra32_0x_0x_a          0x00a761         Code  Gb  long.o [4]
?sra32_l0_l0_a          0x00a75e         Code  Gb  long.o [4]
?sub32_l0_l0_0x         0x00a580         Code  Gb  long.o [4]
?sub32_l0_l0_l1         0x00a57d         Code  Gb  long.o [4]
?switch8vlt_0x_a_0x     0x00e30a         Code  Gb  switch.o [4]
?ucmp24_c_0x_e0         0x00e357         Code  Gb  far.o [4]
?ucmp32_c_l0_0x         0x00a6e5         Code  Gb  long.o [4]
?ucmp32_c_l0_l1         0x00a6f5         Code  Gb  long.o [4]
?udiv32_l0_l0_dl        0x00a625         Code  Gb  long.o [4]
?udiv32_l0_l0_l1        0x00a629         Code  Gb  long.o [4]
?umod32_l1_l0_dl        0x00a61f         Code  Gb  long.o [4]
?umod32_l1_l0_l1        0x00a629         Code  Gb  long.o [4]
?w0                     0x000000         Data  Gb  vregs.o [4]
?w1                     0x000002         Data  Gb  vregs.o [4]
?w2                     0x000004         Data  Gb  vregs.o [4]
?w3                     0x000006         Data  Gb  vregs.o [4]
?w4                     0x000008         Data  Gb  vregs.o [4]
?w5                     0x00000a         Data  Gb  vregs.o [4]
?w6                     0x00000c         Data  Gb  vregs.o [4]
?w7                     0x00000e         Data  Gb  vregs.o [4]
ADC1_COMP_IRQHandler    0x00e419    0x1  Code  Gb  stm8l15x_it.o [1]
BoardDisableIrq         0x00e34d    0xa  Code  Gb  system.o [1]
BoardEnableIrq          0x00e28d   0x10  Code  Gb  system.o [1]
BoardInitMcu            0x00ca3c   0x9c  Code  Gb  board.o [1]
CLK_Config              0x00e0f0   0x1a  Code  Lc  board.o [1]
CLK_GetClockFreq        0x00c901   0x9e  Code  Gb  stm8l15x_clk.o [1]
CLK_GetSYSCLKSource     0x00e3eb    0x4  Code  Gb  stm8l15x_clk.o [1]
CLK_PeripheralClockConfig
                        0x00cb6d   0x94  Code  Gb  stm8l15x_clk.o [1]
CLK_SYSCLKDivConfig     0x00e3ef    0x4  Code  Gb  stm8l15x_clk.o [1]
CLK_SYSCLKSourceConfig  0x00e3e7    0x4  Code  Gb  stm8l15x_clk.o [1]
CLK_SYSCLKSourceSwitchCmd
                        0x00e2bc    0xe  Code  Gb  stm8l15x_clk.o [1]
CSTACK$$Base            0x000500          --   Gb  - Linker created -
CSTACK$$Limit           0x000800          --   Gb  - Linker created -
ComportInit             0x00c860   0xa1  Code  Gb  comport.o [1]
DMA1_CHANNEL0_1_IRQHandler
                        0x00e411    0x1  Code  Gb  stm8l15x_it.o [1]
DMA1_CHANNEL2_3_IRQHandler
                        0x00e412    0x1  Code  Gb  stm8l15x_it.o [1]
DelayMs                 0x00e2f2    0xc  Code  Gb  delay.o [1]
EXTI0_IRQHandler        0x00dd3a   0x22  Code  Gb  stm8l15x_it.o [1]
EXTI1_IRQHandler        0x00df5c   0x1e  Code  Gb  stm8l15x_it.o [1]
EXTI2_IRQHandler        0x00dc24   0x23  Code  Gb  stm8l15x_it.o [1]
EXTI3_IRQHandler        0x00dc47   0x23  Code  Gb  stm8l15x_it.o [1]
EXTI4_IRQHandler        0x00dc6a   0x23  Code  Gb  stm8l15x_it.o [1]
EXTI5_IRQHandler        0x00dc8d   0x23  Code  Gb  stm8l15x_it.o [1]
EXTI6_IRQHandler        0x00dcb0   0x23  Code  Gb  stm8l15x_it.o [1]
EXTI7_IRQHandler        0x00df7a   0x1e  Code  Gb  stm8l15x_it.o [1]
EXTIB_G_IRQHandler      0x00e415    0x1  Code  Gb  stm8l15x_it.o [1]
EXTID_H_IRQHandler      0x00e416    0x1  Code  Gb  stm8l15x_it.o [1]
EXTIE_F_PVD_IRQHandler  0x00e414    0x1  Code  Gb  stm8l15x_it.o [1]
EXTI_ClearITPendingBit  0x00dd18   0x22  Code  Gb  stm8l15x_exti.o [1]
EXTI_SetPinSensitivity  0x00bb5a  0x127  Code  Gb  stm8l15x_exti.o [1]
FLASH_IRQHandler        0x00e410    0x1  Code  Gb  stm8l15x_it.o [1]
FLASH_ProgramByte       0x00e3f3    0x4  Code  Gb  stm8l15x_flash.o [1]
FLASH_ProgramWord       0x00d8fd   0x31  Code  Gb  stm8l15x_flash.o [1]
FLASH_WaitForLastOperation
                        0x00d6a3   0x3c  Code  Gb  stm8l15x_flash.o [1]
FskBandwidths           0x008080   0x6e  Data  Gb  sx1276.o [1]
GPIO_DeInit             0x00e09f   0x1b  Code  Gb  stm8l15x_gpio.o [1]
GPIO_ExternalPullUpConfig
                        0x00da17   0x2c  Code  Gb  stm8l15x_gpio.o [1]
GPIO_Init               0x00c70d   0xaf  Code  Gb  stm8l15x_gpio.o [1]
GPIO_ResetBits          0x00e38f    0x8  Code  Gb  stm8l15x_gpio.o [1]
GPIO_SetBits            0x00e3b7    0x7  Code  Gb  stm8l15x_gpio.o [1]
GetFskBandwidthRegValue
                        0x00cf64   0x6a  Code  Lc  sx1276.o [1]
GetRunModePin           0x00e403    0x3  Code  Gb  board.o [1]
I2C1_SPI2_IRQHandler    0x00e420    0x1  Code  Gb  stm8l15x_it.o [1]
INTVEC$$Base            0x008000          --   Gb  - Linker created -
INTVEC$$Limit           0x008080          --   Gb  - Linker created -
InitRunModePin          0x00dcf6   0x22  Code  Gb  board.o [1]
IrqNestLevel            0x0002fc    0x1  Data  Lc  system.o [1]
LCD_AES_IRQHandler      0x00e417    0x1  Code  Gb  stm8l15x_it.o [1]
LoadInt                 0x00d3be   0x4b  Code  Lc  xprintffull_nomb.o [4]
LowPowerModeOnRxDone    0x00d0d8   0x56  Code  Gb  lowpower_mode.o [1]
LowPowerModeOnRxError   0x00ddfe   0x20  Code  Gb  lowpower_mode.o [1]
LowPowerModeOnRxTimeout
                        0x00ddde   0x20  Code  Gb  lowpower_mode.o [1]
LowPowerModeOnTxDone    0x00dd9e   0x20  Code  Gb  lowpower_mode.o [1]
LowPowerModeOnTxTimeout
                        0x00ddbe   0x20  Code  Gb  lowpower_mode.o [1]
LowPowerModeRadioEvents
                        0x000269   0x15  Data  Lc  lowpower_mode.o [1]
LowPowerModeState       0x0002f8    0x1  Data  Gb  lowpower_mode.o [1]
NormalModeOnRxDone      0x00d12e   0x56  Code  Gb  normal_mode.o [1]
NormalModeOnRxError     0x00de7e   0x20  Code  Gb  normal_mode.o [1]
NormalModeOnRxTimeout   0x00de5e   0x20  Code  Gb  normal_mode.o [1]
NormalModeOnTxDone      0x00de1e   0x20  Code  Gb  normal_mode.o [1]
NormalModeOnTxTimeout   0x00de3e   0x20  Code  Gb  normal_mode.o [1]
NormalModeRadioEvents   0x00027e   0x15  Data  Lc  normal_mode.o [1]
NormalModeState         0x0002f9    0x1  Data  Gb  normal_mode.o [1]
RTC_CSSLSE_IRQHandler   0x00e413    0x1  Code  Gb  stm8l15x_it.o [1]
Radio                   0x0080ee   0x51  Data  Gb  sx1276-board.o [1]
RadioEvents             0x0002f4    0x2  Data  Lc  sx1276.o [1]
RadioIsActive           0x0002fa    0x1  Data  Lc  sx1276-board.o [1]
RadioRegsInit           0x00817b   0x30  Data  Gb  sx1276.o [1]
Region$$Table$$Base     0x0081ce          --   Gb  - Linker created -
Region$$Table$$Limit    0x0081e2          --   Gb  - Linker created -
RxChainCalibration      0x00be6b   0xe4  Code  Lc  sx1276.o [1]
RxTimeoutSyncWord       0x0002d9    0xe  Data  Gb  sx1276.o [1]
RxTimeoutTimer          0x0002cb    0xe  Data  Gb  sx1276.o [1]
RxTxBuffer              0x000014  0x100  Data  Lc  sx1276.o [1]
SPI1_IRQHandler         0x00e41f    0x1  Code  Gb  stm8l15x_it.o [1]
SPI_Cmd                 0x00e26b   0x11  Code  Gb  stm8l15x_spi.o [1]
SPI_GetFlagStatus       0x00df98   0x1e  Code  Gb  stm8l15x_spi.o [1]
SPI_Init                0x00cfce   0x5b  Code  Gb  stm8l15x_spi.o [1]
SPI_ReceiveData         0x00e3d8    0x5  Code  Gb  stm8l15x_spi.o [1]
SPI_SendData            0x00e397    0x8  Code  Gb  stm8l15x_spi.o [1]
SWITCH_CSS_BREAK_DAC_IRQHandler
                        0x00e418    0x1  Code  Gb  stm8l15x_it.o [1]
SX1276                  0x000218   0x51  Data  Gb  sx1276.o [1]
SX1276AntSwDeInit       0x00e343    0xa  Code  Gb  sx1276-board.o [1]
SX1276AntSwInit         0x00e339    0xa  Code  Gb  sx1276-board.o [1]
SX1276CheckRfFrequency  0x00e406    0x3  Code  Gb  sx1276-board.o [1]
SX1276GetBoardTcxoWakeupTime
                        0x00e3be    0x7  Code  Gb  sx1276-board.o [1]
SX1276GetPaSelect       0x00e221   0x14  Code  Lc  sx1276-board.o [1]
SX1276GetStatus         0x00e3f7    0x4  Code  Gb  sx1276.o [1]
SX1276GetTimeOnAir      0x00a22a  0x2fc  Code  Gb  sx1276.o [1]
SX1276GetWakeupTime     0x00e386    0x9  Code  Gb  sx1276.o [1]
SX1276Init              0x00c4ea   0xbb  Code  Gb  sx1276.o [1]
SX1276IoInit            0x00e0ba   0x1b  Code  Gb  sx1276-board.o [1]
SX1276IoIrqInit         0x00c42f   0xbb  Code  Gb  sx1276-board.o [1]
SX1276IsChannelFree     0x00ce12   0x76  Code  Gb  sx1276.o [1]
SX1276OnDio0Irq         0x00980b  0x3b5  Code  Gb  sx1276.o [1]
SX1276OnDio1Irq         0x00b66e  0x151  Code  Gb  sx1276.o [1]
SX1276OnDio2Irq         0x00b7bf  0x143  Code  Gb  sx1276.o [1]
SX1276OnDio3Irq         0x00cc01   0x8e  Code  Gb  sx1276.o [1]
SX1276OnDio4Irq         0x00e02d   0x1d  Code  Gb  sx1276.o [1]
SX1276OnDio5Irq         0x00e235   0x13  Code  Gb  sx1276.o [1]
SX1276OnTimeoutIrq      0x00b902  0x130  Code  Gb  sx1276.o [1]
SX1276Random            0x00ce88   0x71  Code  Gb  sx1276.o [1]
SX1276Read              0x00dfb6   0x1e  Code  Gb  sx1276.o [1]
SX1276ReadBuffer        0x00d081   0x57  Code  Gb  sx1276.o [1]
SX1276ReadFifo          0x00e083   0x1c  Code  Gb  sx1276.o [1]
SX1276ReadRssi          0x00cef9   0x6b  Code  Gb  sx1276.o [1]
SX1276Reset             0x00d98c   0x2f  Code  Gb  sx1276-board.o [1]
SX1276Send              0x00ba32  0x128  Code  Gb  sx1276.o [1]
SX1276SetAntSw          0x00dcd3   0x23  Code  Gb  sx1276-board.o [1]
SX1276SetAntSwLowPower  0x00d9bb   0x2e  Code  Gb  sx1276-board.o [1]
SX1276SetBoardTcxo      0x00e421    0x1  Code  Lc  sx1276-board.o [1]
SX1276SetChannel        0x00d44f   0x46  Code  Gb  sx1276.o [1]
SX1276SetMaxPayloadLength
                        0x00d7c2   0x37  Code  Gb  sx1276.o [1]
SX1276SetModem          0x00cd12   0x83  Code  Gb  sx1276.o [1]
SX1276SetOpMode         0x00d863   0x34  Code  Gb  sx1276.o [1]
SX1276SetPublicNetwork  0x00da43   0x2c  Code  Gb  sx1276.o [1]
SX1276SetRfTxPower      0x00bc81  0x106  Code  Gb  sx1276-board.o [1]
SX1276SetRx             0x009bc0  0x341  Code  Gb  sx1276.o [1]
SX1276SetRxConfig       0x009084  0x3cf  Code  Gb  sx1276.o [1]
SX1276SetSleep          0x00e16f   0x18  Code  Gb  sx1276.o [1]
SX1276SetStby           0x00e13e   0x19  Code  Gb  sx1276.o [1]
SX1276SetTx             0x00c65b   0xb2  Code  Gb  sx1276.o [1]
SX1276SetTxConfig       0x009f01  0x329  Code  Gb  sx1276.o [1]
SX1276SetTxContinuousWave
                        0x00c7bc   0xa4  Code  Gb  sx1276.o [1]
SX1276StartCad          0x00d753   0x38  Code  Gb  sx1276.o [1]
SX1276Write             0x00e0d5   0x1b  Code  Gb  sx1276.o [1]
SX1276WriteBuffer       0x00d22f   0x52  Code  Gb  sx1276.o [1]
SX1276WriteFifo         0x00e067   0x1c  Code  Gb  sx1276.o [1]
SYSDivFactor            0x008207    0x5  Data  Gb  stm8l15x_clk.o [1]
SpiInOut                0x00d7f9   0x36  Code  Gb  spi-board.o [1]
SpiInit                 0x00d372   0x4c  Code  Gb  spi-board.o [1]
SysTick_Handler         0x00dac5   0x2b  Code  Gb  timer.o [1]
TIM1_CC_IRQHandler      0x00e41e    0x1  Code  Gb  stm8l15x_it.o [1]
TIM1_UPD_OVF_TRG_COM_IRQHandler
                        0x00e41d    0x1  Code  Gb  stm8l15x_it.o [1]
TIM2_CC_USART2_RX_IRQHandler
                        0x00e41a    0x1  Code  Gb  stm8l15x_it.o [1]
TIM2_ClearITPendingBit  0x00e36b    0x9  Code  Gb  stm8l15x_tim2.o [1]
TIM2_UPD_OVF_TRG_BRK_USART2_TX_IRQHandler
                        0x00e010   0x1d  Code  Gb  stm8l15x_it.o [1]
TIM3_CC_USART3_RX_IRQHandler
                        0x00e41c    0x1  Code  Gb  stm8l15x_it.o [1]
TIM3_UPD_OVF_TRG_BRK_USART3_TX_IRQHandler
                        0x00e41b    0x1  Code  Gb  stm8l15x_it.o [1]
TIM4_ClearFlag          0x00e374    0x9  Code  Gb  stm8l15x_tim4.o [1]
TIM4_ClearITPendingBit  0x00e37d    0x9  Code  Gb  stm8l15x_tim4.o [1]
TIM4_Cmd                0x00e2ca    0xe  Code  Gb  stm8l15x_tim4.o [1]
TIM4_Config             0x00da6f   0x2b  Code  Lc  board.o [1]
TIM4_ITConfig           0x00e10a   0x1a  Code  Gb  stm8l15x_tim4.o [1]
TIM4_TimeBaseInit       0x00e27c   0x11  Code  Gb  stm8l15x_tim4.o [1]
TIM4_UPD_OVF_TRG_IRQHandler
                        0x00dd7d   0x21  Code  Gb  stm8l15x_it.o [1]
TRAP_IRQHandler         0x00e40f    0x1  Code  Gb  stm8l15x_it.o [1]
TestModeOnRadioTxTimeout
                        0x00dbdb   0x25  Code  Gb  test_mode.o [1]
TestModeRadioEvents     0x000293   0x15  Data  Lc  test_mode.o [1]
TestModeState           0x0002fd    0x1  Data  Lc  test_mode.o [1]
TimerExists             0x00e04a   0x1d  Code  Lc  timer.o [1]
TimerGetCurrentTime     0x00e3a7    0x8  Code  Gb  timer.o [1]
TimerGetElapsedTime     0x00d71a   0x39  Code  Gb  timer.o [1]
TimerGetValue           0x00e2fe    0xc  Code  Gb  timer.o [1]
TimerInit               0x00d5ab   0x41  Code  Gb  timer.o [1]
TimerInsertNewHeadTimer
                        0x00d281   0x52  Code  Lc  timer.o [1]
TimerInsertTimer        0x00b512  0x15c  Code  Lc  timer.o [1]
TimerIrqHandler         0x00c1d5   0xcb  Code  Gb  timer.o [1]
TimerListHead           0x0002f6    0x2  Data  Lc  timer.o [1]
TimerSetTimeout         0x00e124   0x1a  Code  Lc  timer.o [1]
TimerSetValue           0x00db69   0x27  Code  Gb  timer.o [1]
TimerStart              0x00c101   0xd4  Code  Gb  timer.o [1]
TimerStop               0x00af4d  0x182  Code  Gb  timer.o [1]
TxTimeoutTimer          0x0002bd    0xe  Data  Gb  sx1276.o [1]
USART1_RX_TIM5_CC_IRQHandler
                        0x00dbb6   0x25  Code  Gb  stm8l15x_it.o [1]
USART1_TX_TIM5_UPD_OVF_TRG_BRK_IRQHandler
                        0x00d324   0x4e  Code  Gb  stm8l15x_it.o [1]
USART_ClearITPendingBit
                        0x00e3e2    0x5  Code  Gb  stm8l15x_usart.o [1]
USART_Cmd               0x00da9a   0x2b  Code  Gb  stm8l15x_usart.o [1]
USART_GetFlagStatus     0x00d78b   0x37  Code  Gb  stm8l15x_usart.o [1]
USART_ITConfig          0x00cad8   0x95  Code  Gb  stm8l15x_usart.o [1]
USART_Init              0x00bf4f   0xdc  Code  Gb  stm8l15x_usart.o [1]
USART_ReceiveData8      0x00e3dd    0x5  Code  Gb  stm8l15x_usart.o [1]
USART_SendData8         0x00e39f    0x8  Code  Gb  stm8l15x_usart.o [1]
WakeUpModeOnRxDone      0x00d184   0x56  Code  Gb  wakeup_mode.o [1]
WakeUpModeOnRxError     0x00defe   0x20  Code  Gb  wakeup_mode.o [1]
WakeUpModeOnRxTimeout   0x00dede   0x20  Code  Gb  wakeup_mode.o [1]
WakeUpModeOnTxDone      0x00de9e   0x20  Code  Gb  wakeup_mode.o [1]
WakeUpModeOnTxTimeout   0x00debe   0x20  Code  Gb  wakeup_mode.o [1]
WakeUpModeRadioEvents   0x0002a8   0x15  Data  Lc  wakeup_mode.o [1]
WakeUpModeState         0x0002fe    0x1  Data  Gb  wakeup_mode.o [1]
_GenldFullNoMb          0x009453  0x3b8  Code  Lc  xprintffull_nomb.o [4]
_LdtobFullNoMb          0x008bea  0x49a  Code  Lc  xprintffull_nomb.o [4]
_LitobFullNoMb          0x00b0cf  0x17f  Code  Lc  xprintffull_nomb.o [4]
_PrintfFullNoMb         0x008222  0x4f2  Code  Gb  xprintffull_nomb.o [4]
_Prout                  0x00df3d   0x1f  Code  Gb  xprout.o [4]
_PutcharFullNoMb        0x00d9e9   0x2e  Code  Lc  xprintffull_nomb.o [4]
_PutcharsFullNoMb       0x00d6df   0x3b  Code  Lc  xprintffull_nomb.o [4]
__DebugBreak            0x00e422    0x1  Code  Gb  __dbg_break.o [3]
__eeprom_program_byte   0x00df1e   0x1f  Code  Gb  eeprom.o [1]
__eeprom_program_long   0x00dd5c   0x21  Code  Gb  eeprom.o [1]
__eeprom_wait_for_last_operation
                        0x00e2d8    0xd  Code  Gb  eeprom.o [1]
__eeprom_write_16       0x00c414   0x10  Code  Gb  eeprom_util.o [4]
__eeprom_write_8        0x00c405    0xf  Code  Gb  eeprom_util.o [4]
__eeprom_write_many     0x00c36a   0x8e  Code  Gb  eeprom_util.o [4]
__exit                  0x00e1cd   0x16  Code  Gb  __dbg_xxexit.o [3]
__iar_Dint              0x00c2a0   0xca  Code  Gb  xdint.o [4]
__iar_Dnorm             0x00b3b0         Code  Gb  float_libsup.o [4]
__iar_Dscale            0x00b43e         Code  Gb  float_libsup.o [4]
__iar_Dunscale          0x00b3ec         Code  Gb  float_libsup.o [4]
__iar_Memchr            0x00e187   0x18  Code  Gb  memchr.o [4]
__iar_Strchr            0x00e1f8   0x15  Code  Gb  strchr.o [4]
__iar_copy_init2        0x00db41         Code  Gb  init_small.o [4]
__iar_data_init2        0x00dfd4   0x1e  Code  Gb  init.o [4]
__iar_program_start     0x00e19f         Code  Gb  cstartup.o [4]
__iar_unhandled_exception
                        0x00e40c         Code  Gb  unhandled_exception.o [4]
__iar_zero_init2        0x00dff2         Code  Gb  init_small.o [4]
__intvec                0x008000         Data  Gb  interrupt.o [4]
__low_level_init        0x00e409    0x3  Code  Gb  low_level_init.o [4]
_exit                   0x00e3d2         Code  Gb  cexit.o [4]
_interrupt_1            0x00e40f         Code  Gb  stm8l15x_it.o [1]
_interrupt_10           0x00dd3a         Code  Gb  stm8l15x_it.o [1]
_interrupt_11           0x00df5c         Code  Gb  stm8l15x_it.o [1]
_interrupt_12           0x00dc24         Code  Gb  stm8l15x_it.o [1]
_interrupt_13           0x00dc47         Code  Gb  stm8l15x_it.o [1]
_interrupt_14           0x00dc6a         Code  Gb  stm8l15x_it.o [1]
_interrupt_15           0x00dc8d         Code  Gb  stm8l15x_it.o [1]
_interrupt_16           0x00dcb0         Code  Gb  stm8l15x_it.o [1]
_interrupt_17           0x00df7a         Code  Gb  stm8l15x_it.o [1]
_interrupt_18           0x00e417         Code  Gb  stm8l15x_it.o [1]
_interrupt_19           0x00e418         Code  Gb  stm8l15x_it.o [1]
_interrupt_20           0x00e419         Code  Gb  stm8l15x_it.o [1]
_interrupt_21           0x00e010         Code  Gb  stm8l15x_it.o [1]
_interrupt_22           0x00e41a         Code  Gb  stm8l15x_it.o [1]
_interrupt_23           0x00e41b         Code  Gb  stm8l15x_it.o [1]
_interrupt_24           0x00e41c         Code  Gb  stm8l15x_it.o [1]
_interrupt_25           0x00e41d         Code  Gb  stm8l15x_it.o [1]
_interrupt_26           0x00e41e         Code  Gb  stm8l15x_it.o [1]
_interrupt_27           0x00dd7d         Code  Gb  stm8l15x_it.o [1]
_interrupt_28           0x00e41f         Code  Gb  stm8l15x_it.o [1]
_interrupt_29           0x00d324         Code  Gb  stm8l15x_it.o [1]
_interrupt_3            0x00e410         Code  Gb  stm8l15x_it.o [1]
_interrupt_30           0x00dbb6         Code  Gb  stm8l15x_it.o [1]
_interrupt_31           0x00e420         Code  Gb  stm8l15x_it.o [1]
_interrupt_4            0x00e411         Code  Gb  stm8l15x_it.o [1]
_interrupt_5            0x00e412         Code  Gb  stm8l15x_it.o [1]
_interrupt_6            0x00e413         Code  Gb  stm8l15x_it.o [1]
_interrupt_7            0x00e414         Code  Gb  stm8l15x_it.o [1]
_interrupt_8            0x00e415         Code  Gb  stm8l15x_it.o [1]
_interrupt_9            0x00e416         Code  Gb  stm8l15x_it.o [1]
aLarmTimerTime          0x000010    0x4  Data  Gb  timer.o [1]
ceil                    0x00d4db   0x46  Code  Gb  ceil.o [4]
cfg_parm_dump_to_ram    0x00c5a5   0xb6  Code  Gb  cfg_parm.o [1]
cfg_parm_factory_reset  0x00cc8f   0x83  Code  Gb  cfg_parm.o [1]
cfg_parm_get_tx_power   0x00d8cb   0x32  Code  Gb  cfg_parm.o [1]
cfg_parm_get_uart_baud  0x00c99f   0x9d  Code  Gb  cfg_parm.o [1]
cfg_parm_get_uart_parity
                        0x00d92e   0x2f  Code  Gb  cfg_parm.o [1]
cfg_parm_restore        0x00bd87   0xe4  Code  Gb  cfg_parm.o [1]
config_mode_routin      0x00b24e  0x162  Code  Gb  config_mode.o [1]
div                     0x00d897   0x34  Code  Gb  div.o [4]
exit                    0x00e3ff    0x4  Code  Gb  exit.o [4]
floor                   0x00d521   0x46  Code  Gb  floor.o [4]
lowpower_mode_routin    0x00a983  0x1ee  Code  Gb  lowpower_mode.o [1]
main                    0x00d5ec   0x3e  Code  Gb  main.o [1]
memcpy                  0x00db90   0x26  Code  Gb  memcpy.o [4]
memcpy1                 0x00daf0   0x29  Code  Gb  utilities.o [1]
memset                  0x00e1b6   0x17  Code  Gb  memset.o [4]
normal_mode_routin      0x00ab71  0x1ee  Code  Gb  normal_mode.o [1]
pad                     0x00d62a   0x3d  Code  Lc  xprintffull_nomb.o [4]
printf                  0x00db19   0x28  Code  Gb  printf.o [4]
putchar                 0x00dc00   0x24  Code  Gb  test_mode.o [1]
ring_buffer_dequeue     0x00d82f   0x34  Code  Gb  ring_buf.o [1]
ring_buffer_dequeue_arr
                        0x00d409   0x46  Code  Gb  ring_buf.o [1]
ring_buffer_init        0x00e25a   0x11  Code  Gb  ring_buf.o [1]
ring_buffer_is_empty    0x00e20d   0x14  Code  Gb  ring_buf.o [1]
ring_buffer_is_full     0x00e157   0x18  Code  Gb  ring_buf.o [1]
ring_buffer_num_items   0x00e2ad    0xf  Code  Gb  ring_buf.o [1]
ring_buffer_queue       0x00d667   0x3c  Code  Gb  ring_buf.o [1]
ring_buffer_queue_arr   0x00d95d   0x2f  Code  Gb  ring_buf.o [1]
round                   0x00d1da   0x55  Code  Gb  round.o [4]
sTartAlarmTimerTime     0x0002f0    0x4  Data  Gb  timer.o [1]
scale                   0x00d2d3   0x51  Code  Lc  xprintffull_nomb.o [4]
stManufactureParm       0x001000   0x14  Data  Gb  manufacture_parm.o [1]
stNvCfgParm             0x001014    0x5  Data  Gb  cfg_parm.o [1]
stTmpCfgParm            0x0002e7    0x5  Data  Gb  cfg_parm.o [1]
strlen                  0x00e248   0x12  Code  Gb  strlen.o [4]
systick                 0x0002ec    0x4  Data  Gb  timer.o [1]
test_mode_routin        0x00cd95   0x7d  Code  Gb  test_mode.o [1]
uart_rx_ring_buf        0x000114   0x82  Data  Gb  comport.o [1]
uart_tx_ring_buf        0x000196   0x82  Data  Gb  comport.o [1]
wakeup_mode_routin      0x00ad5f  0x1ee  Code  Gb  wakeup_mode.o [1]


[1] = D:\stm8lora\src\stm8l15x-sx1278\STM8L15x-16x-05x-AL31-L_StdPeriph_Lib\Project\STM8L151G6U6_Sx1278\EWSTM8\STM8L15X_MD(STM8L15xx4_6)\Obj
[2] = command line
[3] = dbgstm8mmd.a
[4] = dlstm8mmn.a

  25 089 bytes of readonly  code memory
     546 bytes of readonly  data memory
   1 560 bytes of readwrite data memory

Errors: none
Warnings: none
