###############################################################################
#
# IAR ELF Linker V3.10.1.201 for STM8                     09/Jul/2019  17:35:37
# Copyright 2010-2017 IAR Systems AB.
#
#    Output file  =  
#        D:\stm8lora\src\stm8l15x-sx1278\STM8L15x-16x-05x-AL31-L_StdPeriph_Lib\Project\STM8L151G6U6_Sx1278\EWSTM8\STM8L15X_MD(STM8L15xx4_6)\Exe\project.out
#    Map file     =  
#        D:\stm8lora\src\stm8l15x-sx1278\STM8L15x-16x-05x-AL31-L_StdPeriph_Lib\Project\STM8L151G6U6_Sx1278\EWSTM8\STM8L15X_MD(STM8L15xx4_6)\List\project.map
#    Command line =  
#        -f C:\Users\Administrator\AppData\Local\Temp\EW77E7.tmp
#        ("D:\stm8lora\src\stm8l15x-sx1278\STM8L15x-16x-05x-AL31-L_StdPeriph_Lib\Project\STM8L151G6U6_Sx1278\EWSTM8\STM8L15X_MD(STM8L15xx4_6)\Obj\aes.o"
#        "D:\stm8lora\src\stm8l15x-sx1278\STM8L15x-16x-05x-AL31-L_StdPeriph_Lib\Project\STM8L151G6U6_Sx1278\EWSTM8\STM8L15X_MD(STM8L15xx4_6)\Obj\board.o"
#        "D:\stm8lora\src\stm8l15x-sx1278\STM8L15x-16x-05x-AL31-L_StdPeriph_Lib\Project\STM8L151G6U6_Sx1278\EWSTM8\STM8L15X_MD(STM8L15xx4_6)\Obj\cfg_parm.o"
#        "D:\stm8lora\src\stm8l15x-sx1278\STM8L15x-16x-05x-AL31-L_StdPeriph_Lib\Project\STM8L151G6U6_Sx1278\EWSTM8\STM8L15X_MD(STM8L15xx4_6)\Obj\cmac.o"
#        "D:\stm8lora\src\stm8l15x-sx1278\STM8L15x-16x-05x-AL31-L_StdPeriph_Lib\Project\STM8L151G6U6_Sx1278\EWSTM8\STM8L15X_MD(STM8L15xx4_6)\Obj\comport.o"
#        "D:\stm8lora\src\stm8l15x-sx1278\STM8L15x-16x-05x-AL31-L_StdPeriph_Lib\Project\STM8L151G6U6_Sx1278\EWSTM8\STM8L15X_MD(STM8L15xx4_6)\Obj\config_mode.o"
#        "D:\stm8lora\src\stm8l15x-sx1278\STM8L15x-16x-05x-AL31-L_StdPeriph_Lib\Project\STM8L151G6U6_Sx1278\EWSTM8\STM8L15X_MD(STM8L15xx4_6)\Obj\crc8.o"
#        "D:\stm8lora\src\stm8l15x-sx1278\STM8L15x-16x-05x-AL31-L_StdPeriph_Lib\Project\STM8L151G6U6_Sx1278\EWSTM8\STM8L15X_MD(STM8L15xx4_6)\Obj\delay.o"
#        "D:\stm8lora\src\stm8l15x-sx1278\STM8L15x-16x-05x-AL31-L_StdPeriph_Lib\Project\STM8L151G6U6_Sx1278\EWSTM8\STM8L15X_MD(STM8L15xx4_6)\Obj\eeprom.o"
#        "D:\stm8lora\src\stm8l15x-sx1278\STM8L15x-16x-05x-AL31-L_StdPeriph_Lib\Project\STM8L151G6U6_Sx1278\EWSTM8\STM8L15X_MD(STM8L15xx4_6)\Obj\frame.o"
#        "D:\stm8lora\src\stm8l15x-sx1278\STM8L15x-16x-05x-AL31-L_StdPeriph_Lib\Project\STM8L151G6U6_Sx1278\EWSTM8\STM8L15X_MD(STM8L15xx4_6)\Obj\hex.o"
#        "D:\stm8lora\src\stm8l15x-sx1278\STM8L15x-16x-05x-AL31-L_StdPeriph_Lib\Project\STM8L151G6U6_Sx1278\EWSTM8\STM8L15X_MD(STM8L15xx4_6)\Obj\LoRaMac.o"
#        "D:\stm8lora\src\stm8l15x-sx1278\STM8L15x-16x-05x-AL31-L_StdPeriph_Lib\Project\STM8L151G6U6_Sx1278\EWSTM8\STM8L15X_MD(STM8L15xx4_6)\Obj\LoRaMacCrypto.o"
#        "D:\stm8lora\src\stm8l15x-sx1278\STM8L15x-16x-05x-AL31-L_StdPeriph_Lib\Project\STM8L151G6U6_Sx1278\EWSTM8\STM8L15X_MD(STM8L15xx4_6)\Obj\lowpower_mode.o"
#        "D:\stm8lora\src\stm8l15x-sx1278\STM8L15x-16x-05x-AL31-L_StdPeriph_Lib\Project\STM8L151G6U6_Sx1278\EWSTM8\STM8L15X_MD(STM8L15xx4_6)\Obj\main.o"
#        "D:\stm8lora\src\stm8l15x-sx1278\STM8L15x-16x-05x-AL31-L_StdPeriph_Lib\Project\STM8L151G6U6_Sx1278\EWSTM8\STM8L15X_MD(STM8L15xx4_6)\Obj\manufacture_parm.o"
#        "D:\stm8lora\src\stm8l15x-sx1278\STM8L15x-16x-05x-AL31-L_StdPeriph_Lib\Project\STM8L151G6U6_Sx1278\EWSTM8\STM8L15X_MD(STM8L15xx4_6)\Obj\modem.o"
#        "D:\stm8lora\src\stm8l15x-sx1278\STM8L15x-16x-05x-AL31-L_StdPeriph_Lib\Project\STM8L151G6U6_Sx1278\EWSTM8\STM8L15X_MD(STM8L15xx4_6)\Obj\normal_mode.o"
#        "D:\stm8lora\src\stm8l15x-sx1278\STM8L15x-16x-05x-AL31-L_StdPeriph_Lib\Project\STM8L151G6U6_Sx1278\EWSTM8\STM8L15X_MD(STM8L15xx4_6)\Obj\ring_buf.o"
#        "D:\stm8lora\src\stm8l15x-sx1278\STM8L15x-16x-05x-AL31-L_StdPeriph_Lib\Project\STM8L151G6U6_Sx1278\EWSTM8\STM8L15X_MD(STM8L15xx4_6)\Obj\spi-board.o"
#        "D:\stm8lora\src\stm8l15x-sx1278\STM8L15x-16x-05x-AL31-L_StdPeriph_Lib\Project\STM8L151G6U6_Sx1278\EWSTM8\STM8L15X_MD(STM8L15xx4_6)\Obj\stm8l15x_adc.o"
#        "D:\stm8lora\src\stm8l15x-sx1278\STM8L15x-16x-05x-AL31-L_StdPeriph_Lib\Project\STM8L151G6U6_Sx1278\EWSTM8\STM8L15X_MD(STM8L15xx4_6)\Obj\stm8l15x_beep.o"
#        "D:\stm8lora\src\stm8l15x-sx1278\STM8L15x-16x-05x-AL31-L_StdPeriph_Lib\Project\STM8L151G6U6_Sx1278\EWSTM8\STM8L15X_MD(STM8L15xx4_6)\Obj\stm8l15x_clk.o"
#        "D:\stm8lora\src\stm8l15x-sx1278\STM8L15x-16x-05x-AL31-L_StdPeriph_Lib\Project\STM8L151G6U6_Sx1278\EWSTM8\STM8L15X_MD(STM8L15xx4_6)\Obj\stm8l15x_comp.o"
#        "D:\stm8lora\src\stm8l15x-sx1278\STM8L15x-16x-05x-AL31-L_StdPeriph_Lib\Project\STM8L151G6U6_Sx1278\EWSTM8\STM8L15X_MD(STM8L15xx4_6)\Obj\stm8l15x_dac.o"
#        "D:\stm8lora\src\stm8l15x-sx1278\STM8L15x-16x-05x-AL31-L_StdPeriph_Lib\Project\STM8L151G6U6_Sx1278\EWSTM8\STM8L15X_MD(STM8L15xx4_6)\Obj\stm8l15x_dma.o"
#        "D:\stm8lora\src\stm8l15x-sx1278\STM8L15x-16x-05x-AL31-L_StdPeriph_Lib\Project\STM8L151G6U6_Sx1278\EWSTM8\STM8L15X_MD(STM8L15xx4_6)\Obj\stm8l15x_exti.o"
#        "D:\stm8lora\src\stm8l15x-sx1278\STM8L15x-16x-05x-AL31-L_StdPeriph_Lib\Project\STM8L151G6U6_Sx1278\EWSTM8\STM8L15X_MD(STM8L15xx4_6)\Obj\stm8l15x_flash.o"
#        "D:\stm8lora\src\stm8l15x-sx1278\STM8L15x-16x-05x-AL31-L_StdPeriph_Lib\Project\STM8L151G6U6_Sx1278\EWSTM8\STM8L15X_MD(STM8L15xx4_6)\Obj\stm8l15x_gpio.o"
#        "D:\stm8lora\src\stm8l15x-sx1278\STM8L15x-16x-05x-AL31-L_StdPeriph_Lib\Project\STM8L151G6U6_Sx1278\EWSTM8\STM8L15X_MD(STM8L15xx4_6)\Obj\stm8l15x_i2c.o"
#        "D:\stm8lora\src\stm8l15x-sx1278\STM8L15x-16x-05x-AL31-L_StdPeriph_Lib\Project\STM8L151G6U6_Sx1278\EWSTM8\STM8L15X_MD(STM8L15xx4_6)\Obj\stm8l15x_irtim.o"
#        "D:\stm8lora\src\stm8l15x-sx1278\STM8L15x-16x-05x-AL31-L_StdPeriph_Lib\Project\STM8L151G6U6_Sx1278\EWSTM8\STM8L15X_MD(STM8L15xx4_6)\Obj\stm8l15x_it.o"
#        "D:\stm8lora\src\stm8l15x-sx1278\STM8L15x-16x-05x-AL31-L_StdPeriph_Lib\Project\STM8L151G6U6_Sx1278\EWSTM8\STM8L15X_MD(STM8L15xx4_6)\Obj\stm8l15x_itc.o"
#        "D:\stm8lora\src\stm8l15x-sx1278\STM8L15x-16x-05x-AL31-L_StdPeriph_Lib\Project\STM8L151G6U6_Sx1278\EWSTM8\STM8L15X_MD(STM8L15xx4_6)\Obj\stm8l15x_iwdg.o"
#        "D:\stm8lora\src\stm8l15x-sx1278\STM8L15x-16x-05x-AL31-L_StdPeriph_Lib\Project\STM8L151G6U6_Sx1278\EWSTM8\STM8L15X_MD(STM8L15xx4_6)\Obj\stm8l15x_lcd.o"
#        "D:\stm8lora\src\stm8l15x-sx1278\STM8L15x-16x-05x-AL31-L_StdPeriph_Lib\Project\STM8L151G6U6_Sx1278\EWSTM8\STM8L15X_MD(STM8L15xx4_6)\Obj\stm8l15x_pwr.o"
#        "D:\stm8lora\src\stm8l15x-sx1278\STM8L15x-16x-05x-AL31-L_StdPeriph_Lib\Project\STM8L151G6U6_Sx1278\EWSTM8\STM8L15X_MD(STM8L15xx4_6)\Obj\stm8l15x_rst.o"
#        "D:\stm8lora\src\stm8l15x-sx1278\STM8L15x-16x-05x-AL31-L_StdPeriph_Lib\Project\STM8L151G6U6_Sx1278\EWSTM8\STM8L15X_MD(STM8L15xx4_6)\Obj\stm8l15x_rtc.o"
#        "D:\stm8lora\src\stm8l15x-sx1278\STM8L15x-16x-05x-AL31-L_StdPeriph_Lib\Project\STM8L151G6U6_Sx1278\EWSTM8\STM8L15X_MD(STM8L15xx4_6)\Obj\stm8l15x_spi.o"
#        "D:\stm8lora\src\stm8l15x-sx1278\STM8L15x-16x-05x-AL31-L_StdPeriph_Lib\Project\STM8L151G6U6_Sx1278\EWSTM8\STM8L15X_MD(STM8L15xx4_6)\Obj\stm8l15x_syscfg.o"
#        "D:\stm8lora\src\stm8l15x-sx1278\STM8L15x-16x-05x-AL31-L_StdPeriph_Lib\Project\STM8L151G6U6_Sx1278\EWSTM8\STM8L15X_MD(STM8L15xx4_6)\Obj\stm8l15x_tim1.o"
#        "D:\stm8lora\src\stm8l15x-sx1278\STM8L15x-16x-05x-AL31-L_StdPeriph_Lib\Project\STM8L151G6U6_Sx1278\EWSTM8\STM8L15X_MD(STM8L15xx4_6)\Obj\stm8l15x_tim2.o"
#        "D:\stm8lora\src\stm8l15x-sx1278\STM8L15x-16x-05x-AL31-L_StdPeriph_Lib\Project\STM8L151G6U6_Sx1278\EWSTM8\STM8L15X_MD(STM8L15xx4_6)\Obj\stm8l15x_tim3.o"
#        "D:\stm8lora\src\stm8l15x-sx1278\STM8L15x-16x-05x-AL31-L_StdPeriph_Lib\Project\STM8L151G6U6_Sx1278\EWSTM8\STM8L15X_MD(STM8L15xx4_6)\Obj\stm8l15x_tim4.o"
#        "D:\stm8lora\src\stm8l15x-sx1278\STM8L15x-16x-05x-AL31-L_StdPeriph_Lib\Project\STM8L151G6U6_Sx1278\EWSTM8\STM8L15X_MD(STM8L15xx4_6)\Obj\stm8l15x_tim5.o"
#        "D:\stm8lora\src\stm8l15x-sx1278\STM8L15x-16x-05x-AL31-L_StdPeriph_Lib\Project\STM8L151G6U6_Sx1278\EWSTM8\STM8L15X_MD(STM8L15xx4_6)\Obj\stm8l15x_usart.o"
#        "D:\stm8lora\src\stm8l15x-sx1278\STM8L15x-16x-05x-AL31-L_StdPeriph_Lib\Project\STM8L151G6U6_Sx1278\EWSTM8\STM8L15X_MD(STM8L15xx4_6)\Obj\stm8l15x_wfe.o"
#        "D:\stm8lora\src\stm8l15x-sx1278\STM8L15x-16x-05x-AL31-L_StdPeriph_Lib\Project\STM8L151G6U6_Sx1278\EWSTM8\STM8L15X_MD(STM8L15xx4_6)\Obj\stm8l15x_wwdg.o"
#        "D:\stm8lora\src\stm8l15x-sx1278\STM8L15x-16x-05x-AL31-L_StdPeriph_Lib\Project\STM8L151G6U6_Sx1278\EWSTM8\STM8L15X_MD(STM8L15xx4_6)\Obj\sx1276-board.o"
#        "D:\stm8lora\src\stm8l15x-sx1278\STM8L15x-16x-05x-AL31-L_StdPeriph_Lib\Project\STM8L151G6U6_Sx1278\EWSTM8\STM8L15X_MD(STM8L15xx4_6)\Obj\sx1276.o"
#        "D:\stm8lora\src\stm8l15x-sx1278\STM8L15x-16x-05x-AL31-L_StdPeriph_Lib\Project\STM8L151G6U6_Sx1278\EWSTM8\STM8L15X_MD(STM8L15xx4_6)\Obj\system.o"
#        "D:\stm8lora\src\stm8l15x-sx1278\STM8L15x-16x-05x-AL31-L_StdPeriph_Lib\Project\STM8L151G6U6_Sx1278\EWSTM8\STM8L15X_MD(STM8L15xx4_6)\Obj\test_mode.o"
#        "D:\stm8lora\src\stm8l15x-sx1278\STM8L15x-16x-05x-AL31-L_StdPeriph_Lib\Project\STM8L151G6U6_Sx1278\EWSTM8\STM8L15X_MD(STM8L15xx4_6)\Obj\timer.o"
#        "D:\stm8lora\src\stm8l15x-sx1278\STM8L15x-16x-05x-AL31-L_StdPeriph_Lib\Project\STM8L151G6U6_Sx1278\EWSTM8\STM8L15X_MD(STM8L15xx4_6)\Obj\utilities.o"
#        "D:\stm8lora\src\stm8l15x-sx1278\STM8L15x-16x-05x-AL31-L_StdPeriph_Lib\Project\STM8L151G6U6_Sx1278\EWSTM8\STM8L15X_MD(STM8L15xx4_6)\Obj\wakeup_mode.o"
#        --redirect _Printf=_PrintfFullNoMb --redirect _Scanf=_ScanfFullNoMb -o
#        "D:\stm8lora\src\stm8l15x-sx1278\STM8L15x-16x-05x-AL31-L_StdPeriph_Lib\Project\STM8L151G6U6_Sx1278\EWSTM8\STM8L15X_MD(STM8L15xx4_6)\Exe\project.out"
#        --map
#        "D:\stm8lora\src\stm8l15x-sx1278\STM8L15x-16x-05x-AL31-L_StdPeriph_Lib\Project\STM8L151G6U6_Sx1278\EWSTM8\STM8L15X_MD(STM8L15xx4_6)\List\project.map"
#        --config "C:\Program Files (x86)\IAR Systems\Embedded Workbench
#        8.0\stm8\config\lnkstm8l151g6.icf" --config_def _CSTACK_SIZE=0x80
#        --config_def _HEAP_SIZE=0x00 --entry __iar_program_start --debug_lib)
#
###############################################################################

*******************************************************************************
*** RUNTIME MODEL ATTRIBUTES
***

__Heap_Handler             = Basic
__SystemLibrary            = DLib
__code_model               = medium_or_large
__core                     = stm8
__data_model               = medium
__dlib_file_descriptor     = 1
__dlib_full_locale_support = 1
__rt_version               = 4


*******************************************************************************
*** PLACEMENT SUMMARY
***

"A0":  place at start of [0x000000-0x0000ff] { rw section .vregs };
"A1":  place at end of [0x000000-0x0007ff] { block CSTACK };
"P2":  place in [from 0x000000 to 0x0007ff] {
          block HEAP, rw section __DLIB_PERTHREAD, rw section .far.bss,
          rw section .far.data, rw section .far.noinit,
          rw section .far_func.textrw, rw section .huge.bss,
          rw section .huge.data, rw section .huge.noinit,
          rw section .huge_func.textrw, rw section .iar.dynexit,
          rw section .near.bss, rw section .near.data, rw section .near.noinit,
          rw section .near_func.textrw };
"A2":  place at start of [0x008000-0x00ffff] { block INTVEC };
"P3":  place in [from 0x008000 to 0x00ffff] {
          ro section __DLIB_PERTHREAD_init, ro section .far.data_init,
          ro section .far_func.textrw_init, ro section .huge.data_init,
          ro section .huge_func.textrw_init, ro section .iar.init_table,
          ro section .init_array, ro section .near.data_init,
          ro section .near.rodata, ro section .near_func.text,
          ro section .near_func.textrw_init, ro section .tiny.data_init,
          ro section .tiny.rodata_init };
"P4":  place in [from 0x008000 to 0x00ffff] {
          ro section .far.rodata, ro section .far_func.text };
"P5":  place in [from 0x008000 to 0x00ffff] {
          ro section .huge.rodata, ro section .huge_func.text };
"P6":  place in [from 0x001000 to 0x0013ff] { section .eeprom.noinit };
"P7":  place in [from 0x001000 to 0x0013ff] { section .eeprom.data };
"P8":  place in [from 0x001000 to 0x0013ff] { section .eeprom.rodata };
do not initialize {
   rw section .eeprom.noinit, rw section .far.noinit, rw section .huge.noinit,
   rw section .near.noinit, rw section .tiny.noinit, rw section .vregs };
initialize by copy {
   rw section .far.bss, rw section .far.data, rw section .far_func.textrw,
   rw section .huge.bss, rw section .huge.data, rw section .huge_func.textrw,
   rw section .iar.dynexit, rw section .near.bss, rw section .near.data,
   rw section .near_func.textrw, rw section .tiny.bss, rw section .tiny.data,
   ro section .tiny.rodata };

  Section            Kind      Address    Size  Object
  -------            ----      -------    ----  ------
"A0":                                     0x10
  .vregs             uninit   0x000000    0x10  vregs.o [4]
                            - 0x000010    0x10

"P2", part 1 of 2:                        0x32
  P2-1                        0x000010    0x32  <Init block>
    .near.data       inited   0x000010    0x10  LoRaMacCrypto.o [1]
    .near.data       inited   0x000020    0x10  LoRaMacCrypto.o [1]
    .near.data       inited   0x000030     0xa  modem.o [1]
    .near.data       inited   0x00003a     0x4  timer.o [1]
    .near.data       inited   0x00003e     0x4  utilities.o [1]
                            - 0x000042    0x32

"P2", part 2 of 2:                       0x6a3
  .near.bss          zero     0x000042   0x115  LoRaMacCrypto.o [1]
  .near.bss          zero     0x000157   0x100  crc8.o [1]
  .near.bss          zero     0x000257    0xf1  LoRaMacCrypto.o [1]
  .near.bss          zero     0x000348    0x83  comport.o [1]
  .near.bss          zero     0x0003cb    0x83  comport.o [1]
  .near.bss          zero     0x00044e    0x83  modem.o [1]
  .near.bss          zero     0x0004d1    0x5b  cfg_parm.o [1]
  .near.bss          zero     0x00052c    0x51  sx1276.o [1]
  .near.bss          zero     0x00057d    0x3d  board.o [1]
  .near.bss          zero     0x0005ba    0x3a  sx1276.o [1]
  .near.bss          zero     0x0005f4    0x15  config_mode.o [1]
  .near.bss          zero     0x000609    0x15  LoRaMac.o [1]
  .near.bss          zero     0x00061e    0x15  lowpower_mode.o [1]
  .near.bss          zero     0x000633    0x15  normal_mode.o [1]
  .near.bss          zero     0x000648    0x15  test_mode.o [1]
  .near.bss          zero     0x00065d    0x15  wakeup_mode.o [1]
  .near.bss          zero     0x000672    0x10  LoRaMacCrypto.o [1]
  .near.bss          zero     0x000682    0x10  LoRaMacCrypto.o [1]
  .near.bss          zero     0x000692     0xe  sx1276.o [1]
  .near.bss          zero     0x0006a0     0xe  sx1276.o [1]
  .near.bss          zero     0x0006ae     0xe  sx1276.o [1]
  .near.bss          zero     0x0006bc     0x8  frame.o [1]
  .near.bss          zero     0x0006c4     0x4  LoRaMac.o [1]
  .near.bss          zero     0x0006c8     0x4  timer.o [1]
  .near.bss          zero     0x0006cc     0x4  timer.o [1]
  .near.bss          zero     0x0006d0     0x2  LoRaMac.o [1]
  .near.bss          zero     0x0006d2     0x2  LoRaMac.o [1]
  .near.bss          zero     0x0006d4     0x2  sx1276.o [1]
  .near.bss          zero     0x0006d6     0x2  test_mode.o [1]
  .near.bss          zero     0x0006d8     0x2  test_mode.o [1]
  .near.bss          zero     0x0006da     0x2  timer.o [1]
  .near.bss          zero     0x0006dc     0x1  LoRaMac.o [1]
  .near.bss          zero     0x0006dd     0x1  LoRaMac.o [1]
  .near.bss          zero     0x0006de     0x1  LoRaMac.o [1]
  .near.bss          zero     0x0006df     0x1  LoRaMac.o [1]
  .near.bss          zero     0x0006e0     0x1  lowpower_mode.o [1]
  .near.bss          zero     0x0006e1     0x1  normal_mode.o [1]
  .near.bss          zero     0x0006e2     0x1  sx1276-board.o [1]
  .near.bss          zero     0x0006e3     0x1  system.o [1]
  .near.bss          zero     0x0006e4     0x1  wakeup_mode.o [1]
                            - 0x0006e5   0x6a3

"A1":                                     0x80
  CSTACK                      0x000780    0x80  <Block>
    CSTACK           uninit   0x000780    0x80  <Block tail>
                            - 0x000800    0x80

"P6-P8":                                 0x15d
  .eeprom.data       rw data  0x001000    0xfa  cfg_parm.o [1]
  .eeprom.data       rw data  0x0010fa    0x5b  cfg_parm.o [1]
  .eeprom.data       rw data  0x001155     0x8  cfg_parm.o [1]
                            - 0x00115d   0x15d

"A2":                                     0x80
  INTVEC                      0x008000    0x80  <Block>
    .intvec          const    0x008000    0x80  interrupt.o [4]
                            - 0x008080    0x80

"P3-P5":                                0x7524
  .far_func.text     ro code  0x008080   0xd4c  sx1276.o [1]
  .far_func.text     ro code  0x008dcc   0x4d8  LoRaMac.o [1]
  .far_func.text     ro code  0x0092a4   0x4be  modem.o [1]
  .far_func.text     ro code  0x009762   0x484  float.o [4]
  .far_func.text     ro code  0x009be6   0x2da  config_mode.o [1]
  .far_func.text     ro code  0x009ec0   0x2c2  test_mode.o [1]
  .far_func.text     ro code  0x00a182   0x2b8  board.o [1]
  .far_func.text     ro code  0x00a43a   0x2a8  normal_mode.o [1]
  .far_func.text     ro code  0x00a6e2   0x272  timer.o [1]
  .far_func.text     ro code  0x00a954   0x259  aes.o [1]
  .far_func.text     ro code  0x00abad   0x21d  cmac.o [1]
  .far_func.text     ro code  0x00adca   0x216  vreg_util.o [4]
  .far_func.text     ro code  0x00afe0   0x210  wakeup_mode.o [1]
  .far_func.text     ro code  0x00b1f0   0x20f  aes.o [1]
  .far_func.text     ro code  0x00b3ff   0x1ce  sx1276.o [1]
  .far_func.text     ro code  0x00b5cd   0x1c9  long.o [4]
  .far_func.text     ro code  0x00b796   0x1a3  LoRaMac.o [1]
  .far_func.text     ro code  0x00b939   0x19d  cmac.o [1]
  .far_func.text     ro code  0x00bad6   0x192  cfg_parm.o [1]
  .far_func.text     ro code  0x00bc68   0x179  comport.o [1]
  .far_func.text     ro code  0x00bde1   0x175  lowpower_mode.o [1]
  .far_func.text     ro code  0x00bf56   0x137  LoRaMac.o [1]
  .far_func.text     ro code  0x00c08d   0x121  lowpower_mode.o [1]
  .far_func.text     ro code  0x00c1ae   0x120  aes.o [1]
  .far_func.text     ro code  0x00c2ce   0x118  cfg_parm.o [1]
  .far_func.text     ro code  0x00c3e6   0x10d  LoRaMacCrypto.o [1]
  .near.rodata       const    0x00c4f3   0x100  aes.o [1]
  .near.rodata       const    0x00c5f3   0x100  aes.o [1]
  .near.rodata       const    0x00c6f3   0x100  aes.o [1]
  .near.rodata       const    0x00c7f3   0x100  hex.o [1]
  .far_func.text     ro code  0x00c8f3    0xfa  aes.o [1]
  .far_func.text     ro code  0x00c9ed    0xef  frame.o [1]
  .far_func.text     ro code  0x00cadc    0xee  LoRaMacCrypto.o [1]
  .far_func.text     ro code  0x00cbca    0xe8  cfg_parm.o [1]
  .far_func.text     ro code  0x00ccb2    0xe7  timer.o [1]
  .far_func.text     ro code  0x00cd99    0xe4  long_util.o [4]
  .far_func.text     ro code  0x00ce7d    0xe2  stm8l15x_rtc.o [1]
  .far_func.text     ro code  0x00cf5f    0xe2  sx1276-board.o [1]
  .far_func.text     ro code  0x00d041    0xd9  LoRaMac.o [1]
  .far_func.text     ro code  0x00d11a    0xd5  LoRaMac.o [1]
  .far_func.text     ro code  0x00d1ef    0xd2  wakeup_mode.o [1]
  .far_func.text     ro code  0x00d2c1    0xc0  stm8l15x_it.o [1]
  .far_func.text     ro code  0x00d381    0xbd  stm8l15x_exti.o [1]
  .far_func.text     ro code  0x00d43e    0xb9  LoRaMacCrypto.o [1]
  .far_func.text     ro code  0x00d4f7    0xb2  lowpower_mode.o [1]
  .far_func.text     ro code  0x00d5a9    0xa6  LoRaMacCrypto.o [1]
  .far_func.text     ro code  0x00d64f    0xa5  aes.o [1]
  .far_func.text     ro code  0x00d6f4    0x9d  sx1276-board.o [1]
  .far_func.text     ro code  0x00d791    0x9a  timer.o [1]
  .far_func.text     ro code  0x00d82b    0x96  normal_mode.o [1]
  .far_func.text     ro code  0x00d8c1    0x96  sx1276.o [1]
  .far_func.text     ro code  0x00d957    0x96  wakeup_mode.o [1]
  .far_func.text     ro code  0x00d9ed    0x91  LoRaMac.o [1]
  .far_func.text     ro code  0x00da7e    0x8a  LoRaMac.o [1]
  .far_func.text     ro code  0x00db08    0x88  sx1276.o [1]
  .far_func.text     ro code  0x00db90    0x82  stm8l15x_usart.o [1]
  .far_func.text     ro code  0x00dc12    0x81  stm8l15x_clk.o [1]
  .far_func.text     ro code  0x00dc93    0x76  eeprom.o [1]
  .far_func.text     ro code  0x00dd09    0x74  cfg_parm.o [1]
  .far_func.text     ro code  0x00dd7d    0x73  aes.o [1]
  .far_func.text     ro code  0x00ddf0    0x72  LoRaMac.o [1]
  .far_func.text     ro code  0x00de62    0x6e  stm8l15x_usart.o [1]
  .far_func.text     ro code  0x00ded0    0x6a  stm8l15x_gpio.o [1]
  .far_func.text     ro code  0x00df3a    0x68  cfg_parm.o [1]
  .far_func.text     ro code  0x00dfa2    0x65  stm8l15x_clk.o [1]
  .far_func.text     ro code  0x00e007    0x63  stm8l15x_it.o [1]
  .far_func.text     ro code  0x00e06a    0x61  lowpower_mode.o [1]
  .far_func.text     ro code  0x00e0cb    0x60  wakeup_mode.o [1]
  .far_func.text     ro code  0x00e12b    0x5b  LoRaMacCrypto.o [1]
  .far_func.text     ro code  0x00e186    0x59  modem.o [1]
  .far_func.text     ro code  0x00e1df    0x59  test_mode.o [1]
  .far_func.text     ro code  0x00e238    0x58  dc_util.o [4]
  .far_func.text     ro code  0x00e290    0x55  comport.o [1]
  .far_func.text     ro code  0x00e2e5    0x55  ring_buf.o [1]
  .far_func.text     ro code  0x00e33a    0x51  delay.o [1]
  .near.rodata       const    0x00e38b    0x51  sx1276-board.o [1]
  .far_func.text     ro code  0x00e3dc    0x4d  main.o [1]
  .far_func.text     ro code  0x00e429    0x4b  hex.o [1]
  .far_func.text     ro code  0x00e474    0x49  spi-board.o [1]
  .far_func.text     ro code  0x00e4bd    0x49  sx1276.o [1]
  .far_func.text     ro code  0x00e506    0x46  ring_buf.o [1]
  .far_func.text     ro code  0x00e54c    0x46  stm8l15x_beep.o [1]
  .far_func.text     ro code  0x00e592    0x46  far_util.o [4]
  .far_func.text     ro code  0x00e5d8    0x43  stm8l15x_rtc.o [1]
  .far_func.text     ro code  0x00e61b    0x42  spi-board.o [1]
  .far_func.text     ro code  0x00e65d    0x3f  cfg_parm.o [1]
  .far_func.text     ro code  0x00e69c    0x3f  cfg_parm.o [1]
  .far_func.text     ro code  0x00e6db    0x3d  crc8.o [1]
  .far_func.text     ro code  0x00e718    0x3d  hex.o [1]
  .far_func.text     ro code  0x00e755    0x3c  lowpower_mode.o [1]
  .far_func.text     ro code  0x00e791    0x3c  lowpower_mode.o [1]
  .far_func.text     ro code  0x00e7cd    0x39  stm8l15x_clk.o [1]
  .far_func.text     ro code  0x00e806    0x38  hex.o [1]
  .far_func.text     ro code  0x00e83e    0x36  ring_buf.o [1]
  .far_func.text     ro code  0x00e874    0x36  stm8l15x_rtc.o [1]
  .far_func.text     ro code  0x00e8aa    0x34  utilities.o [1]
  .far_func.text     ro code  0x00e8de    0x32  cmac.o [1]
  .far_func.text     ro code  0x00e910    0x32  LoRaMac.o [1]
  .far_func.text     ro code  0x00e942    0x32  stm8l15x_flash.o [1]
  Initializer bytes  const    0x00e974    0x32  <for P2-1>
  .far_func.text     ro code  0x00e9a6    0x31  eeprom.o [1]
  .far_func.text     ro code  0x00e9d7    0x31  stm8l15x_spi.o [1]
  .far_func.text     ro code  0x00ea08    0x30  lowpower_mode.o [1]
  .far_func.text     ro code  0x00ea38    0x30  stm8l15x_it.o [1]
  .near.rodata       const    0x00ea68    0x30  sx1276.o [1]
  .far_func.text     ro code  0x00ea98    0x2f  comport.o [1]
  .far_func.text     ro code  0x00eac7    0x2f  stm8l15x_rtc.o [1]
  .far_func.text     ro code  0x00eaf6    0x2e  ring_buf.o [1]
  .far_func.text     ro code  0x00eb24    0x2e  sx1276-board.o [1]
  .far_func.text     ro code  0x00eb52    0x2d  LoRaMac.o [1]
  .far_func.text     ro code  0x00eb7f    0x2d  sx1276-board.o [1]
  .far_func.text     ro code  0x00ebac    0x2d  utilities.o [1]
  .far_func.text     ro code  0x00ebd9    0x2d  short.o [4]
  .far_func.text     ro code  0x00ec06    0x2b  frame.o [1]
  .far_func.text     ro code  0x00ec31    0x2a  sx1276.o [1]
  .far_func.text     ro code  0x00ec5b    0x29  stm8l15x_it.o [1]
  .far_func.text     ro code  0x00ec84    0x29  test_mode.o [1]
  .far_func.text     ro code  0x00ecad    0x28  init_small.o [4]
  .far_func.text     ro code  0x00ecd5    0x25  crc8.o [1]
  .far_func.text     ro code  0x00ecfa    0x25  ring_buf.o [1]
  .far_func.text     ro code  0x00ed1f    0x24  utilities.o [1]
  .far_func.text     ro code  0x00ed43    0x23  LoRaMacCrypto.o [1]
  .far_func.text     ro code  0x00ed66    0x23  stm8l15x_it.o [1]
  .far_func.text     ro code  0x00ed89    0x23  stm8l15x_it.o [1]
  .far_func.text     ro code  0x00edac    0x23  stm8l15x_it.o [1]
  .far_func.text     ro code  0x00edcf    0x23  stm8l15x_rtc.o [1]
  .far_func.text     ro code  0x00edf2    0x23  stm8l15x_rtc.o [1]
  .far_func.text     ro code  0x00ee15    0x23  stm8l15x_usart.o [1]
  .far_func.text     ro code  0x00ee38    0x23  timer.o [1]
  .near.rodata       const    0x00ee5b    0x23  modem.o [1]
  .far_func.text     ro code  0x00ee7e    0x22  LoRaMac.o [1]
  .far_func.text     ro code  0x00eea0    0x21  stm8l15x_it.o [1]
  .iar.init_table    const    0x00eec1    0x14  - Linker created -
  .far_func.text     ro code  0x00eed5    0x20  lowpower_mode.o [1]
  .far_func.text     ro code  0x00eef5    0x20  lowpower_mode.o [1]
  .far_func.text     ro code  0x00ef15    0x20  normal_mode.o [1]
  .far_func.text     ro code  0x00ef35    0x20  normal_mode.o [1]
  .far_func.text     ro code  0x00ef55    0x20  normal_mode.o [1]
  .far_func.text     ro code  0x00ef75    0x20  normal_mode.o [1]
  .far_func.text     ro code  0x00ef95    0x20  wakeup_mode.o [1]
  .far_func.text     ro code  0x00efb5    0x20  wakeup_mode.o [1]
  .far_func.text     ro code  0x00efd5    0x20  wakeup_mode.o [1]
  .far_func.text     ro code  0x00eff5    0x20  wakeup_mode.o [1]
  .far_func.text     ro code  0x00f015    0x20  memcpy.o [4]
  .far_func.text     ro code  0x00f035    0x1f  ring_buf.o [1]
  .far_func.text     ro code  0x00f054    0x1e  stm8l15x_it.o [1]
  .far_func.text     ro code  0x00f072    0x1e  stm8l15x_it.o [1]
  .far_func.text     ro code  0x00f090    0x1e  stm8l15x_it.o [1]
  .far_func.text     ro code  0x00f0ae    0x1e  init.o [4]
  .far_func.text     ro code  0x00f0cc    0x1e  init_small.o [4]
  .far_func.text     ro code  0x00f0ea    0x1d  stm8l15x_it.o [1]
  .far_func.text     ro code  0x00f107    0x1d  stm8l15x_it.o [1]
  .far_func.text     ro code  0x00f124    0x1d  stm8l15x_usart.o [1]
  .far_func.text     ro code  0x00f141    0x1c  board.o [1]
  .far_func.text     ro code  0x00f15d    0x1c  cfg_parm.o [1]
  .far_func.text     ro code  0x00f179    0x1c  modem.o [1]
  .far_func.text     ro code  0x00f195    0x1c  timer.o [1]
  .far_func.text     ro code  0x00f1b1    0x1c  utilities.o [1]
  .far_func.text     ro code  0x00f1cd    0x1a  aes.o [1]
  .far_func.text     ro code  0x00f1e7    0x1a  hex.o [1]
  .far_func.text     ro code  0x00f201    0x1a  stm8l15x_tim4.o [1]
  .far_func.text     ro code  0x00f21b    0x1a  sx1276-board.o [1]
  .far_func.text     ro code  0x00f235    0x19  stm8l15x_flash.o [1]
  .far_func.text     ro code  0x00f24e    0x17  cfg_parm.o [1]
  .far_func.text     ro code  0x00f265    0x17  stm8l15x_exti.o [1]
  .far_func.text     ro code  0x00f27c    0x17  stm8l15x_spi.o [1]
  .far_func.text     ro code  0x00f293    0x17  cstartup.o [4]
  .far_func.text     ro code  0x00f2aa    0x16  ring_buf.o [1]
  .far_func.text     ro code  0x00f2c0    0x16  sx1276-board.o [1]
  .far_func.text     ro code  0x00f2d6    0x16  memset.o [4]
  .far_func.text     ro code  0x00f2ec    0x16  __dbg_xxexit.o [3]
  .far_func.text     ro code  0x00f302    0x15  stm8l15x_gpio.o [1]
  .far_func.text     ro code  0x00f317    0x15  stm8l15x_rtc.o [1]
  .far_func.text     ro code  0x00f32c    0x13  stm8l15x_gpio.o [1]
  .far_func.text     ro code  0x00f33f    0x13  stm8l15x_spi.o [1]
  .far_func.text     ro code  0x00f352    0x13  sx1276-board.o [1]
  .far_func.text     ro code  0x00f365    0x11  hex.o [1]
  .far_func.text     ro code  0x00f376    0x11  stm8l15x_tim4.o [1]
  .near.rodata       const    0x00f387    0x11  hex.o [1]
  .far_func.text     ro code  0x00f398    0x10  cfg_parm.o [1]
  .far_func.text     ro code  0x00f3a8    0x10  stm8l15x_usart.o [1]
  .near.rodata       const    0x00f3b8    0x10  test_mode.o [1]
  .near.rodata       const    0x00f3c8     0xe  modem.o [1]
  .near.rodata       const    0x00f3d6     0xe  modem.o [1]
  .far_func.text     ro code  0x00f3e4     0xd  cmac.o [1]
  .far_func.text     ro code  0x00f3f1     0xd  stm8l15x_beep.o [1]
  .far_func.text     ro code  0x00f3fe     0xd  stm8l15x_beep.o [1]
  .far_func.text     ro code  0x00f40b     0xd  stm8l15x_clk.o [1]
  .far_func.text     ro code  0x00f418     0xd  stm8l15x_clk.o [1]
  .far_func.text     ro code  0x00f425     0xd  stm8l15x_clk.o [1]
  .far_func.text     ro code  0x00f432     0xd  stm8l15x_pwr.o [1]
  .far_func.text     ro code  0x00f43f     0xd  stm8l15x_tim4.o [1]
  .far_func.text     ro code  0x00f44c     0xd  move.o [4]
  .far_func.text     ro code  0x00f459     0xd  strlen.o [4]
  .far_func.text     ro code  0x00f466     0xc  ring_buf.o [1]
  .far_func.text     ro code  0x00f472     0xc  char.o [4]
  .far_func.text     ro code  0x00f47e     0xb  LoRaMac.o [1]
  .far_func.text     ro code  0x00f489     0xb  LoRaMac.o [1]
  .far_func.text     ro code  0x00f494     0xb  stm8l15x_flash.o [1]
  .far_func.text     ro code  0x00f49f     0xb  system.o [1]
  .near.rodata       const    0x00f4aa     0xb  modem.o [1]
  .far_func.text     ro code  0x00f4b5     0xa  delay.o [1]
  .far_func.text     ro code  0x00f4bf     0xa  stm8l15x_clk.o [1]
  .far_func.text     ro code  0x00f4c9     0xa  stm8l15x_rtc.o [1]
  .far_func.text     ro code  0x00f4d3     0xa  far.o [4]
  .near.rodata       const    0x00f4dd     0xa  modem.o [1]
  .far_func.text     ro code  0x00f4e7     0x9  sx1276-board.o [1]
  .near.rodata       const    0x00f4f0     0x9  modem.o [1]
  .far_func.text     ro code  0x00f4f9     0x7  stm8l15x_gpio.o [1]
  .far_func.text     ro code  0x00f500     0x7  stm8l15x_gpio.o [1]
  .far_func.text     ro code  0x00f507     0x7  timer.o [1]
  .far_func.text     ro code  0x00f50e     0x7  utilities.o [1]
  .far_func.text     ro code  0x00f515     0x6  system.o [1]
  .far_func.text     ro code  0x00f51b     0x6  cexit.o [4]
  .near.rodata       const    0x00f521     0x6  modem.o [1]
  .far_func.text     ro code  0x00f527     0x5  stm8l15x_iwdg.o [1]
  .far_func.text     ro code  0x00f52c     0x5  stm8l15x_iwdg.o [1]
  .far_func.text     ro code  0x00f531     0x5  stm8l15x_tim2.o [1]
  .far_func.text     ro code  0x00f536     0x5  stm8l15x_tim4.o [1]
  .far_func.text     ro code  0x00f53b     0x5  stm8l15x_tim4.o [1]
  .far_func.text     ro code  0x00f540     0x5  stm8l15x_usart.o [1]
  .near.rodata       const    0x00f545     0x5  stm8l15x_clk.o [1]
  .far_func.text     ro code  0x00f54a     0x4  stm8l15x_clk.o [1]
  .far_func.text     ro code  0x00f54e     0x4  stm8l15x_clk.o [1]
  .far_func.text     ro code  0x00f552     0x4  stm8l15x_clk.o [1]
  .far_func.text     ro code  0x00f556     0x4  stm8l15x_clk.o [1]
  .far_func.text     ro code  0x00f55a     0x4  stm8l15x_flash.o [1]
  .far_func.text     ro code  0x00f55e     0x4  stm8l15x_gpio.o [1]
  .far_func.text     ro code  0x00f562     0x4  stm8l15x_iwdg.o [1]
  .far_func.text     ro code  0x00f566     0x4  stm8l15x_iwdg.o [1]
  .far_func.text     ro code  0x00f56a     0x4  stm8l15x_iwdg.o [1]
  .far_func.text     ro code  0x00f56e     0x4  stm8l15x_usart.o [1]
  .far_func.text     ro code  0x00f572     0x4  interrupt.o [4]
  .far_func.text     ro code  0x00f576     0x4  exit.o [4]
  .near.rodata       const    0x00f57a     0x4  modem.o [1]
  .far_func.text     ro code  0x00f57e     0x3  stm8l15x_usart.o [1]
  .far_func.text     ro code  0x00f581     0x3  stm8l15x_usart.o [1]
  .far_func.text     ro code  0x00f584     0x3  sx1276-board.o [1]
  .far_func.text     ro code  0x00f587     0x3  low_level_init.o [4]
  .far_func.text     ro code  0x00f58a     0x3  unhandled_exception.o [4]
  .near.rodata       const    0x00f58d     0x3  modem.o [1]
  .far_func.text     ro code  0x00f590     0x1  board.o [1]
  .far_func.text     ro code  0x00f591     0x1  stm8l15x_it.o [1]
  .far_func.text     ro code  0x00f592     0x1  stm8l15x_it.o [1]
  .far_func.text     ro code  0x00f593     0x1  stm8l15x_it.o [1]
  .far_func.text     ro code  0x00f594     0x1  stm8l15x_it.o [1]
  .far_func.text     ro code  0x00f595     0x1  stm8l15x_it.o [1]
  .far_func.text     ro code  0x00f596     0x1  stm8l15x_it.o [1]
  .far_func.text     ro code  0x00f597     0x1  stm8l15x_it.o [1]
  .far_func.text     ro code  0x00f598     0x1  stm8l15x_it.o [1]
  .far_func.text     ro code  0x00f599     0x1  stm8l15x_it.o [1]
  .far_func.text     ro code  0x00f59a     0x1  stm8l15x_it.o [1]
  .far_func.text     ro code  0x00f59b     0x1  stm8l15x_it.o [1]
  .far_func.text     ro code  0x00f59c     0x1  stm8l15x_it.o [1]
  .far_func.text     ro code  0x00f59d     0x1  stm8l15x_it.o [1]
  .far_func.text     ro code  0x00f59e     0x1  stm8l15x_it.o [1]
  .far_func.text     ro code  0x00f59f     0x1  stm8l15x_it.o [1]
  .far_func.text     ro code  0x00f5a0     0x1  stm8l15x_it.o [1]
  .far_func.text     ro code  0x00f5a1     0x1  stm8l15x_it.o [1]
  .far_func.text     ro code  0x00f5a2     0x1  sx1276-board.o [1]
  .far_func.text     ro code  0x00f5a3     0x1  __dbg_break.o [3]
                            - 0x00f5a4  0x7524


*******************************************************************************
*** INIT TABLE
***

          Address   Size
          -------   ----
Zero (__iar_zero_init2)
    1 destination range, total size 0x6a3:
          0x000042  0x6a3

Copy (__iar_copy_init2)
    1 source range, total size 0x32:
          0x00e974   0x32
    1 destination range, total size 0x32:
          0x000010   0x32



*******************************************************************************
*** MODULE SUMMARY
***

    Module                 ro code  ro data  rw data
    ------                 -------  -------  -------
D:\stm8lora\src\stm8l15x-sx1278\STM8L15x-16x-05x-AL31-L_StdPeriph_Lib\Project\STM8L151G6U6_Sx1278\EWSTM8\STM8L15X_MD(STM8L15xx4_6)\Obj: [1]
    LoRaMac.o                2 948                33
    LoRaMacCrypto.o            984       32      582
    aes.o                    1 972      768
    board.o                    725                61
    cfg_parm.o               1 327               440
    cmac.o                   1 017
    comport.o                  509               262
    config_mode.o              730                21
    crc8.o                      98               256
    delay.o                     91
    eeprom.o                   167
    frame.o                    282                 8
    hex.o                      235      273
    lowpower_mode.o          1 169                22
    main.o                      77
    modem.o                  1 331      116      141
    normal_mode.o              958                22
    ring_buf.o                 357
    spi-board.o                139
    stm8l15x_beep.o             96
    stm8l15x_clk.o             352        5
    stm8l15x_exti.o            212
    stm8l15x_flash.o            90
    stm8l15x_gpio.o            164
    stm8l15x_it.o              683
    stm8l15x_iwdg.o             22
    stm8l15x_pwr.o              13
    stm8l15x_rtc.o             495
    stm8l15x_spi.o              91
    stm8l15x_tim2.o              5
    stm8l15x_tim4.o             66
    stm8l15x_usart.o           335
    sx1276-board.o             554       81        1
    sx1276.o                 4 267       48      183
    system.o                    17                 1
    test_mode.o                836       16       25
    timer.o                  1 081        4       14
    utilities.o                168        4        4
    wakeup_mode.o            1 112                22
    ------------------------------------------------
    Total:                  25 775    1 347    2 098

command line: [2]
    ------------------------------------------------
    Total:

dbgstm8mmd.a: [3]
    __dbg_break.o                1
    __dbg_xxexit.o              22
    ------------------------------------------------
    Total:                      23

dlstm8mmf.a: [4]
    cexit.o                      6
    char.o                      12
    cstartup.o                  23
    dc_util.o                   88
    exit.o                       4
    far.o                       10
    far_util.o                  70
    float.o                  1 156
    init.o                      30
    init_small.o                70
    interrupt.o                  4      128
    long.o                     457
    long_util.o                228
    low_level_init.o             3
    memcpy.o                    32
    memset.o                    22
    move.o                      13
    short.o                     45
    strlen.o                    13
    unhandled_exception.o        3
    vreg_util.o                534
    vregs.o                                       16
    ------------------------------------------------
    Total:                   2 823      128       16

    Linker created                       20      128
----------------------------------------------------
    Grand Total:            28 621    1 495    2 242


*******************************************************************************
*** ENTRY LIST
***

Entry                    Address   Size  Type      Object
-----                    -------   ----  ----      ------
.iar.init_table$$Base   0x00eec1          --   Gb  - Linker created -
.iar.init_table$$Limit  0x00eed5          --   Gb  - Linker created -
?add32_l0_l0_0x         0x00b5fc         Code  Gb  long.o [4]
?add32_l0_l0_l1         0x00b5f9         Code  Gb  long.o [4]
?b0                     0x000000         Data  Gb  vregs.o [4]
?b1                     0x000001         Data  Gb  vregs.o [4]
?b10                    0x00000a         Data  Gb  vregs.o [4]
?b11                    0x00000b         Data  Gb  vregs.o [4]
?b12                    0x00000c         Data  Gb  vregs.o [4]
?b13                    0x00000d         Data  Gb  vregs.o [4]
?b14                    0x00000e         Data  Gb  vregs.o [4]
?b15                    0x00000f         Data  Gb  vregs.o [4]
?b2                     0x000002         Data  Gb  vregs.o [4]
?b3                     0x000003         Data  Gb  vregs.o [4]
?b4                     0x000004         Data  Gb  vregs.o [4]
?b5                     0x000005         Data  Gb  vregs.o [4]
?b6                     0x000006         Data  Gb  vregs.o [4]
?b7                     0x000007         Data  Gb  vregs.o [4]
?b8                     0x000008         Data  Gb  vregs.o [4]
?b9                     0x000009         Data  Gb  vregs.o [4]
?dc32_l0                0x00e238         Code  Gb  dc_util.o [4]
?dc32_l1                0x00e264         Code  Gb  dc_util.o [4]
?dec32_0x_0x            0x00b5e5         Code  Gb  long.o [4]
?dec32_l0_l0            0x00b5e0         Code  Gb  long.o [4]
?e0                     0x000001         Data  Gb  vregs.o [4]
?e1                     0x000005         Data  Gb  vregs.o [4]
?e2                     0x000009         Data  Gb  vregs.o [4]
?e3                     0x00000d         Data  Gb  vregs.o [4]
?epilogue_l2            0x00aef1         Code  Gb  vreg_util.o [4]
?epilogue_l2_l3         0x00aeed         Code  Gb  vreg_util.o [4]
?epilogue_l2_w6         0x00aef6         Code  Gb  vreg_util.o [4]
?epilogue_w4            0x00aeff         Code  Gb  vreg_util.o [4]
?fadd32_l0_l0_dc32      0x009780         Code  Gb  float.o [4]
?fadd32_l0_l0_l1        0x009786         Code  Gb  float.o [4]
?fcastf32u16_l0_x       0x009a08         Code  Gb  float.o [4]
?fcastf32u32_l0_l0      0x009aab         Code  Gb  float.o [4]
?fcasts16f32_x_l0       0x009a26         Code  Gb  float.o [4]
?fcastu32f32_l0_l0      0x009a5b         Code  Gb  float.o [4]
?fcmplt32_c_l0_0x       0x0099b2         Code  Gb  float.o [4]
?fcmplt32_c_l0_l1       0x0099af         Code  Gb  float.o [4]
?fdiv32_l0_dc32_l1      0x0098f5         Code  Gb  float.o [4]
?fdiv32_l0_l0_dc32      0x0098fb         Code  Gb  float.o [4]
?fdiv32_l0_l0_l1        0x009901         Code  Gb  float.o [4]
?fmul32_l0_l0_dc32      0x009854         Code  Gb  float.o [4]
?fmul32_l0_l0_l1        0x00985a         Code  Gb  float.o [4]
?inc32_0x_0x            0x00b5d2         Code  Gb  long.o [4]
?inc32_l0_l0            0x00b5cd         Code  Gb  long.o [4]
?l0                     0x000000         Data  Gb  vregs.o [4]
?l1                     0x000004         Data  Gb  vregs.o [4]
?l2                     0x000008         Data  Gb  vregs.o [4]
?l3                     0x00000c         Data  Gb  vregs.o [4]
?load24_0x_e0           0x00e5ca         Code  Gb  far_util.o [4]
?load24_e0_0x           0x00e592         Code  Gb  far_util.o [4]
?load24_e1_0x           0x00e5a0         Code  Gb  far_util.o [4]
?load24_e2_0x           0x00e5ae         Code  Gb  far_util.o [4]
?load24_e3_0x           0x00e5bc         Code  Gb  far_util.o [4]
?load32_0x_l0           0x00ce3b         Code  Gb  long_util.o [4]
?load32_0x_l1           0x00ce49         Code  Gb  long_util.o [4]
?load32_0x_l2           0x00ce61         Code  Gb  long_util.o [4]
?load32_0x_l3           0x00ce6f         Code  Gb  long_util.o [4]
?load32_l0_0x           0x00cdb3         Code  Gb  long_util.o [4]
?load32_l0_asp          0x00cda7         Code  Gb  long_util.o [4]
?load32_l0_dbsp         0x00cd99         Code  Gb  long_util.o [4]
?load32_l0_xsp          0x00cda9         Code  Gb  long_util.o [4]
?load32_l1_0x           0x00cdd9         Code  Gb  long_util.o [4]
?load32_l1_asp          0x00cdcd         Code  Gb  long_util.o [4]
?load32_l1_dbsp         0x00cdbf         Code  Gb  long_util.o [4]
?load32_l1_xsp          0x00cdcf         Code  Gb  long_util.o [4]
?load32_l2_0x           0x00cdff         Code  Gb  long_util.o [4]
?load32_l2_asp          0x00cdf3         Code  Gb  long_util.o [4]
?load32_l2_dbsp         0x00cde5         Code  Gb  long_util.o [4]
?load32_l2_xsp          0x00cdf5         Code  Gb  long_util.o [4]
?load32_l3_0x           0x00ce25         Code  Gb  long_util.o [4]
?load32_l3_asp          0x00ce19         Code  Gb  long_util.o [4]
?load32_l3_dbsp         0x00ce0b         Code  Gb  long_util.o [4]
?load32_l3_xsp          0x00ce1b         Code  Gb  long_util.o [4]
?load32_xsp_l0          0x00ce31         Code  Gb  long_util.o [4]
?load32_xsp_l2          0x00ce57         Code  Gb  long_util.o [4]
?mov_e0_e1              0x00af54         Code  Gb  vreg_util.o [4]
?mov_e0_e2              0x00af61         Code  Gb  vreg_util.o [4]
?mov_e0_e3              0x00af6e         Code  Gb  vreg_util.o [4]
?mov_e1_e0              0x00af7b         Code  Gb  vreg_util.o [4]
?mov_e1_e2              0x00af88         Code  Gb  vreg_util.o [4]
?mov_e1_e3              0x00af95         Code  Gb  vreg_util.o [4]
?mov_e2_e0              0x00afa2         Code  Gb  vreg_util.o [4]
?mov_e2_e1              0x00afaf         Code  Gb  vreg_util.o [4]
?mov_e2_e3              0x00afbc         Code  Gb  vreg_util.o [4]
?mov_e3_e0              0x00afc9         Code  Gb  vreg_util.o [4]
?mov_e3_e1              0x00afd6         Code  Gb  vreg_util.o [4]
?mov_l0_l1              0x00af51         Code  Gb  vreg_util.o [4]
?mov_l0_l2              0x00af5e         Code  Gb  vreg_util.o [4]
?mov_l0_l3              0x00af6b         Code  Gb  vreg_util.o [4]
?mov_l1_l0              0x00af78         Code  Gb  vreg_util.o [4]
?mov_l1_l2              0x00af85         Code  Gb  vreg_util.o [4]
?mov_l1_l3              0x00af92         Code  Gb  vreg_util.o [4]
?mov_l2_l0              0x00af9f         Code  Gb  vreg_util.o [4]
?mov_l2_l1              0x00afac         Code  Gb  vreg_util.o [4]
?mov_l2_l3              0x00afb9         Code  Gb  vreg_util.o [4]
?mov_l3_l0              0x00afc6         Code  Gb  vreg_util.o [4]
?mov_l3_l1              0x00afd3         Code  Gb  vreg_util.o [4]
?mov_w0_w3              0x00af04         Code  Gb  vreg_util.o [4]
?mov_w0_w4              0x00af0b         Code  Gb  vreg_util.o [4]
?mov_w0_w5              0x00af12         Code  Gb  vreg_util.o [4]
?mov_w1_w0              0x00af19         Code  Gb  vreg_util.o [4]
?mov_w1_w3              0x00af57         Code  Gb  vreg_util.o [4]
?mov_w1_w5              0x00af64         Code  Gb  vreg_util.o [4]
?mov_w1_w6              0x00af20         Code  Gb  vreg_util.o [4]
?mov_w1_w7              0x00af71         Code  Gb  vreg_util.o [4]
?mov_w2_w1              0x00af27         Code  Gb  vreg_util.o [4]
?mov_w3_w1              0x00af7e         Code  Gb  vreg_util.o [4]
?mov_w3_w5              0x00af8b         Code  Gb  vreg_util.o [4]
?mov_w3_w7              0x00af98         Code  Gb  vreg_util.o [4]
?mov_w4_w0              0x00af2e         Code  Gb  vreg_util.o [4]
?mov_w4_w1              0x00af35         Code  Gb  vreg_util.o [4]
?mov_w5_w0              0x00af3c         Code  Gb  vreg_util.o [4]
?mov_w5_w1              0x00afa5         Code  Gb  vreg_util.o [4]
?mov_w5_w3              0x00afb2         Code  Gb  vreg_util.o [4]
?mov_w5_w7              0x00afbf         Code  Gb  vreg_util.o [4]
?mov_w6_w2              0x00af43         Code  Gb  vreg_util.o [4]
?mov_w7_w0              0x00af4a         Code  Gb  vreg_util.o [4]
?mov_w7_w1              0x00afcc         Code  Gb  vreg_util.o [4]
?mov_w7_w3              0x00afd9         Code  Gb  vreg_util.o [4]
?move1616_v_x_y_a       0x00f44c         Code  Gb  move.o [4]
?mul16_x_x_w0           0x00ebd9         Code  Gb  short.o [4]
?mul32_l0_l0_0x         0x00b62f         Code  Gb  long.o [4]
?mul32_l0_l0_l1         0x00b638         Code  Gb  long.o [4]
?or32_l0_l0_0x          0x00b762         Code  Gb  long.o [4]
?or32_l0_l0_l1          0x00b75f         Code  Gb  long.o [4]
?pop_e2                 0x00ae53         Code  Gb  vreg_util.o [4]
?pop_e3                 0x00ae62         Code  Gb  vreg_util.o [4]
?pop_l0                 0x00aeb5         Code  Gb  vreg_util.o [4]
?pop_l1                 0x00aec0         Code  Gb  vreg_util.o [4]
?pop_l2                 0x00aecb         Code  Gb  vreg_util.o [4]
?pop_l3                 0x00aed6         Code  Gb  vreg_util.o [4]
?pop_w4                 0x00adfa         Code  Gb  vreg_util.o [4]
?pop_w5                 0x00ae01         Code  Gb  vreg_util.o [4]
?pop_w6                 0x00ae08         Code  Gb  vreg_util.o [4]
?push_e2                0x00ae1b         Code  Gb  vreg_util.o [4]
?push_e3                0x00ae37         Code  Gb  vreg_util.o [4]
?push_l0                0x00ae80         Code  Gb  vreg_util.o [4]
?push_l1                0x00ae85         Code  Gb  vreg_util.o [4]
?push_l2                0x00ae8a         Code  Gb  vreg_util.o [4]
?push_l3                0x00ae8f         Code  Gb  vreg_util.o [4]
?push_w0                0x00adca         Code  Gb  vreg_util.o [4]
?push_w1                0x00adcf         Code  Gb  vreg_util.o [4]
?push_w4                0x00add4         Code  Gb  vreg_util.o [4]
?push_w5                0x00add9         Code  Gb  vreg_util.o [4]
?push_w6                0x00adde         Code  Gb  vreg_util.o [4]
?scmp32_c_l0_l1         0x00b748         Code  Gb  long.o [4]
?sext16_x_a             0x00ebff         Code  Gb  short.o [4]
?sext32_l0_x            0x00b78b         Code  Gb  long.o [4]
?sll16_x_x_a            0x00ebf7         Code  Gb  short.o [4]
?sll32_0x_0x_a          0x00b77d         Code  Gb  long.o [4]
?sll32_l0_l0_a          0x00b77a         Code  Gb  long.o [4]
?sll8_a_a_5             0x00f473         Code  Gb  char.o [4]
?sll8_a_a_6             0x00f472         Code  Gb  char.o [4]
?srl8_a_a_5             0x00f479         Code  Gb  char.o [4]
?srl8_a_a_6             0x00f478         Code  Gb  char.o [4]
?sub32_l0_l0_0x         0x00b617         Code  Gb  long.o [4]
?sub32_l0_l0_l1         0x00b614         Code  Gb  long.o [4]
?ucmp24_c_0x_e0         0x00f4d3         Code  Gb  far.o [4]
?ucmp32_c_l0_0x         0x00b72d         Code  Gb  long.o [4]
?ucmp32_c_l0_l1         0x00b73d         Code  Gb  long.o [4]
?udiv32_l0_l0_dl        0x00b6bc         Code  Gb  long.o [4]
?udiv32_l0_l0_l1        0x00b6c0         Code  Gb  long.o [4]
?umod32_l1_l0_dl        0x00b6b6         Code  Gb  long.o [4]
?umod32_l1_l0_l1        0x00b6c0         Code  Gb  long.o [4]
?w0                     0x000000         Data  Gb  vregs.o [4]
?w1                     0x000002         Data  Gb  vregs.o [4]
?w2                     0x000004         Data  Gb  vregs.o [4]
?w3                     0x000006         Data  Gb  vregs.o [4]
?w4                     0x000008         Data  Gb  vregs.o [4]
?w5                     0x00000a         Data  Gb  vregs.o [4]
?w6                     0x00000c         Data  Gb  vregs.o [4]
?w7                     0x00000e         Data  Gb  vregs.o [4]
ADC1_COMP_IRQHandler    0x00f59a    0x1  Code  Gb  stm8l15x_it.o [1]
AES_CMAC_Final          0x00abad  0x21d  Code  Gb  cmac.o [1]
AES_CMAC_Init           0x00e8de   0x32  Code  Gb  cmac.o [1]
AES_CMAC_SetKey         0x00f3e4    0xd  Code  Gb  cmac.o [1]
AES_CMAC_Update         0x00b939  0x19d  Code  Gb  cmac.o [1]
AesCmacCtx              0x000042  0x115  Data  Lc  LoRaMacCrypto.o [1]
AesContext              0x000257   0xf1  Data  Lc  LoRaMacCrypto.o [1]
BEEP_Cmd                0x00f3f1    0xd  Code  Gb  stm8l15x_beep.o [1]
BEEP_LSClockToTIMConnectCmd
                        0x00f3fe    0xd  Code  Gb  stm8l15x_beep.o [1]
BEEP_LSICalibrationConfig
                        0x00e54c   0x46  Code  Gb  stm8l15x_beep.o [1]
BoardDisableIrq         0x00f515    0x6  Code  Gb  system.o [1]
BoardEnableIrq          0x00f49f    0xb  Code  Gb  system.o [1]
BoardInitMcu            0x00a335  0x105  Code  Gb  board.o [1]
CLK_BEEPClockConfig     0x00f556    0x4  Code  Gb  stm8l15x_clk.o [1]
CLK_GetClockFreq        0x00e7cd   0x39  Code  Gb  stm8l15x_clk.o [1]
CLK_GetFlagStatus       0x00dc12   0x81  Code  Gb  stm8l15x_clk.o [1]
CLK_GetSYSCLKSource     0x00f54e    0x4  Code  Gb  stm8l15x_clk.o [1]
CLK_HSICmd              0x00f40b    0xd  Code  Gb  stm8l15x_clk.o [1]
CLK_LSICmd              0x00f418    0xd  Code  Gb  stm8l15x_clk.o [1]
CLK_PeripheralClockConfig
                        0x00dfa2   0x65  Code  Gb  stm8l15x_clk.o [1]
CLK_RTCClockConfig      0x00f4bf    0xa  Code  Gb  stm8l15x_clk.o [1]
CLK_SYSCLKDivConfig     0x00f552    0x4  Code  Gb  stm8l15x_clk.o [1]
CLK_SYSCLKSourceConfig  0x00f54a    0x4  Code  Gb  stm8l15x_clk.o [1]
CLK_SYSCLKSourceSwitchCmd
                        0x00f425    0xd  Code  Gb  stm8l15x_clk.o [1]
CSTACK$$Base            0x000780          --   Gb  - Linker created -
CSTACK$$Limit           0x000800          --   Gb  - Linker created -
ClearWWDG               0x00a182    0x4  Code  Gb  board.o [1]
ComportInit             0x00bc68  0x179  Code  Gb  comport.o [1]
ComportTxStart          0x00e290   0x55  Code  Gb  comport.o [1]
ConfigModeRadioEvents   0x0005f4   0x15  Data  Lc  config_mode.o [1]
DMA1_CHANNEL0_1_IRQHandler
                        0x00f593    0x1  Code  Gb  stm8l15x_it.o [1]
DMA1_CHANNEL2_3_IRQHandler
                        0x00f594    0x1  Code  Gb  stm8l15x_it.o [1]
DelayMs                 0x00f4b5    0xa  Code  Gb  delay.o [1]
EXTI0_IRQHandler        0x00f0ea   0x1d  Code  Gb  stm8l15x_it.o [1]
EXTI1_IRQHandler        0x00f054   0x1e  Code  Gb  stm8l15x_it.o [1]
EXTI2_IRQHandler        0x00d2c1   0xc0  Code  Gb  stm8l15x_it.o [1]
EXTI3_IRQHandler        0x00ed66   0x23  Code  Gb  stm8l15x_it.o [1]
EXTI4_IRQHandler        0x00ed89   0x23  Code  Gb  stm8l15x_it.o [1]
EXTI5_IRQHandler        0x00edac   0x23  Code  Gb  stm8l15x_it.o [1]
EXTI6_IRQHandler        0x00f072   0x1e  Code  Gb  stm8l15x_it.o [1]
EXTI7_IRQHandler        0x00f090   0x1e  Code  Gb  stm8l15x_it.o [1]
EXTIB_G_IRQHandler      0x00f596    0x1  Code  Gb  stm8l15x_it.o [1]
EXTID_H_IRQHandler      0x00f597    0x1  Code  Gb  stm8l15x_it.o [1]
EXTIE_F_PVD_IRQHandler  0x00f595    0x1  Code  Gb  stm8l15x_it.o [1]
EXTI_ClearITPendingBit  0x00f265   0x17  Code  Gb  stm8l15x_exti.o [1]
EXTI_SetPinSensitivity  0x00d381   0xbd  Code  Gb  stm8l15x_exti.o [1]
FLASH_IRQHandler        0x00f592    0x1  Code  Gb  stm8l15x_it.o [1]
FLASH_Lock              0x00f494    0xb  Code  Gb  stm8l15x_flash.o [1]
FLASH_ProgramByte       0x00f55a    0x4  Code  Gb  stm8l15x_flash.o [1]
FLASH_Unlock            0x00f235   0x19  Code  Gb  stm8l15x_flash.o [1]
FLASH_WaitForLastOperation
                        0x00e942   0x32  Code  Gb  stm8l15x_flash.o [1]
GPIO_DeInit             0x00f32c   0x13  Code  Gb  stm8l15x_gpio.o [1]
GPIO_ExternalPullUpConfig
                        0x00f302   0x15  Code  Gb  stm8l15x_gpio.o [1]
GPIO_Init               0x00ded0   0x6a  Code  Gb  stm8l15x_gpio.o [1]
GPIO_ReadInputDataBit   0x00f500    0x7  Code  Gb  stm8l15x_gpio.o [1]
GPIO_ResetBits          0x00f55e    0x4  Code  Gb  stm8l15x_gpio.o [1]
GPIO_SetBits            0x00f4f9    0x7  Code  Gb  stm8l15x_gpio.o [1]
GetRunModePin           0x00a292   0x69  Code  Gb  board.o [1]
GlobalChannel           0x0006dc    0x1  Data  Gb  LoRaMac.o [1]
GlobalDR                0x0006dd    0x1  Data  Gb  LoRaMac.o [1]
I2C1_SPI2_IRQHandler    0x00f5a1    0x1  Code  Gb  stm8l15x_it.o [1]
INTVEC$$Base            0x008000          --   Gb  - Linker created -
INTVEC$$Limit           0x008080          --   Gb  - Linker created -
IWDG_Enable             0x00f52c    0x5  Code  Gb  stm8l15x_iwdg.o [1]
IWDG_Init               0x00a2fb   0x3a  Code  Gb  board.o [1]
IWDG_ReloadCounter      0x00f527    0x5  Code  Gb  stm8l15x_iwdg.o [1]
IWDG_SetPrescaler       0x00f566    0x4  Code  Gb  stm8l15x_iwdg.o [1]
IWDG_SetReload          0x00f56a    0x4  Code  Gb  stm8l15x_iwdg.o [1]
IWDG_WriteAccessCmd     0x00f562    0x4  Code  Gb  stm8l15x_iwdg.o [1]
IndicationRfTxFifoStatus
                        0x00f141   0x1c  Code  Gb  board.o [1]
InitRunModePin          0x00a25a   0x38  Code  Gb  board.o [1]
IrqNestLevel            0x0006e3    0x1  Data  Lc  system.o [1]
LCD_AES_IRQHandler      0x00f598    0x1  Code  Gb  stm8l15x_it.o [1]
LoRaMacComputeMic       0x00cadc   0xee  Code  Gb  LoRaMacCrypto.o [1]
LoRaMacDevEuiInFlash    0x001155    0x8  Data  Gb  cfg_parm.o [1]
LoRaMacDevNonce         0x0006d0    0x2  Data  Lc  LoRaMac.o [1]
LoRaMacDevNonceCopy     0x0006d2    0x2  Data  Lc  LoRaMac.o [1]
LoRaMacInitialization   0x00d041   0xd9  Code  Gb  LoRaMac.o [1]
LoRaMacJoinComputeMic   0x00d5a9   0xa6  Code  Gb  LoRaMacCrypto.o [1]
LoRaMacJoinComputeSKeys
                        0x00d43e   0xb9  Code  Gb  LoRaMacCrypto.o [1]
LoRaMacJoinDecrypt      0x00e12b   0x5b  Code  Gb  LoRaMacCrypto.o [1]
LoRaMacOnRadioCadDone   0x00eb52   0x2d  Code  Gb  LoRaMac.o [1]
LoRaMacOnRadioRxDone    0x008dcc  0x4d8  Code  Lc  LoRaMac.o [1]
LoRaMacOnRadioRxError   0x00f47e    0xb  Code  Lc  LoRaMac.o [1]
LoRaMacOnRadioRxTimeout
                        0x00f489    0xb  Code  Lc  LoRaMac.o [1]
LoRaMacOnRadioTxDone    0x00e910   0x32  Code  Lc  LoRaMac.o [1]
LoRaMacOnRadioTxTimeout
                        0x00ee7e   0x22  Code  Lc  LoRaMac.o [1]
LoRaMacPayloadDecrypt   0x00ed43   0x23  Code  Gb  LoRaMacCrypto.o [1]
LoRaMacPayloadEncrypt   0x00c3e6  0x10d  Code  Gb  LoRaMacCrypto.o [1]
LoRaMacRadioEvents      0x000609   0x15  Data  Lc  LoRaMac.o [1]
LoRaMacStateCheck       0x00b796  0x1a3  Code  Gb  LoRaMac.o [1]
LowPowerModeOnCadDone   0x00ea08   0x30  Code  Gb  lowpower_mode.o [1]
LowPowerModeOnRxDone    0x00d4f7   0xb2  Code  Gb  lowpower_mode.o [1]
LowPowerModeOnRxError   0x00e791   0x3c  Code  Gb  lowpower_mode.o [1]
LowPowerModeOnRxTimeout
                        0x00e755   0x3c  Code  Gb  lowpower_mode.o [1]
LowPowerModeOnTxDone    0x00eed5   0x20  Code  Gb  lowpower_mode.o [1]
LowPowerModeOnTxTimeout
                        0x00eef5   0x20  Code  Gb  lowpower_mode.o [1]
LowPowerModeRadioEvents
                        0x00061e   0x15  Data  Lc  lowpower_mode.o [1]
LowPowerModeState       0x0006e0    0x1  Data  Gb  lowpower_mode.o [1]
MODEM                   0x00044e   0x83  Data  Lc  modem.o [1]
Mic                     0x000672   0x10  Data  Lc  LoRaMacCrypto.o [1]
MicBlockB0              0x000010   0x10  Data  Lc  LoRaMacCrypto.o [1]
NormalModeOnRxDone      0x00d82b   0x96  Code  Gb  normal_mode.o [1]
NormalModeOnRxError     0x00ef75   0x20  Code  Gb  normal_mode.o [1]
NormalModeOnRxTimeout   0x00ef55   0x20  Code  Gb  normal_mode.o [1]
NormalModeOnTxDone      0x00ef15   0x20  Code  Gb  normal_mode.o [1]
NormalModeOnTxTimeout   0x00ef35   0x20  Code  Gb  normal_mode.o [1]
NormalModeRadioEvents   0x000633   0x15  Data  Lc  normal_mode.o [1]
NormalModeState         0x0006e1    0x1  Data  Gb  normal_mode.o [1]
PWR_UltraLowPowerCmd    0x00f432    0xd  Code  Gb  stm8l15x_pwr.o [1]
RTC_CSSLSE_IRQHandler   0x00ec5b   0x29  Code  Gb  stm8l15x_it.o [1]
RTC_ClearITPendingBit   0x00f4c9    0xa  Code  Gb  stm8l15x_rtc.o [1]
RTC_Config              0x00a186   0x85  Code  Gb  board.o [1]
RTC_DeInit              0x00ce7d   0xe2  Code  Gb  stm8l15x_rtc.o [1]
RTC_EnterInitMode       0x00edcf   0x23  Code  Gb  stm8l15x_rtc.o [1]
RTC_ITConfig            0x00e5d8   0x43  Code  Gb  stm8l15x_rtc.o [1]
RTC_SetWakeUpCounter    0x00f317   0x15  Code  Gb  stm8l15x_rtc.o [1]
RTC_WaitForSynchro      0x00eac7   0x2f  Code  Gb  stm8l15x_rtc.o [1]
RTC_WakeUpClockConfig   0x00edf2   0x23  Code  Gb  stm8l15x_rtc.o [1]
RTC_WakeUpCmd           0x00e874   0x36  Code  Gb  stm8l15x_rtc.o [1]
Radio                   0x00e38b   0x51  Data  Gb  sx1276-board.o [1]
RadioEvents             0x0006d4    0x2  Data  Lc  sx1276.o [1]
RadioIsActive           0x0006e2    0x1  Data  Lc  sx1276-board.o [1]
RadioRegsInit           0x00ea68   0x30  Data  Gb  sx1276.o [1]
RadioSetParma           0x00ddf0   0x72  Code  Lc  LoRaMac.o [1]
RadioSetRx              0x00da7e   0x8a  Code  Lc  LoRaMac.o [1]
RadioSetTx              0x00d9ed   0x91  Code  Lc  LoRaMac.o [1]
RadioTxBuffer           0x00057d   0x3d  Data  Gb  board.o [1]
Region$$Table$$Base     0x00eec1          --   Gb  - Linker created -
Region$$Table$$Limit    0x00eed5          --   Gb  - Linker created -
RxChainCalibration      0x008233   0xd3  Code  Lc  sx1276.o [1]
RxDataLen               0x0006df    0x1  Data  Gb  LoRaMac.o [1]
RxTimeoutSyncWord       0x0006ae    0xe  Data  Gb  sx1276.o [1]
RxTimeoutTimer          0x0006a0    0xe  Data  Gb  sx1276.o [1]
RxTxBuffer              0x0005ba   0x3a  Data  Lc  sx1276.o [1]
RxfCtrl                 0x0006de    0x1  Data  Gb  LoRaMac.o [1]
SPI1_IRQHandler         0x00f5a0    0x1  Code  Gb  stm8l15x_it.o [1]
SPI_Cmd                 0x00f27c    0xd  Code  Gb  stm8l15x_spi.o [1]
SPI_GetFlagStatus       0x00f33f   0x13  Code  Gb  stm8l15x_spi.o [1]
SPI_Init                0x00e9d7   0x31  Code  Gb  stm8l15x_spi.o [1]
SPI_ReceiveData         0x00f28e    0x5  Code  Gb  stm8l15x_spi.o [1]
SPI_SendData            0x00f289    0x5  Code  Gb  stm8l15x_spi.o [1]
SWITCH_CSS_BREAK_DAC_IRQHandler
                        0x00f599    0x1  Code  Gb  stm8l15x_it.o [1]
SX1276                  0x00052c   0x51  Data  Gb  sx1276.o [1]
SX1276AntSwDeInit       0x00f4e7    0x9  Code  Gb  sx1276-board.o [1]
SX1276AntSwInit         0x00eb7f    0x9  Code  Gb  sx1276-board.o [1]
SX1276CheckRfFrequency  0x00f584    0x3  Code  Gb  sx1276-board.o [1]
SX1276GetPaSelect       0x00f352   0x13  Code  Lc  sx1276-board.o [1]
SX1276GetStatus         0x008398    0x4  Code  Gb  sx1276.o [1]
SX1276Init              0x008306   0x92  Code  Gb  sx1276.o [1]
SX1276IoInit            0x00f21b   0x1a  Code  Gb  sx1276-board.o [1]
SX1276IoIrqInit         0x00d6f4   0x9d  Code  Gb  sx1276-board.o [1]
SX1276IsChannelFree     0x00839c   0x6d  Code  Gb  sx1276.o [1]
SX1276OnDio0Irq         0x00b3ff  0x1ce  Code  Gb  sx1276.o [1]
SX1276OnDio1Irq         0x00e4bd   0x49  Code  Gb  sx1276.o [1]
SX1276OnDio2Irq         0x00d8c1   0x96  Code  Gb  sx1276.o [1]
SX1276OnDio3Irq         0x008c2c   0x77  Code  Gb  sx1276.o [1]
SX1276OnTimeoutIrq      0x00db08   0x88  Code  Gb  sx1276.o [1]
SX1276Random            0x008409   0x6c  Code  Gb  sx1276.o [1]
SX1276Read              0x008128   0x11  Code  Gb  sx1276.o [1]
SX1276ReadBuffer        0x0080d8   0x50  Code  Gb  sx1276.o [1]
SX1276ReadFifo          0x008dc5    0x7  Code  Gb  sx1276.o [1]
SX1276ReadRssi          0x008d7d   0x48  Code  Gb  sx1276.o [1]
SX1276Reset             0x00eb24   0x2e  Code  Gb  sx1276-board.o [1]
SX1276Send              0x00891f   0xa0  Code  Gb  sx1276.o [1]
SX1276SetAntSw          0x00f2c0   0x16  Code  Gb  sx1276-board.o [1]
SX1276SetAntSwLowPower  0x00eb88   0x24  Code  Gb  sx1276-board.o [1]
SX1276SetBoardTcxo      0x00f5a2    0x1  Code  Lc  sx1276-board.o [1]
SX1276SetChannel        0x0081f5   0x3e  Code  Gb  sx1276.o [1]
SX1276SetModem          0x00817f   0x76  Code  Gb  sx1276.o [1]
SX1276SetOpMode         0x008139   0x2e  Code  Gb  sx1276.o [1]
SX1276SetPublicNetwork  0x00ec31   0x2a  Code  Gb  sx1276.o [1]
SX1276SetRfTxPower      0x00cf5f   0xe2  Code  Gb  sx1276-board.o [1]
SX1276SetRx             0x0089bf  0x26d  Code  Gb  sx1276.o [1]
SX1276SetRxConfig       0x008475  0x249  Code  Gb  sx1276.o [1]
SX1276SetSleep          0x008167   0x18  Code  Gb  sx1276.o [1]
SX1276SetStby           0x008906   0x19  Code  Gb  sx1276.o [1]
SX1276SetTx             0x0088a4   0x5b  Code  Gb  sx1276.o [1]
SX1276SetTxConfig       0x0086be  0x1e6  Code  Gb  sx1276.o [1]
SX1276SetTxContinuousWave
                        0x008cdf   0x9e  Code  Gb  sx1276.o [1]
SX1276StartCad          0x008ca3   0x3c  Code  Gb  sx1276.o [1]
SX1276Write             0x0080ca    0xe  Code  Gb  sx1276.o [1]
SX1276WriteBuffer       0x008080   0x4a  Code  Gb  sx1276.o [1]
SX1276WriteFifo         0x0088ff    0x7  Code  Gb  sx1276.o [1]
SYSDivFactor            0x00f545    0x5  Data  Gb  stm8l15x_clk.o [1]
SendFrameOnChannel      0x00bf56  0x137  Code  Gb  LoRaMac.o [1]
SendJoinRequest         0x00d11a   0xd5  Code  Gb  LoRaMac.o [1]
SetRxCfg                0x00c08d  0x121  Code  Lc  lowpower_mode.o [1]
SetRxCfg                0x00e0cb   0x60  Code  Lc  wakeup_mode.o [1]
SetTxCfg                0x00e06a   0x61  Code  Lc  lowpower_mode.o [1]
SetTxCfg                0x00d1ef   0xd2  Code  Lc  wakeup_mode.o [1]
SpiInOut                0x00e61b   0x42  Code  Gb  spi-board.o [1]
SpiInit                 0x00e474   0x49  Code  Gb  spi-board.o [1]
SysTick_Handler         0x00a7ed   0x2b  Code  Gb  timer.o [1]
TIM1_CC_IRQHandler      0x00f59f    0x1  Code  Gb  stm8l15x_it.o [1]
TIM1_UPD_OVF_TRG_COM_IRQHandler
                        0x00f59e    0x1  Code  Gb  stm8l15x_it.o [1]
TIM2_CC_USART2_RX_IRQHandler
                        0x00f59b    0x1  Code  Gb  stm8l15x_it.o [1]
TIM2_ClearITPendingBit  0x00f531    0x5  Code  Gb  stm8l15x_tim2.o [1]
TIM2_UPD_OVF_TRG_BRK_USART2_TX_IRQHandler
                        0x00f107   0x1d  Code  Gb  stm8l15x_it.o [1]
TIM3_CC_USART3_RX_IRQHandler
                        0x00f59d    0x1  Code  Gb  stm8l15x_it.o [1]
TIM3_UPD_OVF_TRG_BRK_USART3_TX_IRQHandler
                        0x00f59c    0x1  Code  Gb  stm8l15x_it.o [1]
TIM4_ClearFlag          0x00f536    0x5  Code  Gb  stm8l15x_tim4.o [1]
TIM4_ClearITPendingBit  0x00f53b    0x5  Code  Gb  stm8l15x_tim4.o [1]
TIM4_Cmd                0x00f43f    0xd  Code  Gb  stm8l15x_tim4.o [1]
TIM4_Config             0x00a20b   0x4f  Code  Gb  board.o [1]
TIM4_ITConfig           0x00f201   0x1a  Code  Gb  stm8l15x_tim4.o [1]
TIM4_TimeBaseInit       0x00f376   0x11  Code  Gb  stm8l15x_tim4.o [1]
TIM4_UPD_OVF_TRG_IRQHandler
                        0x00eea0   0x21  Code  Gb  stm8l15x_it.o [1]
TRAP_IRQHandler         0x00f591    0x1  Code  Gb  stm8l15x_it.o [1]
TestGetRunModePin       0x00e1df   0x59  Code  Gb  test_mode.o [1]
TestModeOnRadioTxTimeout
                        0x00ec84   0x29  Code  Gb  test_mode.o [1]
TestModeRadioEvents     0x000648   0x15  Data  Lc  test_mode.o [1]
TestRssi                0x0006d6    0x2  Data  Lc  test_mode.o [1]
TestSnr                 0x0006d8    0x2  Data  Lc  test_mode.o [1]
TimerExists             0x00f195   0x1c  Code  Lc  timer.o [1]
TimerGetCurrentTime     0x00f507    0x7  Code  Gb  timer.o [1]
TimerGetElapsedTime     0x00a6f8   0x3c  Code  Gb  timer.o [1]
TimerGetValue           0x00a734    0xb  Code  Gb  timer.o [1]
TimerInit               0x00a818   0x33  Code  Gb  timer.o [1]
TimerInsertNewHeadTimer
                        0x00a91e   0x36  Code  Lc  timer.o [1]
TimerInsertTimer        0x00a84b   0xd3  Code  Lc  timer.o [1]
TimerIrqHandler         0x00a73f   0xae  Code  Gb  timer.o [1]
TimerListHead           0x0006da    0x2  Data  Lc  timer.o [1]
TimerSetTimeout         0x00a6e2   0x16  Code  Lc  timer.o [1]
TimerSetValue           0x00ee38   0x23  Code  Gb  timer.o [1]
TimerStart              0x00d791   0x9a  Code  Gb  timer.o [1]
TimerStop               0x00ccb2   0xe7  Code  Gb  timer.o [1]
TxDoneTimerTick         0x0006c4    0x4  Data  Gb  LoRaMac.o [1]
TxTimeoutTimer          0x000692    0xe  Data  Gb  sx1276.o [1]
USART1_RX_TIM5_CC_IRQHandler
                        0x00ea38   0x30  Code  Gb  stm8l15x_it.o [1]
USART1_TX_TIM5_UPD_OVF_TRG_BRK_IRQHandler
                        0x00e007   0x63  Code  Gb  stm8l15x_it.o [1]
USART_ClearFlag         0x00f56e    0x4  Code  Gb  stm8l15x_usart.o [1]
USART_ClearITPendingBit
                        0x00f540    0x5  Code  Gb  stm8l15x_usart.o [1]
USART_Cmd               0x00f3a8   0x10  Code  Gb  stm8l15x_usart.o [1]
USART_DeInit            0x00ee15   0x23  Code  Gb  stm8l15x_usart.o [1]
USART_GetFlagStatus     0x00f124   0x1d  Code  Gb  stm8l15x_usart.o [1]
USART_ITConfig          0x00de62   0x6e  Code  Gb  stm8l15x_usart.o [1]
USART_Init              0x00db90   0x82  Code  Gb  stm8l15x_usart.o [1]
USART_ReceiveData8      0x00f57e    0x3  Code  Gb  stm8l15x_usart.o [1]
USART_SendData8         0x00f581    0x3  Code  Gb  stm8l15x_usart.o [1]
WWDG_Config             0x00f590    0x1  Code  Lc  board.o [1]
WakeUpModeOnRxDone      0x00d957   0x96  Code  Gb  wakeup_mode.o [1]
WakeUpModeOnRxError     0x00eff5   0x20  Code  Gb  wakeup_mode.o [1]
WakeUpModeOnRxTimeout   0x00efd5   0x20  Code  Gb  wakeup_mode.o [1]
WakeUpModeOnTxDone      0x00ef95   0x20  Code  Gb  wakeup_mode.o [1]
WakeUpModeOnTxTimeout   0x00efb5   0x20  Code  Gb  wakeup_mode.o [1]
WakeUpModeRadioEvents   0x00065d   0x15  Data  Lc  wakeup_mode.o [1]
WakeUpModeState         0x0006e4    0x1  Data  Gb  wakeup_mode.o [1]
__DebugBreak            0x00f5a3    0x1  Code  Gb  __dbg_break.o [3]
__eeprom_write_32       0x00dc93   0x76  Code  Gb  eeprom.o [1]
__eeprom_write_8        0x00e9a6   0x31  Code  Gb  eeprom.o [1]
__exit                  0x00f2ec   0x16  Code  Gb  __dbg_xxexit.o [3]
__iar_copy_init2        0x00ecad         Code  Gb  init_small.o [4]
__iar_data_init2        0x00f0ae   0x1e  Code  Gb  init.o [4]
__iar_program_start     0x00f293         Code  Gb  cstartup.o [4]
__iar_unhandled_exception
                        0x00f58a         Code  Gb  unhandled_exception.o [4]
__iar_zero_init2        0x00f0cc         Code  Gb  init_small.o [4]
__intvec                0x008000         Data  Gb  interrupt.o [4]
__low_level_init        0x00f587    0x3  Code  Gb  low_level_init.o [4]
_exit                   0x00f51b         Code  Gb  cexit.o [4]
_interrupt_1            0x00f591         Code  Gb  stm8l15x_it.o [1]
_interrupt_10           0x00f0ea         Code  Gb  stm8l15x_it.o [1]
_interrupt_11           0x00f054         Code  Gb  stm8l15x_it.o [1]
_interrupt_12           0x00d2c1         Code  Gb  stm8l15x_it.o [1]
_interrupt_13           0x00ed66         Code  Gb  stm8l15x_it.o [1]
_interrupt_14           0x00ed89         Code  Gb  stm8l15x_it.o [1]
_interrupt_15           0x00edac         Code  Gb  stm8l15x_it.o [1]
_interrupt_16           0x00f072         Code  Gb  stm8l15x_it.o [1]
_interrupt_17           0x00f090         Code  Gb  stm8l15x_it.o [1]
_interrupt_18           0x00f598         Code  Gb  stm8l15x_it.o [1]
_interrupt_19           0x00f599         Code  Gb  stm8l15x_it.o [1]
_interrupt_20           0x00f59a         Code  Gb  stm8l15x_it.o [1]
_interrupt_21           0x00f107         Code  Gb  stm8l15x_it.o [1]
_interrupt_22           0x00f59b         Code  Gb  stm8l15x_it.o [1]
_interrupt_23           0x00f59c         Code  Gb  stm8l15x_it.o [1]
_interrupt_24           0x00f59d         Code  Gb  stm8l15x_it.o [1]
_interrupt_25           0x00f59e         Code  Gb  stm8l15x_it.o [1]
_interrupt_26           0x00f59f         Code  Gb  stm8l15x_it.o [1]
_interrupt_27           0x00eea0         Code  Gb  stm8l15x_it.o [1]
_interrupt_28           0x00f5a0         Code  Gb  stm8l15x_it.o [1]
_interrupt_29           0x00e007         Code  Gb  stm8l15x_it.o [1]
_interrupt_3            0x00f592         Code  Gb  stm8l15x_it.o [1]
_interrupt_30           0x00ea38         Code  Gb  stm8l15x_it.o [1]
_interrupt_31           0x00f5a1         Code  Gb  stm8l15x_it.o [1]
_interrupt_4            0x00f593         Code  Gb  stm8l15x_it.o [1]
_interrupt_5            0x00f594         Code  Gb  stm8l15x_it.o [1]
_interrupt_6            0x00ec5b         Code  Gb  stm8l15x_it.o [1]
_interrupt_7            0x00f595         Code  Gb  stm8l15x_it.o [1]
_interrupt_8            0x00f596         Code  Gb  stm8l15x_it.o [1]
_interrupt_9            0x00f597         Code  Gb  stm8l15x_it.o [1]
aBlock                  0x000020   0x10  Data  Lc  LoRaMacCrypto.o [1]
aLarmTimerTime          0x00003a    0x4  Data  Gb  timer.o [1]
add_round_key           0x00b3fb    0x4  Code  Lc  aes.o [1]
aes_encrypt             0x00dd7d   0x73  Code  Gb  aes.o [1]
aes_set_key             0x00c1ae  0x120  Code  Gb  aes.o [1]
cfg_parm_dump_to_ram    0x00cbca   0xe8  Code  Gb  cfg_parm.o [1]
cfg_parm_factory_reset  0x00bad6  0x192  Code  Gb  cfg_parm.o [1]
cfg_parm_get_air_bandwith
                        0x00f398   0x10  Code  Gb  cfg_parm.o [1]
cfg_parm_get_air_baud   0x00dd09   0x74  Code  Gb  cfg_parm.o [1]
cfg_parm_get_air_sf     0x00e65d   0x3f  Code  Gb  cfg_parm.o [1]
cfg_parm_get_tx_power   0x00f15d   0x1c  Code  Gb  cfg_parm.o [1]
cfg_parm_get_uart_baud  0x00df3a   0x68  Code  Gb  cfg_parm.o [1]
cfg_parm_get_uart_parity
                        0x00f24e   0x17  Code  Gb  cfg_parm.o [1]
cfg_parm_get_wakeup_time
                        0x00e69c   0x3f  Code  Gb  cfg_parm.o [1]
cfg_parm_restore        0x00c2ce  0x118  Code  Gb  cfg_parm.o [1]
config_mode_routin      0x009be6  0x2da  Code  Gb  config_mode.o [1]
copy_and_key            0x00b2fc   0xff  Code  Lc  aes.o [1]
copy_block              0x00d64f   0xa5  Code  Lc  aes.o [1]
copy_block_nn           0x00f1cd   0x1a  Code  Lc  aes.o [1]
cpystr                  0x00f1e7   0x1a  Code  Gb  hex.o [1]
crc8                    0x00ecd5   0x25  Code  Gb  crc8.o [1]
crc8_table              0x000157  0x100  Data  Gb  crc8.o [1]
delay_10us              0x00e33a   0x51  Code  Gb  delay.o [1]
evnames                 0x000030    0xa  Data  Lc  modem.o [1]
exit                    0x00f576    0x4  Code  Gb  exit.o [4]
factorystring           0x001000   0xfa  Data  Gb  cfg_parm.o [1]
frame_init              0x00ec06   0x2b  Code  Gb  frame.o [1]
frame_rx                0x00c9ed   0xef  Code  Gb  frame.o [1]
gethex                  0x00e429   0x4b  Code  Gb  hex.o [1]
gfm2_sbox               0x00c5f3  0x100  Data  Lc  aes.o [1]
gfm3_sbox               0x00c6f3  0x100  Data  Lc  aes.o [1]
hexval                  0x00c7f3  0x100  Data  Lc  hex.o [1]
init_crc8               0x00e6db   0x3d  Code  Gb  crc8.o [1]
lowpower_mode_routin    0x00bde1  0x175  Code  Gb  lowpower_mode.o [1]
main                    0x00e3dc   0x4d  Code  Gb  main.o [1]
memcpy                  0x00f015   0x20  Code  Gb  memcpy.o [4]
memcpy1                 0x00ed1f   0x24  Code  Gb  utilities.o [1]
memcpyr                 0x00ebac   0x2d  Code  Gb  utilities.o [1]
memset                  0x00f2d6   0x16  Code  Gb  memset.o [4]
memset1                 0x00f1b1   0x1c  Code  Gb  utilities.o [1]
mix_sub_columns         0x00a954  0x259  Code  Lc  aes.o [1]
modem_init              0x00f179   0x1c  Code  Gb  modem.o [1]
modem_rxdone            0x0092a4  0x4be  Code  Gb  modem.o [1]
next                    0x00003e    0x4  Data  Lc  utilities.o [1]
normal_mode_routin      0x00a43a  0x2a8  Code  Gb  normal_mode.o [1]
onEvent                 0x00e186   0x59  Code  Gb  modem.o [1]
putchar                 0x00ea98   0x2f  Code  Gb  comport.o [1]
puthex                  0x00e806   0x38  Code  Gb  hex.o [1]
rand1                   0x00e8aa   0x34  Code  Gb  utilities.o [1]
reverse                 0x00e718   0x3d  Code  Gb  hex.o [1]
ring_buffer_dequeue     0x00f035   0x1f  Code  Gb  ring_buf.o [1]
ring_buffer_dequeue_arr
                        0x00e83e   0x36  Code  Gb  ring_buf.o [1]
ring_buffer_init        0x00f2aa   0x16  Code  Gb  ring_buf.o [1]
ring_buffer_is_empty    0x00f466    0xc  Code  Gb  ring_buf.o [1]
ring_buffer_queue_arr   0x00eaf6   0x2e  Code  Gb  ring_buf.o [1]
ringbuf_elements        0x00ecfa   0x25  Code  Gb  ring_buf.o [1]
ringbuf_get             0x00e506   0x46  Code  Gb  ring_buf.o [1]
ringbuf_put             0x00e2e5   0x55  Code  Gb  ring_buf.o [1]
rxframe                 0x0006bc    0x8  Data  Gb  frame.o [1]
sBlock                  0x000682   0x10  Data  Lc  LoRaMacCrypto.o [1]
sTartAlarmTimerTime     0x0006cc    0x4  Data  Gb  timer.o [1]
sbox                    0x00c4f3  0x100  Data  Lc  aes.o [1]
shift_sub_rows          0x00c8f3   0xfa  Code  Lc  aes.o [1]
srand1                  0x00f50e    0x7  Code  Gb  utilities.o [1]
stNvCfgParm             0x0010fa   0x5b  Data  Gb  cfg_parm.o [1]
stTmpCfgParm            0x0004d1   0x5b  Data  Gb  cfg_parm.o [1]
strlen                  0x00f459    0xd  Code  Gb  strlen.o [4]
systick                 0x0006c8    0x4  Data  Gb  timer.o [1]
test_mode_routin        0x009ec0  0x2c2  Code  Gb  test_mode.o [1]
tolower                 0x00f365   0x11  Code  Gb  hex.o [1]
uart_rx_ring_buf        0x000348   0x83  Data  Gb  comport.o [1]
uart_tx_ring_buf        0x0003cb   0x83  Data  Gb  comport.o [1]
wakeup_mode_routin      0x00afe0  0x210  Code  Gb  wakeup_mode.o [1]
xor_block               0x00b1f0  0x10c  Code  Lc  aes.o [1]


[1] = D:\stm8lora\src\stm8l15x-sx1278\STM8L15x-16x-05x-AL31-L_StdPeriph_Lib\Project\STM8L151G6U6_Sx1278\EWSTM8\STM8L15X_MD(STM8L15xx4_6)\Obj
[2] = command line
[3] = dbgstm8mmd.a
[4] = dlstm8mmf.a

  28 621 bytes of readonly  code memory
   1 495 bytes of readonly  data memory
   2 242 bytes of readwrite data memory

Errors: none
Warnings: none
