###############################################################################
#
# IAR ELF Linker V2.20.1.176 for STM8                     08/Jan/2019  20:41:25
# Copyright 2010-2015 IAR Systems AB.
#
#    Output file  =  
#        D:\stm8lora\src\stm8l15x-sx1278\STM8L15x-16x-05x-AL31-L_StdPeriph_Lib\Project\STM8L151G6U6_Sx1278\EWSTM8\STM8L15X_MD(STM8L15xx4_6)\Exe\project.out
#    Map file     =  
#        D:\stm8lora\src\stm8l15x-sx1278\STM8L15x-16x-05x-AL31-L_StdPeriph_Lib\Project\STM8L151G6U6_Sx1278\EWSTM8\STM8L15X_MD(STM8L15xx4_6)\List\project.map
#    Command line =  
#        "D:\stm8lora\src\stm8l15x-sx1278\STM8L15x-16x-05x-AL31-L_StdPeriph_Lib\Project\STM8L151G6U6_Sx1278\EWSTM8\STM8L15X_MD(STM8L15xx4_6)\Obj\aes.o"
#        "D:\stm8lora\src\stm8l15x-sx1278\STM8L15x-16x-05x-AL31-L_StdPeriph_Lib\Project\STM8L151G6U6_Sx1278\EWSTM8\STM8L15X_MD(STM8L15xx4_6)\Obj\board.o"
#        "D:\stm8lora\src\stm8l15x-sx1278\STM8L15x-16x-05x-AL31-L_StdPeriph_Lib\Project\STM8L151G6U6_Sx1278\EWSTM8\STM8L15X_MD(STM8L15xx4_6)\Obj\cfg_parm.o"
#        "D:\stm8lora\src\stm8l15x-sx1278\STM8L15x-16x-05x-AL31-L_StdPeriph_Lib\Project\STM8L151G6U6_Sx1278\EWSTM8\STM8L15X_MD(STM8L15xx4_6)\Obj\cmac.o"
#        "D:\stm8lora\src\stm8l15x-sx1278\STM8L15x-16x-05x-AL31-L_StdPeriph_Lib\Project\STM8L151G6U6_Sx1278\EWSTM8\STM8L15X_MD(STM8L15xx4_6)\Obj\comport.o"
#        "D:\stm8lora\src\stm8l15x-sx1278\STM8L15x-16x-05x-AL31-L_StdPeriph_Lib\Project\STM8L151G6U6_Sx1278\EWSTM8\STM8L15X_MD(STM8L15xx4_6)\Obj\config_mode.o"
#        "D:\stm8lora\src\stm8l15x-sx1278\STM8L15x-16x-05x-AL31-L_StdPeriph_Lib\Project\STM8L151G6U6_Sx1278\EWSTM8\STM8L15X_MD(STM8L15xx4_6)\Obj\crc8.o"
#        "D:\stm8lora\src\stm8l15x-sx1278\STM8L15x-16x-05x-AL31-L_StdPeriph_Lib\Project\STM8L151G6U6_Sx1278\EWSTM8\STM8L15X_MD(STM8L15xx4_6)\Obj\delay.o"
#        "D:\stm8lora\src\stm8l15x-sx1278\STM8L15x-16x-05x-AL31-L_StdPeriph_Lib\Project\STM8L151G6U6_Sx1278\EWSTM8\STM8L15X_MD(STM8L15xx4_6)\Obj\eeprom.o"
#        "D:\stm8lora\src\stm8l15x-sx1278\STM8L15x-16x-05x-AL31-L_StdPeriph_Lib\Project\STM8L151G6U6_Sx1278\EWSTM8\STM8L15X_MD(STM8L15xx4_6)\Obj\frame.o"
#        "D:\stm8lora\src\stm8l15x-sx1278\STM8L15x-16x-05x-AL31-L_StdPeriph_Lib\Project\STM8L151G6U6_Sx1278\EWSTM8\STM8L15X_MD(STM8L15xx4_6)\Obj\hex.o"
#        "D:\stm8lora\src\stm8l15x-sx1278\STM8L15x-16x-05x-AL31-L_StdPeriph_Lib\Project\STM8L151G6U6_Sx1278\EWSTM8\STM8L15X_MD(STM8L15xx4_6)\Obj\LoRaMac.o"
#        "D:\stm8lora\src\stm8l15x-sx1278\STM8L15x-16x-05x-AL31-L_StdPeriph_Lib\Project\STM8L151G6U6_Sx1278\EWSTM8\STM8L15X_MD(STM8L15xx4_6)\Obj\LoRaMacCrypto.o"
#        "D:\stm8lora\src\stm8l15x-sx1278\STM8L15x-16x-05x-AL31-L_StdPeriph_Lib\Project\STM8L151G6U6_Sx1278\EWSTM8\STM8L15X_MD(STM8L15xx4_6)\Obj\lowpower_mode.o"
#        "D:\stm8lora\src\stm8l15x-sx1278\STM8L15x-16x-05x-AL31-L_StdPeriph_Lib\Project\STM8L151G6U6_Sx1278\EWSTM8\STM8L15X_MD(STM8L15xx4_6)\Obj\main.o"
#        "D:\stm8lora\src\stm8l15x-sx1278\STM8L15x-16x-05x-AL31-L_StdPeriph_Lib\Project\STM8L151G6U6_Sx1278\EWSTM8\STM8L15X_MD(STM8L15xx4_6)\Obj\manufacture_parm.o"
#        "D:\stm8lora\src\stm8l15x-sx1278\STM8L15x-16x-05x-AL31-L_StdPeriph_Lib\Project\STM8L151G6U6_Sx1278\EWSTM8\STM8L15X_MD(STM8L15xx4_6)\Obj\modem.o"
#        "D:\stm8lora\src\stm8l15x-sx1278\STM8L15x-16x-05x-AL31-L_StdPeriph_Lib\Project\STM8L151G6U6_Sx1278\EWSTM8\STM8L15X_MD(STM8L15xx4_6)\Obj\normal_mode.o"
#        "D:\stm8lora\src\stm8l15x-sx1278\STM8L15x-16x-05x-AL31-L_StdPeriph_Lib\Project\STM8L151G6U6_Sx1278\EWSTM8\STM8L15X_MD(STM8L15xx4_6)\Obj\ring_buf.o"
#        "D:\stm8lora\src\stm8l15x-sx1278\STM8L15x-16x-05x-AL31-L_StdPeriph_Lib\Project\STM8L151G6U6_Sx1278\EWSTM8\STM8L15X_MD(STM8L15xx4_6)\Obj\spi-board.o"
#        "D:\stm8lora\src\stm8l15x-sx1278\STM8L15x-16x-05x-AL31-L_StdPeriph_Lib\Project\STM8L151G6U6_Sx1278\EWSTM8\STM8L15X_MD(STM8L15xx4_6)\Obj\stm8l15x_adc.o"
#        "D:\stm8lora\src\stm8l15x-sx1278\STM8L15x-16x-05x-AL31-L_StdPeriph_Lib\Project\STM8L151G6U6_Sx1278\EWSTM8\STM8L15X_MD(STM8L15xx4_6)\Obj\stm8l15x_beep.o"
#        "D:\stm8lora\src\stm8l15x-sx1278\STM8L15x-16x-05x-AL31-L_StdPeriph_Lib\Project\STM8L151G6U6_Sx1278\EWSTM8\STM8L15X_MD(STM8L15xx4_6)\Obj\stm8l15x_clk.o"
#        "D:\stm8lora\src\stm8l15x-sx1278\STM8L15x-16x-05x-AL31-L_StdPeriph_Lib\Project\STM8L151G6U6_Sx1278\EWSTM8\STM8L15X_MD(STM8L15xx4_6)\Obj\stm8l15x_comp.o"
#        "D:\stm8lora\src\stm8l15x-sx1278\STM8L15x-16x-05x-AL31-L_StdPeriph_Lib\Project\STM8L151G6U6_Sx1278\EWSTM8\STM8L15X_MD(STM8L15xx4_6)\Obj\stm8l15x_dac.o"
#        "D:\stm8lora\src\stm8l15x-sx1278\STM8L15x-16x-05x-AL31-L_StdPeriph_Lib\Project\STM8L151G6U6_Sx1278\EWSTM8\STM8L15X_MD(STM8L15xx4_6)\Obj\stm8l15x_dma.o"
#        "D:\stm8lora\src\stm8l15x-sx1278\STM8L15x-16x-05x-AL31-L_StdPeriph_Lib\Project\STM8L151G6U6_Sx1278\EWSTM8\STM8L15X_MD(STM8L15xx4_6)\Obj\stm8l15x_exti.o"
#        "D:\stm8lora\src\stm8l15x-sx1278\STM8L15x-16x-05x-AL31-L_StdPeriph_Lib\Project\STM8L151G6U6_Sx1278\EWSTM8\STM8L15X_MD(STM8L15xx4_6)\Obj\stm8l15x_flash.o"
#        "D:\stm8lora\src\stm8l15x-sx1278\STM8L15x-16x-05x-AL31-L_StdPeriph_Lib\Project\STM8L151G6U6_Sx1278\EWSTM8\STM8L15X_MD(STM8L15xx4_6)\Obj\stm8l15x_gpio.o"
#        "D:\stm8lora\src\stm8l15x-sx1278\STM8L15x-16x-05x-AL31-L_StdPeriph_Lib\Project\STM8L151G6U6_Sx1278\EWSTM8\STM8L15X_MD(STM8L15xx4_6)\Obj\stm8l15x_i2c.o"
#        "D:\stm8lora\src\stm8l15x-sx1278\STM8L15x-16x-05x-AL31-L_StdPeriph_Lib\Project\STM8L151G6U6_Sx1278\EWSTM8\STM8L15X_MD(STM8L15xx4_6)\Obj\stm8l15x_irtim.o"
#        "D:\stm8lora\src\stm8l15x-sx1278\STM8L15x-16x-05x-AL31-L_StdPeriph_Lib\Project\STM8L151G6U6_Sx1278\EWSTM8\STM8L15X_MD(STM8L15xx4_6)\Obj\stm8l15x_it.o"
#        "D:\stm8lora\src\stm8l15x-sx1278\STM8L15x-16x-05x-AL31-L_StdPeriph_Lib\Project\STM8L151G6U6_Sx1278\EWSTM8\STM8L15X_MD(STM8L15xx4_6)\Obj\stm8l15x_itc.o"
#        "D:\stm8lora\src\stm8l15x-sx1278\STM8L15x-16x-05x-AL31-L_StdPeriph_Lib\Project\STM8L151G6U6_Sx1278\EWSTM8\STM8L15X_MD(STM8L15xx4_6)\Obj\stm8l15x_iwdg.o"
#        "D:\stm8lora\src\stm8l15x-sx1278\STM8L15x-16x-05x-AL31-L_StdPeriph_Lib\Project\STM8L151G6U6_Sx1278\EWSTM8\STM8L15X_MD(STM8L15xx4_6)\Obj\stm8l15x_lcd.o"
#        "D:\stm8lora\src\stm8l15x-sx1278\STM8L15x-16x-05x-AL31-L_StdPeriph_Lib\Project\STM8L151G6U6_Sx1278\EWSTM8\STM8L15X_MD(STM8L15xx4_6)\Obj\stm8l15x_pwr.o"
#        "D:\stm8lora\src\stm8l15x-sx1278\STM8L15x-16x-05x-AL31-L_StdPeriph_Lib\Project\STM8L151G6U6_Sx1278\EWSTM8\STM8L15X_MD(STM8L15xx4_6)\Obj\stm8l15x_rst.o"
#        "D:\stm8lora\src\stm8l15x-sx1278\STM8L15x-16x-05x-AL31-L_StdPeriph_Lib\Project\STM8L151G6U6_Sx1278\EWSTM8\STM8L15X_MD(STM8L15xx4_6)\Obj\stm8l15x_rtc.o"
#        "D:\stm8lora\src\stm8l15x-sx1278\STM8L15x-16x-05x-AL31-L_StdPeriph_Lib\Project\STM8L151G6U6_Sx1278\EWSTM8\STM8L15X_MD(STM8L15xx4_6)\Obj\stm8l15x_spi.o"
#        "D:\stm8lora\src\stm8l15x-sx1278\STM8L15x-16x-05x-AL31-L_StdPeriph_Lib\Project\STM8L151G6U6_Sx1278\EWSTM8\STM8L15X_MD(STM8L15xx4_6)\Obj\stm8l15x_syscfg.o"
#        "D:\stm8lora\src\stm8l15x-sx1278\STM8L15x-16x-05x-AL31-L_StdPeriph_Lib\Project\STM8L151G6U6_Sx1278\EWSTM8\STM8L15X_MD(STM8L15xx4_6)\Obj\stm8l15x_tim1.o"
#        "D:\stm8lora\src\stm8l15x-sx1278\STM8L15x-16x-05x-AL31-L_StdPeriph_Lib\Project\STM8L151G6U6_Sx1278\EWSTM8\STM8L15X_MD(STM8L15xx4_6)\Obj\stm8l15x_tim2.o"
#        "D:\stm8lora\src\stm8l15x-sx1278\STM8L15x-16x-05x-AL31-L_StdPeriph_Lib\Project\STM8L151G6U6_Sx1278\EWSTM8\STM8L15X_MD(STM8L15xx4_6)\Obj\stm8l15x_tim3.o"
#        "D:\stm8lora\src\stm8l15x-sx1278\STM8L15x-16x-05x-AL31-L_StdPeriph_Lib\Project\STM8L151G6U6_Sx1278\EWSTM8\STM8L15X_MD(STM8L15xx4_6)\Obj\stm8l15x_tim4.o"
#        "D:\stm8lora\src\stm8l15x-sx1278\STM8L15x-16x-05x-AL31-L_StdPeriph_Lib\Project\STM8L151G6U6_Sx1278\EWSTM8\STM8L15X_MD(STM8L15xx4_6)\Obj\stm8l15x_tim5.o"
#        "D:\stm8lora\src\stm8l15x-sx1278\STM8L15x-16x-05x-AL31-L_StdPeriph_Lib\Project\STM8L151G6U6_Sx1278\EWSTM8\STM8L15X_MD(STM8L15xx4_6)\Obj\stm8l15x_usart.o"
#        "D:\stm8lora\src\stm8l15x-sx1278\STM8L15x-16x-05x-AL31-L_StdPeriph_Lib\Project\STM8L151G6U6_Sx1278\EWSTM8\STM8L15X_MD(STM8L15xx4_6)\Obj\stm8l15x_wfe.o"
#        "D:\stm8lora\src\stm8l15x-sx1278\STM8L15x-16x-05x-AL31-L_StdPeriph_Lib\Project\STM8L151G6U6_Sx1278\EWSTM8\STM8L15X_MD(STM8L15xx4_6)\Obj\stm8l15x_wwdg.o"
#        "D:\stm8lora\src\stm8l15x-sx1278\STM8L15x-16x-05x-AL31-L_StdPeriph_Lib\Project\STM8L151G6U6_Sx1278\EWSTM8\STM8L15X_MD(STM8L15xx4_6)\Obj\sx1276-board.o"
#        "D:\stm8lora\src\stm8l15x-sx1278\STM8L15x-16x-05x-AL31-L_StdPeriph_Lib\Project\STM8L151G6U6_Sx1278\EWSTM8\STM8L15X_MD(STM8L15xx4_6)\Obj\sx1276.o"
#        "D:\stm8lora\src\stm8l15x-sx1278\STM8L15x-16x-05x-AL31-L_StdPeriph_Lib\Project\STM8L151G6U6_Sx1278\EWSTM8\STM8L15X_MD(STM8L15xx4_6)\Obj\system.o"
#        "D:\stm8lora\src\stm8l15x-sx1278\STM8L15x-16x-05x-AL31-L_StdPeriph_Lib\Project\STM8L151G6U6_Sx1278\EWSTM8\STM8L15X_MD(STM8L15xx4_6)\Obj\test_mode.o"
#        "D:\stm8lora\src\stm8l15x-sx1278\STM8L15x-16x-05x-AL31-L_StdPeriph_Lib\Project\STM8L151G6U6_Sx1278\EWSTM8\STM8L15X_MD(STM8L15xx4_6)\Obj\timer.o"
#        "D:\stm8lora\src\stm8l15x-sx1278\STM8L15x-16x-05x-AL31-L_StdPeriph_Lib\Project\STM8L151G6U6_Sx1278\EWSTM8\STM8L15X_MD(STM8L15xx4_6)\Obj\utilities.o"
#        "D:\stm8lora\src\stm8l15x-sx1278\STM8L15x-16x-05x-AL31-L_StdPeriph_Lib\Project\STM8L151G6U6_Sx1278\EWSTM8\STM8L15X_MD(STM8L15xx4_6)\Obj\wakeup_mode.o"
#        --redirect _Printf=_PrintfFullNoMb --redirect _Scanf=_ScanfFullNoMb -o
#        "D:\stm8lora\src\stm8l15x-sx1278\STM8L15x-16x-05x-AL31-L_StdPeriph_Lib\Project\STM8L151G6U6_Sx1278\EWSTM8\STM8L15X_MD(STM8L15xx4_6)\Exe\project.out"
#        --map
#        "D:\stm8lora\src\stm8l15x-sx1278\STM8L15x-16x-05x-AL31-L_StdPeriph_Lib\Project\STM8L151G6U6_Sx1278\EWSTM8\STM8L15X_MD(STM8L15xx4_6)\List\project.map"
#        --config "C:\Program Files (x86)\IAR Systems\Embedded Workbench
#        7.3\stm8\config\lnkstm8l151g6.icf" --config_def _CSTACK_SIZE=0xA0
#        --config_def _HEAP_SIZE=0x00 --entry __iar_program_start --debug_lib
#
###############################################################################

*******************************************************************************
*** RUNTIME MODEL ATTRIBUTES
***

__Heap_Handler             = Basic
__SystemLibrary            = DLib
__code_model               = medium_or_large
__core                     = stm8
__data_model               = medium
__dlib_file_descriptor     = 1
__dlib_full_locale_support = 1
__rt_version               = 4


*******************************************************************************
*** PLACEMENT SUMMARY
***

"A1":  place at start of [0x000000-0x0000ff] { rw section .vregs };
"A2":  place at end of [0x000000-0x0007ff] { block CSTACK };
"P2":  place in [from 0x000000 to 0x0007ff] {
          block HEAP, rw section __DLIB_PERTHREAD, rw section .far.bss,
          rw section .far.data, rw section .far.noinit,
          rw section .far_func.textrw, rw section .huge.bss,
          rw section .huge.data, rw section .huge.noinit,
          rw section .huge_func.textrw, rw section .iar.dynexit,
          rw section .near.bss, rw section .near.data, rw section .near.noinit,
          rw section .near_func.textrw };
"A3":  place at start of [0x008000-0x00ffff] { block INTVEC };
"P3":  place in [from 0x008000 to 0x00ffff] {
          ro section __DLIB_PERTHREAD_init, ro section .far.data_init,
          ro section .far_func.textrw_init, ro section .huge.data_init,
          ro section .huge_func.textrw_init, ro section .iar.init_table,
          ro section .init_array, ro section .near.data_init,
          ro section .near.rodata, ro section .near_func.text,
          ro section .near_func.textrw_init, ro section .tiny.data_init,
          ro section .tiny.rodata_init };
"P4":  place in [from 0x008000 to 0x00ffff] {
          ro section .far.rodata, ro section .far_func.text };
"P7":  place in [from 0x001000 to 0x0013ff] { section .eeprom.data };

  Section            Kind      Address    Size  Object
  -------            ----      -------    ----  ------
"A1":                                     0x10
  .vregs             uninit   0x000000    0x10  vregs.o [4]
                            - 0x000010    0x10

"P2", part 1 of 2:                        0x52
  P2-1                        0x000010    0x52  <Init block>
    .near.data       inited   0x000010    0x10  LoRaMacCrypto.o [1]
    .near.data       inited   0x000020    0x10  LoRaMacCrypto.o [1]
    .near.data       inited   0x000030     0x4  timer.o [1]
    .near.data       inited   0x000034    0x2e  localeconv.o [4]
                            - 0x000062    0x52

"P2", part 2 of 2:                       0x6be
  .near.bss          zero     0x000062   0x115  LoRaMacCrypto.o [1]
  .near.bss          zero     0x000177   0x100  crc8.o [1]
  .near.bss          zero     0x000277    0xf1  LoRaMacCrypto.o [1]
  .near.bss          zero     0x000368    0x83  comport.o [1]
  .near.bss          zero     0x0003eb    0x83  comport.o [1]
  .near.bss          zero     0x00046e    0x83  modem.o [1]
  .near.bss          zero     0x0004f1    0x51  sx1276.o [1]
  .near.bss          zero     0x000542    0x3d  board.o [1]
  .near.bss          zero     0x00057f    0x3a  sx1276.o [1]
  .near.bss          zero     0x0005b9    0x2c  LoRaMac.o [1]
  .near.bss          zero     0x0005e5    0x15  config_mode.o [1]
  .near.bss          zero     0x0005fa    0x15  LoRaMac.o [1]
  .near.bss          zero     0x00060f    0x15  lowpower_mode.o [1]
  .near.bss          zero     0x000624    0x15  normal_mode.o [1]
  .near.bss          zero     0x000639    0x15  test_mode.o [1]
  .near.bss          zero     0x00064e    0x15  wakeup_mode.o [1]
  .near.bss          zero     0x000663    0x10  LoRaMac.o [1]
  .near.bss          zero     0x000673    0x10  LoRaMac.o [1]
  .near.bss          zero     0x000683    0x10  LoRaMacCrypto.o [1]
  .near.bss          zero     0x000693    0x10  LoRaMacCrypto.o [1]
  .near.bss          zero     0x0006a3     0xe  LoRaMac.o [1]
  .near.bss          zero     0x0006b1     0xe  sx1276.o [1]
  .near.bss          zero     0x0006bf     0xe  sx1276.o [1]
  .near.bss          zero     0x0006cd     0xe  sx1276.o [1]
  .near.bss          zero     0x0006db     0x8  frame.o [1]
  .near.bss          zero     0x0006e3     0x8  LoRaMac.o [1]
  .near.bss          zero     0x0006eb     0x6  cfg_parm.o [1]
  .near.bss          zero     0x0006f1     0x4  LoRaMac.o [1]
  .near.bss          zero     0x0006f5     0x4  LoRaMac.o [1]
  .near.bss          zero     0x0006f9     0x4  LoRaMac.o [1]
  .near.bss          zero     0x0006fd     0x4  LoRaMac.o [1]
  .near.bss          zero     0x000701     0x4  timer.o [1]
  .near.bss          zero     0x000705     0x4  timer.o [1]
  .near.bss          zero     0x000709     0x3  localeconv.o [4]
  .near.bss          zero     0x00070c     0x2  LoRaMac.o [1]
  .near.bss          zero     0x00070e     0x2  LoRaMac.o [1]
  .near.bss          zero     0x000710     0x2  sx1276.o [1]
  .near.bss          zero     0x000712     0x2  test_mode.o [1]
  .near.bss          zero     0x000714     0x2  timer.o [1]
  .near.bss          zero     0x000716     0x1  LoRaMac.o [1]
  .near.bss          zero     0x000717     0x1  LoRaMac.o [1]
  .near.bss          zero     0x000718     0x1  LoRaMac.o [1]
  .near.bss          zero     0x000719     0x1  LoRaMac.o [1]
  .near.bss          zero     0x00071a     0x1  lowpower_mode.o [1]
  .near.bss          zero     0x00071b     0x1  normal_mode.o [1]
  .near.bss          zero     0x00071c     0x1  sx1276-board.o [1]
  .near.bss          zero     0x00071d     0x1  system.o [1]
  .near.bss          zero     0x00071e     0x1  test_mode.o [1]
  .near.bss          zero     0x00071f     0x1  wakeup_mode.o [1]
                            - 0x000720   0x6be

"A2":                                     0xa0
  CSTACK                      0x000760    0xa0  <Block>
    CSTACK           uninit   0x000760    0xa0  <Block tail>
                            - 0x000800    0xa0

"P7":                                     0x1a
  .eeprom.data       rw data  0x001000    0x14  manufacture_parm.o [1]
  .eeprom.data       rw data  0x001014     0x6  cfg_parm.o [1]
                            - 0x00101a    0x1a

"A3":                                     0x80
  INTVEC                      0x008000    0x80  <Block>
    .intvec          const    0x008000    0x80  interrupt.o [4]
                            - 0x008080    0x80

"P3":                                    0x51a
  .near.rodata       const    0x008080   0x100  aes.o [1]
  .near.rodata       const    0x008180   0x100  aes.o [1]
  .near.rodata       const    0x008280   0x100  aes.o [1]
  Initializer bytes  const    0x008380    0x52  <for P2-1>
  .near.rodata       const    0x0083d2    0x51  sx1276-board.o [1]
  .near_func.text    const    0x008423    0x3c  xprintffull_nomb.o [4]
  .near.rodata       const    0x00845f    0x30  sx1276.o [1]
  .near.rodata       const    0x00848f    0x23  modem.o [1]
  .near.rodata       const    0x0084b2    0x23  test_mode.o [1]
  .iar.init_table    const    0x0084d5    0x14  - Linker created -
  .near.rodata       const    0x0084e9    0x10  test_mode.o [1]
  .near.rodata       const    0x0084f9     0xe  test_mode.o [1]
  .near.rodata       const    0x008507     0xc  lowpower_mode.o [1]
  .near.rodata       const    0x008513     0xc  normal_mode.o [1]
  .near.rodata       const    0x00851f     0xb  LoRaMac.o [1]
  .near.rodata       const    0x00852a     0xb  lowpower_mode.o [1]
  .near.rodata       const    0x008535     0xa  lowpower_mode.o [1]
  .near.rodata       const    0x00853f     0x9  config_mode.o [1]
  .near.rodata       const    0x008548     0x9  normal_mode.o [1]
  .near.rodata       const    0x008551     0x9  wakeup_mode.o [1]
  .near.rodata       const    0x00855a     0x7  test_mode.o [1]
  .near.rodata       const    0x008561     0x7  xprintffull_nomb.o [4]
  .near.rodata       const    0x008568     0x6  modem.o [1]
  .near.rodata       const    0x00856e     0x6  localeconv.o [4]
  .near.rodata       const    0x008574     0x5  stm8l15x_clk.o [1]
  .near.rodata       const    0x008579     0x5  localeconv.o [4]
  .near.rodata       const    0x00857e     0x4  modem.o [1]
  .near.rodata       const    0x008582     0x4  xprintffull_nomb.o [4]
  .near.rodata       const    0x008586     0x4  xprintffull_nomb.o [4]
  .near.rodata       const    0x00858a     0x4  xprintffull_nomb.o [4]
  .near.rodata       const    0x00858e     0x4  xprintffull_nomb.o [4]
  .near.rodata       const    0x008592     0x3  modem.o [1]
  .near.rodata       const    0x008595     0x2  xprintffull_nomb.o [4]
  .near.rodata       const    0x008597     0x2  localeconv.o [4]
  .near.rodata       const    0x008599     0x1  localeconv.o [4]
                            - 0x00859a   0x51a

"P4":                                   0x78ef
  .far_func.text     ro code  0x00859a  0x1028  sx1276.o [1]
  .far_func.text     ro code  0x0095c2   0x4f2  xprintffull_nomb.o [4]
  .far_func.text     ro code  0x009ab4   0x4d6  float.o [4]
  .far_func.text     ro code  0x009f8a   0x49a  xprintffull_nomb.o [4]
  .far_func.text     ro code  0x00a424   0x480  LoRaMac.o [1]
  .far_func.text     ro code  0x00a8a4   0x3bf  xprintffull_nomb.o [4]
  .far_func.text     ro code  0x00ac63   0x2ed  config_mode.o [1]
  .far_func.text     ro code  0x00af50   0x2b1  normal_mode.o [1]
  .far_func.text     ro code  0x00b201   0x273  board.o [1]
  .far_func.text     ro code  0x00b474   0x261  long.o [4]
  .far_func.text     ro code  0x00b6d5   0x25a  aes.o [1]
  .far_func.text     ro code  0x00b92f   0x24f  timer.o [1]
  .far_func.text     ro code  0x00bb7e   0x224  vreg_util.o [4]
  .far_func.text     ro code  0x00bda2   0x21f  cmac.o [1]
  .far_func.text     ro code  0x00bfc1   0x219  wakeup_mode.o [1]
  .far_func.text     ro code  0x00c1da   0x210  aes.o [1]
  .far_func.text     ro code  0x00c3ea   0x1e4  LoRaMac.o [1]
  .far_func.text     ro code  0x00c5ce   0x1d2  sx1276.o [1]
  .far_func.text     ro code  0x00c7a0   0x1bc  comport.o [1]
  .far_func.text     ro code  0x00c95c   0x19f  cmac.o [1]
  .far_func.text     ro code  0x00cafb   0x17f  xprintffull_nomb.o [4]
  .far_func.text     ro code  0x00cc7a   0x17c  lowpower_mode.o [1]
  .far_func.text     ro code  0x00cdf6   0x162  float_libsup.o [4]
  .far_func.text     ro code  0x00cf58   0x132  modem.o [1]
  .far_func.text     ro code  0x00d08a   0x124  aes.o [1]
  .far_func.text     ro code  0x00d1ae   0x119  lowpower_mode.o [1]
  .far_func.text     ro code  0x00d2c7   0x112  LoRaMacCrypto.o [1]
  .far_func.text     ro code  0x00d3d9    0xf3  aes.o [1]
  .far_func.text     ro code  0x00d4cc    0xee  frame.o [1]
  .far_func.text     ro code  0x00d5ba    0xee  LoRaMacCrypto.o [1]
  .far_func.text     ro code  0x00d6a8    0xe8  timer.o [1]
  .far_func.text     ro code  0x00d790    0xe4  long_util.o [4]
  .far_func.text     ro code  0x00d874    0xe2  stm8l15x_rtc.o [1]
  .far_func.text     ro code  0x00d956    0xe2  sx1276-board.o [1]
  .far_func.text     ro code  0x00da38    0xce  wakeup_mode.o [1]
  .far_func.text     ro code  0x00db06    0xca  xdint.o [4]
  .far_func.text     ro code  0x00dbd0    0xc3  stm8l15x_it.o [1]
  .far_func.text     ro code  0x00dc93    0xbd  stm8l15x_exti.o [1]
  .far_func.text     ro code  0x00dd50    0xb9  LoRaMacCrypto.o [1]
  .far_func.text     ro code  0x00de09    0xb0  lowpower_mode.o [1]
  .far_func.text     ro code  0x00deb9    0xa7  aes.o [1]
  .far_func.text     ro code  0x00df60    0xa6  LoRaMacCrypto.o [1]
  .far_func.text     ro code  0x00e006    0x9d  sx1276-board.o [1]
  .far_func.text     ro code  0x00e0a3    0x9b  timer.o [1]
  .far_func.text     ro code  0x00e13e    0x99  sx1276.o [1]
  .far_func.text     ro code  0x00e1d7    0x94  normal_mode.o [1]
  .far_func.text     ro code  0x00e26b    0x94  test_mode.o [1]
  .far_func.text     ro code  0x00e2ff    0x94  wakeup_mode.o [1]
  .far_func.text     ro code  0x00e393    0x8c  sx1276.o [1]
  .far_func.text     ro code  0x00e41f    0x86  stm8l15x_usart.o [1]
  .far_func.text     ro code  0x00e4a5    0x76  aes.o [1]
  .far_func.text     ro code  0x00e51b    0x76  stm8l15x_gpio.o [1]
  .far_func.text     ro code  0x00e591    0x74  cfg_parm.o [1]
  .far_func.text     ro code  0x00e605    0x71  test_mode.o [1]
  .far_func.text     ro code  0x00e676    0x6f  stm8l15x_usart.o [1]
  .far_func.text     ro code  0x00e6e5    0x68  cfg_parm.o [1]
  .far_func.text     ro code  0x00e74d    0x63  stm8l15x_clk.o [1]
  .far_func.text     ro code  0x00e7b0    0x63  stm8l15x_it.o [1]
  .far_func.text     ro code  0x00e813    0x61  lowpower_mode.o [1]
  .far_func.text     ro code  0x00e874    0x60  cfg_parm.o [1]
  .far_func.text     ro code  0x00e8d4    0x60  wakeup_mode.o [1]
  .far_func.text     ro code  0x00e934    0x5b  LoRaMacCrypto.o [1]
  .far_func.text     ro code  0x00e98f    0x58  dc_util.o [4]
  .far_func.text     ro code  0x00e9e7    0x56  comport.o [1]
  .far_func.text     ro code  0x00ea3d    0x55  ring_buf.o [1]
  .far_func.text     ro code  0x00ea92    0x52  far_util.o [4]
  .far_func.text     ro code  0x00eae4    0x51  delay.o [1]
  .far_func.text     ro code  0x00eb35    0x51  xprintffull_nomb.o [4]
  .far_func.text     ro code  0x00eb86    0x4b  xprintffull_nomb.o [4]
  .far_func.text     ro code  0x00ebd1    0x4a  stm8l15x_beep.o [1]
  .far_func.text     ro code  0x00ec1b    0x49  spi-board.o [1]
  .far_func.text     ro code  0x00ec64    0x49  sx1276.o [1]
  .far_func.text     ro code  0x00ecad    0x48  main.o [1]
  .far_func.text     ro code  0x00ecf5    0x47  ring_buf.o [1]
  .far_func.text     ro code  0x00ed3c    0x46  eeprom.o [1]
  .far_func.text     ro code  0x00ed82    0x46  short.o [4]
  .far_func.text     ro code  0x00edc8    0x46  ceil.o [4]
  .far_func.text     ro code  0x00ee0e    0x46  floor.o [4]
  .far_func.text     ro code  0x00ee54    0x43  crc8.o [1]
  .far_func.text     ro code  0x00ee97    0x43  lowpower_mode.o [1]
  .far_func.text     ro code  0x00eeda    0x43  lowpower_mode.o [1]
  .far_func.text     ro code  0x00ef1d    0x42  spi-board.o [1]
  .far_func.text     ro code  0x00ef5f    0x3f  cfg_parm.o [1]
  .far_func.text     ro code  0x00ef9e    0x3f  cfg_parm.o [1]
  .far_func.text     ro code  0x00efdd    0x3f  LoRaMac.o [1]
  .far_func.text     ro code  0x00f01c    0x3d  xprintffull_nomb.o [4]
  .far_func.text     ro code  0x00f059    0x3c  cfg_parm.o [1]
  .far_func.text     ro code  0x00f095    0x3c  stm8l15x_rtc.o [1]
  .far_func.text     ro code  0x00f0d1    0x3b  xprintffull_nomb.o [4]
  .far_func.text     ro code  0x00f10c    0x3a  ring_buf.o [1]
  .far_func.text     ro code  0x00f146    0x39  stm8l15x_clk.o [1]
  .far_func.text     ro code  0x00f17f    0x37  sx1276.o [1]
  .far_func.text     ro code  0x00f1b6    0x36  stm8l15x_rtc.o [1]
  .far_func.text     ro code  0x00f1ec    0x34  stm8l15x_spi.o [1]
  .far_func.text     ro code  0x00f220    0x34  div.o [4]
  .far_func.text     ro code  0x00f254    0x32  cmac.o [1]
  .far_func.text     ro code  0x00f286    0x32  stm8l15x_flash.o [1]
  .far_func.text     ro code  0x00f2b8    0x31  eeprom.o [1]
  .far_func.text     ro code  0x00f2e9    0x31  ring_buf.o [1]
  .far_func.text     ro code  0x00f31a    0x30  lowpower_mode.o [1]
  .far_func.text     ro code  0x00f34a    0x30  stm8l15x_it.o [1]
  .far_func.text     ro code  0x00f37a    0x30  stm8l15x_usart.o [1]
  .far_func.text     ro code  0x00f3aa    0x2f  comport.o [1]
  .far_func.text     ro code  0x00f3d9    0x2f  stm8l15x_rtc.o [1]
  .far_func.text     ro code  0x00f408    0x2e  sx1276-board.o [1]
  .far_func.text     ro code  0x00f436    0x2e  xprintffull_nomb.o [4]
  .far_func.text     ro code  0x00f464    0x2d  LoRaMac.o [1]
  .far_func.text     ro code  0x00f491    0x2a  sx1276.o [1]
  .far_func.text     ro code  0x00f4bb    0x29  stm8l15x_it.o [1]
  .far_func.text     ro code  0x00f4e4    0x28  crc8.o [1]
  .far_func.text     ro code  0x00f50c    0x28  printf.o [4]
  .far_func.text     ro code  0x00f534    0x28  init_small.o [4]
  .far_func.text     ro code  0x00f55c    0x27  sx1276-board.o [1]
  .far_func.text     ro code  0x00f583    0x26  normal_mode.o [1]
  .far_func.text     ro code  0x00f5a9    0x26  memcpy.o [4]
  .far_func.text     ro code  0x00f5cf    0x25  ring_buf.o [1]
  .far_func.text     ro code  0x00f5f4    0x23  frame.o [1]
  .far_func.text     ro code  0x00f617    0x23  LoRaMacCrypto.o [1]
  .far_func.text     ro code  0x00f63a    0x23  stm8l15x_it.o [1]
  .far_func.text     ro code  0x00f65d    0x23  stm8l15x_it.o [1]
  .far_func.text     ro code  0x00f680    0x23  stm8l15x_it.o [1]
  .far_func.text     ro code  0x00f6a3    0x23  stm8l15x_it.o [1]
  .far_func.text     ro code  0x00f6c6    0x23  stm8l15x_rtc.o [1]
  .far_func.text     ro code  0x00f6e9    0x23  stm8l15x_rtc.o [1]
  .far_func.text     ro code  0x00f70c    0x23  timer.o [1]
  .far_func.text     ro code  0x00f72f    0x23  utilities.o [1]
  .far_func.text     ro code  0x00f752    0x21  stm8l15x_it.o [1]
  .far_func.text     ro code  0x00f773    0x20  lowpower_mode.o [1]
  .far_func.text     ro code  0x00f793    0x20  lowpower_mode.o [1]
  .far_func.text     ro code  0x00f7b3    0x20  normal_mode.o [1]
  .far_func.text     ro code  0x00f7d3    0x20  normal_mode.o [1]
  .far_func.text     ro code  0x00f7f3    0x20  normal_mode.o [1]
  .far_func.text     ro code  0x00f813    0x20  wakeup_mode.o [1]
  .far_func.text     ro code  0x00f833    0x20  wakeup_mode.o [1]
  .far_func.text     ro code  0x00f853    0x20  wakeup_mode.o [1]
  .far_func.text     ro code  0x00f873    0x20  wakeup_mode.o [1]
  .far_func.text     ro code  0x00f893    0x1f  cfg_parm.o [1]
  .far_func.text     ro code  0x00f8b2    0x1f  ring_buf.o [1]
  .far_func.text     ro code  0x00f8d1    0x1f  xprout.o [4]
  .far_func.text     ro code  0x00f8f0    0x1e  stm8l15x_it.o [1]
  .far_func.text     ro code  0x00f90e    0x1e  stm8l15x_it.o [1]
  .far_func.text     ro code  0x00f92c    0x1e  stm8l15x_usart.o [1]
  .far_func.text     ro code  0x00f94a    0x1e  init.o [4]
  .far_func.text     ro code  0x00f968    0x1e  init_small.o [4]
  .far_func.text     ro code  0x00f986    0x1d  stm8l15x_it.o [1]
  .far_func.text     ro code  0x00f9a3    0x1d  stm8l15x_it.o [1]
  .far_func.text     ro code  0x00f9c0    0x1c  board.o [1]
  .far_func.text     ro code  0x00f9dc    0x1c  cfg_parm.o [1]
  .far_func.text     ro code  0x00f9f8    0x1c  modem.o [1]
  .far_func.text     ro code  0x00fa14    0x1c  timer.o [1]
  .far_func.text     ro code  0x00fa30    0x1a  sx1276-board.o [1]
  .far_func.text     ro code  0x00fa4a    0x19  stm8l15x_flash.o [1]
  .far_func.text     ro code  0x00fa63    0x18  utilities.o [1]
  .far_func.text     ro code  0x00fa7b    0x18  memchr.o [4]
  .far_func.text     ro code  0x00fa93    0x17  cfg_parm.o [1]
  .far_func.text     ro code  0x00faaa    0x17  stm8l15x_spi.o [1]
  .far_func.text     ro code  0x00fac1    0x17  cstartup.o [4]
  .far_func.text     ro code  0x00fad8    0x17  memset.o [4]
  .far_func.text     ro code  0x00faef    0x16  aes.o [1]
  .far_func.text     ro code  0x00fb05    0x16  ring_buf.o [1]
  .far_func.text     ro code  0x00fb1b    0x16  stm8l15x_exti.o [1]
  .far_func.text     ro code  0x00fb31    0x16  sx1276-board.o [1]
  .far_func.text     ro code  0x00fb47    0x16  __dbg_xxexit.o [3]
  .far_func.text     ro code  0x00fb5d    0x15  hex.o [1]
  .far_func.text     ro code  0x00fb72    0x15  stm8l15x_gpio.o [1]
  .far_func.text     ro code  0x00fb87    0x15  stm8l15x_gpio.o [1]
  .far_func.text     ro code  0x00fb9c    0x15  stm8l15x_rtc.o [1]
  .far_func.text     ro code  0x00fbb1    0x15  xprintffull_nomb.o [4]
  .far_func.text     ro code  0x00fbc6    0x15  strchr.o [4]
  .far_func.text     ro code  0x00fbdb    0x13  stm8l15x_spi.o [1]
  .far_func.text     ro code  0x00fbee    0x13  stm8l15x_tim4.o [1]
  .far_func.text     ro code  0x00fc01    0x13  sx1276-board.o [1]
  .far_func.text     ro code  0x00fc14    0x12  strlen.o [4]
  .far_func.text     ro code  0x00fc26    0x11  hex.o [1]
  .far_func.text     ro code  0x00fc37    0x11  stm8l15x_tim4.o [1]
  .far_func.text     ro code  0x00fc48    0x10  cfg_parm.o [1]
  .far_func.text     ro code  0x00fc58    0x10  stm8l15x_usart.o [1]
  .far_func.text     ro code  0x00fc68    0x10  xprintffull_nomb.o [4]
  .far_func.text     ro code  0x00fc78     0xf  sx1276.o [1]
  .far_func.text     ro code  0x00fc87     0xf  system.o [1]
  .far_func.text     ro code  0x00fc96     0xe  localeconv.o [4]
  .far_func.text     ro code  0x00fca4     0xe  localeconv.o [4]
  .far_func.text     ro code  0x00fcb2     0xd  cmac.o [1]
  .far_func.text     ro code  0x00fcbf     0xd  stm8l15x_beep.o [1]
  .far_func.text     ro code  0x00fccc     0xd  stm8l15x_beep.o [1]
  .far_func.text     ro code  0x00fcd9     0xd  stm8l15x_clk.o [1]
  .far_func.text     ro code  0x00fce6     0xd  stm8l15x_clk.o [1]
  .far_func.text     ro code  0x00fcf3     0xd  stm8l15x_clk.o [1]
  .far_func.text     ro code  0x00fd00     0xd  stm8l15x_pwr.o [1]
  .far_func.text     ro code  0x00fd0d     0xd  stm8l15x_tim4.o [1]
  .far_func.text     ro code  0x00fd1a     0xd  move.o [4]
  .far_func.text     ro code  0x00fd27     0xc  ring_buf.o [1]
  .far_func.text     ro code  0x00fd33     0xc  char.o [4]
  .far_func.text     ro code  0x00fd3f     0xc  switch.o [4]
  .far_func.text     ro code  0x00fd4b     0xc  xprintffull_nomb.o [4]
  .far_func.text     ro code  0x00fd57     0xc  xprintffull_nomb.o [4]
  .far_func.text     ro code  0x00fd63     0xb  LoRaMac.o [1]
  .far_func.text     ro code  0x00fd6e     0xb  LoRaMac.o [1]
  .far_func.text     ro code  0x00fd79     0xb  LoRaMac.o [1]
  .far_func.text     ro code  0x00fd84     0xb  LoRaMac.o [1]
  .far_func.text     ro code  0x00fd8f     0xb  xprintffull_nomb.o [4]
  .far_func.text     ro code  0x00fd9a     0xb  localeconv.o [4]
  .far_func.text     ro code  0x00fda5     0xa  delay.o [1]
  .far_func.text     ro code  0x00fdaf     0xa  stm8l15x_clk.o [1]
  .far_func.text     ro code  0x00fdb9     0xa  stm8l15x_rtc.o [1]
  .far_func.text     ro code  0x00fdc3     0xa  system.o [1]
  .far_func.text     ro code  0x00fdcd     0xa  far.o [4]
  .far_func.text     ro code  0x00fdd7     0xa  xprintffull_nomb.o [4]
  .far_func.text     ro code  0x00fde1     0x9  sx1276-board.o [1]
  .far_func.text     ro code  0x00fdea     0x8  sx1276.o [1]
  .far_func.text     ro code  0x00fdf2     0x8  xprintffull_nomb.o [4]
  .far_func.text     ro code  0x00fdfa     0x7  stm8l15x_flash.o [1]
  .far_func.text     ro code  0x00fe01     0x7  stm8l15x_gpio.o [1]
  .far_func.text     ro code  0x00fe08     0x7  stm8l15x_gpio.o [1]
  .far_func.text     ro code  0x00fe0f     0x7  sx1276-board.o [1]
  .far_func.text     ro code  0x00fe16     0x7  timer.o [1]
  .far_func.text     ro code  0x00fe1d     0x7  xprintffull_nomb.o [4]
  .far_func.text     ro code  0x00fe24     0x6  xprintffull_nomb.o [4]
  .far_func.text     ro code  0x00fe2a     0x6  cexit.o [4]
  .far_func.text     ro code  0x00fe30     0x5  stm8l15x_tim2.o [1]
  .far_func.text     ro code  0x00fe35     0x5  stm8l15x_tim4.o [1]
  .far_func.text     ro code  0x00fe3a     0x5  stm8l15x_tim4.o [1]
  .far_func.text     ro code  0x00fe3f     0x5  stm8l15x_usart.o [1]
  .far_func.text     ro code  0x00fe44     0x5  stm8l15x_usart.o [1]
  .far_func.text     ro code  0x00fe49     0x4  stm8l15x_clk.o [1]
  .far_func.text     ro code  0x00fe4d     0x4  stm8l15x_clk.o [1]
  .far_func.text     ro code  0x00fe51     0x4  stm8l15x_clk.o [1]
  .far_func.text     ro code  0x00fe55     0x4  stm8l15x_flash.o [1]
  .far_func.text     ro code  0x00fe59     0x4  stm8l15x_gpio.o [1]
  .far_func.text     ro code  0x00fe5d     0x4  interrupt.o [4]
  .far_func.text     ro code  0x00fe61     0x4  exit.o [4]
  .far_func.text     ro code  0x00fe65     0x3  stm8l15x_usart.o [1]
  .far_func.text     ro code  0x00fe68     0x3  stm8l15x_usart.o [1]
  .far_func.text     ro code  0x00fe6b     0x3  sx1276-board.o [1]
  .far_func.text     ro code  0x00fe6e     0x3  low_level_init.o [4]
  .far_func.text     ro code  0x00fe71     0x3  unhandled_exception.o [4]
  .far_func.text     ro code  0x00fe74     0x1  board.o [1]
  .far_func.text     ro code  0x00fe75     0x1  LoRaMac.o [1]
  .far_func.text     ro code  0x00fe76     0x1  stm8l15x_it.o [1]
  .far_func.text     ro code  0x00fe77     0x1  stm8l15x_it.o [1]
  .far_func.text     ro code  0x00fe78     0x1  stm8l15x_it.o [1]
  .far_func.text     ro code  0x00fe79     0x1  stm8l15x_it.o [1]
  .far_func.text     ro code  0x00fe7a     0x1  stm8l15x_it.o [1]
  .far_func.text     ro code  0x00fe7b     0x1  stm8l15x_it.o [1]
  .far_func.text     ro code  0x00fe7c     0x1  stm8l15x_it.o [1]
  .far_func.text     ro code  0x00fe7d     0x1  stm8l15x_it.o [1]
  .far_func.text     ro code  0x00fe7e     0x1  stm8l15x_it.o [1]
  .far_func.text     ro code  0x00fe7f     0x1  stm8l15x_it.o [1]
  .far_func.text     ro code  0x00fe80     0x1  stm8l15x_it.o [1]
  .far_func.text     ro code  0x00fe81     0x1  stm8l15x_it.o [1]
  .far_func.text     ro code  0x00fe82     0x1  stm8l15x_it.o [1]
  .far_func.text     ro code  0x00fe83     0x1  stm8l15x_it.o [1]
  .far_func.text     ro code  0x00fe84     0x1  stm8l15x_it.o [1]
  .far_func.text     ro code  0x00fe85     0x1  stm8l15x_it.o [1]
  .far_func.text     ro code  0x00fe86     0x1  stm8l15x_it.o [1]
  .far_func.text     ro code  0x00fe87     0x1  sx1276-board.o [1]
  .far_func.text     ro code  0x00fe88     0x1  __dbg_break.o [3]
                            - 0x00fe89  0x78ef


*******************************************************************************
*** INIT TABLE
***

          Address   Size
          -------   ----
Zero (__iar_zero_init2)
    1 destination range, total size 0x6be:
          0x000062  0x6be

Copy (__iar_copy_init2)
    1 source range, total size 0x52:
          0x008380   0x52
    1 destination range, total size 0x52:
          0x000010   0x52



*******************************************************************************
*** MODULE SUMMARY
***

    Module                 ro code  ro data  rw data
    ------                 -------  -------  -------
D:\stm8lora\src\stm8l15x-sx1278\STM8L15x-16x-05x-AL31-L_StdPeriph_Lib\Project\STM8L151G6U6_Sx1278\EWSTM8\STM8L15X_MD(STM8L15xx4_6)\Obj: [1]
    LoRaMac.o                1 789       11      143
    LoRaMacCrypto.o            989       32      582
    aes.o                    1 972      768
    board.o                    656                61
    cfg_parm.o                 600                12
    cmac.o                   1 021
    comport.o                  577               262
    config_mode.o              749        9       21
    crc8.o                     107               256
    delay.o                     91
    eeprom.o                   119
    frame.o                    273                 8
    hex.o                       38
    lowpower_mode.o          1 180       33       22
    main.o                      72
    manufacture_parm.o                            20
    modem.o                    334       48      131
    normal_mode.o              971       21       22
    ring_buf.o                 365
    spi-board.o                139
    stm8l15x_beep.o            100
    stm8l15x_clk.o             217        5
    stm8l15x_exti.o            211
    stm8l15x_flash.o            86
    stm8l15x_gpio.o            178
    stm8l15x_it.o              691
    stm8l15x_pwr.o              13
    stm8l15x_rtc.o             488
    stm8l15x_spi.o              94
    stm8l15x_tim2.o              5
    stm8l15x_tim4.o             59
    stm8l15x_usart.o           355
    sx1276-board.o             555       81        1
    sx1276.o                 5 088       48      183
    system.o                    25                 1
    test_mode.o                261       72       24
    timer.o                  1 048        4       14
    utilities.o                 59
    wakeup_mode.o            1 115        9       22
    ------------------------------------------------
    Total:                  22 690    1 141    1 785

command line: [2]
    ------------------------------------------------
    Total:

dbgstm8mmd.a: [3]
    __dbg_break.o                1
    __dbg_xxexit.o              22
    ------------------------------------------------
    Total:                      23

dlstm8mmf.a: [4]
    ceil.o                      70
    cexit.o                      6
    char.o                      12
    cstartup.o                  23
    dc_util.o                   88
    div.o                       52
    exit.o                       4
    far.o                       10
    far_util.o                  82
    float.o                  1 238
    float_libsup.o             354
    floor.o                     70
    init.o                      30
    init_small.o                70
    interrupt.o                  4      128
    localeconv.o                39       60       49
    long.o                     609
    long_util.o                228
    low_level_init.o             3
    memchr.o                    24
    memcpy.o                    38
    memset.o                    23
    move.o                      13
    printf.o                    40
    short.o                     70
    strchr.o                    21
    strlen.o                    18
    switch.o                    12
    unhandled_exception.o        3
    vreg_util.o                548
    vregs.o                                       16
    xdint.o                    202
    xprintffull_nomb.o       4 211       85
    xprout.o                    31
    ------------------------------------------------
    Total:                   8 246      273       65

    Linker created                       20      160
----------------------------------------------------
    Grand Total:            30 959    1 434    2 010


*******************************************************************************
*** ENTRY LIST
***

Entry                    Address   Size  Type      Object
-----                    -------   ----  ----      ------
.iar.init_table$$Base   0x0084d5          --   Gb  - Linker created -
.iar.init_table$$Limit  0x0084e9          --   Gb  - Linker created -
?add32_l0_l0_0x         0x00b4b3         Code  Gb  long.o [4]
?add32_l0_l0_l1         0x00b4b0         Code  Gb  long.o [4]
?and32_l0_l0_0x         0x00b668         Code  Gb  long.o [4]
?and32_l0_l0_l1         0x00b665         Code  Gb  long.o [4]
?b0                     0x000000         Data  Gb  vregs.o [4]
?b1                     0x000001         Data  Gb  vregs.o [4]
?b10                    0x00000a         Data  Gb  vregs.o [4]
?b11                    0x00000b         Data  Gb  vregs.o [4]
?b12                    0x00000c         Data  Gb  vregs.o [4]
?b13                    0x00000d         Data  Gb  vregs.o [4]
?b14                    0x00000e         Data  Gb  vregs.o [4]
?b15                    0x00000f         Data  Gb  vregs.o [4]
?b2                     0x000002         Data  Gb  vregs.o [4]
?b3                     0x000003         Data  Gb  vregs.o [4]
?b4                     0x000004         Data  Gb  vregs.o [4]
?b5                     0x000005         Data  Gb  vregs.o [4]
?b6                     0x000006         Data  Gb  vregs.o [4]
?b7                     0x000007         Data  Gb  vregs.o [4]
?b8                     0x000008         Data  Gb  vregs.o [4]
?b9                     0x000009         Data  Gb  vregs.o [4]
?dc32_l0                0x00e98f         Code  Gb  dc_util.o [4]
?dc32_l1                0x00e9bb         Code  Gb  dc_util.o [4]
?dec32_0x_0x            0x00b49c         Code  Gb  long.o [4]
?dec32_l0_l0            0x00b497         Code  Gb  long.o [4]
?e0                     0x000001         Data  Gb  vregs.o [4]
?e1                     0x000005         Data  Gb  vregs.o [4]
?e2                     0x000009         Data  Gb  vregs.o [4]
?e3                     0x00000d         Data  Gb  vregs.o [4]
?epilogue_l2            0x00bcba         Code  Gb  vreg_util.o [4]
?epilogue_l2_l3         0x00bcb6         Code  Gb  vreg_util.o [4]
?epilogue_l2_w6         0x00bcbf         Code  Gb  vreg_util.o [4]
?epilogue_w4            0x00bcc8         Code  Gb  vreg_util.o [4]
?fadd32_l0_l0_dc32      0x009ad8         Code  Gb  float.o [4]
?fadd32_l0_l0_l1        0x009ade         Code  Gb  float.o [4]
?fcastf32s16_l0_x       0x009d6f         Code  Gb  float.o [4]
?fcastf32s32_l0_l0      0x009e43         Code  Gb  float.o [4]
?fcastf32u16_l0_x       0x009d76         Code  Gb  float.o [4]
?fcastf32u32_l0_l0      0x009e4f         Code  Gb  float.o [4]
?fcasts16f32_x_l0       0x009d94         Code  Gb  float.o [4]
?fcasts32f32_l0_l0      0x009de0         Code  Gb  float.o [4]
?fcastu32f32_l0_l0      0x009dc9         Code  Gb  float.o [4]
?fcmpge32_c_l0_0x       0x009d0e         Code  Gb  float.o [4]
?fcmpge32_c_l0_dc32     0x009d07         Code  Gb  float.o [4]
?fcmpge32_c_l0_l1       0x009d0b         Code  Gb  float.o [4]
?fcmplt32_c_l0_0x       0x009d19         Code  Gb  float.o [4]
?fcmplt32_c_l0_dc32     0x009d12         Code  Gb  float.o [4]
?fcmplt32_c_l0_l1       0x009d16         Code  Gb  float.o [4]
?fdiv32_l0_dc32_l1      0x009c4d         Code  Gb  float.o [4]
?fdiv32_l0_l0_dc32      0x009c53         Code  Gb  float.o [4]
?fdiv32_l0_l0_l1        0x009c59         Code  Gb  float.o [4]
?fmul32_l0_l0_dc32      0x009bac         Code  Gb  float.o [4]
?fmul32_l0_l0_l1        0x009bb2         Code  Gb  float.o [4]
?fsub32_l0_l0_l1        0x009ad2         Code  Gb  float.o [4]
?inc32_0x_0x            0x00b489         Code  Gb  long.o [4]
?inc32_l0_l0            0x00b484         Code  Gb  long.o [4]
?l0                     0x000000         Data  Gb  vregs.o [4]
?l1                     0x000004         Data  Gb  vregs.o [4]
?l2                     0x000008         Data  Gb  vregs.o [4]
?l3                     0x00000c         Data  Gb  vregs.o [4]
?load24_0x_e0           0x00ead6         Code  Gb  far_util.o [4]
?load24_e0_0x           0x00ea9e         Code  Gb  far_util.o [4]
?load24_e0_asp          0x00ea92         Code  Gb  far_util.o [4]
?load24_e0_xsp          0x00ea94         Code  Gb  far_util.o [4]
?load24_e1_0x           0x00eaac         Code  Gb  far_util.o [4]
?load24_e2_0x           0x00eaba         Code  Gb  far_util.o [4]
?load24_e3_0x           0x00eac8         Code  Gb  far_util.o [4]
?load32_0x_l0           0x00d832         Code  Gb  long_util.o [4]
?load32_0x_l1           0x00d840         Code  Gb  long_util.o [4]
?load32_0x_l2           0x00d858         Code  Gb  long_util.o [4]
?load32_0x_l3           0x00d866         Code  Gb  long_util.o [4]
?load32_l0_0x           0x00d7aa         Code  Gb  long_util.o [4]
?load32_l0_asp          0x00d79e         Code  Gb  long_util.o [4]
?load32_l0_dbsp         0x00d790         Code  Gb  long_util.o [4]
?load32_l0_xsp          0x00d7a0         Code  Gb  long_util.o [4]
?load32_l1_0x           0x00d7d0         Code  Gb  long_util.o [4]
?load32_l1_asp          0x00d7c4         Code  Gb  long_util.o [4]
?load32_l1_dbsp         0x00d7b6         Code  Gb  long_util.o [4]
?load32_l1_xsp          0x00d7c6         Code  Gb  long_util.o [4]
?load32_l2_0x           0x00d7f6         Code  Gb  long_util.o [4]
?load32_l2_asp          0x00d7ea         Code  Gb  long_util.o [4]
?load32_l2_dbsp         0x00d7dc         Code  Gb  long_util.o [4]
?load32_l2_xsp          0x00d7ec         Code  Gb  long_util.o [4]
?load32_l3_0x           0x00d81c         Code  Gb  long_util.o [4]
?load32_l3_asp          0x00d810         Code  Gb  long_util.o [4]
?load32_l3_dbsp         0x00d802         Code  Gb  long_util.o [4]
?load32_l3_xsp          0x00d812         Code  Gb  long_util.o [4]
?load32_xsp_l0          0x00d828         Code  Gb  long_util.o [4]
?load32_xsp_l2          0x00d84e         Code  Gb  long_util.o [4]
?mov_e0_e1              0x00bd16         Code  Gb  vreg_util.o [4]
?mov_e0_e2              0x00bd23         Code  Gb  vreg_util.o [4]
?mov_e0_e3              0x00bd30         Code  Gb  vreg_util.o [4]
?mov_e1_e0              0x00bd3d         Code  Gb  vreg_util.o [4]
?mov_e1_e2              0x00bd4a         Code  Gb  vreg_util.o [4]
?mov_e1_e3              0x00bd57         Code  Gb  vreg_util.o [4]
?mov_e2_e0              0x00bd64         Code  Gb  vreg_util.o [4]
?mov_e2_e1              0x00bd71         Code  Gb  vreg_util.o [4]
?mov_e2_e3              0x00bd7e         Code  Gb  vreg_util.o [4]
?mov_e3_e0              0x00bd8b         Code  Gb  vreg_util.o [4]
?mov_e3_e1              0x00bd98         Code  Gb  vreg_util.o [4]
?mov_l0_l1              0x00bd13         Code  Gb  vreg_util.o [4]
?mov_l0_l2              0x00bd20         Code  Gb  vreg_util.o [4]
?mov_l0_l3              0x00bd2d         Code  Gb  vreg_util.o [4]
?mov_l1_l0              0x00bd3a         Code  Gb  vreg_util.o [4]
?mov_l1_l2              0x00bd47         Code  Gb  vreg_util.o [4]
?mov_l1_l3              0x00bd54         Code  Gb  vreg_util.o [4]
?mov_l2_l0              0x00bd61         Code  Gb  vreg_util.o [4]
?mov_l2_l1              0x00bd6e         Code  Gb  vreg_util.o [4]
?mov_l2_l3              0x00bd7b         Code  Gb  vreg_util.o [4]
?mov_l3_l0              0x00bd88         Code  Gb  vreg_util.o [4]
?mov_l3_l1              0x00bd95         Code  Gb  vreg_util.o [4]
?mov_w0_w3              0x00bccd         Code  Gb  vreg_util.o [4]
?mov_w0_w4              0x00bcd4         Code  Gb  vreg_util.o [4]
?mov_w0_w5              0x00bcdb         Code  Gb  vreg_util.o [4]
?mov_w1_w3              0x00bd19         Code  Gb  vreg_util.o [4]
?mov_w1_w5              0x00bd26         Code  Gb  vreg_util.o [4]
?mov_w1_w7              0x00bd33         Code  Gb  vreg_util.o [4]
?mov_w2_w0              0x00bce2         Code  Gb  vreg_util.o [4]
?mov_w2_w1              0x00bce9         Code  Gb  vreg_util.o [4]
?mov_w3_w1              0x00bd40         Code  Gb  vreg_util.o [4]
?mov_w3_w5              0x00bd4d         Code  Gb  vreg_util.o [4]
?mov_w3_w7              0x00bd5a         Code  Gb  vreg_util.o [4]
?mov_w4_w0              0x00bcf0         Code  Gb  vreg_util.o [4]
?mov_w4_w1              0x00bcf7         Code  Gb  vreg_util.o [4]
?mov_w5_w0              0x00bcfe         Code  Gb  vreg_util.o [4]
?mov_w5_w1              0x00bd67         Code  Gb  vreg_util.o [4]
?mov_w5_w3              0x00bd74         Code  Gb  vreg_util.o [4]
?mov_w5_w7              0x00bd81         Code  Gb  vreg_util.o [4]
?mov_w6_w2              0x00bd05         Code  Gb  vreg_util.o [4]
?mov_w7_w0              0x00bd0c         Code  Gb  vreg_util.o [4]
?mov_w7_w1              0x00bd8e         Code  Gb  vreg_util.o [4]
?mov_w7_w3              0x00bd9b         Code  Gb  vreg_util.o [4]
?move1616_v_x_y_a       0x00fd1a         Code  Gb  move.o [4]
?mul16_x_x_w0           0x00ed82         Code  Gb  short.o [4]
?mul32_l0_l0_0x         0x00b4e6         Code  Gb  long.o [4]
?mul32_l0_l0_l1         0x00b4ef         Code  Gb  long.o [4]
?neg32_l0_l0            0x00b474         Code  Gb  long.o [4]
?or32_l0_l0_0x          0x00b683         Code  Gb  long.o [4]
?or32_l0_l0_l1          0x00b680         Code  Gb  long.o [4]
?pop_e2                 0x00bc1c         Code  Gb  vreg_util.o [4]
?pop_e3                 0x00bc2b         Code  Gb  vreg_util.o [4]
?pop_l0                 0x00bc7e         Code  Gb  vreg_util.o [4]
?pop_l1                 0x00bc89         Code  Gb  vreg_util.o [4]
?pop_l2                 0x00bc94         Code  Gb  vreg_util.o [4]
?pop_l3                 0x00bc9f         Code  Gb  vreg_util.o [4]
?pop_w4                 0x00bbae         Code  Gb  vreg_util.o [4]
?pop_w6                 0x00bbb5         Code  Gb  vreg_util.o [4]
?push_e0                0x00bbc8         Code  Gb  vreg_util.o [4]
?push_e2                0x00bbe4         Code  Gb  vreg_util.o [4]
?push_e3                0x00bc00         Code  Gb  vreg_util.o [4]
?push_l0                0x00bc49         Code  Gb  vreg_util.o [4]
?push_l1                0x00bc4e         Code  Gb  vreg_util.o [4]
?push_l2                0x00bc53         Code  Gb  vreg_util.o [4]
?push_l3                0x00bc58         Code  Gb  vreg_util.o [4]
?push_w0                0x00bb7e         Code  Gb  vreg_util.o [4]
?push_w1                0x00bb83         Code  Gb  vreg_util.o [4]
?push_w2                0x00bb88         Code  Gb  vreg_util.o [4]
?push_w4                0x00bb8d         Code  Gb  vreg_util.o [4]
?push_w6                0x00bb92         Code  Gb  vreg_util.o [4]
?scmp32_c_l0_l1         0x00b64e         Code  Gb  long.o [4]
?sdiv16_x_x_y           0x00eda0         Code  Gb  short.o [4]
?sdiv32_l0_l0_dl        0x00b5e4         Code  Gb  long.o [4]
?sdiv32_l0_l0_l1        0x00b5e8         Code  Gb  long.o [4]
?sext16_x_a             0x00edc1         Code  Gb  short.o [4]
?sext32_l0_a            0x00b6c8         Code  Gb  long.o [4]
?sext32_l0_x            0x00b6bd         Code  Gb  long.o [4]
?sll16_x_x_a            0x00edb9         Code  Gb  short.o [4]
?sll32_0x_0x_a          0x00b69e         Code  Gb  long.o [4]
?sll32_l0_l0_a          0x00b69b         Code  Gb  long.o [4]
?sll8_a_a_5             0x00fd34         Code  Gb  char.o [4]
?sll8_a_a_6             0x00fd33         Code  Gb  char.o [4]
?smod32_l1_l0_l1        0x00b5e8         Code  Gb  long.o [4]
?sra32_0x_0x_a          0x00b6af         Code  Gb  long.o [4]
?sra32_l0_l0_a          0x00b6ac         Code  Gb  long.o [4]
?srl8_a_a_5             0x00fd3a         Code  Gb  char.o [4]
?srl8_a_a_6             0x00fd39         Code  Gb  char.o [4]
?sub32_l0_l0_0x         0x00b4ce         Code  Gb  long.o [4]
?sub32_l0_l0_l1         0x00b4cb         Code  Gb  long.o [4]
?switch8vlt_0x_a_0x     0x00fd3f         Code  Gb  switch.o [4]
?ucmp24_c_0x_e0         0x00fdcd         Code  Gb  far.o [4]
?ucmp32_c_l0_0x         0x00b633         Code  Gb  long.o [4]
?ucmp32_c_l0_l1         0x00b643         Code  Gb  long.o [4]
?udiv32_l0_l0_dl        0x00b573         Code  Gb  long.o [4]
?udiv32_l0_l0_l1        0x00b577         Code  Gb  long.o [4]
?umod32_l1_l0_dl        0x00b56d         Code  Gb  long.o [4]
?umod32_l1_l0_l1        0x00b577         Code  Gb  long.o [4]
?w0                     0x000000         Data  Gb  vregs.o [4]
?w1                     0x000002         Data  Gb  vregs.o [4]
?w2                     0x000004         Data  Gb  vregs.o [4]
?w3                     0x000006         Data  Gb  vregs.o [4]
?w4                     0x000008         Data  Gb  vregs.o [4]
?w5                     0x00000a         Data  Gb  vregs.o [4]
?w6                     0x00000c         Data  Gb  vregs.o [4]
?w7                     0x00000e         Data  Gb  vregs.o [4]
ADC1_COMP_IRQHandler    0x00fe7f    0x1  Code  Gb  stm8l15x_it.o [1]
AES_CMAC_Final          0x00bda2  0x21f  Code  Gb  cmac.o [1]
AES_CMAC_Init           0x00f254   0x32  Code  Gb  cmac.o [1]
AES_CMAC_SetKey         0x00fcb2    0xd  Code  Gb  cmac.o [1]
AES_CMAC_Update         0x00c95c  0x19f  Code  Gb  cmac.o [1]
AesCmacCtx              0x000062  0x115  Data  Lc  LoRaMacCrypto.o [1]
AesContext              0x000277   0xf1  Data  Lc  LoRaMacCrypto.o [1]
BEEP_Cmd                0x00fcbf    0xd  Code  Gb  stm8l15x_beep.o [1]
BEEP_LSClockToTIMConnectCmd
                        0x00fccc    0xd  Code  Gb  stm8l15x_beep.o [1]
BEEP_LSICalibrationConfig
                        0x00ebd1   0x4a  Code  Gb  stm8l15x_beep.o [1]
BoardDisableIrq         0x00fdc3    0xa  Code  Gb  system.o [1]
BoardEnableIrq          0x00fc87    0xf  Code  Gb  system.o [1]
BoardInitMcu            0x00b373  0x101  Code  Gb  board.o [1]
CLK_GetClockFreq        0x00f146   0x39  Code  Gb  stm8l15x_clk.o [1]
CLK_GetSYSCLKSource     0x00fe4d    0x4  Code  Gb  stm8l15x_clk.o [1]
CLK_HSICmd              0x00fcd9    0xd  Code  Gb  stm8l15x_clk.o [1]
CLK_LSICmd              0x00fce6    0xd  Code  Gb  stm8l15x_clk.o [1]
CLK_PeripheralClockConfig
                        0x00e74d   0x63  Code  Gb  stm8l15x_clk.o [1]
CLK_RTCClockConfig      0x00fdaf    0xa  Code  Gb  stm8l15x_clk.o [1]
CLK_SYSCLKDivConfig     0x00fe51    0x4  Code  Gb  stm8l15x_clk.o [1]
CLK_SYSCLKSourceConfig  0x00fe49    0x4  Code  Gb  stm8l15x_clk.o [1]
CLK_SYSCLKSourceSwitchCmd
                        0x00fcf3    0xd  Code  Gb  stm8l15x_clk.o [1]
CSTACK$$Base            0x000760          --   Gb  - Linker created -
CSTACK$$Limit           0x000800          --   Gb  - Linker created -
ClearWWDG               0x00b201    0x1  Code  Gb  board.o [1]
ComportInit             0x00c7a0  0x1bc  Code  Gb  comport.o [1]
ComportTxStart          0x00e9e7   0x56  Code  Gb  comport.o [1]
ConfigModeRadioEvents   0x0005e5   0x15  Data  Lc  config_mode.o [1]
DMA1_CHANNEL0_1_IRQHandler
                        0x00fe78    0x1  Code  Gb  stm8l15x_it.o [1]
DMA1_CHANNEL2_3_IRQHandler
                        0x00fe79    0x1  Code  Gb  stm8l15x_it.o [1]
DelayMs                 0x00fda5    0xa  Code  Gb  delay.o [1]
DownLinkCounter         0x0006f9    0x4  Data  Lc  LoRaMac.o [1]
EXTI0_IRQHandler        0x00f986   0x1d  Code  Gb  stm8l15x_it.o [1]
EXTI1_IRQHandler        0x00f8f0   0x1e  Code  Gb  stm8l15x_it.o [1]
EXTI2_IRQHandler        0x00dbd0   0xc3  Code  Gb  stm8l15x_it.o [1]
EXTI3_IRQHandler        0x00f63a   0x23  Code  Gb  stm8l15x_it.o [1]
EXTI4_IRQHandler        0x00f65d   0x23  Code  Gb  stm8l15x_it.o [1]
EXTI5_IRQHandler        0x00f680   0x23  Code  Gb  stm8l15x_it.o [1]
EXTI6_IRQHandler        0x00f6a3   0x23  Code  Gb  stm8l15x_it.o [1]
EXTI7_IRQHandler        0x00f90e   0x1e  Code  Gb  stm8l15x_it.o [1]
EXTIB_G_IRQHandler      0x00fe7b    0x1  Code  Gb  stm8l15x_it.o [1]
EXTID_H_IRQHandler      0x00fe7c    0x1  Code  Gb  stm8l15x_it.o [1]
EXTIE_F_PVD_IRQHandler  0x00fe7a    0x1  Code  Gb  stm8l15x_it.o [1]
EXTI_ClearITPendingBit  0x00fb1b   0x16  Code  Gb  stm8l15x_exti.o [1]
EXTI_SetPinSensitivity  0x00dc93   0xbd  Code  Gb  stm8l15x_exti.o [1]
FLASH_IRQHandler        0x00fe77    0x1  Code  Gb  stm8l15x_it.o [1]
FLASH_Lock              0x00fdfa    0x7  Code  Gb  stm8l15x_flash.o [1]
FLASH_ProgramByte       0x00fe55    0x4  Code  Gb  stm8l15x_flash.o [1]
FLASH_Unlock            0x00fa4a   0x19  Code  Gb  stm8l15x_flash.o [1]
FLASH_WaitForLastOperation
                        0x00f286   0x32  Code  Gb  stm8l15x_flash.o [1]
GPIO_DeInit             0x00fb72   0x15  Code  Gb  stm8l15x_gpio.o [1]
GPIO_ExternalPullUpConfig
                        0x00fb87   0x15  Code  Gb  stm8l15x_gpio.o [1]
GPIO_Init               0x00e51b   0x76  Code  Gb  stm8l15x_gpio.o [1]
GPIO_ReadInputDataBit   0x00fe08    0x7  Code  Gb  stm8l15x_gpio.o [1]
GPIO_ResetBits          0x00fe59    0x4  Code  Gb  stm8l15x_gpio.o [1]
GPIO_SetBits            0x00fe01    0x7  Code  Gb  stm8l15x_gpio.o [1]
GetRunModePin           0x00b30a   0x69  Code  Gb  board.o [1]
I2C1_SPI2_IRQHandler    0x00fe86    0x1  Code  Gb  stm8l15x_it.o [1]
INTVEC$$Base            0x008000          --   Gb  - Linker created -
INTVEC$$Limit           0x008080          --   Gb  - Linker created -
IndicationRfTxFifoStatus
                        0x00f9c0   0x1c  Code  Gb  board.o [1]
InitRunModePin          0x00b2d2   0x38  Code  Gb  board.o [1]
IrqNestLevel            0x00071d    0x1  Data  Lc  system.o [1]
IsLoRaMacNetworkJoined  0x000718    0x1  Data  Lc  LoRaMac.o [1]
LCD_AES_IRQHandler      0x00fe7d    0x1  Code  Gb  stm8l15x_it.o [1]
LoRaMacAppKey           0x00070c    0x2  Data  Lc  LoRaMac.o [1]
LoRaMacAppSKey          0x000673   0x10  Data  Lc  LoRaMac.o [1]
LoRaMacComputeMic       0x00d5ba   0xee  Code  Gb  LoRaMacCrypto.o [1]
LoRaMacDevAddr          0x0006f5    0x4  Data  Lc  LoRaMac.o [1]
LoRaMacDevNonceCopy     0x00070e    0x2  Data  Lc  LoRaMac.o [1]
LoRaMacFlags            0x000719    0x1  Data  Gb  LoRaMac.o [1]
LoRaMacInitialization   0x00c3ea  0x1e4  Code  Gb  LoRaMac.o [1]
LoRaMacJoinComputeMic   0x00df60   0xa6  Code  Gb  LoRaMacCrypto.o [1]
LoRaMacJoinComputeSKeys
                        0x00dd50   0xb9  Code  Gb  LoRaMacCrypto.o [1]
LoRaMacJoinDecrypt      0x00e934   0x5b  Code  Gb  LoRaMacCrypto.o [1]
LoRaMacNetID            0x0006f1    0x4  Data  Lc  LoRaMac.o [1]
LoRaMacNwkSKey          0x000663   0x10  Data  Lc  LoRaMac.o [1]
LoRaMacOnRadioCadDone   0x00f464   0x2d  Code  Gb  LoRaMac.o [1]
LoRaMacOnRadioRxDone    0x00a424  0x480  Code  Lc  LoRaMac.o [1]
LoRaMacOnRadioRxError   0x00fd79    0xb  Code  Lc  LoRaMac.o [1]
LoRaMacOnRadioRxTimeout
                        0x00fd84    0xb  Code  Lc  LoRaMac.o [1]
LoRaMacOnRadioTxDone    0x00fd63    0xb  Code  Lc  LoRaMac.o [1]
LoRaMacOnRadioTxTimeout
                        0x00fd6e    0xb  Code  Lc  LoRaMac.o [1]
LoRaMacParams           0x0005b9   0x2c  Data  Gb  LoRaMac.o [1]
LoRaMacPayloadDecrypt   0x00f617   0x23  Code  Gb  LoRaMacCrypto.o [1]
LoRaMacPayloadEncrypt   0x00d2c7  0x112  Code  Gb  LoRaMacCrypto.o [1]
LoRaMacRadioEvents      0x0005fa   0x15  Data  Lc  LoRaMac.o [1]
LoRaMacRxPayload        0x000717    0x1  Data  Lc  LoRaMac.o [1]
LoRaMacState            0x0006fd    0x4  Data  Gb  LoRaMac.o [1]
LoRaMacStateCheck       0x00efdd   0x3f  Code  Gb  LoRaMac.o [1]
LoadInt                 0x00eb86   0x4b  Code  Lc  xprintffull_nomb.o [4]
LowPowerModeOnCadDone   0x00f31a   0x30  Code  Gb  lowpower_mode.o [1]
LowPowerModeOnRxDone    0x00de09   0xb0  Code  Gb  lowpower_mode.o [1]
LowPowerModeOnRxError   0x00eeda   0x43  Code  Gb  lowpower_mode.o [1]
LowPowerModeOnRxTimeout
                        0x00ee97   0x43  Code  Gb  lowpower_mode.o [1]
LowPowerModeOnTxDone    0x00f773   0x20  Code  Gb  lowpower_mode.o [1]
LowPowerModeOnTxTimeout
                        0x00f793   0x20  Code  Gb  lowpower_mode.o [1]
LowPowerModeRadioEvents
                        0x00060f   0x15  Data  Lc  lowpower_mode.o [1]
LowPowerModeState       0x00071a    0x1  Data  Gb  lowpower_mode.o [1]
MODEM                   0x00046e   0x83  Data  Lc  modem.o [1]
MacStateCheckTimer      0x0006a3    0xe  Data  Lc  LoRaMac.o [1]
Mic                     0x000683   0x10  Data  Lc  LoRaMacCrypto.o [1]
MicBlockB0              0x000010   0x10  Data  Lc  LoRaMacCrypto.o [1]
MlmeConfirm             0x0006e3    0x8  Data  Lc  LoRaMac.o [1]
NormalModeOnRxDone      0x00e1d7   0x94  Code  Gb  normal_mode.o [1]
NormalModeOnRxError     0x00f7f3   0x20  Code  Gb  normal_mode.o [1]
NormalModeOnRxTimeout   0x00f7d3   0x20  Code  Gb  normal_mode.o [1]
NormalModeOnTxDone      0x00f7b3   0x20  Code  Gb  normal_mode.o [1]
NormalModeOnTxTimeout   0x00f583   0x26  Code  Gb  normal_mode.o [1]
NormalModeRadioEvents   0x000624   0x15  Data  Lc  normal_mode.o [1]
NormalModeState         0x00071b    0x1  Data  Gb  normal_mode.o [1]
OnMacStateCheckTimerEvent
                        0x00fe75    0x1  Code  Lc  LoRaMac.o [1]
PWR_UltraLowPowerCmd    0x00fd00    0xd  Code  Gb  stm8l15x_pwr.o [1]
PublicNetwork           0x000716    0x1  Data  Lc  LoRaMac.o [1]
RTC_CSSLSE_IRQHandler   0x00f4bb   0x29  Code  Gb  stm8l15x_it.o [1]
RTC_ClearITPendingBit   0x00fdb9    0xa  Code  Gb  stm8l15x_rtc.o [1]
RTC_Config              0x00b202   0x86  Code  Gb  board.o [1]
RTC_DeInit              0x00d874   0xe2  Code  Gb  stm8l15x_rtc.o [1]
RTC_EnterInitMode       0x00f6c6   0x23  Code  Gb  stm8l15x_rtc.o [1]
RTC_ITConfig            0x00f095   0x3c  Code  Gb  stm8l15x_rtc.o [1]
RTC_SetWakeUpCounter    0x00fb9c   0x15  Code  Gb  stm8l15x_rtc.o [1]
RTC_WaitForSynchro      0x00f3d9   0x2f  Code  Gb  stm8l15x_rtc.o [1]
RTC_WakeUpClockConfig   0x00f6e9   0x23  Code  Gb  stm8l15x_rtc.o [1]
RTC_WakeUpCmd           0x00f1b6   0x36  Code  Gb  stm8l15x_rtc.o [1]
Radio                   0x0083d2   0x51  Data  Gb  sx1276-board.o [1]
RadioEvents             0x000710    0x2  Data  Lc  sx1276.o [1]
RadioIsActive           0x00071c    0x1  Data  Lc  sx1276-board.o [1]
RadioRegsInit           0x00845f   0x30  Data  Gb  sx1276.o [1]
RadioTxBuffer           0x000542   0x3d  Data  Gb  board.o [1]
Region$$Table$$Base     0x0084d5          --   Gb  - Linker created -
Region$$Table$$Limit    0x0084e9          --   Gb  - Linker created -
RxChainCalibration      0x008754   0xd3  Code  Lc  sx1276.o [1]
RxTimeoutSyncWord       0x0006cd    0xe  Data  Gb  sx1276.o [1]
RxTimeoutTimer          0x0006bf    0xe  Data  Gb  sx1276.o [1]
RxTxBuffer              0x00057f   0x3a  Data  Lc  sx1276.o [1]
SPI1_IRQHandler         0x00fe85    0x1  Code  Gb  stm8l15x_it.o [1]
SPI_Cmd                 0x00faaa    0xd  Code  Gb  stm8l15x_spi.o [1]
SPI_GetFlagStatus       0x00fbdb   0x13  Code  Gb  stm8l15x_spi.o [1]
SPI_Init                0x00f1ec   0x34  Code  Gb  stm8l15x_spi.o [1]
SPI_ReceiveData         0x00fabc    0x5  Code  Gb  stm8l15x_spi.o [1]
SPI_SendData            0x00fab7    0x5  Code  Gb  stm8l15x_spi.o [1]
SWITCH_CSS_BREAK_DAC_IRQHandler
                        0x00fe7e    0x1  Code  Gb  stm8l15x_it.o [1]
SX1276                  0x0004f1   0x51  Data  Gb  sx1276.o [1]
SX1276AntSwDeInit       0x00fde1    0x9  Code  Gb  sx1276-board.o [1]
SX1276AntSwInit         0x00f55c    0x9  Code  Gb  sx1276-board.o [1]
SX1276CheckRfFrequency  0x00fe6b    0x3  Code  Gb  sx1276-board.o [1]
SX1276GetBoardTcxoWakeupTime
                        0x00fe0f    0x7  Code  Gb  sx1276-board.o [1]
SX1276GetPaSelect       0x00fc01   0x13  Code  Lc  sx1276-board.o [1]
SX1276GetStatus         0x0088bd    0x4  Code  Gb  sx1276.o [1]
SX1276GetTimeOnAir      0x008ec6  0x1ad  Code  Gb  sx1276.o [1]
SX1276GetWakeupTime     0x00fdea    0x8  Code  Gb  sx1276.o [1]
SX1276Init              0x008827   0x96  Code  Gb  sx1276.o [1]
SX1276IoInit            0x00fa30   0x1a  Code  Gb  sx1276-board.o [1]
SX1276IoIrqInit         0x00e006   0x9d  Code  Gb  sx1276-board.o [1]
SX1276IsChannelFree     0x0088c1   0x6e  Code  Gb  sx1276.o [1]
SX1276OnDio0Irq         0x00c5ce  0x1d2  Code  Gb  sx1276.o [1]
SX1276OnDio1Irq         0x00ec64   0x49  Code  Gb  sx1276.o [1]
SX1276OnDio2Irq         0x00e13e   0x99  Code  Gb  sx1276.o [1]
SX1276OnDio3Irq         0x00941e   0x78  Code  Gb  sx1276.o [1]
SX1276OnDio4Irq         0x00fc78    0xf  Code  Gb  sx1276.o [1]
SX1276OnTimeoutIrq      0x00e393   0x8c  Code  Gb  sx1276.o [1]
SX1276Random            0x00892f   0x6f  Code  Gb  sx1276.o [1]
SX1276Read              0x00864a   0x11  Code  Gb  sx1276.o [1]
SX1276ReadBuffer        0x0085f5   0x55  Code  Gb  sx1276.o [1]
SX1276ReadFifo          0x0095bb    0x7  Code  Gb  sx1276.o [1]
SX1276ReadRssi          0x009572   0x49  Code  Gb  sx1276.o [1]
SX1276Reset             0x00f408   0x2e  Code  Gb  sx1276-board.o [1]
SX1276Send              0x0090ef   0xa0  Code  Gb  sx1276.o [1]
SX1276SetAntSw          0x00fb31   0x16  Code  Gb  sx1276-board.o [1]
SX1276SetAntSwLowPower  0x00f565   0x1e  Code  Gb  sx1276-board.o [1]
SX1276SetBoardTcxo      0x00fe87    0x1  Code  Lc  sx1276-board.o [1]
SX1276SetChannel        0x008716   0x3e  Code  Gb  sx1276.o [1]
SX1276SetMaxPayloadLength
                        0x00f17f   0x37  Code  Gb  sx1276.o [1]
SX1276SetModem          0x0086a1   0x75  Code  Gb  sx1276.o [1]
SX1276SetOpMode         0x00865b   0x2e  Code  Gb  sx1276.o [1]
SX1276SetPublicNetwork  0x00f491   0x2a  Code  Gb  sx1276.o [1]
SX1276SetRfTxPower      0x00d956   0xe2  Code  Gb  sx1276-board.o [1]
SX1276SetRx             0x00918f  0x28f  Code  Gb  sx1276.o [1]
SX1276SetRxConfig       0x00899e  0x249  Code  Gb  sx1276.o [1]
SX1276SetSleep          0x008689   0x18  Code  Gb  sx1276.o [1]
SX1276SetStby           0x0090d6   0x19  Code  Gb  sx1276.o [1]
SX1276SetTx             0x009073   0x5c  Code  Gb  sx1276.o [1]
SX1276SetTxConfig       0x008be7  0x2df  Code  Gb  sx1276.o [1]
SX1276SetTxContinuousWave
                        0x0094d3   0x9f  Code  Gb  sx1276.o [1]
SX1276StartCad          0x009496   0x3d  Code  Gb  sx1276.o [1]
SX1276Write             0x0085e7    0xe  Code  Gb  sx1276.o [1]
SX1276WriteBuffer       0x00859a   0x4d  Code  Gb  sx1276.o [1]
SX1276WriteFifo         0x0090cf    0x7  Code  Gb  sx1276.o [1]
SYSDivFactor            0x008574    0x5  Data  Gb  stm8l15x_clk.o [1]
SetRxCfg                0x00d1ae  0x119  Code  Lc  lowpower_mode.o [1]
SetRxCfg                0x00e8d4   0x60  Code  Lc  wakeup_mode.o [1]
SetTxCfg                0x00e813   0x61  Code  Lc  lowpower_mode.o [1]
SetTxCfg                0x00da38   0xce  Code  Lc  wakeup_mode.o [1]
SpiInOut                0x00ef1d   0x42  Code  Gb  spi-board.o [1]
SpiInit                 0x00ec1b   0x49  Code  Gb  spi-board.o [1]
SysTick_Handler         0x00ba19   0x2b  Code  Gb  timer.o [1]
TIM1_CC_IRQHandler      0x00fe84    0x1  Code  Gb  stm8l15x_it.o [1]
TIM1_UPD_OVF_TRG_COM_IRQHandler
                        0x00fe83    0x1  Code  Gb  stm8l15x_it.o [1]
TIM2_CC_USART2_RX_IRQHandler
                        0x00fe80    0x1  Code  Gb  stm8l15x_it.o [1]
TIM2_ClearITPendingBit  0x00fe30    0x5  Code  Gb  stm8l15x_tim2.o [1]
TIM2_UPD_OVF_TRG_BRK_USART2_TX_IRQHandler
                        0x00f9a3   0x1d  Code  Gb  stm8l15x_it.o [1]
TIM3_CC_USART3_RX_IRQHandler
                        0x00fe82    0x1  Code  Gb  stm8l15x_it.o [1]
TIM3_UPD_OVF_TRG_BRK_USART3_TX_IRQHandler
                        0x00fe81    0x1  Code  Gb  stm8l15x_it.o [1]
TIM4_ClearFlag          0x00fe35    0x5  Code  Gb  stm8l15x_tim4.o [1]
TIM4_ClearITPendingBit  0x00fe3a    0x5  Code  Gb  stm8l15x_tim4.o [1]
TIM4_Cmd                0x00fd0d    0xd  Code  Gb  stm8l15x_tim4.o [1]
TIM4_Config             0x00b288   0x4a  Code  Gb  board.o [1]
TIM4_ITConfig           0x00fbee   0x13  Code  Gb  stm8l15x_tim4.o [1]
TIM4_TimeBaseInit       0x00fc37   0x11  Code  Gb  stm8l15x_tim4.o [1]
TIM4_UPD_OVF_TRG_IRQHandler
                        0x00f752   0x21  Code  Gb  stm8l15x_it.o [1]
TRAP_IRQHandler         0x00fe76    0x1  Code  Gb  stm8l15x_it.o [1]
TestModeOnRadioTxTimeout
                        0x00e605   0x71  Code  Gb  test_mode.o [1]
TestModeRadioEvents     0x000639   0x15  Data  Lc  test_mode.o [1]
TestModeState           0x00071e    0x1  Data  Lc  test_mode.o [1]
TimerExists             0x00fa14   0x1c  Code  Lc  timer.o [1]
TimerGetCurrentTime     0x00fe16    0x7  Code  Gb  timer.o [1]
TimerGetElapsedTime     0x00b945   0x1a  Code  Gb  timer.o [1]
TimerGetValue           0x00b95f    0xb  Code  Gb  timer.o [1]
TimerInit               0x00ba44   0x34  Code  Gb  timer.o [1]
TimerInsertNewHeadTimer
                        0x00bb4b   0x33  Code  Lc  timer.o [1]
TimerInsertTimer        0x00ba78   0xd3  Code  Lc  timer.o [1]
TimerIrqHandler         0x00b96a   0xaf  Code  Gb  timer.o [1]
TimerListHead           0x000714    0x2  Data  Lc  timer.o [1]
TimerSetTimeout         0x00b92f   0x16  Code  Lc  timer.o [1]
TimerSetValue           0x00f70c   0x23  Code  Gb  timer.o [1]
TimerStart              0x00e0a3   0x9b  Code  Gb  timer.o [1]
TimerStop               0x00d6a8   0xe8  Code  Gb  timer.o [1]
TxTimeoutTimer          0x0006b1    0xe  Data  Gb  sx1276.o [1]
USART1_RX_TIM5_CC_IRQHandler
                        0x00f34a   0x30  Code  Gb  stm8l15x_it.o [1]
USART1_TX_TIM5_UPD_OVF_TRG_BRK_IRQHandler
                        0x00e7b0   0x63  Code  Gb  stm8l15x_it.o [1]
USART_ClearFlag         0x00fe3f    0x5  Code  Gb  stm8l15x_usart.o [1]
USART_ClearITPendingBit
                        0x00fe44    0x5  Code  Gb  stm8l15x_usart.o [1]
USART_Cmd               0x00fc58   0x10  Code  Gb  stm8l15x_usart.o [1]
USART_DeInit            0x00f37a   0x30  Code  Gb  stm8l15x_usart.o [1]
USART_GetFlagStatus     0x00f92c   0x1e  Code  Gb  stm8l15x_usart.o [1]
USART_ITConfig          0x00e676   0x6f  Code  Gb  stm8l15x_usart.o [1]
USART_Init              0x00e41f   0x86  Code  Gb  stm8l15x_usart.o [1]
USART_ReceiveData8      0x00fe65    0x3  Code  Gb  stm8l15x_usart.o [1]
USART_SendData8         0x00fe68    0x3  Code  Gb  stm8l15x_usart.o [1]
WWDG_Config             0x00fe74    0x1  Code  Lc  board.o [1]
WakeUpModeOnRxDone      0x00e2ff   0x94  Code  Gb  wakeup_mode.o [1]
WakeUpModeOnRxError     0x00f873   0x20  Code  Gb  wakeup_mode.o [1]
WakeUpModeOnRxTimeout   0x00f853   0x20  Code  Gb  wakeup_mode.o [1]
WakeUpModeOnTxDone      0x00f813   0x20  Code  Gb  wakeup_mode.o [1]
WakeUpModeOnTxTimeout   0x00f833   0x20  Code  Gb  wakeup_mode.o [1]
WakeUpModeRadioEvents   0x00064e   0x15  Data  Lc  wakeup_mode.o [1]
WakeUpModeState         0x00071f    0x1  Data  Gb  wakeup_mode.o [1]
_GenldFullNoMb          0x00a8a4  0x3bf  Code  Lc  xprintffull_nomb.o [4]
_LdtobFullNoMb          0x009f8a  0x49a  Code  Lc  xprintffull_nomb.o [4]
_LitobFullNoMb          0x00cafb  0x17f  Code  Lc  xprintffull_nomb.o [4]
_Locale_lconv           0x000034   0x2e  Data  Gb  localeconv.o [4]
_PrintfFullNoMb         0x0095c2  0x4f2  Code  Gb  xprintffull_nomb.o [4]
_Prout                  0x00f8d1   0x1f  Code  Gb  xprout.o [4]
_PutcharFullNoMb        0x00f436   0x2e  Code  Lc  xprintffull_nomb.o [4]
_PutcharsFullNoMb       0x00f0d1   0x3b  Code  Lc  xprintffull_nomb.o [4]
__DebugBreak            0x00fe88    0x1  Code  Gb  __dbg_break.o [3]
__eeprom_write_16       0x00ed3c   0x46  Code  Gb  eeprom.o [1]
__eeprom_write_8        0x00f2b8   0x31  Code  Gb  eeprom.o [1]
__exit                  0x00fb47   0x16  Code  Gb  __dbg_xxexit.o [3]
__iar_Dint              0x00db06   0xca  Code  Gb  xdint.o [4]
__iar_Dnorm             0x00cdf6         Code  Gb  float_libsup.o [4]
__iar_Dscale            0x00ce84         Code  Gb  float_libsup.o [4]
__iar_Dunscale          0x00ce32         Code  Gb  float_libsup.o [4]
__iar_Memchr            0x00fa7b   0x18  Code  Gb  memchr.o [4]
__iar_Strchr            0x00fbc6   0x15  Code  Gb  strchr.o [4]
__iar_Tls_setup__Locale_lconv
                        0x000709    0x3  Data  Gb  localeconv.o [4]
__iar_copy_init2        0x00f534         Code  Gb  init_small.o [4]
__iar_data_init2        0x00f94a   0x1e  Code  Gb  init.o [4]
__iar_program_start     0x00fac1         Code  Gb  cstartup.o [4]
__iar_unhandled_exception
                        0x00fe71         Code  Gb  unhandled_exception.o [4]
__iar_zero_init2        0x00f968         Code  Gb  init_small.o [4]
__intvec                0x008000         Data  Gb  interrupt.o [4]
__low_level_init        0x00fe6e    0x3  Code  Gb  low_level_init.o [4]
_exit                   0x00fe2a         Code  Gb  cexit.o [4]
_interrupt_1            0x00fe76         Code  Gb  stm8l15x_it.o [1]
_interrupt_10           0x00f986         Code  Gb  stm8l15x_it.o [1]
_interrupt_11           0x00f8f0         Code  Gb  stm8l15x_it.o [1]
_interrupt_12           0x00dbd0         Code  Gb  stm8l15x_it.o [1]
_interrupt_13           0x00f63a         Code  Gb  stm8l15x_it.o [1]
_interrupt_14           0x00f65d         Code  Gb  stm8l15x_it.o [1]
_interrupt_15           0x00f680         Code  Gb  stm8l15x_it.o [1]
_interrupt_16           0x00f6a3         Code  Gb  stm8l15x_it.o [1]
_interrupt_17           0x00f90e         Code  Gb  stm8l15x_it.o [1]
_interrupt_18           0x00fe7d         Code  Gb  stm8l15x_it.o [1]
_interrupt_19           0x00fe7e         Code  Gb  stm8l15x_it.o [1]
_interrupt_20           0x00fe7f         Code  Gb  stm8l15x_it.o [1]
_interrupt_21           0x00f9a3         Code  Gb  stm8l15x_it.o [1]
_interrupt_22           0x00fe80         Code  Gb  stm8l15x_it.o [1]
_interrupt_23           0x00fe81         Code  Gb  stm8l15x_it.o [1]
_interrupt_24           0x00fe82         Code  Gb  stm8l15x_it.o [1]
_interrupt_25           0x00fe83         Code  Gb  stm8l15x_it.o [1]
_interrupt_26           0x00fe84         Code  Gb  stm8l15x_it.o [1]
_interrupt_27           0x00f752         Code  Gb  stm8l15x_it.o [1]
_interrupt_28           0x00fe85         Code  Gb  stm8l15x_it.o [1]
_interrupt_29           0x00e7b0         Code  Gb  stm8l15x_it.o [1]
_interrupt_3            0x00fe77         Code  Gb  stm8l15x_it.o [1]
_interrupt_30           0x00f34a         Code  Gb  stm8l15x_it.o [1]
_interrupt_31           0x00fe86         Code  Gb  stm8l15x_it.o [1]
_interrupt_4            0x00fe78         Code  Gb  stm8l15x_it.o [1]
_interrupt_5            0x00fe79         Code  Gb  stm8l15x_it.o [1]
_interrupt_6            0x00f4bb         Code  Gb  stm8l15x_it.o [1]
_interrupt_7            0x00fe7a         Code  Gb  stm8l15x_it.o [1]
_interrupt_8            0x00fe7b         Code  Gb  stm8l15x_it.o [1]
_interrupt_9            0x00fe7c         Code  Gb  stm8l15x_it.o [1]
aBlock                  0x000020   0x10  Data  Lc  LoRaMacCrypto.o [1]
aLarmTimerTime          0x000030    0x4  Data  Gb  timer.o [1]
add_round_key           0x00c3e6    0x4  Code  Lc  aes.o [1]
aes_encrypt             0x00e4a5   0x76  Code  Gb  aes.o [1]
aes_set_key             0x00d08a  0x124  Code  Gb  aes.o [1]
ceil                    0x00edc8   0x46  Code  Gb  ceil.o [4]
cfg_parm_dump_to_ram    0x00f893   0x1f  Code  Gb  cfg_parm.o [1]
cfg_parm_factory_reset  0x00e874   0x60  Code  Gb  cfg_parm.o [1]
cfg_parm_get_air_bandwith
                        0x00fc48   0x10  Code  Gb  cfg_parm.o [1]
cfg_parm_get_air_baud   0x00e591   0x74  Code  Gb  cfg_parm.o [1]
cfg_parm_get_air_sf     0x00ef5f   0x3f  Code  Gb  cfg_parm.o [1]
cfg_parm_get_tx_power   0x00f9dc   0x1c  Code  Gb  cfg_parm.o [1]
cfg_parm_get_uart_baud  0x00e6e5   0x68  Code  Gb  cfg_parm.o [1]
cfg_parm_get_uart_parity
                        0x00fa93   0x17  Code  Gb  cfg_parm.o [1]
cfg_parm_get_wakeup_time
                        0x00ef9e   0x3f  Code  Gb  cfg_parm.o [1]
cfg_parm_restore        0x00f059   0x3c  Code  Gb  cfg_parm.o [1]
config_mode_routin      0x00ac63  0x2ed  Code  Gb  config_mode.o [1]
copy_and_key            0x00c2e4  0x102  Code  Lc  aes.o [1]
copy_block              0x00deb9   0xa7  Code  Lc  aes.o [1]
copy_block_nn           0x00faef   0x16  Code  Lc  aes.o [1]
cpystr                  0x00fb5d   0x15  Code  Gb  hex.o [1]
crc8                    0x00f4e4   0x28  Code  Gb  crc8.o [1]
crc8_table              0x000177  0x100  Data  Gb  crc8.o [1]
delay_10us              0x00eae4   0x51  Code  Gb  delay.o [1]
div                     0x00f220   0x34  Code  Gb  div.o [4]
exit                    0x00fe61    0x4  Code  Gb  exit.o [4]
floor                   0x00ee0e   0x46  Code  Gb  floor.o [4]
frame_init              0x00f5f4   0x23  Code  Gb  frame.o [1]
frame_rx                0x00d4cc   0xee  Code  Gb  frame.o [1]
gfm2_sbox               0x008180  0x100  Data  Lc  aes.o [1]
gfm3_sbox               0x008280  0x100  Data  Lc  aes.o [1]
init_crc8               0x00ee54   0x43  Code  Gb  crc8.o [1]
localeconv              0x00fc96    0xe  Code  Gb  localeconv.o [4]
lowpower_mode_routin    0x00cc7a  0x17c  Code  Gb  lowpower_mode.o [1]
main                    0x00ecad   0x48  Code  Gb  main.o [1]
memcpy                  0x00f5a9   0x26  Code  Gb  memcpy.o [4]
memcpy1                 0x00f72f   0x23  Code  Gb  utilities.o [1]
memset                  0x00fad8   0x17  Code  Gb  memset.o [4]
memset1                 0x00fa63   0x18  Code  Gb  utilities.o [1]
mix_sub_columns         0x00b6d5  0x25a  Code  Lc  aes.o [1]
modem_init              0x00f9f8   0x1c  Code  Gb  modem.o [1]
modem_rxdone            0x00cf58  0x132  Code  Gb  modem.o [1]
normal_mode_routin      0x00af50  0x2b1  Code  Gb  normal_mode.o [1]
pad                     0x00f01c   0x3d  Code  Lc  xprintffull_nomb.o [4]
printf                  0x00f50c   0x28  Code  Gb  printf.o [4]
putchar                 0x00f3aa   0x2f  Code  Gb  comport.o [1]
ring_buffer_dequeue     0x00f8b2   0x1f  Code  Gb  ring_buf.o [1]
ring_buffer_dequeue_arr
                        0x00f10c   0x3a  Code  Gb  ring_buf.o [1]
ring_buffer_init        0x00fb05   0x16  Code  Gb  ring_buf.o [1]
ring_buffer_is_empty    0x00fd27    0xc  Code  Gb  ring_buf.o [1]
ring_buffer_queue_arr   0x00f2e9   0x31  Code  Gb  ring_buf.o [1]
ringbuf_elements        0x00f5cf   0x25  Code  Gb  ring_buf.o [1]
ringbuf_get             0x00ecf5   0x47  Code  Gb  ring_buf.o [1]
ringbuf_put             0x00ea3d   0x55  Code  Gb  ring_buf.o [1]
rxframe                 0x0006db    0x8  Data  Gb  frame.o [1]
sBlock                  0x000693   0x10  Data  Lc  LoRaMacCrypto.o [1]
sTartAlarmTimerTime     0x000705    0x4  Data  Gb  timer.o [1]
sbox                    0x008080  0x100  Data  Lc  aes.o [1]
scale                   0x00eb35   0x51  Code  Lc  xprintffull_nomb.o [4]
shift_sub_rows          0x00d3d9   0xf3  Code  Lc  aes.o [1]
stManufactureParm       0x001000   0x14  Data  Gb  manufacture_parm.o [1]
stNvCfgParm             0x001014    0x6  Data  Gb  cfg_parm.o [1]
stTmpCfgParm            0x0006eb    0x6  Data  Gb  cfg_parm.o [1]
strlen                  0x00fc14   0x12  Code  Gb  strlen.o [4]
systick                 0x000701    0x4  Data  Gb  timer.o [1]
test_mode_routin        0x00e26b   0x94  Code  Gb  test_mode.o [1]
tolower                 0x00fc26   0x11  Code  Gb  hex.o [1]
uart_rx_ring_buf        0x000368   0x83  Data  Gb  comport.o [1]
uart_tx_ring_buf        0x0003eb   0x83  Data  Gb  comport.o [1]
wakeup_mode_routin      0x00bfc1  0x219  Code  Gb  wakeup_mode.o [1]
xor_block               0x00c1da  0x10a  Code  Lc  aes.o [1]


[1] = D:\stm8lora\src\stm8l15x-sx1278\STM8L15x-16x-05x-AL31-L_StdPeriph_Lib\Project\STM8L151G6U6_Sx1278\EWSTM8\STM8L15X_MD(STM8L15xx4_6)\Obj
[2] = command line
[3] = dbgstm8mmd.a
[4] = dlstm8mmf.a

  30 959 bytes of readonly  code memory
   1 434 bytes of readonly  data memory
   2 010 bytes of readwrite data memory

Errors: none
Warnings: none
