###############################################################################
#
# IAR ELF Linker V2.20.1.176 for STM8                     26/Nov/2018  01:05:06
# Copyright 2010-2015 IAR Systems AB.
#
#    Output file  =  
#        D:\stm8lora\src\stm8l15x-sx1278\STM8L15x-16x-05x-AL31-L_StdPeriph_Lib\Project\STM8L151G6U6_Sx1278\EWSTM8\STM8L15X_MD(STM8L15xx4_6)\Exe\project.out
#    Map file     =  
#        D:\stm8lora\src\stm8l15x-sx1278\STM8L15x-16x-05x-AL31-L_StdPeriph_Lib\Project\STM8L151G6U6_Sx1278\EWSTM8\STM8L15X_MD(STM8L15xx4_6)\List\project.map
#    Command line =  
#        "D:\stm8lora\src\stm8l15x-sx1278\STM8L15x-16x-05x-AL31-L_StdPeriph_Lib\Project\STM8L151G6U6_Sx1278\EWSTM8\STM8L15X_MD(STM8L15xx4_6)\Obj\board.o"
#        "D:\stm8lora\src\stm8l15x-sx1278\STM8L15x-16x-05x-AL31-L_StdPeriph_Lib\Project\STM8L151G6U6_Sx1278\EWSTM8\STM8L15X_MD(STM8L15xx4_6)\Obj\cfg_parm.o"
#        "D:\stm8lora\src\stm8l15x-sx1278\STM8L15x-16x-05x-AL31-L_StdPeriph_Lib\Project\STM8L151G6U6_Sx1278\EWSTM8\STM8L15X_MD(STM8L15xx4_6)\Obj\comport.o"
#        "D:\stm8lora\src\stm8l15x-sx1278\STM8L15x-16x-05x-AL31-L_StdPeriph_Lib\Project\STM8L151G6U6_Sx1278\EWSTM8\STM8L15X_MD(STM8L15xx4_6)\Obj\config_mode.o"
#        "D:\stm8lora\src\stm8l15x-sx1278\STM8L15x-16x-05x-AL31-L_StdPeriph_Lib\Project\STM8L151G6U6_Sx1278\EWSTM8\STM8L15X_MD(STM8L15xx4_6)\Obj\delay.o"
#        "D:\stm8lora\src\stm8l15x-sx1278\STM8L15x-16x-05x-AL31-L_StdPeriph_Lib\Project\STM8L151G6U6_Sx1278\EWSTM8\STM8L15X_MD(STM8L15xx4_6)\Obj\eeprom.o"
#        "D:\stm8lora\src\stm8l15x-sx1278\STM8L15x-16x-05x-AL31-L_StdPeriph_Lib\Project\STM8L151G6U6_Sx1278\EWSTM8\STM8L15X_MD(STM8L15xx4_6)\Obj\lowpower_mode.o"
#        "D:\stm8lora\src\stm8l15x-sx1278\STM8L15x-16x-05x-AL31-L_StdPeriph_Lib\Project\STM8L151G6U6_Sx1278\EWSTM8\STM8L15X_MD(STM8L15xx4_6)\Obj\main.o"
#        "D:\stm8lora\src\stm8l15x-sx1278\STM8L15x-16x-05x-AL31-L_StdPeriph_Lib\Project\STM8L151G6U6_Sx1278\EWSTM8\STM8L15X_MD(STM8L15xx4_6)\Obj\manufacture_parm.o"
#        "D:\stm8lora\src\stm8l15x-sx1278\STM8L15x-16x-05x-AL31-L_StdPeriph_Lib\Project\STM8L151G6U6_Sx1278\EWSTM8\STM8L15X_MD(STM8L15xx4_6)\Obj\normal_mode.o"
#        "D:\stm8lora\src\stm8l15x-sx1278\STM8L15x-16x-05x-AL31-L_StdPeriph_Lib\Project\STM8L151G6U6_Sx1278\EWSTM8\STM8L15X_MD(STM8L15xx4_6)\Obj\ring_buf.o"
#        "D:\stm8lora\src\stm8l15x-sx1278\STM8L15x-16x-05x-AL31-L_StdPeriph_Lib\Project\STM8L151G6U6_Sx1278\EWSTM8\STM8L15X_MD(STM8L15xx4_6)\Obj\spi-board.o"
#        "D:\stm8lora\src\stm8l15x-sx1278\STM8L15x-16x-05x-AL31-L_StdPeriph_Lib\Project\STM8L151G6U6_Sx1278\EWSTM8\STM8L15X_MD(STM8L15xx4_6)\Obj\stm8l15x_adc.o"
#        "D:\stm8lora\src\stm8l15x-sx1278\STM8L15x-16x-05x-AL31-L_StdPeriph_Lib\Project\STM8L151G6U6_Sx1278\EWSTM8\STM8L15X_MD(STM8L15xx4_6)\Obj\stm8l15x_beep.o"
#        "D:\stm8lora\src\stm8l15x-sx1278\STM8L15x-16x-05x-AL31-L_StdPeriph_Lib\Project\STM8L151G6U6_Sx1278\EWSTM8\STM8L15X_MD(STM8L15xx4_6)\Obj\stm8l15x_clk.o"
#        "D:\stm8lora\src\stm8l15x-sx1278\STM8L15x-16x-05x-AL31-L_StdPeriph_Lib\Project\STM8L151G6U6_Sx1278\EWSTM8\STM8L15X_MD(STM8L15xx4_6)\Obj\stm8l15x_comp.o"
#        "D:\stm8lora\src\stm8l15x-sx1278\STM8L15x-16x-05x-AL31-L_StdPeriph_Lib\Project\STM8L151G6U6_Sx1278\EWSTM8\STM8L15X_MD(STM8L15xx4_6)\Obj\stm8l15x_dac.o"
#        "D:\stm8lora\src\stm8l15x-sx1278\STM8L15x-16x-05x-AL31-L_StdPeriph_Lib\Project\STM8L151G6U6_Sx1278\EWSTM8\STM8L15X_MD(STM8L15xx4_6)\Obj\stm8l15x_dma.o"
#        "D:\stm8lora\src\stm8l15x-sx1278\STM8L15x-16x-05x-AL31-L_StdPeriph_Lib\Project\STM8L151G6U6_Sx1278\EWSTM8\STM8L15X_MD(STM8L15xx4_6)\Obj\stm8l15x_exti.o"
#        "D:\stm8lora\src\stm8l15x-sx1278\STM8L15x-16x-05x-AL31-L_StdPeriph_Lib\Project\STM8L151G6U6_Sx1278\EWSTM8\STM8L15X_MD(STM8L15xx4_6)\Obj\stm8l15x_flash.o"
#        "D:\stm8lora\src\stm8l15x-sx1278\STM8L15x-16x-05x-AL31-L_StdPeriph_Lib\Project\STM8L151G6U6_Sx1278\EWSTM8\STM8L15X_MD(STM8L15xx4_6)\Obj\stm8l15x_gpio.o"
#        "D:\stm8lora\src\stm8l15x-sx1278\STM8L15x-16x-05x-AL31-L_StdPeriph_Lib\Project\STM8L151G6U6_Sx1278\EWSTM8\STM8L15X_MD(STM8L15xx4_6)\Obj\stm8l15x_i2c.o"
#        "D:\stm8lora\src\stm8l15x-sx1278\STM8L15x-16x-05x-AL31-L_StdPeriph_Lib\Project\STM8L151G6U6_Sx1278\EWSTM8\STM8L15X_MD(STM8L15xx4_6)\Obj\stm8l15x_irtim.o"
#        "D:\stm8lora\src\stm8l15x-sx1278\STM8L15x-16x-05x-AL31-L_StdPeriph_Lib\Project\STM8L151G6U6_Sx1278\EWSTM8\STM8L15X_MD(STM8L15xx4_6)\Obj\stm8l15x_it.o"
#        "D:\stm8lora\src\stm8l15x-sx1278\STM8L15x-16x-05x-AL31-L_StdPeriph_Lib\Project\STM8L151G6U6_Sx1278\EWSTM8\STM8L15X_MD(STM8L15xx4_6)\Obj\stm8l15x_itc.o"
#        "D:\stm8lora\src\stm8l15x-sx1278\STM8L15x-16x-05x-AL31-L_StdPeriph_Lib\Project\STM8L151G6U6_Sx1278\EWSTM8\STM8L15X_MD(STM8L15xx4_6)\Obj\stm8l15x_iwdg.o"
#        "D:\stm8lora\src\stm8l15x-sx1278\STM8L15x-16x-05x-AL31-L_StdPeriph_Lib\Project\STM8L151G6U6_Sx1278\EWSTM8\STM8L15X_MD(STM8L15xx4_6)\Obj\stm8l15x_lcd.o"
#        "D:\stm8lora\src\stm8l15x-sx1278\STM8L15x-16x-05x-AL31-L_StdPeriph_Lib\Project\STM8L151G6U6_Sx1278\EWSTM8\STM8L15X_MD(STM8L15xx4_6)\Obj\stm8l15x_pwr.o"
#        "D:\stm8lora\src\stm8l15x-sx1278\STM8L15x-16x-05x-AL31-L_StdPeriph_Lib\Project\STM8L151G6U6_Sx1278\EWSTM8\STM8L15X_MD(STM8L15xx4_6)\Obj\stm8l15x_rst.o"
#        "D:\stm8lora\src\stm8l15x-sx1278\STM8L15x-16x-05x-AL31-L_StdPeriph_Lib\Project\STM8L151G6U6_Sx1278\EWSTM8\STM8L15X_MD(STM8L15xx4_6)\Obj\stm8l15x_rtc.o"
#        "D:\stm8lora\src\stm8l15x-sx1278\STM8L15x-16x-05x-AL31-L_StdPeriph_Lib\Project\STM8L151G6U6_Sx1278\EWSTM8\STM8L15X_MD(STM8L15xx4_6)\Obj\stm8l15x_spi.o"
#        "D:\stm8lora\src\stm8l15x-sx1278\STM8L15x-16x-05x-AL31-L_StdPeriph_Lib\Project\STM8L151G6U6_Sx1278\EWSTM8\STM8L15X_MD(STM8L15xx4_6)\Obj\stm8l15x_syscfg.o"
#        "D:\stm8lora\src\stm8l15x-sx1278\STM8L15x-16x-05x-AL31-L_StdPeriph_Lib\Project\STM8L151G6U6_Sx1278\EWSTM8\STM8L15X_MD(STM8L15xx4_6)\Obj\stm8l15x_tim1.o"
#        "D:\stm8lora\src\stm8l15x-sx1278\STM8L15x-16x-05x-AL31-L_StdPeriph_Lib\Project\STM8L151G6U6_Sx1278\EWSTM8\STM8L15X_MD(STM8L15xx4_6)\Obj\stm8l15x_tim2.o"
#        "D:\stm8lora\src\stm8l15x-sx1278\STM8L15x-16x-05x-AL31-L_StdPeriph_Lib\Project\STM8L151G6U6_Sx1278\EWSTM8\STM8L15X_MD(STM8L15xx4_6)\Obj\stm8l15x_tim3.o"
#        "D:\stm8lora\src\stm8l15x-sx1278\STM8L15x-16x-05x-AL31-L_StdPeriph_Lib\Project\STM8L151G6U6_Sx1278\EWSTM8\STM8L15X_MD(STM8L15xx4_6)\Obj\stm8l15x_tim4.o"
#        "D:\stm8lora\src\stm8l15x-sx1278\STM8L15x-16x-05x-AL31-L_StdPeriph_Lib\Project\STM8L151G6U6_Sx1278\EWSTM8\STM8L15X_MD(STM8L15xx4_6)\Obj\stm8l15x_tim5.o"
#        "D:\stm8lora\src\stm8l15x-sx1278\STM8L15x-16x-05x-AL31-L_StdPeriph_Lib\Project\STM8L151G6U6_Sx1278\EWSTM8\STM8L15X_MD(STM8L15xx4_6)\Obj\stm8l15x_usart.o"
#        "D:\stm8lora\src\stm8l15x-sx1278\STM8L15x-16x-05x-AL31-L_StdPeriph_Lib\Project\STM8L151G6U6_Sx1278\EWSTM8\STM8L15X_MD(STM8L15xx4_6)\Obj\stm8l15x_wfe.o"
#        "D:\stm8lora\src\stm8l15x-sx1278\STM8L15x-16x-05x-AL31-L_StdPeriph_Lib\Project\STM8L151G6U6_Sx1278\EWSTM8\STM8L15X_MD(STM8L15xx4_6)\Obj\stm8l15x_wwdg.o"
#        "D:\stm8lora\src\stm8l15x-sx1278\STM8L15x-16x-05x-AL31-L_StdPeriph_Lib\Project\STM8L151G6U6_Sx1278\EWSTM8\STM8L15X_MD(STM8L15xx4_6)\Obj\sx1276-board.o"
#        "D:\stm8lora\src\stm8l15x-sx1278\STM8L15x-16x-05x-AL31-L_StdPeriph_Lib\Project\STM8L151G6U6_Sx1278\EWSTM8\STM8L15X_MD(STM8L15xx4_6)\Obj\sx1276.o"
#        "D:\stm8lora\src\stm8l15x-sx1278\STM8L15x-16x-05x-AL31-L_StdPeriph_Lib\Project\STM8L151G6U6_Sx1278\EWSTM8\STM8L15X_MD(STM8L15xx4_6)\Obj\system.o"
#        "D:\stm8lora\src\stm8l15x-sx1278\STM8L15x-16x-05x-AL31-L_StdPeriph_Lib\Project\STM8L151G6U6_Sx1278\EWSTM8\STM8L15X_MD(STM8L15xx4_6)\Obj\test_mode.o"
#        "D:\stm8lora\src\stm8l15x-sx1278\STM8L15x-16x-05x-AL31-L_StdPeriph_Lib\Project\STM8L151G6U6_Sx1278\EWSTM8\STM8L15X_MD(STM8L15xx4_6)\Obj\timer.o"
#        "D:\stm8lora\src\stm8l15x-sx1278\STM8L15x-16x-05x-AL31-L_StdPeriph_Lib\Project\STM8L151G6U6_Sx1278\EWSTM8\STM8L15X_MD(STM8L15xx4_6)\Obj\utilities.o"
#        "D:\stm8lora\src\stm8l15x-sx1278\STM8L15x-16x-05x-AL31-L_StdPeriph_Lib\Project\STM8L151G6U6_Sx1278\EWSTM8\STM8L15X_MD(STM8L15xx4_6)\Obj\wakeup_mode.o"
#        --redirect _Printf=_PrintfFullNoMb --redirect _Scanf=_ScanfFullNoMb -o
#        "D:\stm8lora\src\stm8l15x-sx1278\STM8L15x-16x-05x-AL31-L_StdPeriph_Lib\Project\STM8L151G6U6_Sx1278\EWSTM8\STM8L15X_MD(STM8L15xx4_6)\Exe\project.out"
#        --map
#        "D:\stm8lora\src\stm8l15x-sx1278\STM8L15x-16x-05x-AL31-L_StdPeriph_Lib\Project\STM8L151G6U6_Sx1278\EWSTM8\STM8L15X_MD(STM8L15xx4_6)\List\project.map"
#        --config "C:\Program Files (x86)\IAR Systems\Embedded Workbench
#        7.3\stm8\config\lnkstm8l151g6.icf" --config_def _CSTACK_SIZE=0x300
#        --config_def _HEAP_SIZE=0x00 --entry __iar_program_start --debug_lib
#
###############################################################################

*******************************************************************************
*** RUNTIME MODEL ATTRIBUTES
***

__Heap_Handler             = Basic
__SystemLibrary            = DLib
__code_model               = medium_or_large
__core                     = stm8
__data_model               = medium
__dlib_file_descriptor     = 1
__dlib_full_locale_support = 1
__rt_version               = 4


*******************************************************************************
*** PLACEMENT SUMMARY
***

"A1":  place at start of [0x000000-0x0000ff] { rw section .vregs };
"A2":  place at end of [0x000000-0x0007ff] { block CSTACK };
"P2":  place in [from 0x000000 to 0x0007ff] {
          block HEAP, rw section __DLIB_PERTHREAD, rw section .far.bss,
          rw section .far.data, rw section .far.noinit,
          rw section .far_func.textrw, rw section .huge.bss,
          rw section .huge.data, rw section .huge.noinit,
          rw section .huge_func.textrw, rw section .iar.dynexit,
          rw section .near.bss, rw section .near.data, rw section .near.noinit,
          rw section .near_func.textrw };
"A3":  place at start of [0x008000-0x00ffff] { block INTVEC };
"P3":  place in [from 0x008000 to 0x00ffff] {
          ro section __DLIB_PERTHREAD_init, ro section .far.data_init,
          ro section .far_func.textrw_init, ro section .huge.data_init,
          ro section .huge_func.textrw_init, ro section .iar.init_table,
          ro section .init_array, ro section .near.data_init,
          ro section .near.rodata, ro section .near_func.text,
          ro section .near_func.textrw_init, ro section .tiny.data_init,
          ro section .tiny.rodata_init };
"P4":  place in [from 0x008000 to 0x00ffff] {
          ro section .far.rodata, ro section .far_func.text };
"P7":  place in [from 0x001000 to 0x0013ff] { section .eeprom.data };

  Section            Kind      Address    Size  Object
  -------            ----      -------    ----  ------
"A1":                                     0x10
  .vregs             uninit   0x000000    0x10  vregs.o [4]
                            - 0x000010    0x10

"P2", part 1 of 2:                        0x32
  P2-1                        0x000010    0x32  <Init block>
    .near.data       inited   0x000010     0x4  timer.o [1]
    .near.data       inited   0x000014    0x2e  localeconv.o [4]
                            - 0x000042    0x32

"P2", part 2 of 2:                       0x37a
  .near.bss          zero     0x000042   0x100  sx1276.o [1]
  .near.bss          zero     0x000142    0x83  comport.o [1]
  .near.bss          zero     0x0001c5    0x83  comport.o [1]
  .near.bss          zero     0x000248    0x51  sx1276.o [1]
  .near.bss          zero     0x000299    0x3a  normal_mode.o [1]
  .near.bss          zero     0x0002d3    0x3a  wakeup_mode.o [1]
  .near.bss          zero     0x00030d    0x15  config_mode.o [1]
  .near.bss          zero     0x000322    0x15  lowpower_mode.o [1]
  .near.bss          zero     0x000337    0x15  normal_mode.o [1]
  .near.bss          zero     0x00034c    0x15  test_mode.o [1]
  .near.bss          zero     0x000361    0x15  wakeup_mode.o [1]
  .near.bss          zero     0x000376     0xe  sx1276.o [1]
  .near.bss          zero     0x000384     0xe  sx1276.o [1]
  .near.bss          zero     0x000392     0xe  sx1276.o [1]
  .near.bss          zero     0x0003a0     0x5  cfg_parm.o [1]
  .near.bss          zero     0x0003a5     0x4  timer.o [1]
  .near.bss          zero     0x0003a9     0x4  timer.o [1]
  .near.bss          zero     0x0003ad     0x3  localeconv.o [4]
  .near.bss          zero     0x0003b0     0x2  sx1276.o [1]
  .near.bss          zero     0x0003b2     0x2  test_mode.o [1]
  .near.bss          zero     0x0003b4     0x2  timer.o [1]
  .near.bss          zero     0x0003b6     0x1  lowpower_mode.o [1]
  .near.bss          zero     0x0003b7     0x1  normal_mode.o [1]
  .near.bss          zero     0x0003b8     0x1  sx1276-board.o [1]
  .near.bss          zero     0x0003b9     0x1  system.o [1]
  .near.bss          zero     0x0003ba     0x1  test_mode.o [1]
  .near.bss          zero     0x0003bb     0x1  wakeup_mode.o [1]
                            - 0x0003bc   0x37a

"A2":                                    0x300
  CSTACK                      0x000500   0x300  <Block>
    CSTACK           uninit   0x000500   0x300  <Block tail>
                            - 0x000800   0x300

"P7":                                     0x19
  .eeprom.data       rw data  0x001000    0x14  manufacture_parm.o [1]
  .eeprom.data       rw data  0x001014     0x5  cfg_parm.o [1]
                            - 0x001019    0x19

"A3":                                     0x80
  INTVEC                      0x008000    0x80  <Block>
    .intvec          const    0x008000    0x80  interrupt.o [4]
                            - 0x008080    0x80

"P3":                                    0x22d
  .near.rodata       const    0x008080    0x6e  sx1276.o [1]
  .near.rodata       const    0x0080ee    0x51  sx1276-board.o [1]
  .near_func.text    const    0x00813f    0x3c  xprintffull_nomb.o [4]
  Initializer bytes  const    0x00817b    0x32  <for P2-1>
  .near.rodata       const    0x0081ad    0x30  sx1276.o [1]
  .near.rodata       const    0x0081dd    0x23  test_mode.o [1]
  .iar.init_table    const    0x008200    0x14  - Linker created -
  .near.rodata       const    0x008214    0x10  test_mode.o [1]
  .near.rodata       const    0x008224     0xe  test_mode.o [1]
  .near.rodata       const    0x008232     0xc  lowpower_mode.o [1]
  .near.rodata       const    0x00823e     0xc  normal_mode.o [1]
  .near.rodata       const    0x00824a     0xb  lowpower_mode.o [1]
  .near.rodata       const    0x008255     0xa  lowpower_mode.o [1]
  .near.rodata       const    0x00825f     0x9  config_mode.o [1]
  .near.rodata       const    0x008268     0x9  normal_mode.o [1]
  .near.rodata       const    0x008271     0x9  wakeup_mode.o [1]
  .near.rodata       const    0x00827a     0x7  test_mode.o [1]
  .near.rodata       const    0x008281     0x7  xprintffull_nomb.o [4]
  .near.rodata       const    0x008288     0x6  localeconv.o [4]
  .near.rodata       const    0x00828e     0x5  stm8l15x_clk.o [1]
  .near.rodata       const    0x008293     0x5  localeconv.o [4]
  .near.rodata       const    0x008298     0x4  xprintffull_nomb.o [4]
  .near.rodata       const    0x00829c     0x4  xprintffull_nomb.o [4]
  .near.rodata       const    0x0082a0     0x4  xprintffull_nomb.o [4]
  .near.rodata       const    0x0082a4     0x4  xprintffull_nomb.o [4]
  .near.rodata       const    0x0082a8     0x2  xprintffull_nomb.o [4]
  .near.rodata       const    0x0082aa     0x2  localeconv.o [4]
  .near.rodata       const    0x0082ac     0x1  localeconv.o [4]
                            - 0x0082ad   0x22d

"P4":                                   0x6e93
  .far_func.text     ro code  0x0082ad   0x4f2  xprintffull_nomb.o [4]
  .far_func.text     ro code  0x00879f   0x4d6  float.o [4]
  .far_func.text     ro code  0x008c75   0x49a  xprintffull_nomb.o [4]
  .far_func.text     ro code  0x00910f   0x3cf  sx1276.o [1]
  .far_func.text     ro code  0x0094de   0x3bf  xprintffull_nomb.o [4]
  .far_func.text     ro code  0x00989d   0x3b5  sx1276.o [1]
  .far_func.text     ro code  0x009c52   0x341  sx1276.o [1]
  .far_func.text     ro code  0x009f93   0x329  sx1276.o [1]
  .far_func.text     ro code  0x00a2bc   0x2fc  sx1276.o [1]
  .far_func.text     ro code  0x00a5b8   0x27d  config_mode.o [1]
  .far_func.text     ro code  0x00a835   0x261  long.o [4]
  .far_func.text     ro code  0x00aa96   0x244  normal_mode.o [1]
  .far_func.text     ro code  0x00acda   0x20d  vreg_util.o [4]
  .far_func.text     ro code  0x00aee7   0x1c5  comport.o [1]
  .far_func.text     ro code  0x00b0ac   0x1a1  wakeup_mode.o [1]
  .far_func.text     ro code  0x00b24d   0x182  timer.o [1]
  .far_func.text     ro code  0x00b3cf   0x17f  xprintffull_nomb.o [4]
  .far_func.text     ro code  0x00b54e   0x173  lowpower_mode.o [1]
  .far_func.text     ro code  0x00b6c1   0x162  float_libsup.o [4]
  .far_func.text     ro code  0x00b823   0x15c  timer.o [1]
  .far_func.text     ro code  0x00b97f   0x151  sx1276.o [1]
  .far_func.text     ro code  0x00bad0   0x13b  sx1276.o [1]
  .far_func.text     ro code  0x00bc0b   0x130  sx1276.o [1]
  .far_func.text     ro code  0x00bd3b   0x128  sx1276.o [1]
  .far_func.text     ro code  0x00be63   0x127  stm8l15x_exti.o [1]
  .far_func.text     ro code  0x00bf8a   0x119  lowpower_mode.o [1]
  .far_func.text     ro code  0x00c0a3   0x106  sx1276-board.o [1]
  .far_func.text     ro code  0x00c1a9   0x104  board.o [1]
  .far_func.text     ro code  0x00c2ad   0x104  stm8l15x_rtc.o [1]
  .far_func.text     ro code  0x00c3b1    0xf0  stm8l15x_it.o [1]
  .far_func.text     ro code  0x00c4a1    0xe4  sx1276.o [1]
  .far_func.text     ro code  0x00c585    0xdc  stm8l15x_usart.o [1]
  .far_func.text     ro code  0x00c661    0xd6  long_util.o [4]
  .far_func.text     ro code  0x00c737    0xd4  timer.o [1]
  .far_func.text     ro code  0x00c80b    0xd4  wakeup_mode.o [1]
  .far_func.text     ro code  0x00c8df    0xcb  timer.o [1]
  .far_func.text     ro code  0x00c9aa    0xca  xdint.o [4]
  .far_func.text     ro code  0x00ca74    0xb2  sx1276.o [1]
  .far_func.text     ro code  0x00cb26    0xb1  sx1276.o [1]
  .far_func.text     ro code  0x00cbd7    0xaf  cfg_parm.o [1]
  .far_func.text     ro code  0x00cc86    0xaf  stm8l15x_gpio.o [1]
  .far_func.text     ro code  0x00cd35    0xaa  sx1276-board.o [1]
  .far_func.text     ro code  0x00cddf    0xa4  sx1276.o [1]
  .far_func.text     ro code  0x00ce83    0xa0  cfg_parm.o [1]
  .far_func.text     ro code  0x00cf23    0x9e  lowpower_mode.o [1]
  .far_func.text     ro code  0x00cfc1    0x9e  stm8l15x_clk.o [1]
  .far_func.text     ro code  0x00d05f    0x97  cfg_parm.o [1]
  .far_func.text     ro code  0x00d0f6    0x95  stm8l15x_usart.o [1]
  .far_func.text     ro code  0x00d18b    0x94  stm8l15x_clk.o [1]
  .far_func.text     ro code  0x00d21f    0x90  test_mode.o [1]
  .far_func.text     ro code  0x00d2af    0x8e  sx1276.o [1]
  .far_func.text     ro code  0x00d33d    0x83  sx1276.o [1]
  .far_func.text     ro code  0x00d3c0    0x82  board.o [1]
  .far_func.text     ro code  0x00d442    0x82  normal_mode.o [1]
  .far_func.text     ro code  0x00d4c4    0x82  wakeup_mode.o [1]
  .far_func.text     ro code  0x00d546    0x76  sx1276.o [1]
  .far_func.text     ro code  0x00d5bc    0x75  stm8l15x_beep.o [1]
  .far_func.text     ro code  0x00d631    0x71  sx1276.o [1]
  .far_func.text     ro code  0x00d6a2    0x6d  board.o [1]
  .far_func.text     ro code  0x00d70f    0x6b  sx1276.o [1]
  .far_func.text     ro code  0x00d77a    0x6a  sx1276.o [1]
  .far_func.text     ro code  0x00d7e4    0x67  lowpower_mode.o [1]
  .far_func.text     ro code  0x00d84b    0x64  ring_buf.o [1]
  .far_func.text     ro code  0x00d8af    0x61  wakeup_mode.o [1]
  .far_func.text     ro code  0x00d910    0x60  cfg_parm.o [1]
  .far_func.text     ro code  0x00d970    0x5f  cfg_parm.o [1]
  .far_func.text     ro code  0x00d9cf    0x5d  stm8l15x_it.o [1]
  .far_func.text     ro code  0x00da2c    0x5c  ring_buf.o [1]
  .far_func.text     ro code  0x00da88    0x5b  stm8l15x_spi.o [1]
  .far_func.text     ro code  0x00dae3    0x5a  test_mode.o [1]
  .far_func.text     ro code  0x00db3d    0x58  cfg_parm.o [1]
  .far_func.text     ro code  0x00db95    0x58  dc_util.o [4]
  .far_func.text     ro code  0x00dbed    0x57  sx1276.o [1]
  .far_func.text     ro code  0x00dc44    0x55  round.o [4]
  .far_func.text     ro code  0x00dc99    0x53  delay.o [1]
  .far_func.text     ro code  0x00dcec    0x52  sx1276.o [1]
  .far_func.text     ro code  0x00dd3e    0x52  timer.o [1]
  .far_func.text     ro code  0x00dd90    0x52  far_util.o [4]
  .far_func.text     ro code  0x00dde2    0x51  xprintffull_nomb.o [4]
  .far_func.text     ro code  0x00de33    0x4f  eeprom.o [1]
  .far_func.text     ro code  0x00de82    0x4b  board.o [1]
  .far_func.text     ro code  0x00decd    0x4b  xprintffull_nomb.o [4]
  .far_func.text     ro code  0x00df18    0x4a  spi-board.o [1]
  .far_func.text     ro code  0x00df62    0x46  ring_buf.o [1]
  .far_func.text     ro code  0x00dfa8    0x46  sx1276.o [1]
  .far_func.text     ro code  0x00dfee    0x46  short.o [4]
  .far_func.text     ro code  0x00e034    0x46  ceil.o [4]
  .far_func.text     ro code  0x00e07a    0x46  floor.o [4]
  .far_func.text     ro code  0x00e0c0    0x45  stm8l15x_rtc.o [1]
  .far_func.text     ro code  0x00e105    0x43  lowpower_mode.o [1]
  .far_func.text     ro code  0x00e148    0x43  lowpower_mode.o [1]
  .far_func.text     ro code  0x00e18b    0x42  spi-board.o [1]
  .far_func.text     ro code  0x00e1cd    0x41  timer.o [1]
  .far_func.text     ro code  0x00e20e    0x3e  main.o [1]
  .far_func.text     ro code  0x00e24c    0x3e  stm8l15x_usart.o [1]
  .far_func.text     ro code  0x00e28a    0x3d  xprintffull_nomb.o [4]
  .far_func.text     ro code  0x00e2c7    0x3c  stm8l15x_flash.o [1]
  .far_func.text     ro code  0x00e303    0x3b  stm8l15x_rtc.o [1]
  .far_func.text     ro code  0x00e33e    0x3b  xprintffull_nomb.o [4]
  .far_func.text     ro code  0x00e379    0x39  board.o [1]
  .far_func.text     ro code  0x00e3b2    0x39  timer.o [1]
  .far_func.text     ro code  0x00e3eb    0x38  sx1276.o [1]
  .far_func.text     ro code  0x00e423    0x37  eeprom.o [1]
  .far_func.text     ro code  0x00e45a    0x37  stm8l15x_rtc.o [1]
  .far_func.text     ro code  0x00e491    0x37  stm8l15x_usart.o [1]
  .far_func.text     ro code  0x00e4c8    0x37  sx1276.o [1]
  .far_func.text     ro code  0x00e4ff    0x34  ring_buf.o [1]
  .far_func.text     ro code  0x00e533    0x34  sx1276.o [1]
  .far_func.text     ro code  0x00e567    0x34  div.o [4]
  .far_func.text     ro code  0x00e59b    0x33  cfg_parm.o [1]
  .far_func.text     ro code  0x00e5ce    0x32  cfg_parm.o [1]
  .far_func.text     ro code  0x00e600    0x31  cfg_parm.o [1]
  .far_func.text     ro code  0x00e631    0x30  lowpower_mode.o [1]
  .far_func.text     ro code  0x00e661    0x30  stm8l15x_it.o [1]
  .far_func.text     ro code  0x00e691    0x2f  comport.o [1]
  .far_func.text     ro code  0x00e6c0    0x2f  sx1276-board.o [1]
  .far_func.text     ro code  0x00e6ef    0x2e  sx1276-board.o [1]
  .far_func.text     ro code  0x00e71d    0x2e  xprintffull_nomb.o [4]
  .far_func.text     ro code  0x00e74b    0x2c  stm8l15x_gpio.o [1]
  .far_func.text     ro code  0x00e777    0x2c  stm8l15x_rtc.o [1]
  .far_func.text     ro code  0x00e7a3    0x2c  sx1276.o [1]
  .far_func.text     ro code  0x00e7cf    0x2b  stm8l15x_usart.o [1]
  .far_func.text     ro code  0x00e7fa    0x2b  timer.o [1]
  .far_func.text     ro code  0x00e825    0x29  stm8l15x_it.o [1]
  .far_func.text     ro code  0x00e84e    0x29  utilities.o [1]
  .far_func.text     ro code  0x00e877    0x28  ring_buf.o [1]
  .far_func.text     ro code  0x00e89f    0x28  printf.o [4]
  .far_func.text     ro code  0x00e8c7    0x28  init_small.o [4]
  .far_func.text     ro code  0x00e8ef    0x27  normal_mode.o [1]
  .far_func.text     ro code  0x00e916    0x27  timer.o [1]
  .far_func.text     ro code  0x00e93d    0x26  memcpy.o [4]
  .far_func.text     ro code  0x00e963    0x23  stm8l15x_it.o [1]
  .far_func.text     ro code  0x00e986    0x23  stm8l15x_it.o [1]
  .far_func.text     ro code  0x00e9a9    0x23  stm8l15x_it.o [1]
  .far_func.text     ro code  0x00e9cc    0x23  stm8l15x_it.o [1]
  .far_func.text     ro code  0x00e9ef    0x23  stm8l15x_rtc.o [1]
  .far_func.text     ro code  0x00ea12    0x23  sx1276-board.o [1]
  .far_func.text     ro code  0x00ea35    0x22  stm8l15x_exti.o [1]
  .far_func.text     ro code  0x00ea57    0x21  stm8l15x_it.o [1]
  .far_func.text     ro code  0x00ea78    0x20  lowpower_mode.o [1]
  .far_func.text     ro code  0x00ea98    0x20  lowpower_mode.o [1]
  .far_func.text     ro code  0x00eab8    0x20  normal_mode.o [1]
  .far_func.text     ro code  0x00ead8    0x20  normal_mode.o [1]
  .far_func.text     ro code  0x00eaf8    0x20  normal_mode.o [1]
  .far_func.text     ro code  0x00eb18    0x20  wakeup_mode.o [1]
  .far_func.text     ro code  0x00eb38    0x20  wakeup_mode.o [1]
  .far_func.text     ro code  0x00eb58    0x20  wakeup_mode.o [1]
  .far_func.text     ro code  0x00eb78    0x20  wakeup_mode.o [1]
  .far_func.text     ro code  0x00eb98    0x1f  xprout.o [4]
  .far_func.text     ro code  0x00ebb7    0x1e  stm8l15x_it.o [1]
  .far_func.text     ro code  0x00ebd5    0x1e  stm8l15x_it.o [1]
  .far_func.text     ro code  0x00ebf3    0x1e  stm8l15x_spi.o [1]
  .far_func.text     ro code  0x00ec11    0x1e  sx1276.o [1]
  .far_func.text     ro code  0x00ec2f    0x1e  init.o [4]
  .far_func.text     ro code  0x00ec4d    0x1e  init_small.o [4]
  .far_func.text     ro code  0x00ec6b    0x1d  stm8l15x_it.o [1]
  .far_func.text     ro code  0x00ec88    0x1d  stm8l15x_it.o [1]
  .far_func.text     ro code  0x00eca5    0x1d  sx1276.o [1]
  .far_func.text     ro code  0x00ecc2    0x1d  timer.o [1]
  .far_func.text     ro code  0x00ecdf    0x1c  sx1276.o [1]
  .far_func.text     ro code  0x00ecfb    0x1c  sx1276.o [1]
  .far_func.text     ro code  0x00ed17    0x1b  stm8l15x_gpio.o [1]
  .far_func.text     ro code  0x00ed32    0x1b  sx1276-board.o [1]
  .far_func.text     ro code  0x00ed4d    0x1b  sx1276.o [1]
  .far_func.text     ro code  0x00ed68    0x1a  cfg_parm.o [1]
  .far_func.text     ro code  0x00ed82    0x1a  ring_buf.o [1]
  .far_func.text     ro code  0x00ed9c    0x1a  stm8l15x_tim4.o [1]
  .far_func.text     ro code  0x00edb6    0x1a  timer.o [1]
  .far_func.text     ro code  0x00edd0    0x19  ring_buf.o [1]
  .far_func.text     ro code  0x00ede9    0x19  stm8l15x_flash.o [1]
  .far_func.text     ro code  0x00ee02    0x19  sx1276.o [1]
  .far_func.text     ro code  0x00ee1b    0x18  sx1276.o [1]
  .far_func.text     ro code  0x00ee33    0x18  memchr.o [4]
  .far_func.text     ro code  0x00ee4b    0x17  cstartup.o [4]
  .far_func.text     ro code  0x00ee62    0x17  memset.o [4]
  .far_func.text     ro code  0x00ee79    0x16  __dbg_xxexit.o [3]
  .far_func.text     ro code  0x00ee8f    0x15  stm8l15x_rtc.o [1]
  .far_func.text     ro code  0x00eea4    0x15  xprintffull_nomb.o [4]
  .far_func.text     ro code  0x00eeb9    0x15  strchr.o [4]
  .far_func.text     ro code  0x00eece    0x14  sx1276-board.o [1]
  .far_func.text     ro code  0x00eee2    0x12  strlen.o [4]
  .far_func.text     ro code  0x00eef4    0x11  ring_buf.o [1]
  .far_func.text     ro code  0x00ef05    0x11  stm8l15x_spi.o [1]
  .far_func.text     ro code  0x00ef16    0x11  stm8l15x_tim4.o [1]
  .far_func.text     ro code  0x00ef27    0x10  system.o [1]
  .far_func.text     ro code  0x00ef37    0x10  xprintffull_nomb.o [4]
  .far_func.text     ro code  0x00ef47     0xe  stm8l15x_beep.o [1]
  .far_func.text     ro code  0x00ef55     0xe  stm8l15x_beep.o [1]
  .far_func.text     ro code  0x00ef63     0xe  stm8l15x_clk.o [1]
  .far_func.text     ro code  0x00ef71     0xe  stm8l15x_clk.o [1]
  .far_func.text     ro code  0x00ef7f     0xe  stm8l15x_clk.o [1]
  .far_func.text     ro code  0x00ef8d     0xe  stm8l15x_pwr.o [1]
  .far_func.text     ro code  0x00ef9b     0xe  stm8l15x_tim4.o [1]
  .far_func.text     ro code  0x00efa9     0xe  localeconv.o [4]
  .far_func.text     ro code  0x00efb7     0xe  localeconv.o [4]
  .far_func.text     ro code  0x00efc5     0xd  stm8l15x_rtc.o [1]
  .far_func.text     ro code  0x00efd2     0xd  move.o [4]
  .far_func.text     ro code  0x00efdf     0xc  delay.o [1]
  .far_func.text     ro code  0x00efeb     0xc  timer.o [1]
  .far_func.text     ro code  0x00eff7     0xc  switch.o [4]
  .far_func.text     ro code  0x00f003     0xc  xprintffull_nomb.o [4]
  .far_func.text     ro code  0x00f00f     0xc  xprintffull_nomb.o [4]
  .far_func.text     ro code  0x00f01b     0xb  stm8l15x_flash.o [1]
  .far_func.text     ro code  0x00f026     0xb  xprintffull_nomb.o [4]
  .far_func.text     ro code  0x00f031     0xb  localeconv.o [4]
  .far_func.text     ro code  0x00f03c     0xa  stm8l15x_clk.o [1]
  .far_func.text     ro code  0x00f046     0xa  sx1276-board.o [1]
  .far_func.text     ro code  0x00f050     0xa  sx1276-board.o [1]
  .far_func.text     ro code  0x00f05a     0xa  system.o [1]
  .far_func.text     ro code  0x00f064     0xa  far.o [4]
  .far_func.text     ro code  0x00f06e     0xa  xprintffull_nomb.o [4]
  .far_func.text     ro code  0x00f078     0x9  stm8l15x_gpio.o [1]
  .far_func.text     ro code  0x00f081     0x9  stm8l15x_tim2.o [1]
  .far_func.text     ro code  0x00f08a     0x9  stm8l15x_tim4.o [1]
  .far_func.text     ro code  0x00f093     0x9  stm8l15x_tim4.o [1]
  .far_func.text     ro code  0x00f09c     0x9  sx1276.o [1]
  .far_func.text     ro code  0x00f0a5     0x8  stm8l15x_gpio.o [1]
  .far_func.text     ro code  0x00f0ad     0x8  stm8l15x_spi.o [1]
  .far_func.text     ro code  0x00f0b5     0x8  stm8l15x_usart.o [1]
  .far_func.text     ro code  0x00f0bd     0x8  timer.o [1]
  .far_func.text     ro code  0x00f0c5     0x8  xprintffull_nomb.o [4]
  .far_func.text     ro code  0x00f0cd     0x7  stm8l15x_gpio.o [1]
  .far_func.text     ro code  0x00f0d4     0x7  sx1276-board.o [1]
  .far_func.text     ro code  0x00f0db     0x7  xprintffull_nomb.o [4]
  .far_func.text     ro code  0x00f0e2     0x6  char.o [4]
  .far_func.text     ro code  0x00f0e8     0x6  xprintffull_nomb.o [4]
  .far_func.text     ro code  0x00f0ee     0x6  cexit.o [4]
  .far_func.text     ro code  0x00f0f4     0x5  stm8l15x_spi.o [1]
  .far_func.text     ro code  0x00f0f9     0x5  stm8l15x_usart.o [1]
  .far_func.text     ro code  0x00f0fe     0x5  stm8l15x_usart.o [1]
  .far_func.text     ro code  0x00f103     0x5  stm8l15x_usart.o [1]
  .far_func.text     ro code  0x00f108     0x4  stm8l15x_clk.o [1]
  .far_func.text     ro code  0x00f10c     0x4  stm8l15x_clk.o [1]
  .far_func.text     ro code  0x00f110     0x4  stm8l15x_clk.o [1]
  .far_func.text     ro code  0x00f114     0x4  stm8l15x_flash.o [1]
  .far_func.text     ro code  0x00f118     0x4  sx1276.o [1]
  .far_func.text     ro code  0x00f11c     0x4  interrupt.o [4]
  .far_func.text     ro code  0x00f120     0x4  exit.o [4]
  .far_func.text     ro code  0x00f124     0x3  sx1276-board.o [1]
  .far_func.text     ro code  0x00f127     0x3  low_level_init.o [4]
  .far_func.text     ro code  0x00f12a     0x3  unhandled_exception.o [4]
  .far_func.text     ro code  0x00f12d     0x1  stm8l15x_it.o [1]
  .far_func.text     ro code  0x00f12e     0x1  stm8l15x_it.o [1]
  .far_func.text     ro code  0x00f12f     0x1  stm8l15x_it.o [1]
  .far_func.text     ro code  0x00f130     0x1  stm8l15x_it.o [1]
  .far_func.text     ro code  0x00f131     0x1  stm8l15x_it.o [1]
  .far_func.text     ro code  0x00f132     0x1  stm8l15x_it.o [1]
  .far_func.text     ro code  0x00f133     0x1  stm8l15x_it.o [1]
  .far_func.text     ro code  0x00f134     0x1  stm8l15x_it.o [1]
  .far_func.text     ro code  0x00f135     0x1  stm8l15x_it.o [1]
  .far_func.text     ro code  0x00f136     0x1  stm8l15x_it.o [1]
  .far_func.text     ro code  0x00f137     0x1  stm8l15x_it.o [1]
  .far_func.text     ro code  0x00f138     0x1  stm8l15x_it.o [1]
  .far_func.text     ro code  0x00f139     0x1  stm8l15x_it.o [1]
  .far_func.text     ro code  0x00f13a     0x1  stm8l15x_it.o [1]
  .far_func.text     ro code  0x00f13b     0x1  stm8l15x_it.o [1]
  .far_func.text     ro code  0x00f13c     0x1  stm8l15x_it.o [1]
  .far_func.text     ro code  0x00f13d     0x1  stm8l15x_it.o [1]
  .far_func.text     ro code  0x00f13e     0x1  sx1276-board.o [1]
  .far_func.text     ro code  0x00f13f     0x1  __dbg_break.o [3]
                            - 0x00f140  0x6e93


*******************************************************************************
*** INIT TABLE
***

          Address   Size
          -------   ----
Zero (__iar_zero_init2)
    1 destination range, total size 0x37a:
          0x000042  0x37a

Copy (__iar_copy_init2)
    1 source range, total size 0x32:
          0x00817b   0x32
    1 destination range, total size 0x32:
          0x000010   0x32



*******************************************************************************
*** MODULE SUMMARY
***

    Module                 ro code  ro data  rw data
    ------                 -------  -------  -------
D:\stm8lora\src\stm8l15x-sx1278\STM8L15x-16x-05x-AL31-L_StdPeriph_Lib\Project\STM8L151G6U6_Sx1278\EWSTM8\STM8L15X_MD(STM8L15xx4_6)\Obj: [1]
    board.o                    631
    cfg_parm.o                 941                10
    comport.o                  500               262
    config_mode.o              637        9       21
    delay.o                     95
    eeprom.o                   134
    lowpower_mode.o          1 159       33       22
    main.o                      62
    manufacture_parm.o                            20
    normal_mode.o              845       21       80
    ring_buf.o                 422
    spi-board.o                140
    stm8l15x_beep.o            145
    stm8l15x_clk.o             370        5
    stm8l15x_exti.o            329
    stm8l15x_flash.o           100
    stm8l15x_gpio.o            270
    stm8l15x_it.o              730
    stm8l15x_pwr.o              14
    stm8l15x_rtc.o             556
    stm8l15x_spi.o             151
    stm8l15x_tim2.o              9
    stm8l15x_tim4.o             75
    stm8l15x_usart.o           552
    sx1276-board.o             638       81        1
    sx1276.o                 7 696      158      381
    system.o                    26                 1
    test_mode.o                234       72       24
    timer.o                  1 510        4       14
    utilities.o                 41
    wakeup_mode.o              984        9       80
    ------------------------------------------------
    Total:                  19 996      392      916

command line: [2]
    ------------------------------------------------
    Total:

dbgstm8mmd.a: [3]
    __dbg_break.o                1
    __dbg_xxexit.o              22
    ------------------------------------------------
    Total:                      23

dlstm8mmf.a: [4]
    ceil.o                      70
    cexit.o                      6
    char.o                       6
    cstartup.o                  23
    dc_util.o                   88
    div.o                       52
    exit.o                       4
    far.o                       10
    far_util.o                  82
    float.o                  1 238
    float_libsup.o             354
    floor.o                     70
    init.o                      30
    init_small.o                70
    interrupt.o                  4      128
    localeconv.o                39       60       49
    long.o                     609
    long_util.o                214
    low_level_init.o             3
    memchr.o                    24
    memcpy.o                    38
    memset.o                    23
    move.o                      13
    printf.o                    40
    round.o                     85
    short.o                     70
    strchr.o                    21
    strlen.o                    18
    switch.o                    12
    unhandled_exception.o        3
    vreg_util.o                525
    vregs.o                                       16
    xdint.o                    202
    xprintffull_nomb.o       4 211       85
    xprout.o                    31
    ------------------------------------------------
    Total:                   8 288      273       65

    Linker created                       20      768
----------------------------------------------------
    Grand Total:            28 307      685    1 749


*******************************************************************************
*** ENTRY LIST
***

Entry                    Address   Size  Type      Object
-----                    -------   ----  ----      ------
.iar.init_table$$Base   0x008200          --   Gb  - Linker created -
.iar.init_table$$Limit  0x008214          --   Gb  - Linker created -
?add32_l0_l0_0x         0x00a874         Code  Gb  long.o [4]
?add32_l0_l0_l1         0x00a871         Code  Gb  long.o [4]
?and32_l0_l0_0x         0x00aa29         Code  Gb  long.o [4]
?and32_l0_l0_l1         0x00aa26         Code  Gb  long.o [4]
?b0                     0x000000         Data  Gb  vregs.o [4]
?b1                     0x000001         Data  Gb  vregs.o [4]
?b10                    0x00000a         Data  Gb  vregs.o [4]
?b11                    0x00000b         Data  Gb  vregs.o [4]
?b12                    0x00000c         Data  Gb  vregs.o [4]
?b13                    0x00000d         Data  Gb  vregs.o [4]
?b14                    0x00000e         Data  Gb  vregs.o [4]
?b15                    0x00000f         Data  Gb  vregs.o [4]
?b2                     0x000002         Data  Gb  vregs.o [4]
?b3                     0x000003         Data  Gb  vregs.o [4]
?b4                     0x000004         Data  Gb  vregs.o [4]
?b5                     0x000005         Data  Gb  vregs.o [4]
?b6                     0x000006         Data  Gb  vregs.o [4]
?b7                     0x000007         Data  Gb  vregs.o [4]
?b8                     0x000008         Data  Gb  vregs.o [4]
?b9                     0x000009         Data  Gb  vregs.o [4]
?dc32_l0                0x00db95         Code  Gb  dc_util.o [4]
?dc32_l1                0x00dbc1         Code  Gb  dc_util.o [4]
?dec32_0x_0x            0x00a85d         Code  Gb  long.o [4]
?dec32_l2_l2            0x00a858         Code  Gb  long.o [4]
?e0                     0x000001         Data  Gb  vregs.o [4]
?e1                     0x000005         Data  Gb  vregs.o [4]
?e2                     0x000009         Data  Gb  vregs.o [4]
?e3                     0x00000d         Data  Gb  vregs.o [4]
?epilogue_l2            0x00ae22         Code  Gb  vreg_util.o [4]
?epilogue_l2_l3         0x00ae1e         Code  Gb  vreg_util.o [4]
?epilogue_l2_w6         0x00ae27         Code  Gb  vreg_util.o [4]
?epilogue_w4            0x00ae30         Code  Gb  vreg_util.o [4]
?fadd32_l0_l0_dc32      0x0087c3         Code  Gb  float.o [4]
?fadd32_l0_l0_l1        0x0087c9         Code  Gb  float.o [4]
?fcastf32s16_l0_x       0x008a5a         Code  Gb  float.o [4]
?fcastf32s32_l0_l0      0x008b2e         Code  Gb  float.o [4]
?fcastf32u16_l0_x       0x008a61         Code  Gb  float.o [4]
?fcastf32u32_l0_l0      0x008b3a         Code  Gb  float.o [4]
?fcasts16f32_x_l0       0x008a7f         Code  Gb  float.o [4]
?fcasts32f32_l0_l0      0x008acb         Code  Gb  float.o [4]
?fcastu32f32_l0_l0      0x008ab4         Code  Gb  float.o [4]
?fcmpge32_c_l0_0x       0x0089f9         Code  Gb  float.o [4]
?fcmpge32_c_l0_dc32     0x0089f2         Code  Gb  float.o [4]
?fcmpge32_c_l0_l1       0x0089f6         Code  Gb  float.o [4]
?fcmplt32_c_l0_0x       0x008a04         Code  Gb  float.o [4]
?fcmplt32_c_l0_dc32     0x0089fd         Code  Gb  float.o [4]
?fcmplt32_c_l0_l1       0x008a01         Code  Gb  float.o [4]
?fdiv32_l0_dc32_l1      0x008938         Code  Gb  float.o [4]
?fdiv32_l0_l0_dc32      0x00893e         Code  Gb  float.o [4]
?fdiv32_l0_l0_l1        0x008944         Code  Gb  float.o [4]
?fmul32_l0_l0_dc32      0x008897         Code  Gb  float.o [4]
?fmul32_l0_l0_l1        0x00889d         Code  Gb  float.o [4]
?fsub32_l0_l0_l1        0x0087bd         Code  Gb  float.o [4]
?inc32_0x_0x            0x00a84a         Code  Gb  long.o [4]
?inc32_l0_l0            0x00a845         Code  Gb  long.o [4]
?l0                     0x000000         Data  Gb  vregs.o [4]
?l1                     0x000004         Data  Gb  vregs.o [4]
?l2                     0x000008         Data  Gb  vregs.o [4]
?l3                     0x00000c         Data  Gb  vregs.o [4]
?load24_0x_e0           0x00ddd4         Code  Gb  far_util.o [4]
?load24_e0_0x           0x00dd9c         Code  Gb  far_util.o [4]
?load24_e0_asp          0x00dd90         Code  Gb  far_util.o [4]
?load24_e0_xsp          0x00dd92         Code  Gb  far_util.o [4]
?load24_e1_0x           0x00ddaa         Code  Gb  far_util.o [4]
?load24_e2_0x           0x00ddb8         Code  Gb  far_util.o [4]
?load24_e3_0x           0x00ddc6         Code  Gb  far_util.o [4]
?load32_0x_l0           0x00c703         Code  Gb  long_util.o [4]
?load32_0x_l2           0x00c71b         Code  Gb  long_util.o [4]
?load32_0x_l3           0x00c729         Code  Gb  long_util.o [4]
?load32_l0_0x           0x00c67b         Code  Gb  long_util.o [4]
?load32_l0_asp          0x00c66f         Code  Gb  long_util.o [4]
?load32_l0_dbsp         0x00c661         Code  Gb  long_util.o [4]
?load32_l0_xsp          0x00c671         Code  Gb  long_util.o [4]
?load32_l1_0x           0x00c6a1         Code  Gb  long_util.o [4]
?load32_l1_asp          0x00c695         Code  Gb  long_util.o [4]
?load32_l1_dbsp         0x00c687         Code  Gb  long_util.o [4]
?load32_l1_xsp          0x00c697         Code  Gb  long_util.o [4]
?load32_l2_0x           0x00c6c7         Code  Gb  long_util.o [4]
?load32_l2_asp          0x00c6bb         Code  Gb  long_util.o [4]
?load32_l2_dbsp         0x00c6ad         Code  Gb  long_util.o [4]
?load32_l2_xsp          0x00c6bd         Code  Gb  long_util.o [4]
?load32_l3_0x           0x00c6ed         Code  Gb  long_util.o [4]
?load32_l3_asp          0x00c6e1         Code  Gb  long_util.o [4]
?load32_l3_dbsp         0x00c6d3         Code  Gb  long_util.o [4]
?load32_l3_xsp          0x00c6e3         Code  Gb  long_util.o [4]
?load32_xsp_l0          0x00c6f9         Code  Gb  long_util.o [4]
?load32_xsp_l2          0x00c711         Code  Gb  long_util.o [4]
?mov_e0_e1              0x00ae5b         Code  Gb  vreg_util.o [4]
?mov_e0_e2              0x00ae68         Code  Gb  vreg_util.o [4]
?mov_e0_e3              0x00ae75         Code  Gb  vreg_util.o [4]
?mov_e1_e0              0x00ae82         Code  Gb  vreg_util.o [4]
?mov_e1_e2              0x00ae8f         Code  Gb  vreg_util.o [4]
?mov_e1_e3              0x00ae9c         Code  Gb  vreg_util.o [4]
?mov_e2_e0              0x00aea9         Code  Gb  vreg_util.o [4]
?mov_e2_e1              0x00aeb6         Code  Gb  vreg_util.o [4]
?mov_e2_e3              0x00aec3         Code  Gb  vreg_util.o [4]
?mov_e3_e0              0x00aed0         Code  Gb  vreg_util.o [4]
?mov_e3_e1              0x00aedd         Code  Gb  vreg_util.o [4]
?mov_l0_l1              0x00ae58         Code  Gb  vreg_util.o [4]
?mov_l0_l2              0x00ae65         Code  Gb  vreg_util.o [4]
?mov_l0_l3              0x00ae72         Code  Gb  vreg_util.o [4]
?mov_l1_l0              0x00ae7f         Code  Gb  vreg_util.o [4]
?mov_l1_l2              0x00ae8c         Code  Gb  vreg_util.o [4]
?mov_l1_l3              0x00ae99         Code  Gb  vreg_util.o [4]
?mov_l2_l0              0x00aea6         Code  Gb  vreg_util.o [4]
?mov_l2_l1              0x00aeb3         Code  Gb  vreg_util.o [4]
?mov_l2_l3              0x00aec0         Code  Gb  vreg_util.o [4]
?mov_l3_l0              0x00aecd         Code  Gb  vreg_util.o [4]
?mov_l3_l1              0x00aeda         Code  Gb  vreg_util.o [4]
?mov_w0_w5              0x00ae35         Code  Gb  vreg_util.o [4]
?mov_w1_w3              0x00ae5e         Code  Gb  vreg_util.o [4]
?mov_w1_w4              0x00ae3c         Code  Gb  vreg_util.o [4]
?mov_w1_w5              0x00ae6b         Code  Gb  vreg_util.o [4]
?mov_w1_w7              0x00ae78         Code  Gb  vreg_util.o [4]
?mov_w2_w0              0x00ae43         Code  Gb  vreg_util.o [4]
?mov_w2_w1              0x00ae4a         Code  Gb  vreg_util.o [4]
?mov_w3_w1              0x00ae85         Code  Gb  vreg_util.o [4]
?mov_w3_w5              0x00ae92         Code  Gb  vreg_util.o [4]
?mov_w3_w7              0x00ae9f         Code  Gb  vreg_util.o [4]
?mov_w5_w1              0x00aeac         Code  Gb  vreg_util.o [4]
?mov_w5_w3              0x00aeb9         Code  Gb  vreg_util.o [4]
?mov_w5_w7              0x00aec6         Code  Gb  vreg_util.o [4]
?mov_w7_w0              0x00ae51         Code  Gb  vreg_util.o [4]
?mov_w7_w1              0x00aed3         Code  Gb  vreg_util.o [4]
?mov_w7_w3              0x00aee0         Code  Gb  vreg_util.o [4]
?move1616_v_x_y_a       0x00efd2         Code  Gb  move.o [4]
?mul16_x_x_w0           0x00dfee         Code  Gb  short.o [4]
?mul32_l0_l0_0x         0x00a8a7         Code  Gb  long.o [4]
?mul32_l0_l0_l1         0x00a8b0         Code  Gb  long.o [4]
?neg32_l0_l0            0x00a835         Code  Gb  long.o [4]
?or32_l0_l0_0x          0x00aa44         Code  Gb  long.o [4]
?or32_l0_l0_l1          0x00aa41         Code  Gb  long.o [4]
?pop_e2                 0x00ad84         Code  Gb  vreg_util.o [4]
?pop_e3                 0x00ad93         Code  Gb  vreg_util.o [4]
?pop_l0                 0x00ade6         Code  Gb  vreg_util.o [4]
?pop_l1                 0x00adf1         Code  Gb  vreg_util.o [4]
?pop_l2                 0x00adfc         Code  Gb  vreg_util.o [4]
?pop_l3                 0x00ae07         Code  Gb  vreg_util.o [4]
?pop_w4                 0x00ad0f         Code  Gb  vreg_util.o [4]
?pop_w5                 0x00ad16         Code  Gb  vreg_util.o [4]
?pop_w6                 0x00ad1d         Code  Gb  vreg_util.o [4]
?push_e0                0x00ad30         Code  Gb  vreg_util.o [4]
?push_e2                0x00ad4c         Code  Gb  vreg_util.o [4]
?push_e3                0x00ad68         Code  Gb  vreg_util.o [4]
?push_l0                0x00adb1         Code  Gb  vreg_util.o [4]
?push_l1                0x00adb6         Code  Gb  vreg_util.o [4]
?push_l2                0x00adbb         Code  Gb  vreg_util.o [4]
?push_l3                0x00adc0         Code  Gb  vreg_util.o [4]
?push_w0                0x00acda         Code  Gb  vreg_util.o [4]
?push_w1                0x00acdf         Code  Gb  vreg_util.o [4]
?push_w2                0x00ace4         Code  Gb  vreg_util.o [4]
?push_w4                0x00ace9         Code  Gb  vreg_util.o [4]
?push_w5                0x00acee         Code  Gb  vreg_util.o [4]
?push_w6                0x00acf3         Code  Gb  vreg_util.o [4]
?scmp32_c_l0_l1         0x00aa0f         Code  Gb  long.o [4]
?sdiv16_x_x_y           0x00e00c         Code  Gb  short.o [4]
?sdiv32_l0_l0_dl        0x00a9a5         Code  Gb  long.o [4]
?sdiv32_l0_l0_l1        0x00a9a9         Code  Gb  long.o [4]
?sext16_x_a             0x00e02d         Code  Gb  short.o [4]
?sext32_l0_a            0x00aa89         Code  Gb  long.o [4]
?sext32_l0_x            0x00aa7e         Code  Gb  long.o [4]
?sll16_x_x_a            0x00e025         Code  Gb  short.o [4]
?sll32_0x_0x_a          0x00aa5f         Code  Gb  long.o [4]
?sll32_l0_l0_a          0x00aa5c         Code  Gb  long.o [4]
?smod32_l1_l0_l1        0x00a9a9         Code  Gb  long.o [4]
?sra32_0x_0x_a          0x00aa70         Code  Gb  long.o [4]
?sra32_l0_l0_a          0x00aa6d         Code  Gb  long.o [4]
?srl8_a_a_5             0x00f0e3         Code  Gb  char.o [4]
?srl8_a_a_6             0x00f0e2         Code  Gb  char.o [4]
?sub32_l0_l0_0x         0x00a88f         Code  Gb  long.o [4]
?sub32_l0_l0_l1         0x00a88c         Code  Gb  long.o [4]
?switch8vlt_0x_a_0x     0x00eff7         Code  Gb  switch.o [4]
?ucmp24_c_0x_e0         0x00f064         Code  Gb  far.o [4]
?ucmp32_c_l0_0x         0x00a9f4         Code  Gb  long.o [4]
?ucmp32_c_l0_l1         0x00aa04         Code  Gb  long.o [4]
?udiv32_l0_l0_dl        0x00a934         Code  Gb  long.o [4]
?udiv32_l0_l0_l1        0x00a938         Code  Gb  long.o [4]
?umod32_l1_l0_dl        0x00a92e         Code  Gb  long.o [4]
?umod32_l1_l0_l1        0x00a938         Code  Gb  long.o [4]
?w0                     0x000000         Data  Gb  vregs.o [4]
?w1                     0x000002         Data  Gb  vregs.o [4]
?w2                     0x000004         Data  Gb  vregs.o [4]
?w3                     0x000006         Data  Gb  vregs.o [4]
?w4                     0x000008         Data  Gb  vregs.o [4]
?w5                     0x00000a         Data  Gb  vregs.o [4]
?w6                     0x00000c         Data  Gb  vregs.o [4]
?w7                     0x00000e         Data  Gb  vregs.o [4]
ADC1_COMP_IRQHandler    0x00f136    0x1  Code  Gb  stm8l15x_it.o [1]
BEEP_Cmd                0x00ef47    0xe  Code  Gb  stm8l15x_beep.o [1]
BEEP_LSClockToTIMConnectCmd
                        0x00ef55    0xe  Code  Gb  stm8l15x_beep.o [1]
BEEP_LSICalibrationConfig
                        0x00d5bc   0x75  Code  Gb  stm8l15x_beep.o [1]
BoardDisableIrq         0x00f05a    0xa  Code  Gb  system.o [1]
BoardEnableIrq          0x00ef27   0x10  Code  Gb  system.o [1]
BoardInitMcu            0x00c1a9  0x104  Code  Gb  board.o [1]
CLK_GetClockFreq        0x00cfc1   0x9e  Code  Gb  stm8l15x_clk.o [1]
CLK_GetSYSCLKSource     0x00f10c    0x4  Code  Gb  stm8l15x_clk.o [1]
CLK_HSICmd              0x00ef63    0xe  Code  Gb  stm8l15x_clk.o [1]
CLK_LSICmd              0x00ef71    0xe  Code  Gb  stm8l15x_clk.o [1]
CLK_PeripheralClockConfig
                        0x00d18b   0x94  Code  Gb  stm8l15x_clk.o [1]
CLK_RTCClockConfig      0x00f03c    0xa  Code  Gb  stm8l15x_clk.o [1]
CLK_SYSCLKDivConfig     0x00f110    0x4  Code  Gb  stm8l15x_clk.o [1]
CLK_SYSCLKSourceConfig  0x00f108    0x4  Code  Gb  stm8l15x_clk.o [1]
CLK_SYSCLKSourceSwitchCmd
                        0x00ef7f    0xe  Code  Gb  stm8l15x_clk.o [1]
CSTACK$$Base            0x000500          --   Gb  - Linker created -
CSTACK$$Limit           0x000800          --   Gb  - Linker created -
ComportInit             0x00aee7  0x1c5  Code  Gb  comport.o [1]
ConfigModeRadioEvents   0x00030d   0x15  Data  Lc  config_mode.o [1]
DMA1_CHANNEL0_1_IRQHandler
                        0x00f12f    0x1  Code  Gb  stm8l15x_it.o [1]
DMA1_CHANNEL2_3_IRQHandler
                        0x00f130    0x1  Code  Gb  stm8l15x_it.o [1]
DelayMs                 0x00efdf    0xc  Code  Gb  delay.o [1]
EXTI0_IRQHandler        0x00ec6b   0x1d  Code  Gb  stm8l15x_it.o [1]
EXTI1_IRQHandler        0x00ebb7   0x1e  Code  Gb  stm8l15x_it.o [1]
EXTI2_IRQHandler        0x00c3b1   0xf0  Code  Gb  stm8l15x_it.o [1]
EXTI3_IRQHandler        0x00e963   0x23  Code  Gb  stm8l15x_it.o [1]
EXTI4_IRQHandler        0x00e986   0x23  Code  Gb  stm8l15x_it.o [1]
EXTI5_IRQHandler        0x00e9a9   0x23  Code  Gb  stm8l15x_it.o [1]
EXTI6_IRQHandler        0x00e9cc   0x23  Code  Gb  stm8l15x_it.o [1]
EXTI7_IRQHandler        0x00ebd5   0x1e  Code  Gb  stm8l15x_it.o [1]
EXTIB_G_IRQHandler      0x00f132    0x1  Code  Gb  stm8l15x_it.o [1]
EXTID_H_IRQHandler      0x00f133    0x1  Code  Gb  stm8l15x_it.o [1]
EXTIE_F_PVD_IRQHandler  0x00f131    0x1  Code  Gb  stm8l15x_it.o [1]
EXTI_ClearITPendingBit  0x00ea35   0x22  Code  Gb  stm8l15x_exti.o [1]
EXTI_SetPinSensitivity  0x00be63  0x127  Code  Gb  stm8l15x_exti.o [1]
FLASH_IRQHandler        0x00f12e    0x1  Code  Gb  stm8l15x_it.o [1]
FLASH_Lock              0x00f01b    0xb  Code  Gb  stm8l15x_flash.o [1]
FLASH_ProgramByte       0x00f114    0x4  Code  Gb  stm8l15x_flash.o [1]
FLASH_Unlock            0x00ede9   0x19  Code  Gb  stm8l15x_flash.o [1]
FLASH_WaitForLastOperation
                        0x00e2c7   0x3c  Code  Gb  stm8l15x_flash.o [1]
FskBandwidths           0x008080   0x6e  Data  Gb  sx1276.o [1]
GPIO_DeInit             0x00ed17   0x1b  Code  Gb  stm8l15x_gpio.o [1]
GPIO_ExternalPullUpConfig
                        0x00e74b   0x2c  Code  Gb  stm8l15x_gpio.o [1]
GPIO_Init               0x00cc86   0xaf  Code  Gb  stm8l15x_gpio.o [1]
GPIO_ReadInputDataBit   0x00f078    0x9  Code  Gb  stm8l15x_gpio.o [1]
GPIO_ResetBits          0x00f0a5    0x8  Code  Gb  stm8l15x_gpio.o [1]
GPIO_SetBits            0x00f0cd    0x7  Code  Gb  stm8l15x_gpio.o [1]
GetFskBandwidthRegValue
                        0x00d77a   0x6a  Code  Lc  sx1276.o [1]
GetRunModePin           0x00d6a2   0x6d  Code  Gb  board.o [1]
I2C1_SPI2_IRQHandler    0x00f13d    0x1  Code  Gb  stm8l15x_it.o [1]
INTVEC$$Base            0x008000          --   Gb  - Linker created -
INTVEC$$Limit           0x008080          --   Gb  - Linker created -
InitRunModePin          0x00e379   0x39  Code  Gb  board.o [1]
IrqNestLevel            0x0003b9    0x1  Data  Lc  system.o [1]
LCD_AES_IRQHandler      0x00f134    0x1  Code  Gb  stm8l15x_it.o [1]
LoadInt                 0x00decd   0x4b  Code  Lc  xprintffull_nomb.o [4]
LowPowerModeOnCadDone   0x00e631   0x30  Code  Gb  lowpower_mode.o [1]
LowPowerModeOnRxDone    0x00cf23   0x9e  Code  Gb  lowpower_mode.o [1]
LowPowerModeOnRxError   0x00e148   0x43  Code  Gb  lowpower_mode.o [1]
LowPowerModeOnRxTimeout
                        0x00e105   0x43  Code  Gb  lowpower_mode.o [1]
LowPowerModeOnTxDone    0x00ea78   0x20  Code  Gb  lowpower_mode.o [1]
LowPowerModeOnTxTimeout
                        0x00ea98   0x20  Code  Gb  lowpower_mode.o [1]
LowPowerModeRadioEvents
                        0x000322   0x15  Data  Lc  lowpower_mode.o [1]
LowPowerModeState       0x0003b6    0x1  Data  Gb  lowpower_mode.o [1]
NormalModeOnRxDone      0x00d442   0x82  Code  Gb  normal_mode.o [1]
NormalModeOnRxError     0x00eaf8   0x20  Code  Gb  normal_mode.o [1]
NormalModeOnRxTimeout   0x00ead8   0x20  Code  Gb  normal_mode.o [1]
NormalModeOnTxDone      0x00eab8   0x20  Code  Gb  normal_mode.o [1]
NormalModeOnTxTimeout   0x00e8ef   0x27  Code  Gb  normal_mode.o [1]
NormalModeRadioEvents   0x000337   0x15  Data  Lc  normal_mode.o [1]
NormalModeState         0x0003b7    0x1  Data  Gb  normal_mode.o [1]
PWR_UltraLowPowerCmd    0x00ef8d    0xe  Code  Gb  stm8l15x_pwr.o [1]
RTC_CSSLSE_IRQHandler   0x00e825   0x29  Code  Gb  stm8l15x_it.o [1]
RTC_ClearITPendingBit   0x00efc5    0xd  Code  Gb  stm8l15x_rtc.o [1]
RTC_Config              0x00d3c0   0x82  Code  Gb  board.o [1]
RTC_DeInit              0x00c2ad  0x104  Code  Gb  stm8l15x_rtc.o [1]
RTC_EnterInitMode       0x00e777   0x2c  Code  Gb  stm8l15x_rtc.o [1]
RTC_ITConfig            0x00e303   0x3b  Code  Gb  stm8l15x_rtc.o [1]
RTC_SetWakeUpCounter    0x00ee8f   0x15  Code  Gb  stm8l15x_rtc.o [1]
RTC_WaitForSynchro      0x00e45a   0x37  Code  Gb  stm8l15x_rtc.o [1]
RTC_WakeUpClockConfig   0x00e9ef   0x23  Code  Gb  stm8l15x_rtc.o [1]
RTC_WakeUpCmd           0x00e0c0   0x45  Code  Gb  stm8l15x_rtc.o [1]
Radio                   0x0080ee   0x51  Data  Gb  sx1276-board.o [1]
RadioEvents             0x0003b0    0x2  Data  Lc  sx1276.o [1]
RadioIsActive           0x0003b8    0x1  Data  Lc  sx1276-board.o [1]
RadioRegsInit           0x0081ad   0x30  Data  Gb  sx1276.o [1]
Region$$Table$$Base     0x008200          --   Gb  - Linker created -
Region$$Table$$Limit    0x008214          --   Gb  - Linker created -
RxChainCalibration      0x00c4a1   0xe4  Code  Lc  sx1276.o [1]
RxTimeoutSyncWord       0x000392    0xe  Data  Gb  sx1276.o [1]
RxTimeoutTimer          0x000384    0xe  Data  Gb  sx1276.o [1]
RxTxBuffer              0x000042  0x100  Data  Lc  sx1276.o [1]
SPI1_IRQHandler         0x00f13c    0x1  Code  Gb  stm8l15x_it.o [1]
SPI_Cmd                 0x00ef05   0x11  Code  Gb  stm8l15x_spi.o [1]
SPI_GetFlagStatus       0x00ebf3   0x1e  Code  Gb  stm8l15x_spi.o [1]
SPI_Init                0x00da88   0x5b  Code  Gb  stm8l15x_spi.o [1]
SPI_ReceiveData         0x00f0f4    0x5  Code  Gb  stm8l15x_spi.o [1]
SPI_SendData            0x00f0ad    0x8  Code  Gb  stm8l15x_spi.o [1]
SWITCH_CSS_BREAK_DAC_IRQHandler
                        0x00f135    0x1  Code  Gb  stm8l15x_it.o [1]
SX1276                  0x000248   0x51  Data  Gb  sx1276.o [1]
SX1276AntSwDeInit       0x00f050    0xa  Code  Gb  sx1276-board.o [1]
SX1276AntSwInit         0x00f046    0xa  Code  Gb  sx1276-board.o [1]
SX1276CheckRfFrequency  0x00f124    0x3  Code  Gb  sx1276-board.o [1]
SX1276GetBoardTcxoWakeupTime
                        0x00f0d4    0x7  Code  Gb  sx1276-board.o [1]
SX1276GetPaSelect       0x00eece   0x14  Code  Lc  sx1276-board.o [1]
SX1276GetStatus         0x00f118    0x4  Code  Gb  sx1276.o [1]
SX1276GetTimeOnAir      0x00a2bc  0x2fc  Code  Gb  sx1276.o [1]
SX1276GetWakeupTime     0x00f09c    0x9  Code  Gb  sx1276.o [1]
SX1276Init              0x00cb26   0xb1  Code  Gb  sx1276.o [1]
SX1276IoInit            0x00ed32   0x1b  Code  Gb  sx1276-board.o [1]
SX1276IoIrqInit         0x00cd35   0xaa  Code  Gb  sx1276-board.o [1]
SX1276IsChannelFree     0x00d546   0x76  Code  Gb  sx1276.o [1]
SX1276OnDio0Irq         0x00989d  0x3b5  Code  Gb  sx1276.o [1]
SX1276OnDio1Irq         0x00b97f  0x151  Code  Gb  sx1276.o [1]
SX1276OnDio2Irq         0x00bad0  0x13b  Code  Gb  sx1276.o [1]
SX1276OnDio3Irq         0x00d2af   0x8e  Code  Gb  sx1276.o [1]
SX1276OnDio4Irq         0x00eca5   0x1d  Code  Gb  sx1276.o [1]
SX1276OnTimeoutIrq      0x00bc0b  0x130  Code  Gb  sx1276.o [1]
SX1276Random            0x00d631   0x71  Code  Gb  sx1276.o [1]
SX1276Read              0x00ec11   0x1e  Code  Gb  sx1276.o [1]
SX1276ReadBuffer        0x00dbed   0x57  Code  Gb  sx1276.o [1]
SX1276ReadFifo          0x00ecfb   0x1c  Code  Gb  sx1276.o [1]
SX1276ReadRssi          0x00d70f   0x6b  Code  Gb  sx1276.o [1]
SX1276Reset             0x00e6c0   0x2f  Code  Gb  sx1276-board.o [1]
SX1276Send              0x00bd3b  0x128  Code  Gb  sx1276.o [1]
SX1276SetAntSw          0x00ea12   0x23  Code  Gb  sx1276-board.o [1]
SX1276SetAntSwLowPower  0x00e6ef   0x2e  Code  Gb  sx1276-board.o [1]
SX1276SetBoardTcxo      0x00f13e    0x1  Code  Lc  sx1276-board.o [1]
SX1276SetChannel        0x00dfa8   0x46  Code  Gb  sx1276.o [1]
SX1276SetMaxPayloadLength
                        0x00e4c8   0x37  Code  Gb  sx1276.o [1]
SX1276SetModem          0x00d33d   0x83  Code  Gb  sx1276.o [1]
SX1276SetOpMode         0x00e533   0x34  Code  Gb  sx1276.o [1]
SX1276SetPublicNetwork  0x00e7a3   0x2c  Code  Gb  sx1276.o [1]
SX1276SetRfTxPower      0x00c0a3  0x106  Code  Gb  sx1276-board.o [1]
SX1276SetRx             0x009c52  0x341  Code  Gb  sx1276.o [1]
SX1276SetRxConfig       0x00910f  0x3cf  Code  Gb  sx1276.o [1]
SX1276SetSleep          0x00ee1b   0x18  Code  Gb  sx1276.o [1]
SX1276SetStby           0x00ee02   0x19  Code  Gb  sx1276.o [1]
SX1276SetTx             0x00ca74   0xb2  Code  Gb  sx1276.o [1]
SX1276SetTxConfig       0x009f93  0x329  Code  Gb  sx1276.o [1]
SX1276SetTxContinuousWave
                        0x00cddf   0xa4  Code  Gb  sx1276.o [1]
SX1276StartCad          0x00e3eb   0x38  Code  Gb  sx1276.o [1]
SX1276Write             0x00ed4d   0x1b  Code  Gb  sx1276.o [1]
SX1276WriteBuffer       0x00dcec   0x52  Code  Gb  sx1276.o [1]
SX1276WriteFifo         0x00ecdf   0x1c  Code  Gb  sx1276.o [1]
SYSDivFactor            0x00828e    0x5  Data  Gb  stm8l15x_clk.o [1]
SetRxCfg                0x00bf8a  0x119  Code  Lc  lowpower_mode.o [1]
SetRxCfg                0x00d8af   0x61  Code  Lc  wakeup_mode.o [1]
SetTxCfg                0x00d7e4   0x67  Code  Lc  lowpower_mode.o [1]
SetTxCfg                0x00c80b   0xd4  Code  Lc  wakeup_mode.o [1]
SpiInOut                0x00e18b   0x42  Code  Gb  spi-board.o [1]
SpiInit                 0x00df18   0x4a  Code  Gb  spi-board.o [1]
SysTick_Handler         0x00e7fa   0x2b  Code  Gb  timer.o [1]
TIM1_CC_IRQHandler      0x00f13b    0x1  Code  Gb  stm8l15x_it.o [1]
TIM1_UPD_OVF_TRG_COM_IRQHandler
                        0x00f13a    0x1  Code  Gb  stm8l15x_it.o [1]
TIM2_CC_USART2_RX_IRQHandler
                        0x00f137    0x1  Code  Gb  stm8l15x_it.o [1]
TIM2_ClearITPendingBit  0x00f081    0x9  Code  Gb  stm8l15x_tim2.o [1]
TIM2_UPD_OVF_TRG_BRK_USART2_TX_IRQHandler
                        0x00ec88   0x1d  Code  Gb  stm8l15x_it.o [1]
TIM3_CC_USART3_RX_IRQHandler
                        0x00f139    0x1  Code  Gb  stm8l15x_it.o [1]
TIM3_UPD_OVF_TRG_BRK_USART3_TX_IRQHandler
                        0x00f138    0x1  Code  Gb  stm8l15x_it.o [1]
TIM4_ClearFlag          0x00f08a    0x9  Code  Gb  stm8l15x_tim4.o [1]
TIM4_ClearITPendingBit  0x00f093    0x9  Code  Gb  stm8l15x_tim4.o [1]
TIM4_Cmd                0x00ef9b    0xe  Code  Gb  stm8l15x_tim4.o [1]
TIM4_Config             0x00de82   0x4b  Code  Gb  board.o [1]
TIM4_ITConfig           0x00ed9c   0x1a  Code  Gb  stm8l15x_tim4.o [1]
TIM4_TimeBaseInit       0x00ef16   0x11  Code  Gb  stm8l15x_tim4.o [1]
TIM4_UPD_OVF_TRG_IRQHandler
                        0x00ea57   0x21  Code  Gb  stm8l15x_it.o [1]
TRAP_IRQHandler         0x00f12d    0x1  Code  Gb  stm8l15x_it.o [1]
TestModeOnRadioTxTimeout
                        0x00dae3   0x5a  Code  Gb  test_mode.o [1]
TestModeRadioEvents     0x00034c   0x15  Data  Lc  test_mode.o [1]
TestModeState           0x0003ba    0x1  Data  Lc  test_mode.o [1]
TimerExists             0x00ecc2   0x1d  Code  Lc  timer.o [1]
TimerGetCurrentTime     0x00f0bd    0x8  Code  Gb  timer.o [1]
TimerGetElapsedTime     0x00e3b2   0x39  Code  Gb  timer.o [1]
TimerGetValue           0x00efeb    0xc  Code  Gb  timer.o [1]
TimerInit               0x00e1cd   0x41  Code  Gb  timer.o [1]
TimerInsertNewHeadTimer
                        0x00dd3e   0x52  Code  Lc  timer.o [1]
TimerInsertTimer        0x00b823  0x15c  Code  Lc  timer.o [1]
TimerIrqHandler         0x00c8df   0xcb  Code  Gb  timer.o [1]
TimerListHead           0x0003b4    0x2  Data  Lc  timer.o [1]
TimerSetTimeout         0x00edb6   0x1a  Code  Lc  timer.o [1]
TimerSetValue           0x00e916   0x27  Code  Gb  timer.o [1]
TimerStart              0x00c737   0xd4  Code  Gb  timer.o [1]
TimerStop               0x00b24d  0x182  Code  Gb  timer.o [1]
TxTimeoutTimer          0x000376    0xe  Data  Gb  sx1276.o [1]
USART1_RX_TIM5_CC_IRQHandler
                        0x00e661   0x30  Code  Gb  stm8l15x_it.o [1]
USART1_TX_TIM5_UPD_OVF_TRG_BRK_IRQHandler
                        0x00d9cf   0x5d  Code  Gb  stm8l15x_it.o [1]
USART_ClearFlag         0x00f0fe    0x5  Code  Gb  stm8l15x_usart.o [1]
USART_ClearITPendingBit
                        0x00f103    0x5  Code  Gb  stm8l15x_usart.o [1]
USART_Cmd               0x00e7cf   0x2b  Code  Gb  stm8l15x_usart.o [1]
USART_DeInit            0x00e24c   0x3e  Code  Gb  stm8l15x_usart.o [1]
USART_GetFlagStatus     0x00e491   0x37  Code  Gb  stm8l15x_usart.o [1]
USART_ITConfig          0x00d0f6   0x95  Code  Gb  stm8l15x_usart.o [1]
USART_Init              0x00c585   0xdc  Code  Gb  stm8l15x_usart.o [1]
USART_ReceiveData8      0x00f0f9    0x5  Code  Gb  stm8l15x_usart.o [1]
USART_SendData8         0x00f0b5    0x8  Code  Gb  stm8l15x_usart.o [1]
WakeUpModeOnRxDone      0x00d4c4   0x82  Code  Gb  wakeup_mode.o [1]
WakeUpModeOnRxError     0x00eb78   0x20  Code  Gb  wakeup_mode.o [1]
WakeUpModeOnRxTimeout   0x00eb58   0x20  Code  Gb  wakeup_mode.o [1]
WakeUpModeOnTxDone      0x00eb18   0x20  Code  Gb  wakeup_mode.o [1]
WakeUpModeOnTxTimeout   0x00eb38   0x20  Code  Gb  wakeup_mode.o [1]
WakeUpModeRadioEvents   0x000361   0x15  Data  Lc  wakeup_mode.o [1]
WakeUpModeState         0x0003bb    0x1  Data  Gb  wakeup_mode.o [1]
_GenldFullNoMb          0x0094de  0x3bf  Code  Lc  xprintffull_nomb.o [4]
_LdtobFullNoMb          0x008c75  0x49a  Code  Lc  xprintffull_nomb.o [4]
_LitobFullNoMb          0x00b3cf  0x17f  Code  Lc  xprintffull_nomb.o [4]
_Locale_lconv           0x000014   0x2e  Data  Gb  localeconv.o [4]
_PrintfFullNoMb         0x0082ad  0x4f2  Code  Gb  xprintffull_nomb.o [4]
_Prout                  0x00eb98   0x1f  Code  Gb  xprout.o [4]
_PutcharFullNoMb        0x00e71d   0x2e  Code  Lc  xprintffull_nomb.o [4]
_PutcharsFullNoMb       0x00e33e   0x3b  Code  Lc  xprintffull_nomb.o [4]
__DebugBreak            0x00f13f    0x1  Code  Gb  __dbg_break.o [3]
__eeprom_write_16       0x00de33   0x4f  Code  Gb  eeprom.o [1]
__eeprom_write_8        0x00e423   0x37  Code  Gb  eeprom.o [1]
__exit                  0x00ee79   0x16  Code  Gb  __dbg_xxexit.o [3]
__iar_Dint              0x00c9aa   0xca  Code  Gb  xdint.o [4]
__iar_Dnorm             0x00b6c1         Code  Gb  float_libsup.o [4]
__iar_Dscale            0x00b74f         Code  Gb  float_libsup.o [4]
__iar_Dunscale          0x00b6fd         Code  Gb  float_libsup.o [4]
__iar_Memchr            0x00ee33   0x18  Code  Gb  memchr.o [4]
__iar_Strchr            0x00eeb9   0x15  Code  Gb  strchr.o [4]
__iar_Tls_setup__Locale_lconv
                        0x0003ad    0x3  Data  Gb  localeconv.o [4]
__iar_copy_init2        0x00e8c7         Code  Gb  init_small.o [4]
__iar_data_init2        0x00ec2f   0x1e  Code  Gb  init.o [4]
__iar_program_start     0x00ee4b         Code  Gb  cstartup.o [4]
__iar_unhandled_exception
                        0x00f12a         Code  Gb  unhandled_exception.o [4]
__iar_zero_init2        0x00ec4d         Code  Gb  init_small.o [4]
__intvec                0x008000         Data  Gb  interrupt.o [4]
__low_level_init        0x00f127    0x3  Code  Gb  low_level_init.o [4]
_exit                   0x00f0ee         Code  Gb  cexit.o [4]
_interrupt_1            0x00f12d         Code  Gb  stm8l15x_it.o [1]
_interrupt_10           0x00ec6b         Code  Gb  stm8l15x_it.o [1]
_interrupt_11           0x00ebb7         Code  Gb  stm8l15x_it.o [1]
_interrupt_12           0x00c3b1         Code  Gb  stm8l15x_it.o [1]
_interrupt_13           0x00e963         Code  Gb  stm8l15x_it.o [1]
_interrupt_14           0x00e986         Code  Gb  stm8l15x_it.o [1]
_interrupt_15           0x00e9a9         Code  Gb  stm8l15x_it.o [1]
_interrupt_16           0x00e9cc         Code  Gb  stm8l15x_it.o [1]
_interrupt_17           0x00ebd5         Code  Gb  stm8l15x_it.o [1]
_interrupt_18           0x00f134         Code  Gb  stm8l15x_it.o [1]
_interrupt_19           0x00f135         Code  Gb  stm8l15x_it.o [1]
_interrupt_20           0x00f136         Code  Gb  stm8l15x_it.o [1]
_interrupt_21           0x00ec88         Code  Gb  stm8l15x_it.o [1]
_interrupt_22           0x00f137         Code  Gb  stm8l15x_it.o [1]
_interrupt_23           0x00f138         Code  Gb  stm8l15x_it.o [1]
_interrupt_24           0x00f139         Code  Gb  stm8l15x_it.o [1]
_interrupt_25           0x00f13a         Code  Gb  stm8l15x_it.o [1]
_interrupt_26           0x00f13b         Code  Gb  stm8l15x_it.o [1]
_interrupt_27           0x00ea57         Code  Gb  stm8l15x_it.o [1]
_interrupt_28           0x00f13c         Code  Gb  stm8l15x_it.o [1]
_interrupt_29           0x00d9cf         Code  Gb  stm8l15x_it.o [1]
_interrupt_3            0x00f12e         Code  Gb  stm8l15x_it.o [1]
_interrupt_30           0x00e661         Code  Gb  stm8l15x_it.o [1]
_interrupt_31           0x00f13d         Code  Gb  stm8l15x_it.o [1]
_interrupt_4            0x00f12f         Code  Gb  stm8l15x_it.o [1]
_interrupt_5            0x00f130         Code  Gb  stm8l15x_it.o [1]
_interrupt_6            0x00e825         Code  Gb  stm8l15x_it.o [1]
_interrupt_7            0x00f131         Code  Gb  stm8l15x_it.o [1]
_interrupt_8            0x00f132         Code  Gb  stm8l15x_it.o [1]
_interrupt_9            0x00f133         Code  Gb  stm8l15x_it.o [1]
aLarmTimerTime          0x000010    0x4  Data  Gb  timer.o [1]
ceil                    0x00e034   0x46  Code  Gb  ceil.o [4]
cfg_parm_dump_to_ram    0x00ed68   0x1a  Code  Gb  cfg_parm.o [1]
cfg_parm_factory_reset  0x00d05f   0x97  Code  Gb  cfg_parm.o [1]
cfg_parm_get_air_bandwith
                        0x00db3d   0x58  Code  Gb  cfg_parm.o [1]
cfg_parm_get_air_baud   0x00cbd7   0xaf  Code  Gb  cfg_parm.o [1]
cfg_parm_get_air_sf     0x00d970   0x5f  Code  Gb  cfg_parm.o [1]
cfg_parm_get_tx_power   0x00e5ce   0x32  Code  Gb  cfg_parm.o [1]
cfg_parm_get_uart_baud  0x00ce83   0xa0  Code  Gb  cfg_parm.o [1]
cfg_parm_get_uart_parity
                        0x00e600   0x31  Code  Gb  cfg_parm.o [1]
cfg_parm_get_wakeup_time
                        0x00d910   0x60  Code  Gb  cfg_parm.o [1]
cfg_parm_restore        0x00e59b   0x33  Code  Gb  cfg_parm.o [1]
config_mode_routin      0x00a5b8  0x27d  Code  Gb  config_mode.o [1]
delay_10us              0x00dc99   0x53  Code  Gb  delay.o [1]
div                     0x00e567   0x34  Code  Gb  div.o [4]
exit                    0x00f120    0x4  Code  Gb  exit.o [4]
floor                   0x00e07a   0x46  Code  Gb  floor.o [4]
localeconv              0x00efa9    0xe  Code  Gb  localeconv.o [4]
lowpower_mode_routin    0x00b54e  0x173  Code  Gb  lowpower_mode.o [1]
main                    0x00e20e   0x3e  Code  Gb  main.o [1]
memcpy                  0x00e93d   0x26  Code  Gb  memcpy.o [4]
memcpy1                 0x00e84e   0x29  Code  Gb  utilities.o [1]
memset                  0x00ee62   0x17  Code  Gb  memset.o [4]
normal_mode_routin      0x00aa96  0x244  Code  Gb  normal_mode.o [1]
pad                     0x00e28a   0x3d  Code  Lc  xprintffull_nomb.o [4]
printf                  0x00e89f   0x28  Code  Gb  printf.o [4]
putchar                 0x00e691   0x2f  Code  Gb  comport.o [1]
ring_buffer_dequeue     0x00edd0   0x19  Code  Gb  ring_buf.o [1]
ring_buffer_dequeue_arr
                        0x00df62   0x46  Code  Gb  ring_buf.o [1]
ring_buffer_init        0x00ed82   0x1a  Code  Gb  ring_buf.o [1]
ring_buffer_is_empty    0x00eef4   0x11  Code  Gb  ring_buf.o [1]
ring_buffer_queue_arr   0x00e4ff   0x34  Code  Gb  ring_buf.o [1]
ringbuf_elements        0x00e877   0x28  Code  Gb  ring_buf.o [1]
ringbuf_get             0x00da2c   0x5c  Code  Gb  ring_buf.o [1]
ringbuf_put             0x00d84b   0x64  Code  Gb  ring_buf.o [1]
round                   0x00dc44   0x55  Code  Gb  round.o [4]
sTartAlarmTimerTime     0x0003a9    0x4  Data  Gb  timer.o [1]
scale                   0x00dde2   0x51  Code  Lc  xprintffull_nomb.o [4]
stManufactureParm       0x001000   0x14  Data  Gb  manufacture_parm.o [1]
stNvCfgParm             0x001014    0x5  Data  Gb  cfg_parm.o [1]
stTmpCfgParm            0x0003a0    0x5  Data  Gb  cfg_parm.o [1]
strlen                  0x00eee2   0x12  Code  Gb  strlen.o [4]
systick                 0x0003a5    0x4  Data  Gb  timer.o [1]
test_mode_routin        0x00d21f   0x90  Code  Gb  test_mode.o [1]
uart_rx_ring_buf        0x000142   0x83  Data  Gb  comport.o [1]
uart_tx_ring_buf        0x0001c5   0x83  Data  Gb  comport.o [1]
wakeup_mode_routin      0x00b0ac  0x1a1  Code  Gb  wakeup_mode.o [1]


[1] = D:\stm8lora\src\stm8l15x-sx1278\STM8L15x-16x-05x-AL31-L_StdPeriph_Lib\Project\STM8L151G6U6_Sx1278\EWSTM8\STM8L15X_MD(STM8L15xx4_6)\Obj
[2] = command line
[3] = dbgstm8mmd.a
[4] = dlstm8mmf.a

  28 307 bytes of readonly  code memory
     685 bytes of readonly  data memory
   1 749 bytes of readwrite data memory

Errors: none
Warnings: none
