###############################################################################
#
# IAR ELF Linker V2.20.1.176 for STM8                     09/Jan/2019  18:00:29
# Copyright 2010-2015 IAR Systems AB.
#
#    Output file  =  
#        D:\stm8lora\src\stm8l15x-sx1278\STM8L15x-16x-05x-AL31-L_StdPeriph_Lib\Project\STM8L151G6U6_Sx1278\EWSTM8\STM8L15X_MD(STM8L15xx4_6)\Exe\project.out
#    Map file     =  
#        D:\stm8lora\src\stm8l15x-sx1278\STM8L15x-16x-05x-AL31-L_StdPeriph_Lib\Project\STM8L151G6U6_Sx1278\EWSTM8\STM8L15X_MD(STM8L15xx4_6)\List\project.map
#    Command line =  
#        "D:\stm8lora\src\stm8l15x-sx1278\STM8L15x-16x-05x-AL31-L_StdPeriph_Lib\Project\STM8L151G6U6_Sx1278\EWSTM8\STM8L15X_MD(STM8L15xx4_6)\Obj\aes.o"
#        "D:\stm8lora\src\stm8l15x-sx1278\STM8L15x-16x-05x-AL31-L_StdPeriph_Lib\Project\STM8L151G6U6_Sx1278\EWSTM8\STM8L15X_MD(STM8L15xx4_6)\Obj\board.o"
#        "D:\stm8lora\src\stm8l15x-sx1278\STM8L15x-16x-05x-AL31-L_StdPeriph_Lib\Project\STM8L151G6U6_Sx1278\EWSTM8\STM8L15X_MD(STM8L15xx4_6)\Obj\cfg_parm.o"
#        "D:\stm8lora\src\stm8l15x-sx1278\STM8L15x-16x-05x-AL31-L_StdPeriph_Lib\Project\STM8L151G6U6_Sx1278\EWSTM8\STM8L15X_MD(STM8L15xx4_6)\Obj\cmac.o"
#        "D:\stm8lora\src\stm8l15x-sx1278\STM8L15x-16x-05x-AL31-L_StdPeriph_Lib\Project\STM8L151G6U6_Sx1278\EWSTM8\STM8L15X_MD(STM8L15xx4_6)\Obj\comport.o"
#        "D:\stm8lora\src\stm8l15x-sx1278\STM8L15x-16x-05x-AL31-L_StdPeriph_Lib\Project\STM8L151G6U6_Sx1278\EWSTM8\STM8L15X_MD(STM8L15xx4_6)\Obj\config_mode.o"
#        "D:\stm8lora\src\stm8l15x-sx1278\STM8L15x-16x-05x-AL31-L_StdPeriph_Lib\Project\STM8L151G6U6_Sx1278\EWSTM8\STM8L15X_MD(STM8L15xx4_6)\Obj\crc8.o"
#        "D:\stm8lora\src\stm8l15x-sx1278\STM8L15x-16x-05x-AL31-L_StdPeriph_Lib\Project\STM8L151G6U6_Sx1278\EWSTM8\STM8L15X_MD(STM8L15xx4_6)\Obj\delay.o"
#        "D:\stm8lora\src\stm8l15x-sx1278\STM8L15x-16x-05x-AL31-L_StdPeriph_Lib\Project\STM8L151G6U6_Sx1278\EWSTM8\STM8L15X_MD(STM8L15xx4_6)\Obj\eeprom.o"
#        "D:\stm8lora\src\stm8l15x-sx1278\STM8L15x-16x-05x-AL31-L_StdPeriph_Lib\Project\STM8L151G6U6_Sx1278\EWSTM8\STM8L15X_MD(STM8L15xx4_6)\Obj\frame.o"
#        "D:\stm8lora\src\stm8l15x-sx1278\STM8L15x-16x-05x-AL31-L_StdPeriph_Lib\Project\STM8L151G6U6_Sx1278\EWSTM8\STM8L15X_MD(STM8L15xx4_6)\Obj\hex.o"
#        "D:\stm8lora\src\stm8l15x-sx1278\STM8L15x-16x-05x-AL31-L_StdPeriph_Lib\Project\STM8L151G6U6_Sx1278\EWSTM8\STM8L15X_MD(STM8L15xx4_6)\Obj\LoRaMac.o"
#        "D:\stm8lora\src\stm8l15x-sx1278\STM8L15x-16x-05x-AL31-L_StdPeriph_Lib\Project\STM8L151G6U6_Sx1278\EWSTM8\STM8L15X_MD(STM8L15xx4_6)\Obj\LoRaMacCrypto.o"
#        "D:\stm8lora\src\stm8l15x-sx1278\STM8L15x-16x-05x-AL31-L_StdPeriph_Lib\Project\STM8L151G6U6_Sx1278\EWSTM8\STM8L15X_MD(STM8L15xx4_6)\Obj\lowpower_mode.o"
#        "D:\stm8lora\src\stm8l15x-sx1278\STM8L15x-16x-05x-AL31-L_StdPeriph_Lib\Project\STM8L151G6U6_Sx1278\EWSTM8\STM8L15X_MD(STM8L15xx4_6)\Obj\main.o"
#        "D:\stm8lora\src\stm8l15x-sx1278\STM8L15x-16x-05x-AL31-L_StdPeriph_Lib\Project\STM8L151G6U6_Sx1278\EWSTM8\STM8L15X_MD(STM8L15xx4_6)\Obj\manufacture_parm.o"
#        "D:\stm8lora\src\stm8l15x-sx1278\STM8L15x-16x-05x-AL31-L_StdPeriph_Lib\Project\STM8L151G6U6_Sx1278\EWSTM8\STM8L15X_MD(STM8L15xx4_6)\Obj\modem.o"
#        "D:\stm8lora\src\stm8l15x-sx1278\STM8L15x-16x-05x-AL31-L_StdPeriph_Lib\Project\STM8L151G6U6_Sx1278\EWSTM8\STM8L15X_MD(STM8L15xx4_6)\Obj\normal_mode.o"
#        "D:\stm8lora\src\stm8l15x-sx1278\STM8L15x-16x-05x-AL31-L_StdPeriph_Lib\Project\STM8L151G6U6_Sx1278\EWSTM8\STM8L15X_MD(STM8L15xx4_6)\Obj\ring_buf.o"
#        "D:\stm8lora\src\stm8l15x-sx1278\STM8L15x-16x-05x-AL31-L_StdPeriph_Lib\Project\STM8L151G6U6_Sx1278\EWSTM8\STM8L15X_MD(STM8L15xx4_6)\Obj\spi-board.o"
#        "D:\stm8lora\src\stm8l15x-sx1278\STM8L15x-16x-05x-AL31-L_StdPeriph_Lib\Project\STM8L151G6U6_Sx1278\EWSTM8\STM8L15X_MD(STM8L15xx4_6)\Obj\stm8l15x_adc.o"
#        "D:\stm8lora\src\stm8l15x-sx1278\STM8L15x-16x-05x-AL31-L_StdPeriph_Lib\Project\STM8L151G6U6_Sx1278\EWSTM8\STM8L15X_MD(STM8L15xx4_6)\Obj\stm8l15x_beep.o"
#        "D:\stm8lora\src\stm8l15x-sx1278\STM8L15x-16x-05x-AL31-L_StdPeriph_Lib\Project\STM8L151G6U6_Sx1278\EWSTM8\STM8L15X_MD(STM8L15xx4_6)\Obj\stm8l15x_clk.o"
#        "D:\stm8lora\src\stm8l15x-sx1278\STM8L15x-16x-05x-AL31-L_StdPeriph_Lib\Project\STM8L151G6U6_Sx1278\EWSTM8\STM8L15X_MD(STM8L15xx4_6)\Obj\stm8l15x_comp.o"
#        "D:\stm8lora\src\stm8l15x-sx1278\STM8L15x-16x-05x-AL31-L_StdPeriph_Lib\Project\STM8L151G6U6_Sx1278\EWSTM8\STM8L15X_MD(STM8L15xx4_6)\Obj\stm8l15x_dac.o"
#        "D:\stm8lora\src\stm8l15x-sx1278\STM8L15x-16x-05x-AL31-L_StdPeriph_Lib\Project\STM8L151G6U6_Sx1278\EWSTM8\STM8L15X_MD(STM8L15xx4_6)\Obj\stm8l15x_dma.o"
#        "D:\stm8lora\src\stm8l15x-sx1278\STM8L15x-16x-05x-AL31-L_StdPeriph_Lib\Project\STM8L151G6U6_Sx1278\EWSTM8\STM8L15X_MD(STM8L15xx4_6)\Obj\stm8l15x_exti.o"
#        "D:\stm8lora\src\stm8l15x-sx1278\STM8L15x-16x-05x-AL31-L_StdPeriph_Lib\Project\STM8L151G6U6_Sx1278\EWSTM8\STM8L15X_MD(STM8L15xx4_6)\Obj\stm8l15x_flash.o"
#        "D:\stm8lora\src\stm8l15x-sx1278\STM8L15x-16x-05x-AL31-L_StdPeriph_Lib\Project\STM8L151G6U6_Sx1278\EWSTM8\STM8L15X_MD(STM8L15xx4_6)\Obj\stm8l15x_gpio.o"
#        "D:\stm8lora\src\stm8l15x-sx1278\STM8L15x-16x-05x-AL31-L_StdPeriph_Lib\Project\STM8L151G6U6_Sx1278\EWSTM8\STM8L15X_MD(STM8L15xx4_6)\Obj\stm8l15x_i2c.o"
#        "D:\stm8lora\src\stm8l15x-sx1278\STM8L15x-16x-05x-AL31-L_StdPeriph_Lib\Project\STM8L151G6U6_Sx1278\EWSTM8\STM8L15X_MD(STM8L15xx4_6)\Obj\stm8l15x_irtim.o"
#        "D:\stm8lora\src\stm8l15x-sx1278\STM8L15x-16x-05x-AL31-L_StdPeriph_Lib\Project\STM8L151G6U6_Sx1278\EWSTM8\STM8L15X_MD(STM8L15xx4_6)\Obj\stm8l15x_it.o"
#        "D:\stm8lora\src\stm8l15x-sx1278\STM8L15x-16x-05x-AL31-L_StdPeriph_Lib\Project\STM8L151G6U6_Sx1278\EWSTM8\STM8L15X_MD(STM8L15xx4_6)\Obj\stm8l15x_itc.o"
#        "D:\stm8lora\src\stm8l15x-sx1278\STM8L15x-16x-05x-AL31-L_StdPeriph_Lib\Project\STM8L151G6U6_Sx1278\EWSTM8\STM8L15X_MD(STM8L15xx4_6)\Obj\stm8l15x_iwdg.o"
#        "D:\stm8lora\src\stm8l15x-sx1278\STM8L15x-16x-05x-AL31-L_StdPeriph_Lib\Project\STM8L151G6U6_Sx1278\EWSTM8\STM8L15X_MD(STM8L15xx4_6)\Obj\stm8l15x_lcd.o"
#        "D:\stm8lora\src\stm8l15x-sx1278\STM8L15x-16x-05x-AL31-L_StdPeriph_Lib\Project\STM8L151G6U6_Sx1278\EWSTM8\STM8L15X_MD(STM8L15xx4_6)\Obj\stm8l15x_pwr.o"
#        "D:\stm8lora\src\stm8l15x-sx1278\STM8L15x-16x-05x-AL31-L_StdPeriph_Lib\Project\STM8L151G6U6_Sx1278\EWSTM8\STM8L15X_MD(STM8L15xx4_6)\Obj\stm8l15x_rst.o"
#        "D:\stm8lora\src\stm8l15x-sx1278\STM8L15x-16x-05x-AL31-L_StdPeriph_Lib\Project\STM8L151G6U6_Sx1278\EWSTM8\STM8L15X_MD(STM8L15xx4_6)\Obj\stm8l15x_rtc.o"
#        "D:\stm8lora\src\stm8l15x-sx1278\STM8L15x-16x-05x-AL31-L_StdPeriph_Lib\Project\STM8L151G6U6_Sx1278\EWSTM8\STM8L15X_MD(STM8L15xx4_6)\Obj\stm8l15x_spi.o"
#        "D:\stm8lora\src\stm8l15x-sx1278\STM8L15x-16x-05x-AL31-L_StdPeriph_Lib\Project\STM8L151G6U6_Sx1278\EWSTM8\STM8L15X_MD(STM8L15xx4_6)\Obj\stm8l15x_syscfg.o"
#        "D:\stm8lora\src\stm8l15x-sx1278\STM8L15x-16x-05x-AL31-L_StdPeriph_Lib\Project\STM8L151G6U6_Sx1278\EWSTM8\STM8L15X_MD(STM8L15xx4_6)\Obj\stm8l15x_tim1.o"
#        "D:\stm8lora\src\stm8l15x-sx1278\STM8L15x-16x-05x-AL31-L_StdPeriph_Lib\Project\STM8L151G6U6_Sx1278\EWSTM8\STM8L15X_MD(STM8L15xx4_6)\Obj\stm8l15x_tim2.o"
#        "D:\stm8lora\src\stm8l15x-sx1278\STM8L15x-16x-05x-AL31-L_StdPeriph_Lib\Project\STM8L151G6U6_Sx1278\EWSTM8\STM8L15X_MD(STM8L15xx4_6)\Obj\stm8l15x_tim3.o"
#        "D:\stm8lora\src\stm8l15x-sx1278\STM8L15x-16x-05x-AL31-L_StdPeriph_Lib\Project\STM8L151G6U6_Sx1278\EWSTM8\STM8L15X_MD(STM8L15xx4_6)\Obj\stm8l15x_tim4.o"
#        "D:\stm8lora\src\stm8l15x-sx1278\STM8L15x-16x-05x-AL31-L_StdPeriph_Lib\Project\STM8L151G6U6_Sx1278\EWSTM8\STM8L15X_MD(STM8L15xx4_6)\Obj\stm8l15x_tim5.o"
#        "D:\stm8lora\src\stm8l15x-sx1278\STM8L15x-16x-05x-AL31-L_StdPeriph_Lib\Project\STM8L151G6U6_Sx1278\EWSTM8\STM8L15X_MD(STM8L15xx4_6)\Obj\stm8l15x_usart.o"
#        "D:\stm8lora\src\stm8l15x-sx1278\STM8L15x-16x-05x-AL31-L_StdPeriph_Lib\Project\STM8L151G6U6_Sx1278\EWSTM8\STM8L15X_MD(STM8L15xx4_6)\Obj\stm8l15x_wfe.o"
#        "D:\stm8lora\src\stm8l15x-sx1278\STM8L15x-16x-05x-AL31-L_StdPeriph_Lib\Project\STM8L151G6U6_Sx1278\EWSTM8\STM8L15X_MD(STM8L15xx4_6)\Obj\stm8l15x_wwdg.o"
#        "D:\stm8lora\src\stm8l15x-sx1278\STM8L15x-16x-05x-AL31-L_StdPeriph_Lib\Project\STM8L151G6U6_Sx1278\EWSTM8\STM8L15X_MD(STM8L15xx4_6)\Obj\sx1276-board.o"
#        "D:\stm8lora\src\stm8l15x-sx1278\STM8L15x-16x-05x-AL31-L_StdPeriph_Lib\Project\STM8L151G6U6_Sx1278\EWSTM8\STM8L15X_MD(STM8L15xx4_6)\Obj\sx1276.o"
#        "D:\stm8lora\src\stm8l15x-sx1278\STM8L15x-16x-05x-AL31-L_StdPeriph_Lib\Project\STM8L151G6U6_Sx1278\EWSTM8\STM8L15X_MD(STM8L15xx4_6)\Obj\system.o"
#        "D:\stm8lora\src\stm8l15x-sx1278\STM8L15x-16x-05x-AL31-L_StdPeriph_Lib\Project\STM8L151G6U6_Sx1278\EWSTM8\STM8L15X_MD(STM8L15xx4_6)\Obj\test_mode.o"
#        "D:\stm8lora\src\stm8l15x-sx1278\STM8L15x-16x-05x-AL31-L_StdPeriph_Lib\Project\STM8L151G6U6_Sx1278\EWSTM8\STM8L15X_MD(STM8L15xx4_6)\Obj\timer.o"
#        "D:\stm8lora\src\stm8l15x-sx1278\STM8L15x-16x-05x-AL31-L_StdPeriph_Lib\Project\STM8L151G6U6_Sx1278\EWSTM8\STM8L15X_MD(STM8L15xx4_6)\Obj\utilities.o"
#        "D:\stm8lora\src\stm8l15x-sx1278\STM8L15x-16x-05x-AL31-L_StdPeriph_Lib\Project\STM8L151G6U6_Sx1278\EWSTM8\STM8L15X_MD(STM8L15xx4_6)\Obj\wakeup_mode.o"
#        --redirect _Printf=_PrintfFullNoMb --redirect _Scanf=_ScanfFullNoMb -o
#        "D:\stm8lora\src\stm8l15x-sx1278\STM8L15x-16x-05x-AL31-L_StdPeriph_Lib\Project\STM8L151G6U6_Sx1278\EWSTM8\STM8L15X_MD(STM8L15xx4_6)\Exe\project.out"
#        --map
#        "D:\stm8lora\src\stm8l15x-sx1278\STM8L15x-16x-05x-AL31-L_StdPeriph_Lib\Project\STM8L151G6U6_Sx1278\EWSTM8\STM8L15X_MD(STM8L15xx4_6)\List\project.map"
#        --config "C:\Program Files (x86)\IAR Systems\Embedded Workbench
#        7.3\stm8\config\lnkstm8l151g6.icf" --config_def _CSTACK_SIZE=0x80
#        --config_def _HEAP_SIZE=0x00 --entry __iar_program_start --debug_lib
#
###############################################################################

*******************************************************************************
*** RUNTIME MODEL ATTRIBUTES
***

__Heap_Handler             = Basic
__SystemLibrary            = DLib
__code_model               = medium_or_large
__core                     = stm8
__data_model               = medium
__dlib_file_descriptor     = 1
__dlib_full_locale_support = 1
__rt_version               = 4


*******************************************************************************
*** PLACEMENT SUMMARY
***

"A1":  place at start of [0x000000-0x0000ff] { rw section .vregs };
"A2":  place at end of [0x000000-0x0007ff] { block CSTACK };
"P2":  place in [from 0x000000 to 0x0007ff] {
          block HEAP, rw section __DLIB_PERTHREAD, rw section .far.bss,
          rw section .far.data, rw section .far.noinit,
          rw section .far_func.textrw, rw section .huge.bss,
          rw section .huge.data, rw section .huge.noinit,
          rw section .huge_func.textrw, rw section .iar.dynexit,
          rw section .near.bss, rw section .near.data, rw section .near.noinit,
          rw section .near_func.textrw };
"A3":  place at start of [0x008000-0x00ffff] { block INTVEC };
"P3":  place in [from 0x008000 to 0x00ffff] {
          ro section __DLIB_PERTHREAD_init, ro section .far.data_init,
          ro section .far_func.textrw_init, ro section .huge.data_init,
          ro section .huge_func.textrw_init, ro section .iar.init_table,
          ro section .init_array, ro section .near.data_init,
          ro section .near.rodata, ro section .near_func.text,
          ro section .near_func.textrw_init, ro section .tiny.data_init,
          ro section .tiny.rodata_init };
"P4":  place in [from 0x008000 to 0x00ffff] {
          ro section .far.rodata, ro section .far_func.text };
"P7":  place in [from 0x001000 to 0x0013ff] { section .eeprom.data };

  Section            Kind      Address    Size  Object
  -------            ----      -------    ----  ------
"A1":                                     0x10
  .vregs             uninit   0x000000    0x10  vregs.o [4]
                            - 0x000010    0x10

"P2", part 1 of 2:                        0x32
  P2-1                        0x000010    0x32  <Init block>
    .near.data       inited   0x000010    0x10  LoRaMacCrypto.o [1]
    .near.data       inited   0x000020    0x10  LoRaMacCrypto.o [1]
    .near.data       inited   0x000030     0xa  modem.o [1]
    .near.data       inited   0x00003a     0x4  timer.o [1]
    .near.data       inited   0x00003e     0x4  utilities.o [1]
                            - 0x000042    0x32

"P2", part 2 of 2:                       0x697
  .near.bss          zero     0x000042   0x115  LoRaMacCrypto.o [1]
  .near.bss          zero     0x000157   0x100  crc8.o [1]
  .near.bss          zero     0x000257    0xf1  LoRaMacCrypto.o [1]
  .near.bss          zero     0x000348    0x83  comport.o [1]
  .near.bss          zero     0x0003cb    0x83  comport.o [1]
  .near.bss          zero     0x00044e    0x83  modem.o [1]
  .near.bss          zero     0x0004d1    0x57  cfg_parm.o [1]
  .near.bss          zero     0x000528    0x51  sx1276.o [1]
  .near.bss          zero     0x000579    0x3d  board.o [1]
  .near.bss          zero     0x0005b6    0x3a  sx1276.o [1]
  .near.bss          zero     0x0005f0    0x15  config_mode.o [1]
  .near.bss          zero     0x000605    0x15  LoRaMac.o [1]
  .near.bss          zero     0x00061a    0x15  lowpower_mode.o [1]
  .near.bss          zero     0x00062f    0x15  normal_mode.o [1]
  .near.bss          zero     0x000644    0x15  test_mode.o [1]
  .near.bss          zero     0x000659    0x15  wakeup_mode.o [1]
  .near.bss          zero     0x00066e    0x10  LoRaMacCrypto.o [1]
  .near.bss          zero     0x00067e    0x10  LoRaMacCrypto.o [1]
  .near.bss          zero     0x00068e     0xe  sx1276.o [1]
  .near.bss          zero     0x00069c     0xe  sx1276.o [1]
  .near.bss          zero     0x0006aa     0xe  sx1276.o [1]
  .near.bss          zero     0x0006b8     0x8  frame.o [1]
  .near.bss          zero     0x0006c0     0x4  timer.o [1]
  .near.bss          zero     0x0006c4     0x4  timer.o [1]
  .near.bss          zero     0x0006c8     0x2  LoRaMac.o [1]
  .near.bss          zero     0x0006ca     0x2  LoRaMac.o [1]
  .near.bss          zero     0x0006cc     0x2  sx1276.o [1]
  .near.bss          zero     0x0006ce     0x2  test_mode.o [1]
  .near.bss          zero     0x0006d0     0x2  timer.o [1]
  .near.bss          zero     0x0006d2     0x1  LoRaMac.o [1]
  .near.bss          zero     0x0006d3     0x1  lowpower_mode.o [1]
  .near.bss          zero     0x0006d4     0x1  normal_mode.o [1]
  .near.bss          zero     0x0006d5     0x1  sx1276-board.o [1]
  .near.bss          zero     0x0006d6     0x1  system.o [1]
  .near.bss          zero     0x0006d7     0x1  test_mode.o [1]
  .near.bss          zero     0x0006d8     0x1  wakeup_mode.o [1]
                            - 0x0006d9   0x697

"A2":                                     0x80
  CSTACK                      0x000780    0x80  <Block>
    CSTACK           uninit   0x000780    0x80  <Block tail>
                            - 0x000800    0x80

"P7":                                     0x6b
  .eeprom.data       rw data  0x001000    0x57  cfg_parm.o [1]
  .eeprom.data       rw data  0x001057    0x14  manufacture_parm.o [1]
                            - 0x00106b    0x6b

"A3":                                     0x80
  INTVEC                      0x008000    0x80  <Block>
    .intvec          const    0x008000    0x80  interrupt.o [4]
                            - 0x008080    0x80

"P3":                                    0x44a
  .near.rodata       const    0x008080   0x100  aes.o [1]
  .near.rodata       const    0x008180   0x100  aes.o [1]
  .near.rodata       const    0x008280   0x100  aes.o [1]
  .near.rodata       const    0x008380    0x51  sx1276-board.o [1]
  Initializer bytes  const    0x0083d1    0x32  <for P2-1>
  .near.rodata       const    0x008403    0x30  sx1276.o [1]
  .near.rodata       const    0x008433    0x23  modem.o [1]
  .near.rodata       const    0x008456    0x23  test_mode.o [1]
  .iar.init_table    const    0x008479    0x14  - Linker created -
  .near.rodata       const    0x00848d     0xb  modem.o [1]
  .near.rodata       const    0x008498     0xb  modem.o [1]
  .near.rodata       const    0x0084a3     0x8  modem.o [1]
  .near.rodata       const    0x0084ab     0x7  modem.o [1]
  .near.rodata       const    0x0084b2     0x6  modem.o [1]
  .near.rodata       const    0x0084b8     0x6  modem.o [1]
  .near.rodata       const    0x0084be     0x5  stm8l15x_clk.o [1]
  .near.rodata       const    0x0084c3     0x4  modem.o [1]
  .near.rodata       const    0x0084c7     0x3  modem.o [1]
                            - 0x0084ca   0x44a

"P4":                                   0x649b
  .far_func.text     ro code  0x0084ca   0xd61  sx1276.o [1]
  .far_func.text     ro code  0x00922b   0x484  float.o [4]
  .far_func.text     ro code  0x0096af   0x3b8  LoRaMac.o [1]
  .far_func.text     ro code  0x009a67   0x2e6  config_mode.o [1]
  .far_func.text     ro code  0x009d4d   0x2aa  normal_mode.o [1]
  .far_func.text     ro code  0x009ff7   0x278  board.o [1]
  .far_func.text     ro code  0x00a26f   0x271  timer.o [1]
  .far_func.text     ro code  0x00a4e0   0x25a  aes.o [1]
  .far_func.text     ro code  0x00a73a   0x21f  cmac.o [1]
  .far_func.text     ro code  0x00a959   0x212  wakeup_mode.o [1]
  .far_func.text     ro code  0x00ab6b   0x210  aes.o [1]
  .far_func.text     ro code  0x00ad7b   0x1fc  vreg_util.o [4]
  .far_func.text     ro code  0x00af77   0x1d2  sx1276.o [1]
  .far_func.text     ro code  0x00b149   0x1c9  long.o [4]
  .far_func.text     ro code  0x00b312   0x1bc  comport.o [1]
  .far_func.text     ro code  0x00b4ce   0x1a1  LoRaMac.o [1]
  .far_func.text     ro code  0x00b66f   0x19f  cmac.o [1]
  .far_func.text     ro code  0x00b80e   0x188  LoRaMac.o [1]
  .far_func.text     ro code  0x00b996   0x175  lowpower_mode.o [1]
  .far_func.text     ro code  0x00bb0b   0x132  modem.o [1]
  .far_func.text     ro code  0x00bc3d   0x124  aes.o [1]
  .far_func.text     ro code  0x00bd61   0x119  lowpower_mode.o [1]
  .far_func.text     ro code  0x00be7a   0x112  LoRaMacCrypto.o [1]
  .far_func.text     ro code  0x00bf8c    0xfe  cfg_parm.o [1]
  .far_func.text     ro code  0x00c08a    0xf6  cfg_parm.o [1]
  .far_func.text     ro code  0x00c180    0xf3  aes.o [1]
  .far_func.text     ro code  0x00c273    0xee  frame.o [1]
  .far_func.text     ro code  0x00c361    0xee  LoRaMacCrypto.o [1]
  .far_func.text     ro code  0x00c44f    0xe8  timer.o [1]
  .far_func.text     ro code  0x00c537    0xe4  long_util.o [4]
  .far_func.text     ro code  0x00c61b    0xe2  stm8l15x_rtc.o [1]
  .far_func.text     ro code  0x00c6fd    0xe2  sx1276-board.o [1]
  .far_func.text     ro code  0x00c7df    0xdb  cfg_parm.o [1]
  .far_func.text     ro code  0x00c8ba    0xce  wakeup_mode.o [1]
  .far_func.text     ro code  0x00c988    0xc3  stm8l15x_it.o [1]
  .far_func.text     ro code  0x00ca4b    0xbd  stm8l15x_exti.o [1]
  .far_func.text     ro code  0x00cb08    0xb9  LoRaMacCrypto.o [1]
  .far_func.text     ro code  0x00cbc1    0xb0  lowpower_mode.o [1]
  .far_func.text     ro code  0x00cc71    0xa7  aes.o [1]
  .far_func.text     ro code  0x00cd18    0xa6  LoRaMacCrypto.o [1]
  .far_func.text     ro code  0x00cdbe    0x9d  sx1276-board.o [1]
  .far_func.text     ro code  0x00ce5b    0x9b  timer.o [1]
  .far_func.text     ro code  0x00cef6    0x99  sx1276.o [1]
  .far_func.text     ro code  0x00cf8f    0x94  normal_mode.o [1]
  .far_func.text     ro code  0x00d023    0x94  wakeup_mode.o [1]
  .far_func.text     ro code  0x00d0b7    0x8c  sx1276.o [1]
  .far_func.text     ro code  0x00d143    0x88  LoRaMac.o [1]
  .far_func.text     ro code  0x00d1cb    0x86  stm8l15x_usart.o [1]
  .far_func.text     ro code  0x00d251    0x86  test_mode.o [1]
  .far_func.text     ro code  0x00d2d7    0x77  eeprom.o [1]
  .far_func.text     ro code  0x00d34e    0x76  aes.o [1]
  .far_func.text     ro code  0x00d3c4    0x76  stm8l15x_gpio.o [1]
  .far_func.text     ro code  0x00d43a    0x74  cfg_parm.o [1]
  .far_func.text     ro code  0x00d4ae    0x6f  stm8l15x_usart.o [1]
  .far_func.text     ro code  0x00d51d    0x6a  test_mode.o [1]
  .far_func.text     ro code  0x00d587    0x68  cfg_parm.o [1]
  .far_func.text     ro code  0x00d5ef    0x66  LoRaMac.o [1]
  .far_func.text     ro code  0x00d655    0x63  stm8l15x_clk.o [1]
  .far_func.text     ro code  0x00d6b8    0x63  stm8l15x_it.o [1]
  .far_func.text     ro code  0x00d71b    0x61  lowpower_mode.o [1]
  .far_func.text     ro code  0x00d77c    0x60  wakeup_mode.o [1]
  .far_func.text     ro code  0x00d7dc    0x5b  LoRaMacCrypto.o [1]
  .far_func.text     ro code  0x00d837    0x58  dc_util.o [4]
  .far_func.text     ro code  0x00d88f    0x56  comport.o [1]
  .far_func.text     ro code  0x00d8e5    0x55  ring_buf.o [1]
  .far_func.text     ro code  0x00d93a    0x51  delay.o [1]
  .far_func.text     ro code  0x00d98b    0x4a  stm8l15x_beep.o [1]
  .far_func.text     ro code  0x00d9d5    0x49  modem.o [1]
  .far_func.text     ro code  0x00da1e    0x49  spi-board.o [1]
  .far_func.text     ro code  0x00da67    0x49  sx1276.o [1]
  .far_func.text     ro code  0x00dab0    0x48  main.o [1]
  .far_func.text     ro code  0x00daf8    0x47  ring_buf.o [1]
  .far_func.text     ro code  0x00db3f    0x46  eeprom.o [1]
  .far_func.text     ro code  0x00db85    0x46  far_util.o [4]
  .far_func.text     ro code  0x00dbcb    0x43  crc8.o [1]
  .far_func.text     ro code  0x00dc0e    0x42  spi-board.o [1]
  .far_func.text     ro code  0x00dc50    0x3f  cfg_parm.o [1]
  .far_func.text     ro code  0x00dc8f    0x3f  cfg_parm.o [1]
  .far_func.text     ro code  0x00dcce    0x3c  lowpower_mode.o [1]
  .far_func.text     ro code  0x00dd0a    0x3c  lowpower_mode.o [1]
  .far_func.text     ro code  0x00dd46    0x3c  stm8l15x_rtc.o [1]
  .far_func.text     ro code  0x00dd82    0x3a  ring_buf.o [1]
  .far_func.text     ro code  0x00ddbc    0x39  stm8l15x_clk.o [1]
  .far_func.text     ro code  0x00ddf5    0x36  stm8l15x_rtc.o [1]
  .far_func.text     ro code  0x00de2b    0x34  stm8l15x_spi.o [1]
  .far_func.text     ro code  0x00de5f    0x34  utilities.o [1]
  .far_func.text     ro code  0x00de93    0x32  cmac.o [1]
  .far_func.text     ro code  0x00dec5    0x32  stm8l15x_flash.o [1]
  .far_func.text     ro code  0x00def7    0x31  eeprom.o [1]
  .far_func.text     ro code  0x00df28    0x31  ring_buf.o [1]
  .far_func.text     ro code  0x00df59    0x30  lowpower_mode.o [1]
  .far_func.text     ro code  0x00df89    0x30  stm8l15x_it.o [1]
  .far_func.text     ro code  0x00dfb9    0x30  stm8l15x_usart.o [1]
  .far_func.text     ro code  0x00dfe9    0x2f  comport.o [1]
  .far_func.text     ro code  0x00e018    0x2f  stm8l15x_rtc.o [1]
  .far_func.text     ro code  0x00e047    0x2e  sx1276-board.o [1]
  .far_func.text     ro code  0x00e075    0x2d  LoRaMac.o [1]
  .far_func.text     ro code  0x00e0a2    0x2d  short.o [4]
  .far_func.text     ro code  0x00e0cf    0x2c  utilities.o [1]
  .far_func.text     ro code  0x00e0fb    0x2a  sx1276.o [1]
  .far_func.text     ro code  0x00e125    0x29  stm8l15x_it.o [1]
  .far_func.text     ro code  0x00e14e    0x28  crc8.o [1]
  .far_func.text     ro code  0x00e176    0x28  init_small.o [4]
  .far_func.text     ro code  0x00e19e    0x27  sx1276-board.o [1]
  .far_func.text     ro code  0x00e1c5    0x25  ring_buf.o [1]
  .far_func.text     ro code  0x00e1ea    0x23  frame.o [1]
  .far_func.text     ro code  0x00e20d    0x23  LoRaMacCrypto.o [1]
  .far_func.text     ro code  0x00e230    0x23  stm8l15x_it.o [1]
  .far_func.text     ro code  0x00e253    0x23  stm8l15x_it.o [1]
  .far_func.text     ro code  0x00e276    0x23  stm8l15x_it.o [1]
  .far_func.text     ro code  0x00e299    0x23  stm8l15x_rtc.o [1]
  .far_func.text     ro code  0x00e2bc    0x23  stm8l15x_rtc.o [1]
  .far_func.text     ro code  0x00e2df    0x23  timer.o [1]
  .far_func.text     ro code  0x00e302    0x23  utilities.o [1]
  .far_func.text     ro code  0x00e325    0x21  stm8l15x_it.o [1]
  .far_func.text     ro code  0x00e346    0x20  lowpower_mode.o [1]
  .far_func.text     ro code  0x00e366    0x20  lowpower_mode.o [1]
  .far_func.text     ro code  0x00e386    0x20  normal_mode.o [1]
  .far_func.text     ro code  0x00e3a6    0x20  normal_mode.o [1]
  .far_func.text     ro code  0x00e3c6    0x20  normal_mode.o [1]
  .far_func.text     ro code  0x00e3e6    0x20  normal_mode.o [1]
  .far_func.text     ro code  0x00e406    0x20  wakeup_mode.o [1]
  .far_func.text     ro code  0x00e426    0x20  wakeup_mode.o [1]
  .far_func.text     ro code  0x00e446    0x20  wakeup_mode.o [1]
  .far_func.text     ro code  0x00e466    0x20  wakeup_mode.o [1]
  .far_func.text     ro code  0x00e486    0x1f  ring_buf.o [1]
  .far_func.text     ro code  0x00e4a5    0x1e  stm8l15x_it.o [1]
  .far_func.text     ro code  0x00e4c3    0x1e  stm8l15x_it.o [1]
  .far_func.text     ro code  0x00e4e1    0x1e  stm8l15x_it.o [1]
  .far_func.text     ro code  0x00e4ff    0x1e  stm8l15x_usart.o [1]
  .far_func.text     ro code  0x00e51d    0x1e  init.o [4]
  .far_func.text     ro code  0x00e53b    0x1e  init_small.o [4]
  .far_func.text     ro code  0x00e559    0x1d  stm8l15x_it.o [1]
  .far_func.text     ro code  0x00e576    0x1d  stm8l15x_it.o [1]
  .far_func.text     ro code  0x00e593    0x1c  board.o [1]
  .far_func.text     ro code  0x00e5af    0x1c  cfg_parm.o [1]
  .far_func.text     ro code  0x00e5cb    0x1c  modem.o [1]
  .far_func.text     ro code  0x00e5e7    0x1c  timer.o [1]
  .far_func.text     ro code  0x00e603    0x1a  sx1276-board.o [1]
  .far_func.text     ro code  0x00e61d    0x19  stm8l15x_flash.o [1]
  .far_func.text     ro code  0x00e636    0x18  utilities.o [1]
  .far_func.text     ro code  0x00e64e    0x17  cfg_parm.o [1]
  .far_func.text     ro code  0x00e665    0x17  stm8l15x_spi.o [1]
  .far_func.text     ro code  0x00e67c    0x17  cstartup.o [4]
  .far_func.text     ro code  0x00e693    0x17  memset.o [4]
  .far_func.text     ro code  0x00e6aa    0x16  aes.o [1]
  .far_func.text     ro code  0x00e6c0    0x16  ring_buf.o [1]
  .far_func.text     ro code  0x00e6d6    0x16  stm8l15x_exti.o [1]
  .far_func.text     ro code  0x00e6ec    0x16  sx1276-board.o [1]
  .far_func.text     ro code  0x00e702    0x16  __dbg_xxexit.o [3]
  .far_func.text     ro code  0x00e718    0x15  hex.o [1]
  .far_func.text     ro code  0x00e72d    0x15  stm8l15x_gpio.o [1]
  .far_func.text     ro code  0x00e742    0x15  stm8l15x_gpio.o [1]
  .far_func.text     ro code  0x00e757    0x15  stm8l15x_rtc.o [1]
  .far_func.text     ro code  0x00e76c    0x13  stm8l15x_spi.o [1]
  .far_func.text     ro code  0x00e77f    0x13  stm8l15x_tim4.o [1]
  .far_func.text     ro code  0x00e792    0x13  sx1276-board.o [1]
  .far_func.text     ro code  0x00e7a5    0x12  strlen.o [4]
  .far_func.text     ro code  0x00e7b7    0x11  hex.o [1]
  .far_func.text     ro code  0x00e7c8    0x11  stm8l15x_tim4.o [1]
  .far_func.text     ro code  0x00e7d9    0x10  cfg_parm.o [1]
  .far_func.text     ro code  0x00e7e9    0x10  stm8l15x_usart.o [1]
  .far_func.text     ro code  0x00e7f9     0xf  system.o [1]
  .far_func.text     ro code  0x00e808     0xd  cmac.o [1]
  .far_func.text     ro code  0x00e815     0xd  stm8l15x_beep.o [1]
  .far_func.text     ro code  0x00e822     0xd  stm8l15x_beep.o [1]
  .far_func.text     ro code  0x00e82f     0xd  stm8l15x_clk.o [1]
  .far_func.text     ro code  0x00e83c     0xd  stm8l15x_clk.o [1]
  .far_func.text     ro code  0x00e849     0xd  stm8l15x_clk.o [1]
  .far_func.text     ro code  0x00e856     0xd  stm8l15x_pwr.o [1]
  .far_func.text     ro code  0x00e863     0xd  stm8l15x_tim4.o [1]
  .far_func.text     ro code  0x00e870     0xc  ring_buf.o [1]
  .far_func.text     ro code  0x00e87c     0xc  char.o [4]
  .far_func.text     ro code  0x00e888     0xb  LoRaMac.o [1]
  .far_func.text     ro code  0x00e893     0xb  LoRaMac.o [1]
  .far_func.text     ro code  0x00e89e     0xb  LoRaMac.o [1]
  .far_func.text     ro code  0x00e8a9     0xa  delay.o [1]
  .far_func.text     ro code  0x00e8b3     0xa  stm8l15x_clk.o [1]
  .far_func.text     ro code  0x00e8bd     0xa  stm8l15x_rtc.o [1]
  .far_func.text     ro code  0x00e8c7     0xa  system.o [1]
  .far_func.text     ro code  0x00e8d1     0xa  far.o [4]
  .far_func.text     ro code  0x00e8db     0x9  sx1276-board.o [1]
  .far_func.text     ro code  0x00e8e4     0x7  stm8l15x_flash.o [1]
  .far_func.text     ro code  0x00e8eb     0x7  stm8l15x_gpio.o [1]
  .far_func.text     ro code  0x00e8f2     0x7  stm8l15x_gpio.o [1]
  .far_func.text     ro code  0x00e8f9     0x7  timer.o [1]
  .far_func.text     ro code  0x00e900     0x7  utilities.o [1]
  .far_func.text     ro code  0x00e907     0x6  cexit.o [4]
  .far_func.text     ro code  0x00e90d     0x5  stm8l15x_tim2.o [1]
  .far_func.text     ro code  0x00e912     0x5  stm8l15x_tim4.o [1]
  .far_func.text     ro code  0x00e917     0x5  stm8l15x_tim4.o [1]
  .far_func.text     ro code  0x00e91c     0x5  stm8l15x_usart.o [1]
  .far_func.text     ro code  0x00e921     0x5  stm8l15x_usart.o [1]
  .far_func.text     ro code  0x00e926     0x4  stm8l15x_clk.o [1]
  .far_func.text     ro code  0x00e92a     0x4  stm8l15x_clk.o [1]
  .far_func.text     ro code  0x00e92e     0x4  stm8l15x_clk.o [1]
  .far_func.text     ro code  0x00e932     0x4  stm8l15x_flash.o [1]
  .far_func.text     ro code  0x00e936     0x4  stm8l15x_gpio.o [1]
  .far_func.text     ro code  0x00e93a     0x4  interrupt.o [4]
  .far_func.text     ro code  0x00e93e     0x4  exit.o [4]
  .far_func.text     ro code  0x00e942     0x3  stm8l15x_usart.o [1]
  .far_func.text     ro code  0x00e945     0x3  stm8l15x_usart.o [1]
  .far_func.text     ro code  0x00e948     0x3  sx1276-board.o [1]
  .far_func.text     ro code  0x00e94b     0x3  low_level_init.o [4]
  .far_func.text     ro code  0x00e94e     0x3  unhandled_exception.o [4]
  .far_func.text     ro code  0x00e951     0x1  board.o [1]
  .far_func.text     ro code  0x00e952     0x1  stm8l15x_it.o [1]
  .far_func.text     ro code  0x00e953     0x1  stm8l15x_it.o [1]
  .far_func.text     ro code  0x00e954     0x1  stm8l15x_it.o [1]
  .far_func.text     ro code  0x00e955     0x1  stm8l15x_it.o [1]
  .far_func.text     ro code  0x00e956     0x1  stm8l15x_it.o [1]
  .far_func.text     ro code  0x00e957     0x1  stm8l15x_it.o [1]
  .far_func.text     ro code  0x00e958     0x1  stm8l15x_it.o [1]
  .far_func.text     ro code  0x00e959     0x1  stm8l15x_it.o [1]
  .far_func.text     ro code  0x00e95a     0x1  stm8l15x_it.o [1]
  .far_func.text     ro code  0x00e95b     0x1  stm8l15x_it.o [1]
  .far_func.text     ro code  0x00e95c     0x1  stm8l15x_it.o [1]
  .far_func.text     ro code  0x00e95d     0x1  stm8l15x_it.o [1]
  .far_func.text     ro code  0x00e95e     0x1  stm8l15x_it.o [1]
  .far_func.text     ro code  0x00e95f     0x1  stm8l15x_it.o [1]
  .far_func.text     ro code  0x00e960     0x1  stm8l15x_it.o [1]
  .far_func.text     ro code  0x00e961     0x1  stm8l15x_it.o [1]
  .far_func.text     ro code  0x00e962     0x1  stm8l15x_it.o [1]
  .far_func.text     ro code  0x00e963     0x1  sx1276-board.o [1]
  .far_func.text     ro code  0x00e964     0x1  __dbg_break.o [3]
                            - 0x00e965  0x649b


*******************************************************************************
*** INIT TABLE
***

          Address   Size
          -------   ----
Zero (__iar_zero_init2)
    1 destination range, total size 0x697:
          0x000042  0x697

Copy (__iar_copy_init2)
    1 source range, total size 0x32:
          0x0083d1   0x32
    1 destination range, total size 0x32:
          0x000010   0x32



*******************************************************************************
*** MODULE SUMMARY
***

    Module                 ro code  ro data  rw data
    ------                 -------  -------  -------
D:\stm8lora\src\stm8l15x-sx1278\STM8L15x-16x-05x-AL31-L_StdPeriph_Lib\Project\STM8L151G6U6_Sx1278\EWSTM8\STM8L15X_MD(STM8L15xx4_6)\Obj: [1]
    LoRaMac.o                2 077                26
    LoRaMacCrypto.o            989       32      582
    aes.o                    1 972      768
    board.o                    661                61
    cfg_parm.o               1 132               174
    cmac.o                   1 021
    comport.o                  577               262
    config_mode.o              742                21
    crc8.o                     107               256
    delay.o                     91
    eeprom.o                   238
    frame.o                    273                 8
    hex.o                       38
    lowpower_mode.o          1 159                22
    main.o                      72
    manufacture_parm.o                            20
    modem.o                    407      101      141
    normal_mode.o              958                22
    ring_buf.o                 365
    spi-board.o                139
    stm8l15x_beep.o            100
    stm8l15x_clk.o             217        5
    stm8l15x_exti.o            211
    stm8l15x_flash.o            86
    stm8l15x_gpio.o            178
    stm8l15x_it.o              686
    stm8l15x_pwr.o              13
    stm8l15x_rtc.o             488
    stm8l15x_spi.o              94
    stm8l15x_tim2.o              5
    stm8l15x_tim4.o             59
    stm8l15x_usart.o           355
    sx1276-board.o             548       81        1
    sx1276.o                 4 299       48      183
    system.o                    25                 1
    test_mode.o                240       35       24
    timer.o                  1 082        4       14
    utilities.o                162        4        4
    wakeup_mode.o            1 108                22
    ------------------------------------------------
    Total:                  22 974    1 078    1 844

command line: [2]
    ------------------------------------------------
    Total:

dbgstm8mmd.a: [3]
    __dbg_break.o                1
    __dbg_xxexit.o              22
    ------------------------------------------------
    Total:                      23

dlstm8mmf.a: [4]
    cexit.o                      6
    char.o                      12
    cstartup.o                  23
    dc_util.o                   88
    exit.o                       4
    far.o                       10
    far_util.o                  70
    float.o                  1 156
    init.o                      30
    init_small.o                70
    interrupt.o                  4      128
    long.o                     457
    long_util.o                228
    low_level_init.o             3
    memset.o                    23
    short.o                     45
    strlen.o                    18
    unhandled_exception.o        3
    vreg_util.o                508
    vregs.o                                       16
    ------------------------------------------------
    Total:                   2 758      128       16

    Linker created                       20      128
----------------------------------------------------
    Grand Total:            25 755    1 226    1 988


*******************************************************************************
*** ENTRY LIST
***

Entry                    Address   Size  Type      Object
-----                    -------   ----  ----      ------
.iar.init_table$$Base   0x008479          --   Gb  - Linker created -
.iar.init_table$$Limit  0x00848d          --   Gb  - Linker created -
?add32_l0_l0_0x         0x00b178         Code  Gb  long.o [4]
?add32_l0_l0_l1         0x00b175         Code  Gb  long.o [4]
?b0                     0x000000         Data  Gb  vregs.o [4]
?b1                     0x000001         Data  Gb  vregs.o [4]
?b10                    0x00000a         Data  Gb  vregs.o [4]
?b11                    0x00000b         Data  Gb  vregs.o [4]
?b12                    0x00000c         Data  Gb  vregs.o [4]
?b13                    0x00000d         Data  Gb  vregs.o [4]
?b14                    0x00000e         Data  Gb  vregs.o [4]
?b15                    0x00000f         Data  Gb  vregs.o [4]
?b2                     0x000002         Data  Gb  vregs.o [4]
?b3                     0x000003         Data  Gb  vregs.o [4]
?b4                     0x000004         Data  Gb  vregs.o [4]
?b5                     0x000005         Data  Gb  vregs.o [4]
?b6                     0x000006         Data  Gb  vregs.o [4]
?b7                     0x000007         Data  Gb  vregs.o [4]
?b8                     0x000008         Data  Gb  vregs.o [4]
?b9                     0x000009         Data  Gb  vregs.o [4]
?dc32_l0                0x00d837         Code  Gb  dc_util.o [4]
?dc32_l1                0x00d863         Code  Gb  dc_util.o [4]
?dec32_0x_0x            0x00b161         Code  Gb  long.o [4]
?dec32_l0_l0            0x00b15c         Code  Gb  long.o [4]
?e0                     0x000001         Data  Gb  vregs.o [4]
?e1                     0x000005         Data  Gb  vregs.o [4]
?e2                     0x000009         Data  Gb  vregs.o [4]
?e3                     0x00000d         Data  Gb  vregs.o [4]
?epilogue_l2            0x00ae96         Code  Gb  vreg_util.o [4]
?epilogue_l2_l3         0x00ae92         Code  Gb  vreg_util.o [4]
?epilogue_l2_w6         0x00ae9b         Code  Gb  vreg_util.o [4]
?epilogue_w4            0x00aea4         Code  Gb  vreg_util.o [4]
?fadd32_l0_l0_dc32      0x009249         Code  Gb  float.o [4]
?fadd32_l0_l0_l1        0x00924f         Code  Gb  float.o [4]
?fcastf32u16_l0_x       0x0094d1         Code  Gb  float.o [4]
?fcastf32u32_l0_l0      0x009574         Code  Gb  float.o [4]
?fcasts16f32_x_l0       0x0094ef         Code  Gb  float.o [4]
?fcastu32f32_l0_l0      0x009524         Code  Gb  float.o [4]
?fcmplt32_c_l0_0x       0x00947b         Code  Gb  float.o [4]
?fcmplt32_c_l0_l1       0x009478         Code  Gb  float.o [4]
?fdiv32_l0_dc32_l1      0x0093be         Code  Gb  float.o [4]
?fdiv32_l0_l0_dc32      0x0093c4         Code  Gb  float.o [4]
?fdiv32_l0_l0_l1        0x0093ca         Code  Gb  float.o [4]
?fmul32_l0_l0_dc32      0x00931d         Code  Gb  float.o [4]
?fmul32_l0_l0_l1        0x009323         Code  Gb  float.o [4]
?inc32_0x_0x            0x00b14e         Code  Gb  long.o [4]
?inc32_l0_l0            0x00b149         Code  Gb  long.o [4]
?l0                     0x000000         Data  Gb  vregs.o [4]
?l1                     0x000004         Data  Gb  vregs.o [4]
?l2                     0x000008         Data  Gb  vregs.o [4]
?l3                     0x00000c         Data  Gb  vregs.o [4]
?load24_0x_e0           0x00dbbd         Code  Gb  far_util.o [4]
?load24_e0_0x           0x00db85         Code  Gb  far_util.o [4]
?load24_e1_0x           0x00db93         Code  Gb  far_util.o [4]
?load24_e2_0x           0x00dba1         Code  Gb  far_util.o [4]
?load24_e3_0x           0x00dbaf         Code  Gb  far_util.o [4]
?load32_0x_l0           0x00c5d9         Code  Gb  long_util.o [4]
?load32_0x_l1           0x00c5e7         Code  Gb  long_util.o [4]
?load32_0x_l2           0x00c5ff         Code  Gb  long_util.o [4]
?load32_0x_l3           0x00c60d         Code  Gb  long_util.o [4]
?load32_l0_0x           0x00c551         Code  Gb  long_util.o [4]
?load32_l0_asp          0x00c545         Code  Gb  long_util.o [4]
?load32_l0_dbsp         0x00c537         Code  Gb  long_util.o [4]
?load32_l0_xsp          0x00c547         Code  Gb  long_util.o [4]
?load32_l1_0x           0x00c577         Code  Gb  long_util.o [4]
?load32_l1_asp          0x00c56b         Code  Gb  long_util.o [4]
?load32_l1_dbsp         0x00c55d         Code  Gb  long_util.o [4]
?load32_l1_xsp          0x00c56d         Code  Gb  long_util.o [4]
?load32_l2_0x           0x00c59d         Code  Gb  long_util.o [4]
?load32_l2_asp          0x00c591         Code  Gb  long_util.o [4]
?load32_l2_dbsp         0x00c583         Code  Gb  long_util.o [4]
?load32_l2_xsp          0x00c593         Code  Gb  long_util.o [4]
?load32_l3_0x           0x00c5c3         Code  Gb  long_util.o [4]
?load32_l3_asp          0x00c5b7         Code  Gb  long_util.o [4]
?load32_l3_dbsp         0x00c5a9         Code  Gb  long_util.o [4]
?load32_l3_xsp          0x00c5b9         Code  Gb  long_util.o [4]
?load32_xsp_l0          0x00c5cf         Code  Gb  long_util.o [4]
?load32_xsp_l2          0x00c5f5         Code  Gb  long_util.o [4]
?mov_e0_e1              0x00aeeb         Code  Gb  vreg_util.o [4]
?mov_e0_e2              0x00aef8         Code  Gb  vreg_util.o [4]
?mov_e0_e3              0x00af05         Code  Gb  vreg_util.o [4]
?mov_e1_e0              0x00af12         Code  Gb  vreg_util.o [4]
?mov_e1_e2              0x00af1f         Code  Gb  vreg_util.o [4]
?mov_e1_e3              0x00af2c         Code  Gb  vreg_util.o [4]
?mov_e2_e0              0x00af39         Code  Gb  vreg_util.o [4]
?mov_e2_e1              0x00af46         Code  Gb  vreg_util.o [4]
?mov_e2_e3              0x00af53         Code  Gb  vreg_util.o [4]
?mov_e3_e0              0x00af60         Code  Gb  vreg_util.o [4]
?mov_e3_e1              0x00af6d         Code  Gb  vreg_util.o [4]
?mov_l0_l1              0x00aee8         Code  Gb  vreg_util.o [4]
?mov_l0_l2              0x00aef5         Code  Gb  vreg_util.o [4]
?mov_l0_l3              0x00af02         Code  Gb  vreg_util.o [4]
?mov_l1_l0              0x00af0f         Code  Gb  vreg_util.o [4]
?mov_l1_l2              0x00af1c         Code  Gb  vreg_util.o [4]
?mov_l1_l3              0x00af29         Code  Gb  vreg_util.o [4]
?mov_l2_l0              0x00af36         Code  Gb  vreg_util.o [4]
?mov_l2_l1              0x00af43         Code  Gb  vreg_util.o [4]
?mov_l2_l3              0x00af50         Code  Gb  vreg_util.o [4]
?mov_l3_l0              0x00af5d         Code  Gb  vreg_util.o [4]
?mov_l3_l1              0x00af6a         Code  Gb  vreg_util.o [4]
?mov_w0_w3              0x00aea9         Code  Gb  vreg_util.o [4]
?mov_w0_w4              0x00aeb0         Code  Gb  vreg_util.o [4]
?mov_w0_w5              0x00aeb7         Code  Gb  vreg_util.o [4]
?mov_w1_w3              0x00aeee         Code  Gb  vreg_util.o [4]
?mov_w1_w5              0x00aefb         Code  Gb  vreg_util.o [4]
?mov_w1_w6              0x00aebe         Code  Gb  vreg_util.o [4]
?mov_w1_w7              0x00af08         Code  Gb  vreg_util.o [4]
?mov_w3_w1              0x00af15         Code  Gb  vreg_util.o [4]
?mov_w3_w5              0x00af22         Code  Gb  vreg_util.o [4]
?mov_w3_w7              0x00af2f         Code  Gb  vreg_util.o [4]
?mov_w4_w0              0x00aec5         Code  Gb  vreg_util.o [4]
?mov_w4_w1              0x00aecc         Code  Gb  vreg_util.o [4]
?mov_w5_w0              0x00aed3         Code  Gb  vreg_util.o [4]
?mov_w5_w1              0x00af3c         Code  Gb  vreg_util.o [4]
?mov_w5_w3              0x00af49         Code  Gb  vreg_util.o [4]
?mov_w5_w7              0x00af56         Code  Gb  vreg_util.o [4]
?mov_w6_w2              0x00aeda         Code  Gb  vreg_util.o [4]
?mov_w7_w0              0x00aee1         Code  Gb  vreg_util.o [4]
?mov_w7_w1              0x00af63         Code  Gb  vreg_util.o [4]
?mov_w7_w3              0x00af70         Code  Gb  vreg_util.o [4]
?mul16_x_x_w0           0x00e0a2         Code  Gb  short.o [4]
?mul32_l0_l0_0x         0x00b1ab         Code  Gb  long.o [4]
?mul32_l0_l0_l1         0x00b1b4         Code  Gb  long.o [4]
?or32_l0_l0_0x          0x00b2de         Code  Gb  long.o [4]
?or32_l0_l0_l1          0x00b2db         Code  Gb  long.o [4]
?pop_e2                 0x00adf8         Code  Gb  vreg_util.o [4]
?pop_e3                 0x00ae07         Code  Gb  vreg_util.o [4]
?pop_l0                 0x00ae5a         Code  Gb  vreg_util.o [4]
?pop_l1                 0x00ae65         Code  Gb  vreg_util.o [4]
?pop_l2                 0x00ae70         Code  Gb  vreg_util.o [4]
?pop_l3                 0x00ae7b         Code  Gb  vreg_util.o [4]
?pop_w4                 0x00ada6         Code  Gb  vreg_util.o [4]
?pop_w6                 0x00adad         Code  Gb  vreg_util.o [4]
?push_e2                0x00adc0         Code  Gb  vreg_util.o [4]
?push_e3                0x00addc         Code  Gb  vreg_util.o [4]
?push_l0                0x00ae25         Code  Gb  vreg_util.o [4]
?push_l1                0x00ae2a         Code  Gb  vreg_util.o [4]
?push_l2                0x00ae2f         Code  Gb  vreg_util.o [4]
?push_l3                0x00ae34         Code  Gb  vreg_util.o [4]
?push_w0                0x00ad7b         Code  Gb  vreg_util.o [4]
?push_w1                0x00ad80         Code  Gb  vreg_util.o [4]
?push_w4                0x00ad85         Code  Gb  vreg_util.o [4]
?push_w6                0x00ad8a         Code  Gb  vreg_util.o [4]
?scmp32_c_l0_l1         0x00b2c4         Code  Gb  long.o [4]
?sext16_x_a             0x00e0c8         Code  Gb  short.o [4]
?sext32_l0_x            0x00b307         Code  Gb  long.o [4]
?sll16_x_x_a            0x00e0c0         Code  Gb  short.o [4]
?sll32_0x_0x_a          0x00b2f9         Code  Gb  long.o [4]
?sll32_l0_l0_a          0x00b2f6         Code  Gb  long.o [4]
?sll8_a_a_5             0x00e87d         Code  Gb  char.o [4]
?sll8_a_a_6             0x00e87c         Code  Gb  char.o [4]
?srl8_a_a_5             0x00e883         Code  Gb  char.o [4]
?srl8_a_a_6             0x00e882         Code  Gb  char.o [4]
?sub32_l0_l0_0x         0x00b193         Code  Gb  long.o [4]
?sub32_l0_l0_l1         0x00b190         Code  Gb  long.o [4]
?ucmp24_c_0x_e0         0x00e8d1         Code  Gb  far.o [4]
?ucmp32_c_l0_0x         0x00b2a9         Code  Gb  long.o [4]
?ucmp32_c_l0_l1         0x00b2b9         Code  Gb  long.o [4]
?udiv32_l0_l0_dl        0x00b238         Code  Gb  long.o [4]
?udiv32_l0_l0_l1        0x00b23c         Code  Gb  long.o [4]
?umod32_l1_l0_dl        0x00b232         Code  Gb  long.o [4]
?umod32_l1_l0_l1        0x00b23c         Code  Gb  long.o [4]
?w0                     0x000000         Data  Gb  vregs.o [4]
?w1                     0x000002         Data  Gb  vregs.o [4]
?w2                     0x000004         Data  Gb  vregs.o [4]
?w3                     0x000006         Data  Gb  vregs.o [4]
?w4                     0x000008         Data  Gb  vregs.o [4]
?w5                     0x00000a         Data  Gb  vregs.o [4]
?w6                     0x00000c         Data  Gb  vregs.o [4]
?w7                     0x00000e         Data  Gb  vregs.o [4]
ADC1_COMP_IRQHandler    0x00e95b    0x1  Code  Gb  stm8l15x_it.o [1]
AES_CMAC_Final          0x00a73a  0x21f  Code  Gb  cmac.o [1]
AES_CMAC_Init           0x00de93   0x32  Code  Gb  cmac.o [1]
AES_CMAC_SetKey         0x00e808    0xd  Code  Gb  cmac.o [1]
AES_CMAC_Update         0x00b66f  0x19f  Code  Gb  cmac.o [1]
AesCmacCtx              0x000042  0x115  Data  Lc  LoRaMacCrypto.o [1]
AesContext              0x000257   0xf1  Data  Lc  LoRaMacCrypto.o [1]
BEEP_Cmd                0x00e815    0xd  Code  Gb  stm8l15x_beep.o [1]
BEEP_LSClockToTIMConnectCmd
                        0x00e822    0xd  Code  Gb  stm8l15x_beep.o [1]
BEEP_LSICalibrationConfig
                        0x00d98b   0x4a  Code  Gb  stm8l15x_beep.o [1]
BoardDisableIrq         0x00e8c7    0xa  Code  Gb  system.o [1]
BoardEnableIrq          0x00e7f9    0xf  Code  Gb  system.o [1]
BoardInitMcu            0x00a16e  0x101  Code  Gb  board.o [1]
CLK_GetClockFreq        0x00ddbc   0x39  Code  Gb  stm8l15x_clk.o [1]
CLK_GetSYSCLKSource     0x00e92a    0x4  Code  Gb  stm8l15x_clk.o [1]
CLK_HSICmd              0x00e82f    0xd  Code  Gb  stm8l15x_clk.o [1]
CLK_LSICmd              0x00e83c    0xd  Code  Gb  stm8l15x_clk.o [1]
CLK_PeripheralClockConfig
                        0x00d655   0x63  Code  Gb  stm8l15x_clk.o [1]
CLK_RTCClockConfig      0x00e8b3    0xa  Code  Gb  stm8l15x_clk.o [1]
CLK_SYSCLKDivConfig     0x00e92e    0x4  Code  Gb  stm8l15x_clk.o [1]
CLK_SYSCLKSourceConfig  0x00e926    0x4  Code  Gb  stm8l15x_clk.o [1]
CLK_SYSCLKSourceSwitchCmd
                        0x00e849    0xd  Code  Gb  stm8l15x_clk.o [1]
CSTACK$$Base            0x000780          --   Gb  - Linker created -
CSTACK$$Limit           0x000800          --   Gb  - Linker created -
ClearWWDG               0x009ff7    0x1  Code  Gb  board.o [1]
ComportInit             0x00b312  0x1bc  Code  Gb  comport.o [1]
ComportTxStart          0x00d88f   0x56  Code  Gb  comport.o [1]
ConfigModeRadioEvents   0x0005f0   0x15  Data  Lc  config_mode.o [1]
DMA1_CHANNEL0_1_IRQHandler
                        0x00e954    0x1  Code  Gb  stm8l15x_it.o [1]
DMA1_CHANNEL2_3_IRQHandler
                        0x00e955    0x1  Code  Gb  stm8l15x_it.o [1]
DelayMs                 0x00e8a9    0xa  Code  Gb  delay.o [1]
EXTI0_IRQHandler        0x00e559   0x1d  Code  Gb  stm8l15x_it.o [1]
EXTI1_IRQHandler        0x00e4a5   0x1e  Code  Gb  stm8l15x_it.o [1]
EXTI2_IRQHandler        0x00c988   0xc3  Code  Gb  stm8l15x_it.o [1]
EXTI3_IRQHandler        0x00e230   0x23  Code  Gb  stm8l15x_it.o [1]
EXTI4_IRQHandler        0x00e253   0x23  Code  Gb  stm8l15x_it.o [1]
EXTI5_IRQHandler        0x00e276   0x23  Code  Gb  stm8l15x_it.o [1]
EXTI6_IRQHandler        0x00e4c3   0x1e  Code  Gb  stm8l15x_it.o [1]
EXTI7_IRQHandler        0x00e4e1   0x1e  Code  Gb  stm8l15x_it.o [1]
EXTIB_G_IRQHandler      0x00e957    0x1  Code  Gb  stm8l15x_it.o [1]
EXTID_H_IRQHandler      0x00e958    0x1  Code  Gb  stm8l15x_it.o [1]
EXTIE_F_PVD_IRQHandler  0x00e956    0x1  Code  Gb  stm8l15x_it.o [1]
EXTI_ClearITPendingBit  0x00e6d6   0x16  Code  Gb  stm8l15x_exti.o [1]
EXTI_SetPinSensitivity  0x00ca4b   0xbd  Code  Gb  stm8l15x_exti.o [1]
FLASH_IRQHandler        0x00e953    0x1  Code  Gb  stm8l15x_it.o [1]
FLASH_Lock              0x00e8e4    0x7  Code  Gb  stm8l15x_flash.o [1]
FLASH_ProgramByte       0x00e932    0x4  Code  Gb  stm8l15x_flash.o [1]
FLASH_Unlock            0x00e61d   0x19  Code  Gb  stm8l15x_flash.o [1]
FLASH_WaitForLastOperation
                        0x00dec5   0x32  Code  Gb  stm8l15x_flash.o [1]
GPIO_DeInit             0x00e72d   0x15  Code  Gb  stm8l15x_gpio.o [1]
GPIO_ExternalPullUpConfig
                        0x00e742   0x15  Code  Gb  stm8l15x_gpio.o [1]
GPIO_Init               0x00d3c4   0x76  Code  Gb  stm8l15x_gpio.o [1]
GPIO_ReadInputDataBit   0x00e8f2    0x7  Code  Gb  stm8l15x_gpio.o [1]
GPIO_ResetBits          0x00e936    0x4  Code  Gb  stm8l15x_gpio.o [1]
GPIO_SetBits            0x00e8eb    0x7  Code  Gb  stm8l15x_gpio.o [1]
GetRunModePin           0x00a105   0x69  Code  Gb  board.o [1]
I2C1_SPI2_IRQHandler    0x00e962    0x1  Code  Gb  stm8l15x_it.o [1]
INTVEC$$Base            0x008000          --   Gb  - Linker created -
INTVEC$$Limit           0x008080          --   Gb  - Linker created -
IndicationRfTxFifoStatus
                        0x00e593   0x1c  Code  Gb  board.o [1]
InitRunModePin          0x00a0cd   0x38  Code  Gb  board.o [1]
IrqNestLevel            0x0006d6    0x1  Data  Lc  system.o [1]
LCD_AES_IRQHandler      0x00e959    0x1  Code  Gb  stm8l15x_it.o [1]
LoRaMacComputeMic       0x00c361   0xee  Code  Gb  LoRaMacCrypto.o [1]
LoRaMacDevNonce         0x0006c8    0x2  Data  Lc  LoRaMac.o [1]
LoRaMacDevNonceCopy     0x0006ca    0x2  Data  Lc  LoRaMac.o [1]
LoRaMacInitialization   0x00b4ce  0x1a1  Code  Gb  LoRaMac.o [1]
LoRaMacJoinComputeMic   0x00cd18   0xa6  Code  Gb  LoRaMacCrypto.o [1]
LoRaMacJoinComputeSKeys
                        0x00cb08   0xb9  Code  Gb  LoRaMacCrypto.o [1]
LoRaMacJoinDecrypt      0x00d7dc   0x5b  Code  Gb  LoRaMacCrypto.o [1]
LoRaMacOnRadioCadDone   0x00e075   0x2d  Code  Gb  LoRaMac.o [1]
LoRaMacOnRadioRxDone    0x0096af  0x3b8  Code  Lc  LoRaMac.o [1]
LoRaMacOnRadioRxError   0x00e893    0xb  Code  Lc  LoRaMac.o [1]
LoRaMacOnRadioRxTimeout
                        0x00e89e    0xb  Code  Lc  LoRaMac.o [1]
LoRaMacOnRadioTxDone    0x00d143   0x88  Code  Lc  LoRaMac.o [1]
LoRaMacOnRadioTxTimeout
                        0x00e888    0xb  Code  Lc  LoRaMac.o [1]
LoRaMacPayloadDecrypt   0x00e20d   0x23  Code  Gb  LoRaMacCrypto.o [1]
LoRaMacPayloadEncrypt   0x00be7a  0x112  Code  Gb  LoRaMacCrypto.o [1]
LoRaMacRadioEvents      0x000605   0x15  Data  Lc  LoRaMac.o [1]
LoRaMacStateCheck       0x00d5ef   0x66  Code  Gb  LoRaMac.o [1]
LowPowerModeOnCadDone   0x00df59   0x30  Code  Gb  lowpower_mode.o [1]
LowPowerModeOnRxDone    0x00cbc1   0xb0  Code  Gb  lowpower_mode.o [1]
LowPowerModeOnRxError   0x00dd0a   0x3c  Code  Gb  lowpower_mode.o [1]
LowPowerModeOnRxTimeout
                        0x00dcce   0x3c  Code  Gb  lowpower_mode.o [1]
LowPowerModeOnTxDone    0x00e346   0x20  Code  Gb  lowpower_mode.o [1]
LowPowerModeOnTxTimeout
                        0x00e366   0x20  Code  Gb  lowpower_mode.o [1]
LowPowerModeRadioEvents
                        0x00061a   0x15  Data  Lc  lowpower_mode.o [1]
LowPowerModeState       0x0006d3    0x1  Data  Gb  lowpower_mode.o [1]
MODEM                   0x00044e   0x83  Data  Lc  modem.o [1]
Mic                     0x00066e   0x10  Data  Lc  LoRaMacCrypto.o [1]
MicBlockB0              0x000010   0x10  Data  Lc  LoRaMacCrypto.o [1]
NormalModeOnRxDone      0x00cf8f   0x94  Code  Gb  normal_mode.o [1]
NormalModeOnRxError     0x00e3e6   0x20  Code  Gb  normal_mode.o [1]
NormalModeOnRxTimeout   0x00e3c6   0x20  Code  Gb  normal_mode.o [1]
NormalModeOnTxDone      0x00e386   0x20  Code  Gb  normal_mode.o [1]
NormalModeOnTxTimeout   0x00e3a6   0x20  Code  Gb  normal_mode.o [1]
NormalModeRadioEvents   0x00062f   0x15  Data  Lc  normal_mode.o [1]
NormalModeState         0x0006d4    0x1  Data  Gb  normal_mode.o [1]
PWR_UltraLowPowerCmd    0x00e856    0xd  Code  Gb  stm8l15x_pwr.o [1]
RTC_CSSLSE_IRQHandler   0x00e125   0x29  Code  Gb  stm8l15x_it.o [1]
RTC_ClearITPendingBit   0x00e8bd    0xa  Code  Gb  stm8l15x_rtc.o [1]
RTC_Config              0x009ff8   0x86  Code  Gb  board.o [1]
RTC_DeInit              0x00c61b   0xe2  Code  Gb  stm8l15x_rtc.o [1]
RTC_EnterInitMode       0x00e299   0x23  Code  Gb  stm8l15x_rtc.o [1]
RTC_ITConfig            0x00dd46   0x3c  Code  Gb  stm8l15x_rtc.o [1]
RTC_SetWakeUpCounter    0x00e757   0x15  Code  Gb  stm8l15x_rtc.o [1]
RTC_WaitForSynchro      0x00e018   0x2f  Code  Gb  stm8l15x_rtc.o [1]
RTC_WakeUpClockConfig   0x00e2bc   0x23  Code  Gb  stm8l15x_rtc.o [1]
RTC_WakeUpCmd           0x00ddf5   0x36  Code  Gb  stm8l15x_rtc.o [1]
Radio                   0x008380   0x51  Data  Gb  sx1276-board.o [1]
RadioEvents             0x0006cc    0x2  Data  Lc  sx1276.o [1]
RadioIsActive           0x0006d5    0x1  Data  Lc  sx1276-board.o [1]
RadioRegsInit           0x008403   0x30  Data  Gb  sx1276.o [1]
RadioTxBuffer           0x000579   0x3d  Data  Gb  board.o [1]
Region$$Table$$Base     0x008479          --   Gb  - Linker created -
Region$$Table$$Limit    0x00848d          --   Gb  - Linker created -
RxChainCalibration      0x008684   0xd3  Code  Lc  sx1276.o [1]
RxTimeoutSyncWord       0x0006aa    0xe  Data  Gb  sx1276.o [1]
RxTimeoutTimer          0x00069c    0xe  Data  Gb  sx1276.o [1]
RxTxBuffer              0x0005b6   0x3a  Data  Lc  sx1276.o [1]
SPI1_IRQHandler         0x00e961    0x1  Code  Gb  stm8l15x_it.o [1]
SPI_Cmd                 0x00e665    0xd  Code  Gb  stm8l15x_spi.o [1]
SPI_GetFlagStatus       0x00e76c   0x13  Code  Gb  stm8l15x_spi.o [1]
SPI_Init                0x00de2b   0x34  Code  Gb  stm8l15x_spi.o [1]
SPI_ReceiveData         0x00e677    0x5  Code  Gb  stm8l15x_spi.o [1]
SPI_SendData            0x00e672    0x5  Code  Gb  stm8l15x_spi.o [1]
SWITCH_CSS_BREAK_DAC_IRQHandler
                        0x00e95a    0x1  Code  Gb  stm8l15x_it.o [1]
SX1276                  0x000528   0x51  Data  Gb  sx1276.o [1]
SX1276AntSwDeInit       0x00e8db    0x9  Code  Gb  sx1276-board.o [1]
SX1276AntSwInit         0x00e19e    0x9  Code  Gb  sx1276-board.o [1]
SX1276CheckRfFrequency  0x00e948    0x3  Code  Gb  sx1276-board.o [1]
SX1276GetPaSelect       0x00e792   0x13  Code  Lc  sx1276-board.o [1]
SX1276GetStatus         0x0087ed    0x4  Code  Gb  sx1276.o [1]
SX1276Init              0x008757   0x96  Code  Gb  sx1276.o [1]
SX1276IoInit            0x00e603   0x1a  Code  Gb  sx1276-board.o [1]
SX1276IoIrqInit         0x00cdbe   0x9d  Code  Gb  sx1276-board.o [1]
SX1276IsChannelFree     0x0087f1   0x6e  Code  Gb  sx1276.o [1]
SX1276OnDio0Irq         0x00af77  0x1d2  Code  Gb  sx1276.o [1]
SX1276OnDio1Irq         0x00da67   0x49  Code  Gb  sx1276.o [1]
SX1276OnDio2Irq         0x00cef6   0x99  Code  Gb  sx1276.o [1]
SX1276OnDio3Irq         0x009087   0x78  Code  Gb  sx1276.o [1]
SX1276OnTimeoutIrq      0x00d0b7   0x8c  Code  Gb  sx1276.o [1]
SX1276Random            0x00885f   0x6f  Code  Gb  sx1276.o [1]
SX1276Read              0x00857a   0x11  Code  Gb  sx1276.o [1]
SX1276ReadBuffer        0x008525   0x55  Code  Gb  sx1276.o [1]
SX1276ReadFifo          0x009224    0x7  Code  Gb  sx1276.o [1]
SX1276ReadRssi          0x0091db   0x49  Code  Gb  sx1276.o [1]
SX1276Reset             0x00e047   0x2e  Code  Gb  sx1276-board.o [1]
SX1276Send              0x008d79   0xa0  Code  Gb  sx1276.o [1]
SX1276SetAntSw          0x00e6ec   0x16  Code  Gb  sx1276-board.o [1]
SX1276SetAntSwLowPower  0x00e1a7   0x1e  Code  Gb  sx1276-board.o [1]
SX1276SetBoardTcxo      0x00e963    0x1  Code  Lc  sx1276-board.o [1]
SX1276SetChannel        0x008646   0x3e  Code  Gb  sx1276.o [1]
SX1276SetModem          0x0085d1   0x75  Code  Gb  sx1276.o [1]
SX1276SetOpMode         0x00858b   0x2e  Code  Gb  sx1276.o [1]
SX1276SetPublicNetwork  0x00e0fb   0x2a  Code  Gb  sx1276.o [1]
SX1276SetRfTxPower      0x00c6fd   0xe2  Code  Gb  sx1276-board.o [1]
SX1276SetRx             0x008e19  0x26e  Code  Gb  sx1276.o [1]
SX1276SetRxConfig       0x0088ce  0x249  Code  Gb  sx1276.o [1]
SX1276SetSleep          0x0085b9   0x18  Code  Gb  sx1276.o [1]
SX1276SetStby           0x008d60   0x19  Code  Gb  sx1276.o [1]
SX1276SetTx             0x008cfd   0x5c  Code  Gb  sx1276.o [1]
SX1276SetTxConfig       0x008b17  0x1e6  Code  Gb  sx1276.o [1]
SX1276SetTxContinuousWave
                        0x00913c   0x9f  Code  Gb  sx1276.o [1]
SX1276StartCad          0x0090ff   0x3d  Code  Gb  sx1276.o [1]
SX1276Write             0x008517    0xe  Code  Gb  sx1276.o [1]
SX1276WriteBuffer       0x0084ca   0x4d  Code  Gb  sx1276.o [1]
SX1276WriteFifo         0x008d59    0x7  Code  Gb  sx1276.o [1]
SYSDivFactor            0x0084be    0x5  Data  Gb  stm8l15x_clk.o [1]
SendJoinRequest         0x00b80e  0x188  Code  Gb  LoRaMac.o [1]
SetRxCfg                0x00bd61  0x119  Code  Lc  lowpower_mode.o [1]
SetRxCfg                0x00d77c   0x60  Code  Lc  wakeup_mode.o [1]
SetTxCfg                0x00d71b   0x61  Code  Lc  lowpower_mode.o [1]
SetTxCfg                0x00c8ba   0xce  Code  Lc  wakeup_mode.o [1]
SpiInOut                0x00dc0e   0x42  Code  Gb  spi-board.o [1]
SpiInit                 0x00da1e   0x49  Code  Gb  spi-board.o [1]
SysTick_Handler         0x00a37b   0x2b  Code  Gb  timer.o [1]
TIM1_CC_IRQHandler      0x00e960    0x1  Code  Gb  stm8l15x_it.o [1]
TIM1_UPD_OVF_TRG_COM_IRQHandler
                        0x00e95f    0x1  Code  Gb  stm8l15x_it.o [1]
TIM2_CC_USART2_RX_IRQHandler
                        0x00e95c    0x1  Code  Gb  stm8l15x_it.o [1]
TIM2_ClearITPendingBit  0x00e90d    0x5  Code  Gb  stm8l15x_tim2.o [1]
TIM2_UPD_OVF_TRG_BRK_USART2_TX_IRQHandler
                        0x00e576   0x1d  Code  Gb  stm8l15x_it.o [1]
TIM3_CC_USART3_RX_IRQHandler
                        0x00e95e    0x1  Code  Gb  stm8l15x_it.o [1]
TIM3_UPD_OVF_TRG_BRK_USART3_TX_IRQHandler
                        0x00e95d    0x1  Code  Gb  stm8l15x_it.o [1]
TIM4_ClearFlag          0x00e912    0x5  Code  Gb  stm8l15x_tim4.o [1]
TIM4_ClearITPendingBit  0x00e917    0x5  Code  Gb  stm8l15x_tim4.o [1]
TIM4_Cmd                0x00e863    0xd  Code  Gb  stm8l15x_tim4.o [1]
TIM4_Config             0x00a07e   0x4f  Code  Gb  board.o [1]
TIM4_ITConfig           0x00e77f   0x13  Code  Gb  stm8l15x_tim4.o [1]
TIM4_TimeBaseInit       0x00e7c8   0x11  Code  Gb  stm8l15x_tim4.o [1]
TIM4_UPD_OVF_TRG_IRQHandler
                        0x00e325   0x21  Code  Gb  stm8l15x_it.o [1]
TRAP_IRQHandler         0x00e952    0x1  Code  Gb  stm8l15x_it.o [1]
TestModeOnRadioTxTimeout
                        0x00d51d   0x6a  Code  Gb  test_mode.o [1]
TestModeRadioEvents     0x000644   0x15  Data  Lc  test_mode.o [1]
TestModeState           0x0006d7    0x1  Data  Lc  test_mode.o [1]
TimerExists             0x00e5e7   0x1c  Code  Lc  timer.o [1]
TimerGetCurrentTime     0x00e8f9    0x7  Code  Gb  timer.o [1]
TimerGetElapsedTime     0x00a285   0x3c  Code  Gb  timer.o [1]
TimerGetValue           0x00a2c1    0xb  Code  Gb  timer.o [1]
TimerInit               0x00a3a6   0x34  Code  Gb  timer.o [1]
TimerInsertNewHeadTimer
                        0x00a4ad   0x33  Code  Lc  timer.o [1]
TimerInsertTimer        0x00a3da   0xd3  Code  Lc  timer.o [1]
TimerIrqHandler         0x00a2cc   0xaf  Code  Gb  timer.o [1]
TimerListHead           0x0006d0    0x2  Data  Lc  timer.o [1]
TimerSetTimeout         0x00a26f   0x16  Code  Lc  timer.o [1]
TimerSetValue           0x00e2df   0x23  Code  Gb  timer.o [1]
TimerStart              0x00ce5b   0x9b  Code  Gb  timer.o [1]
TimerStop               0x00c44f   0xe8  Code  Gb  timer.o [1]
TxTimeoutTimer          0x00068e    0xe  Data  Gb  sx1276.o [1]
USART1_RX_TIM5_CC_IRQHandler
                        0x00df89   0x30  Code  Gb  stm8l15x_it.o [1]
USART1_TX_TIM5_UPD_OVF_TRG_BRK_IRQHandler
                        0x00d6b8   0x63  Code  Gb  stm8l15x_it.o [1]
USART_ClearFlag         0x00e91c    0x5  Code  Gb  stm8l15x_usart.o [1]
USART_ClearITPendingBit
                        0x00e921    0x5  Code  Gb  stm8l15x_usart.o [1]
USART_Cmd               0x00e7e9   0x10  Code  Gb  stm8l15x_usart.o [1]
USART_DeInit            0x00dfb9   0x30  Code  Gb  stm8l15x_usart.o [1]
USART_GetFlagStatus     0x00e4ff   0x1e  Code  Gb  stm8l15x_usart.o [1]
USART_ITConfig          0x00d4ae   0x6f  Code  Gb  stm8l15x_usart.o [1]
USART_Init              0x00d1cb   0x86  Code  Gb  stm8l15x_usart.o [1]
USART_ReceiveData8      0x00e942    0x3  Code  Gb  stm8l15x_usart.o [1]
USART_SendData8         0x00e945    0x3  Code  Gb  stm8l15x_usart.o [1]
WWDG_Config             0x00e951    0x1  Code  Lc  board.o [1]
WakeUpModeOnRxDone      0x00d023   0x94  Code  Gb  wakeup_mode.o [1]
WakeUpModeOnRxError     0x00e466   0x20  Code  Gb  wakeup_mode.o [1]
WakeUpModeOnRxTimeout   0x00e446   0x20  Code  Gb  wakeup_mode.o [1]
WakeUpModeOnTxDone      0x00e406   0x20  Code  Gb  wakeup_mode.o [1]
WakeUpModeOnTxTimeout   0x00e426   0x20  Code  Gb  wakeup_mode.o [1]
WakeUpModeRadioEvents   0x000659   0x15  Data  Lc  wakeup_mode.o [1]
WakeUpModeState         0x0006d8    0x1  Data  Gb  wakeup_mode.o [1]
__DebugBreak            0x00e964    0x1  Code  Gb  __dbg_break.o [3]
__eeprom_write_16       0x00db3f   0x46  Code  Gb  eeprom.o [1]
__eeprom_write_32       0x00d2d7   0x77  Code  Gb  eeprom.o [1]
__eeprom_write_8        0x00def7   0x31  Code  Gb  eeprom.o [1]
__exit                  0x00e702   0x16  Code  Gb  __dbg_xxexit.o [3]
__iar_copy_init2        0x00e176         Code  Gb  init_small.o [4]
__iar_data_init2        0x00e51d   0x1e  Code  Gb  init.o [4]
__iar_program_start     0x00e67c         Code  Gb  cstartup.o [4]
__iar_unhandled_exception
                        0x00e94e         Code  Gb  unhandled_exception.o [4]
__iar_zero_init2        0x00e53b         Code  Gb  init_small.o [4]
__intvec                0x008000         Data  Gb  interrupt.o [4]
__low_level_init        0x00e94b    0x3  Code  Gb  low_level_init.o [4]
_exit                   0x00e907         Code  Gb  cexit.o [4]
_interrupt_1            0x00e952         Code  Gb  stm8l15x_it.o [1]
_interrupt_10           0x00e559         Code  Gb  stm8l15x_it.o [1]
_interrupt_11           0x00e4a5         Code  Gb  stm8l15x_it.o [1]
_interrupt_12           0x00c988         Code  Gb  stm8l15x_it.o [1]
_interrupt_13           0x00e230         Code  Gb  stm8l15x_it.o [1]
_interrupt_14           0x00e253         Code  Gb  stm8l15x_it.o [1]
_interrupt_15           0x00e276         Code  Gb  stm8l15x_it.o [1]
_interrupt_16           0x00e4c3         Code  Gb  stm8l15x_it.o [1]
_interrupt_17           0x00e4e1         Code  Gb  stm8l15x_it.o [1]
_interrupt_18           0x00e959         Code  Gb  stm8l15x_it.o [1]
_interrupt_19           0x00e95a         Code  Gb  stm8l15x_it.o [1]
_interrupt_20           0x00e95b         Code  Gb  stm8l15x_it.o [1]
_interrupt_21           0x00e576         Code  Gb  stm8l15x_it.o [1]
_interrupt_22           0x00e95c         Code  Gb  stm8l15x_it.o [1]
_interrupt_23           0x00e95d         Code  Gb  stm8l15x_it.o [1]
_interrupt_24           0x00e95e         Code  Gb  stm8l15x_it.o [1]
_interrupt_25           0x00e95f         Code  Gb  stm8l15x_it.o [1]
_interrupt_26           0x00e960         Code  Gb  stm8l15x_it.o [1]
_interrupt_27           0x00e325         Code  Gb  stm8l15x_it.o [1]
_interrupt_28           0x00e961         Code  Gb  stm8l15x_it.o [1]
_interrupt_29           0x00d6b8         Code  Gb  stm8l15x_it.o [1]
_interrupt_3            0x00e953         Code  Gb  stm8l15x_it.o [1]
_interrupt_30           0x00df89         Code  Gb  stm8l15x_it.o [1]
_interrupt_31           0x00e962         Code  Gb  stm8l15x_it.o [1]
_interrupt_4            0x00e954         Code  Gb  stm8l15x_it.o [1]
_interrupt_5            0x00e955         Code  Gb  stm8l15x_it.o [1]
_interrupt_6            0x00e125         Code  Gb  stm8l15x_it.o [1]
_interrupt_7            0x00e956         Code  Gb  stm8l15x_it.o [1]
_interrupt_8            0x00e957         Code  Gb  stm8l15x_it.o [1]
_interrupt_9            0x00e958         Code  Gb  stm8l15x_it.o [1]
aBlock                  0x000020   0x10  Data  Lc  LoRaMacCrypto.o [1]
aLarmTimerTime          0x00003a    0x4  Data  Gb  timer.o [1]
add_round_key           0x00ad77    0x4  Code  Lc  aes.o [1]
aes_encrypt             0x00d34e   0x76  Code  Gb  aes.o [1]
aes_set_key             0x00bc3d  0x124  Code  Gb  aes.o [1]
cfg_parm_dump_to_ram    0x00c7df   0xdb  Code  Gb  cfg_parm.o [1]
cfg_parm_factory_reset  0x00bf8c   0xfe  Code  Gb  cfg_parm.o [1]
cfg_parm_get_air_bandwith
                        0x00e7d9   0x10  Code  Gb  cfg_parm.o [1]
cfg_parm_get_air_baud   0x00d43a   0x74  Code  Gb  cfg_parm.o [1]
cfg_parm_get_air_sf     0x00dc50   0x3f  Code  Gb  cfg_parm.o [1]
cfg_parm_get_tx_power   0x00e5af   0x1c  Code  Gb  cfg_parm.o [1]
cfg_parm_get_uart_baud  0x00d587   0x68  Code  Gb  cfg_parm.o [1]
cfg_parm_get_uart_parity
                        0x00e64e   0x17  Code  Gb  cfg_parm.o [1]
cfg_parm_get_wakeup_time
                        0x00dc8f   0x3f  Code  Gb  cfg_parm.o [1]
cfg_parm_restore        0x00c08a   0xf6  Code  Gb  cfg_parm.o [1]
config_mode_routin      0x009a67  0x2e6  Code  Gb  config_mode.o [1]
copy_and_key            0x00ac75  0x102  Code  Lc  aes.o [1]
copy_block              0x00cc71   0xa7  Code  Lc  aes.o [1]
copy_block_nn           0x00e6aa   0x16  Code  Lc  aes.o [1]
cpystr                  0x00e718   0x15  Code  Gb  hex.o [1]
crc8                    0x00e14e   0x28  Code  Gb  crc8.o [1]
crc8_table              0x000157  0x100  Data  Gb  crc8.o [1]
delay_10us              0x00d93a   0x51  Code  Gb  delay.o [1]
evnames                 0x000030    0xa  Data  Lc  modem.o [1]
exit                    0x00e93e    0x4  Code  Gb  exit.o [4]
frame_init              0x00e1ea   0x23  Code  Gb  frame.o [1]
frame_rx                0x00c273   0xee  Code  Gb  frame.o [1]
gfm2_sbox               0x008180  0x100  Data  Lc  aes.o [1]
gfm3_sbox               0x008280  0x100  Data  Lc  aes.o [1]
init_crc8               0x00dbcb   0x43  Code  Gb  crc8.o [1]
lowpower_mode_routin    0x00b996  0x175  Code  Gb  lowpower_mode.o [1]
main                    0x00dab0   0x48  Code  Gb  main.o [1]
memcpy1                 0x00e302   0x23  Code  Gb  utilities.o [1]
memcpyr                 0x00e0cf   0x2c  Code  Gb  utilities.o [1]
memset                  0x00e693   0x17  Code  Gb  memset.o [4]
memset1                 0x00e636   0x18  Code  Gb  utilities.o [1]
mix_sub_columns         0x00a4e0  0x25a  Code  Lc  aes.o [1]
modem_init              0x00e5cb   0x1c  Code  Gb  modem.o [1]
modem_rxdone            0x00bb0b  0x132  Code  Gb  modem.o [1]
next                    0x00003e    0x4  Data  Lc  utilities.o [1]
normal_mode_routin      0x009d4d  0x2aa  Code  Gb  normal_mode.o [1]
onEvent                 0x00d9d5   0x49  Code  Gb  modem.o [1]
putchar                 0x00dfe9   0x2f  Code  Gb  comport.o [1]
rand1                   0x00de5f   0x34  Code  Gb  utilities.o [1]
ring_buffer_dequeue     0x00e486   0x1f  Code  Gb  ring_buf.o [1]
ring_buffer_dequeue_arr
                        0x00dd82   0x3a  Code  Gb  ring_buf.o [1]
ring_buffer_init        0x00e6c0   0x16  Code  Gb  ring_buf.o [1]
ring_buffer_is_empty    0x00e870    0xc  Code  Gb  ring_buf.o [1]
ring_buffer_queue_arr   0x00df28   0x31  Code  Gb  ring_buf.o [1]
ringbuf_elements        0x00e1c5   0x25  Code  Gb  ring_buf.o [1]
ringbuf_get             0x00daf8   0x47  Code  Gb  ring_buf.o [1]
ringbuf_put             0x00d8e5   0x55  Code  Gb  ring_buf.o [1]
rxframe                 0x0006b8    0x8  Data  Gb  frame.o [1]
sBlock                  0x00067e   0x10  Data  Lc  LoRaMacCrypto.o [1]
sTartAlarmTimerTime     0x0006c4    0x4  Data  Gb  timer.o [1]
sbox                    0x008080  0x100  Data  Lc  aes.o [1]
shift_sub_rows          0x00c180   0xf3  Code  Lc  aes.o [1]
srand1                  0x00e900    0x7  Code  Gb  utilities.o [1]
stManufactureParm       0x001057   0x14  Data  Gb  manufacture_parm.o [1]
stNvCfgParm             0x001000   0x57  Data  Gb  cfg_parm.o [1]
stTmpCfgParm            0x0004d1   0x57  Data  Gb  cfg_parm.o [1]
strlen                  0x00e7a5   0x12  Code  Gb  strlen.o [4]
systick                 0x0006c0    0x4  Data  Gb  timer.o [1]
test_mode_routin        0x00d251   0x86  Code  Gb  test_mode.o [1]
tolower                 0x00e7b7   0x11  Code  Gb  hex.o [1]
uart_rx_ring_buf        0x000348   0x83  Data  Gb  comport.o [1]
uart_tx_ring_buf        0x0003cb   0x83  Data  Gb  comport.o [1]
wakeup_mode_routin      0x00a959  0x212  Code  Gb  wakeup_mode.o [1]
xor_block               0x00ab6b  0x10a  Code  Lc  aes.o [1]


[1] = D:\stm8lora\src\stm8l15x-sx1278\STM8L15x-16x-05x-AL31-L_StdPeriph_Lib\Project\STM8L151G6U6_Sx1278\EWSTM8\STM8L15X_MD(STM8L15xx4_6)\Obj
[2] = command line
[3] = dbgstm8mmd.a
[4] = dlstm8mmf.a

  25 755 bytes of readonly  code memory
   1 226 bytes of readonly  data memory
   1 988 bytes of readwrite data memory

Errors: none
Warnings: none
