###############################################################################
#
# IAR ELF Linker V2.20.1.176 for STM8                     10/Jan/2019  21:10:05
# Copyright 2010-2015 IAR Systems AB.
#
#    Output file  =  
#        D:\stm8lora\src\stm8l15x-sx1278\STM8L15x-16x-05x-AL31-L_StdPeriph_Lib\Project\STM8L151G6U6_Sx1278\EWSTM8\STM8L15X_MD(STM8L15xx4_6)\Exe\project.out
#    Map file     =  
#        D:\stm8lora\src\stm8l15x-sx1278\STM8L15x-16x-05x-AL31-L_StdPeriph_Lib\Project\STM8L151G6U6_Sx1278\EWSTM8\STM8L15X_MD(STM8L15xx4_6)\List\project.map
#    Command line =  
#        "D:\stm8lora\src\stm8l15x-sx1278\STM8L15x-16x-05x-AL31-L_StdPeriph_Lib\Project\STM8L151G6U6_Sx1278\EWSTM8\STM8L15X_MD(STM8L15xx4_6)\Obj\aes.o"
#        "D:\stm8lora\src\stm8l15x-sx1278\STM8L15x-16x-05x-AL31-L_StdPeriph_Lib\Project\STM8L151G6U6_Sx1278\EWSTM8\STM8L15X_MD(STM8L15xx4_6)\Obj\board.o"
#        "D:\stm8lora\src\stm8l15x-sx1278\STM8L15x-16x-05x-AL31-L_StdPeriph_Lib\Project\STM8L151G6U6_Sx1278\EWSTM8\STM8L15X_MD(STM8L15xx4_6)\Obj\cfg_parm.o"
#        "D:\stm8lora\src\stm8l15x-sx1278\STM8L15x-16x-05x-AL31-L_StdPeriph_Lib\Project\STM8L151G6U6_Sx1278\EWSTM8\STM8L15X_MD(STM8L15xx4_6)\Obj\cmac.o"
#        "D:\stm8lora\src\stm8l15x-sx1278\STM8L15x-16x-05x-AL31-L_StdPeriph_Lib\Project\STM8L151G6U6_Sx1278\EWSTM8\STM8L15X_MD(STM8L15xx4_6)\Obj\comport.o"
#        "D:\stm8lora\src\stm8l15x-sx1278\STM8L15x-16x-05x-AL31-L_StdPeriph_Lib\Project\STM8L151G6U6_Sx1278\EWSTM8\STM8L15X_MD(STM8L15xx4_6)\Obj\config_mode.o"
#        "D:\stm8lora\src\stm8l15x-sx1278\STM8L15x-16x-05x-AL31-L_StdPeriph_Lib\Project\STM8L151G6U6_Sx1278\EWSTM8\STM8L15X_MD(STM8L15xx4_6)\Obj\crc8.o"
#        "D:\stm8lora\src\stm8l15x-sx1278\STM8L15x-16x-05x-AL31-L_StdPeriph_Lib\Project\STM8L151G6U6_Sx1278\EWSTM8\STM8L15X_MD(STM8L15xx4_6)\Obj\delay.o"
#        "D:\stm8lora\src\stm8l15x-sx1278\STM8L15x-16x-05x-AL31-L_StdPeriph_Lib\Project\STM8L151G6U6_Sx1278\EWSTM8\STM8L15X_MD(STM8L15xx4_6)\Obj\eeprom.o"
#        "D:\stm8lora\src\stm8l15x-sx1278\STM8L15x-16x-05x-AL31-L_StdPeriph_Lib\Project\STM8L151G6U6_Sx1278\EWSTM8\STM8L15X_MD(STM8L15xx4_6)\Obj\frame.o"
#        "D:\stm8lora\src\stm8l15x-sx1278\STM8L15x-16x-05x-AL31-L_StdPeriph_Lib\Project\STM8L151G6U6_Sx1278\EWSTM8\STM8L15X_MD(STM8L15xx4_6)\Obj\hex.o"
#        "D:\stm8lora\src\stm8l15x-sx1278\STM8L15x-16x-05x-AL31-L_StdPeriph_Lib\Project\STM8L151G6U6_Sx1278\EWSTM8\STM8L15X_MD(STM8L15xx4_6)\Obj\LoRaMac.o"
#        "D:\stm8lora\src\stm8l15x-sx1278\STM8L15x-16x-05x-AL31-L_StdPeriph_Lib\Project\STM8L151G6U6_Sx1278\EWSTM8\STM8L15X_MD(STM8L15xx4_6)\Obj\LoRaMacCrypto.o"
#        "D:\stm8lora\src\stm8l15x-sx1278\STM8L15x-16x-05x-AL31-L_StdPeriph_Lib\Project\STM8L151G6U6_Sx1278\EWSTM8\STM8L15X_MD(STM8L15xx4_6)\Obj\lowpower_mode.o"
#        "D:\stm8lora\src\stm8l15x-sx1278\STM8L15x-16x-05x-AL31-L_StdPeriph_Lib\Project\STM8L151G6U6_Sx1278\EWSTM8\STM8L15X_MD(STM8L15xx4_6)\Obj\main.o"
#        "D:\stm8lora\src\stm8l15x-sx1278\STM8L15x-16x-05x-AL31-L_StdPeriph_Lib\Project\STM8L151G6U6_Sx1278\EWSTM8\STM8L15X_MD(STM8L15xx4_6)\Obj\manufacture_parm.o"
#        "D:\stm8lora\src\stm8l15x-sx1278\STM8L15x-16x-05x-AL31-L_StdPeriph_Lib\Project\STM8L151G6U6_Sx1278\EWSTM8\STM8L15X_MD(STM8L15xx4_6)\Obj\modem.o"
#        "D:\stm8lora\src\stm8l15x-sx1278\STM8L15x-16x-05x-AL31-L_StdPeriph_Lib\Project\STM8L151G6U6_Sx1278\EWSTM8\STM8L15X_MD(STM8L15xx4_6)\Obj\normal_mode.o"
#        "D:\stm8lora\src\stm8l15x-sx1278\STM8L15x-16x-05x-AL31-L_StdPeriph_Lib\Project\STM8L151G6U6_Sx1278\EWSTM8\STM8L15X_MD(STM8L15xx4_6)\Obj\ring_buf.o"
#        "D:\stm8lora\src\stm8l15x-sx1278\STM8L15x-16x-05x-AL31-L_StdPeriph_Lib\Project\STM8L151G6U6_Sx1278\EWSTM8\STM8L15X_MD(STM8L15xx4_6)\Obj\spi-board.o"
#        "D:\stm8lora\src\stm8l15x-sx1278\STM8L15x-16x-05x-AL31-L_StdPeriph_Lib\Project\STM8L151G6U6_Sx1278\EWSTM8\STM8L15X_MD(STM8L15xx4_6)\Obj\stm8l15x_adc.o"
#        "D:\stm8lora\src\stm8l15x-sx1278\STM8L15x-16x-05x-AL31-L_StdPeriph_Lib\Project\STM8L151G6U6_Sx1278\EWSTM8\STM8L15X_MD(STM8L15xx4_6)\Obj\stm8l15x_beep.o"
#        "D:\stm8lora\src\stm8l15x-sx1278\STM8L15x-16x-05x-AL31-L_StdPeriph_Lib\Project\STM8L151G6U6_Sx1278\EWSTM8\STM8L15X_MD(STM8L15xx4_6)\Obj\stm8l15x_clk.o"
#        "D:\stm8lora\src\stm8l15x-sx1278\STM8L15x-16x-05x-AL31-L_StdPeriph_Lib\Project\STM8L151G6U6_Sx1278\EWSTM8\STM8L15X_MD(STM8L15xx4_6)\Obj\stm8l15x_comp.o"
#        "D:\stm8lora\src\stm8l15x-sx1278\STM8L15x-16x-05x-AL31-L_StdPeriph_Lib\Project\STM8L151G6U6_Sx1278\EWSTM8\STM8L15X_MD(STM8L15xx4_6)\Obj\stm8l15x_dac.o"
#        "D:\stm8lora\src\stm8l15x-sx1278\STM8L15x-16x-05x-AL31-L_StdPeriph_Lib\Project\STM8L151G6U6_Sx1278\EWSTM8\STM8L15X_MD(STM8L15xx4_6)\Obj\stm8l15x_dma.o"
#        "D:\stm8lora\src\stm8l15x-sx1278\STM8L15x-16x-05x-AL31-L_StdPeriph_Lib\Project\STM8L151G6U6_Sx1278\EWSTM8\STM8L15X_MD(STM8L15xx4_6)\Obj\stm8l15x_exti.o"
#        "D:\stm8lora\src\stm8l15x-sx1278\STM8L15x-16x-05x-AL31-L_StdPeriph_Lib\Project\STM8L151G6U6_Sx1278\EWSTM8\STM8L15X_MD(STM8L15xx4_6)\Obj\stm8l15x_flash.o"
#        "D:\stm8lora\src\stm8l15x-sx1278\STM8L15x-16x-05x-AL31-L_StdPeriph_Lib\Project\STM8L151G6U6_Sx1278\EWSTM8\STM8L15X_MD(STM8L15xx4_6)\Obj\stm8l15x_gpio.o"
#        "D:\stm8lora\src\stm8l15x-sx1278\STM8L15x-16x-05x-AL31-L_StdPeriph_Lib\Project\STM8L151G6U6_Sx1278\EWSTM8\STM8L15X_MD(STM8L15xx4_6)\Obj\stm8l15x_i2c.o"
#        "D:\stm8lora\src\stm8l15x-sx1278\STM8L15x-16x-05x-AL31-L_StdPeriph_Lib\Project\STM8L151G6U6_Sx1278\EWSTM8\STM8L15X_MD(STM8L15xx4_6)\Obj\stm8l15x_irtim.o"
#        "D:\stm8lora\src\stm8l15x-sx1278\STM8L15x-16x-05x-AL31-L_StdPeriph_Lib\Project\STM8L151G6U6_Sx1278\EWSTM8\STM8L15X_MD(STM8L15xx4_6)\Obj\stm8l15x_it.o"
#        "D:\stm8lora\src\stm8l15x-sx1278\STM8L15x-16x-05x-AL31-L_StdPeriph_Lib\Project\STM8L151G6U6_Sx1278\EWSTM8\STM8L15X_MD(STM8L15xx4_6)\Obj\stm8l15x_itc.o"
#        "D:\stm8lora\src\stm8l15x-sx1278\STM8L15x-16x-05x-AL31-L_StdPeriph_Lib\Project\STM8L151G6U6_Sx1278\EWSTM8\STM8L15X_MD(STM8L15xx4_6)\Obj\stm8l15x_iwdg.o"
#        "D:\stm8lora\src\stm8l15x-sx1278\STM8L15x-16x-05x-AL31-L_StdPeriph_Lib\Project\STM8L151G6U6_Sx1278\EWSTM8\STM8L15X_MD(STM8L15xx4_6)\Obj\stm8l15x_lcd.o"
#        "D:\stm8lora\src\stm8l15x-sx1278\STM8L15x-16x-05x-AL31-L_StdPeriph_Lib\Project\STM8L151G6U6_Sx1278\EWSTM8\STM8L15X_MD(STM8L15xx4_6)\Obj\stm8l15x_pwr.o"
#        "D:\stm8lora\src\stm8l15x-sx1278\STM8L15x-16x-05x-AL31-L_StdPeriph_Lib\Project\STM8L151G6U6_Sx1278\EWSTM8\STM8L15X_MD(STM8L15xx4_6)\Obj\stm8l15x_rst.o"
#        "D:\stm8lora\src\stm8l15x-sx1278\STM8L15x-16x-05x-AL31-L_StdPeriph_Lib\Project\STM8L151G6U6_Sx1278\EWSTM8\STM8L15X_MD(STM8L15xx4_6)\Obj\stm8l15x_rtc.o"
#        "D:\stm8lora\src\stm8l15x-sx1278\STM8L15x-16x-05x-AL31-L_StdPeriph_Lib\Project\STM8L151G6U6_Sx1278\EWSTM8\STM8L15X_MD(STM8L15xx4_6)\Obj\stm8l15x_spi.o"
#        "D:\stm8lora\src\stm8l15x-sx1278\STM8L15x-16x-05x-AL31-L_StdPeriph_Lib\Project\STM8L151G6U6_Sx1278\EWSTM8\STM8L15X_MD(STM8L15xx4_6)\Obj\stm8l15x_syscfg.o"
#        "D:\stm8lora\src\stm8l15x-sx1278\STM8L15x-16x-05x-AL31-L_StdPeriph_Lib\Project\STM8L151G6U6_Sx1278\EWSTM8\STM8L15X_MD(STM8L15xx4_6)\Obj\stm8l15x_tim1.o"
#        "D:\stm8lora\src\stm8l15x-sx1278\STM8L15x-16x-05x-AL31-L_StdPeriph_Lib\Project\STM8L151G6U6_Sx1278\EWSTM8\STM8L15X_MD(STM8L15xx4_6)\Obj\stm8l15x_tim2.o"
#        "D:\stm8lora\src\stm8l15x-sx1278\STM8L15x-16x-05x-AL31-L_StdPeriph_Lib\Project\STM8L151G6U6_Sx1278\EWSTM8\STM8L15X_MD(STM8L15xx4_6)\Obj\stm8l15x_tim3.o"
#        "D:\stm8lora\src\stm8l15x-sx1278\STM8L15x-16x-05x-AL31-L_StdPeriph_Lib\Project\STM8L151G6U6_Sx1278\EWSTM8\STM8L15X_MD(STM8L15xx4_6)\Obj\stm8l15x_tim4.o"
#        "D:\stm8lora\src\stm8l15x-sx1278\STM8L15x-16x-05x-AL31-L_StdPeriph_Lib\Project\STM8L151G6U6_Sx1278\EWSTM8\STM8L15X_MD(STM8L15xx4_6)\Obj\stm8l15x_tim5.o"
#        "D:\stm8lora\src\stm8l15x-sx1278\STM8L15x-16x-05x-AL31-L_StdPeriph_Lib\Project\STM8L151G6U6_Sx1278\EWSTM8\STM8L15X_MD(STM8L15xx4_6)\Obj\stm8l15x_usart.o"
#        "D:\stm8lora\src\stm8l15x-sx1278\STM8L15x-16x-05x-AL31-L_StdPeriph_Lib\Project\STM8L151G6U6_Sx1278\EWSTM8\STM8L15X_MD(STM8L15xx4_6)\Obj\stm8l15x_wfe.o"
#        "D:\stm8lora\src\stm8l15x-sx1278\STM8L15x-16x-05x-AL31-L_StdPeriph_Lib\Project\STM8L151G6U6_Sx1278\EWSTM8\STM8L15X_MD(STM8L15xx4_6)\Obj\stm8l15x_wwdg.o"
#        "D:\stm8lora\src\stm8l15x-sx1278\STM8L15x-16x-05x-AL31-L_StdPeriph_Lib\Project\STM8L151G6U6_Sx1278\EWSTM8\STM8L15X_MD(STM8L15xx4_6)\Obj\sx1276-board.o"
#        "D:\stm8lora\src\stm8l15x-sx1278\STM8L15x-16x-05x-AL31-L_StdPeriph_Lib\Project\STM8L151G6U6_Sx1278\EWSTM8\STM8L15X_MD(STM8L15xx4_6)\Obj\sx1276.o"
#        "D:\stm8lora\src\stm8l15x-sx1278\STM8L15x-16x-05x-AL31-L_StdPeriph_Lib\Project\STM8L151G6U6_Sx1278\EWSTM8\STM8L15X_MD(STM8L15xx4_6)\Obj\system.o"
#        "D:\stm8lora\src\stm8l15x-sx1278\STM8L15x-16x-05x-AL31-L_StdPeriph_Lib\Project\STM8L151G6U6_Sx1278\EWSTM8\STM8L15X_MD(STM8L15xx4_6)\Obj\test_mode.o"
#        "D:\stm8lora\src\stm8l15x-sx1278\STM8L15x-16x-05x-AL31-L_StdPeriph_Lib\Project\STM8L151G6U6_Sx1278\EWSTM8\STM8L15X_MD(STM8L15xx4_6)\Obj\timer.o"
#        "D:\stm8lora\src\stm8l15x-sx1278\STM8L15x-16x-05x-AL31-L_StdPeriph_Lib\Project\STM8L151G6U6_Sx1278\EWSTM8\STM8L15X_MD(STM8L15xx4_6)\Obj\utilities.o"
#        "D:\stm8lora\src\stm8l15x-sx1278\STM8L15x-16x-05x-AL31-L_StdPeriph_Lib\Project\STM8L151G6U6_Sx1278\EWSTM8\STM8L15X_MD(STM8L15xx4_6)\Obj\wakeup_mode.o"
#        --redirect _Printf=_PrintfFullNoMb --redirect _Scanf=_ScanfFullNoMb -o
#        "D:\stm8lora\src\stm8l15x-sx1278\STM8L15x-16x-05x-AL31-L_StdPeriph_Lib\Project\STM8L151G6U6_Sx1278\EWSTM8\STM8L15X_MD(STM8L15xx4_6)\Exe\project.out"
#        --map
#        "D:\stm8lora\src\stm8l15x-sx1278\STM8L15x-16x-05x-AL31-L_StdPeriph_Lib\Project\STM8L151G6U6_Sx1278\EWSTM8\STM8L15X_MD(STM8L15xx4_6)\List\project.map"
#        --config "C:\Program Files (x86)\IAR Systems\Embedded Workbench
#        7.3\stm8\config\lnkstm8l151g6.icf" --config_def _CSTACK_SIZE=0x80
#        --config_def _HEAP_SIZE=0x00 --entry __iar_program_start --debug_lib
#
###############################################################################

*******************************************************************************
*** RUNTIME MODEL ATTRIBUTES
***

__Heap_Handler             = Basic
__SystemLibrary            = DLib
__code_model               = medium_or_large
__core                     = stm8
__data_model               = medium
__dlib_file_descriptor     = 1
__dlib_full_locale_support = 1
__rt_version               = 4


*******************************************************************************
*** PLACEMENT SUMMARY
***

"A1":  place at start of [0x000000-0x0000ff] { rw section .vregs };
"A2":  place at end of [0x000000-0x0007ff] { block CSTACK };
"P2":  place in [from 0x000000 to 0x0007ff] {
          block HEAP, rw section __DLIB_PERTHREAD, rw section .far.bss,
          rw section .far.data, rw section .far.noinit,
          rw section .far_func.textrw, rw section .huge.bss,
          rw section .huge.data, rw section .huge.noinit,
          rw section .huge_func.textrw, rw section .iar.dynexit,
          rw section .near.bss, rw section .near.data, rw section .near.noinit,
          rw section .near_func.textrw };
"A3":  place at start of [0x008000-0x00ffff] { block INTVEC };
"P3":  place in [from 0x008000 to 0x00ffff] {
          ro section __DLIB_PERTHREAD_init, ro section .far.data_init,
          ro section .far_func.textrw_init, ro section .huge.data_init,
          ro section .huge_func.textrw_init, ro section .iar.init_table,
          ro section .init_array, ro section .near.data_init,
          ro section .near.rodata, ro section .near_func.text,
          ro section .near_func.textrw_init, ro section .tiny.data_init,
          ro section .tiny.rodata_init };
"P4":  place in [from 0x008000 to 0x00ffff] {
          ro section .far.rodata, ro section .far_func.text };
"P7":  place in [from 0x001000 to 0x0013ff] { section .eeprom.data };

  Section            Kind      Address    Size  Object
  -------            ----      -------    ----  ------
"A1":                                     0x10
  .vregs             uninit   0x000000    0x10  vregs.o [4]
                            - 0x000010    0x10

"P2", part 1 of 2:                        0x32
  P2-1                        0x000010    0x32  <Init block>
    .near.data       inited   0x000010    0x10  LoRaMacCrypto.o [1]
    .near.data       inited   0x000020    0x10  LoRaMacCrypto.o [1]
    .near.data       inited   0x000030     0xa  modem.o [1]
    .near.data       inited   0x00003a     0x4  timer.o [1]
    .near.data       inited   0x00003e     0x4  utilities.o [1]
                            - 0x000042    0x32

"P2", part 2 of 2:                       0x697
  .near.bss          zero     0x000042   0x115  LoRaMacCrypto.o [1]
  .near.bss          zero     0x000157   0x100  crc8.o [1]
  .near.bss          zero     0x000257    0xf1  LoRaMacCrypto.o [1]
  .near.bss          zero     0x000348    0x83  comport.o [1]
  .near.bss          zero     0x0003cb    0x83  comport.o [1]
  .near.bss          zero     0x00044e    0x83  modem.o [1]
  .near.bss          zero     0x0004d1    0x57  cfg_parm.o [1]
  .near.bss          zero     0x000528    0x51  sx1276.o [1]
  .near.bss          zero     0x000579    0x3d  board.o [1]
  .near.bss          zero     0x0005b6    0x3a  sx1276.o [1]
  .near.bss          zero     0x0005f0    0x15  config_mode.o [1]
  .near.bss          zero     0x000605    0x15  LoRaMac.o [1]
  .near.bss          zero     0x00061a    0x15  lowpower_mode.o [1]
  .near.bss          zero     0x00062f    0x15  normal_mode.o [1]
  .near.bss          zero     0x000644    0x15  test_mode.o [1]
  .near.bss          zero     0x000659    0x15  wakeup_mode.o [1]
  .near.bss          zero     0x00066e    0x10  LoRaMacCrypto.o [1]
  .near.bss          zero     0x00067e    0x10  LoRaMacCrypto.o [1]
  .near.bss          zero     0x00068e     0xe  sx1276.o [1]
  .near.bss          zero     0x00069c     0xe  sx1276.o [1]
  .near.bss          zero     0x0006aa     0xe  sx1276.o [1]
  .near.bss          zero     0x0006b8     0x8  frame.o [1]
  .near.bss          zero     0x0006c0     0x4  timer.o [1]
  .near.bss          zero     0x0006c4     0x4  timer.o [1]
  .near.bss          zero     0x0006c8     0x2  LoRaMac.o [1]
  .near.bss          zero     0x0006ca     0x2  LoRaMac.o [1]
  .near.bss          zero     0x0006cc     0x2  sx1276.o [1]
  .near.bss          zero     0x0006ce     0x2  test_mode.o [1]
  .near.bss          zero     0x0006d0     0x2  timer.o [1]
  .near.bss          zero     0x0006d2     0x1  LoRaMac.o [1]
  .near.bss          zero     0x0006d3     0x1  lowpower_mode.o [1]
  .near.bss          zero     0x0006d4     0x1  normal_mode.o [1]
  .near.bss          zero     0x0006d5     0x1  sx1276-board.o [1]
  .near.bss          zero     0x0006d6     0x1  system.o [1]
  .near.bss          zero     0x0006d7     0x1  test_mode.o [1]
  .near.bss          zero     0x0006d8     0x1  wakeup_mode.o [1]
                            - 0x0006d9   0x697

"A2":                                     0x80
  CSTACK                      0x000780    0x80  <Block>
    CSTACK           uninit   0x000780    0x80  <Block tail>
                            - 0x000800    0x80

"P7":                                     0x6b
  .eeprom.data       rw data  0x001000    0x57  cfg_parm.o [1]
  .eeprom.data       rw data  0x001057    0x14  manufacture_parm.o [1]
                            - 0x00106b    0x6b

"A3":                                     0x80
  INTVEC                      0x008000    0x80  <Block>
    .intvec          const    0x008000    0x80  interrupt.o [4]
                            - 0x008080    0x80

"P3":                                    0x572
  .near.rodata       const    0x008080   0x100  aes.o [1]
  .near.rodata       const    0x008180   0x100  aes.o [1]
  .near.rodata       const    0x008280   0x100  aes.o [1]
  .near.rodata       const    0x008380   0x100  hex.o [1]
  .near.rodata       const    0x008480    0x51  sx1276-board.o [1]
  Initializer bytes  const    0x0084d1    0x32  <for P2-1>
  .near.rodata       const    0x008503    0x30  sx1276.o [1]
  .near.rodata       const    0x008533    0x23  modem.o [1]
  .near.rodata       const    0x008556    0x23  test_mode.o [1]
  .iar.init_table    const    0x008579    0x14  - Linker created -
  .near.rodata       const    0x00858d    0x11  hex.o [1]
  .near.rodata       const    0x00859e     0xe  modem.o [1]
  .near.rodata       const    0x0085ac     0xe  modem.o [1]
  .near.rodata       const    0x0085ba     0xb  modem.o [1]
  .near.rodata       const    0x0085c5     0xa  modem.o [1]
  .near.rodata       const    0x0085cf     0x9  modem.o [1]
  .near.rodata       const    0x0085d8     0x8  cfg_parm.o [1]
  .near.rodata       const    0x0085e0     0x6  modem.o [1]
  .near.rodata       const    0x0085e6     0x5  stm8l15x_clk.o [1]
  .near.rodata       const    0x0085eb     0x4  modem.o [1]
  .near.rodata       const    0x0085ef     0x3  modem.o [1]
                            - 0x0085f2   0x572

"P4":                                   0x698c
  .far_func.text     ro code  0x0085f2   0xd61  sx1276.o [1]
  .far_func.text     ro code  0x009353   0x484  float.o [4]
  .far_func.text     ro code  0x0097d7   0x3b8  LoRaMac.o [1]
  .far_func.text     ro code  0x009b8f   0x334  modem.o [1]
  .far_func.text     ro code  0x009ec3   0x2e6  config_mode.o [1]
  .far_func.text     ro code  0x00a1a9   0x2aa  normal_mode.o [1]
  .far_func.text     ro code  0x00a453   0x278  board.o [1]
  .far_func.text     ro code  0x00a6cb   0x271  timer.o [1]
  .far_func.text     ro code  0x00a93c   0x25a  aes.o [1]
  .far_func.text     ro code  0x00ab96   0x21f  cmac.o [1]
  .far_func.text     ro code  0x00adb5   0x212  wakeup_mode.o [1]
  .far_func.text     ro code  0x00afc7   0x210  aes.o [1]
  .far_func.text     ro code  0x00b1d7   0x1fc  vreg_util.o [4]
  .far_func.text     ro code  0x00b3d3   0x1d2  sx1276.o [1]
  .far_func.text     ro code  0x00b5a5   0x1cc  LoRaMac.o [1]
  .far_func.text     ro code  0x00b771   0x1c9  long.o [4]
  .far_func.text     ro code  0x00b93a   0x1bc  comport.o [1]
  .far_func.text     ro code  0x00baf6   0x1a1  LoRaMac.o [1]
  .far_func.text     ro code  0x00bc97   0x19f  cmac.o [1]
  .far_func.text     ro code  0x00be36   0x182  LoRaMac.o [1]
  .far_func.text     ro code  0x00bfb8   0x175  lowpower_mode.o [1]
  .far_func.text     ro code  0x00c12d   0x14e  cfg_parm.o [1]
  .far_func.text     ro code  0x00c27b   0x124  aes.o [1]
  .far_func.text     ro code  0x00c39f   0x119  lowpower_mode.o [1]
  .far_func.text     ro code  0x00c4b8   0x112  LoRaMacCrypto.o [1]
  .far_func.text     ro code  0x00c5ca    0xf6  cfg_parm.o [1]
  .far_func.text     ro code  0x00c6c0    0xf3  aes.o [1]
  .far_func.text     ro code  0x00c7b3    0xee  frame.o [1]
  .far_func.text     ro code  0x00c8a1    0xee  LoRaMacCrypto.o [1]
  .far_func.text     ro code  0x00c98f    0xe8  timer.o [1]
  .far_func.text     ro code  0x00ca77    0xe4  long_util.o [4]
  .far_func.text     ro code  0x00cb5b    0xe2  stm8l15x_rtc.o [1]
  .far_func.text     ro code  0x00cc3d    0xe2  sx1276-board.o [1]
  .far_func.text     ro code  0x00cd1f    0xdb  cfg_parm.o [1]
  .far_func.text     ro code  0x00cdfa    0xce  wakeup_mode.o [1]
  .far_func.text     ro code  0x00cec8    0xc3  stm8l15x_it.o [1]
  .far_func.text     ro code  0x00cf8b    0xbd  stm8l15x_exti.o [1]
  .far_func.text     ro code  0x00d048    0xb9  LoRaMacCrypto.o [1]
  .far_func.text     ro code  0x00d101    0xb0  lowpower_mode.o [1]
  .far_func.text     ro code  0x00d1b1    0xa7  aes.o [1]
  .far_func.text     ro code  0x00d258    0xa6  LoRaMacCrypto.o [1]
  .far_func.text     ro code  0x00d2fe    0x9d  sx1276-board.o [1]
  .far_func.text     ro code  0x00d39b    0x9b  timer.o [1]
  .far_func.text     ro code  0x00d436    0x99  sx1276.o [1]
  .far_func.text     ro code  0x00d4cf    0x94  normal_mode.o [1]
  .far_func.text     ro code  0x00d563    0x94  wakeup_mode.o [1]
  .far_func.text     ro code  0x00d5f7    0x90  LoRaMac.o [1]
  .far_func.text     ro code  0x00d687    0x8c  sx1276.o [1]
  .far_func.text     ro code  0x00d713    0x86  stm8l15x_usart.o [1]
  .far_func.text     ro code  0x00d799    0x86  test_mode.o [1]
  .far_func.text     ro code  0x00d81f    0x77  eeprom.o [1]
  .far_func.text     ro code  0x00d896    0x76  aes.o [1]
  .far_func.text     ro code  0x00d90c    0x76  stm8l15x_gpio.o [1]
  .far_func.text     ro code  0x00d982    0x74  cfg_parm.o [1]
  .far_func.text     ro code  0x00d9f6    0x6f  stm8l15x_usart.o [1]
  .far_func.text     ro code  0x00da65    0x6a  test_mode.o [1]
  .far_func.text     ro code  0x00dacf    0x68  cfg_parm.o [1]
  .far_func.text     ro code  0x00db37    0x66  LoRaMac.o [1]
  .far_func.text     ro code  0x00db9d    0x63  stm8l15x_clk.o [1]
  .far_func.text     ro code  0x00dc00    0x63  stm8l15x_it.o [1]
  .far_func.text     ro code  0x00dc63    0x61  lowpower_mode.o [1]
  .far_func.text     ro code  0x00dcc4    0x60  wakeup_mode.o [1]
  .far_func.text     ro code  0x00dd24    0x5b  LoRaMacCrypto.o [1]
  .far_func.text     ro code  0x00dd7f    0x58  dc_util.o [4]
  .far_func.text     ro code  0x00ddd7    0x56  comport.o [1]
  .far_func.text     ro code  0x00de2d    0x55  ring_buf.o [1]
  .far_func.text     ro code  0x00de82    0x51  delay.o [1]
  .far_func.text     ro code  0x00ded3    0x51  hex.o [1]
  .far_func.text     ro code  0x00df24    0x4a  stm8l15x_beep.o [1]
  .far_func.text     ro code  0x00df6e    0x49  modem.o [1]
  .far_func.text     ro code  0x00dfb7    0x49  spi-board.o [1]
  .far_func.text     ro code  0x00e000    0x49  sx1276.o [1]
  .far_func.text     ro code  0x00e049    0x48  main.o [1]
  .far_func.text     ro code  0x00e091    0x47  ring_buf.o [1]
  .far_func.text     ro code  0x00e0d8    0x46  eeprom.o [1]
  .far_func.text     ro code  0x00e11e    0x46  far_util.o [4]
  .far_func.text     ro code  0x00e164    0x43  crc8.o [1]
  .far_func.text     ro code  0x00e1a7    0x42  spi-board.o [1]
  .far_func.text     ro code  0x00e1e9    0x41  hex.o [1]
  .far_func.text     ro code  0x00e22a    0x3f  cfg_parm.o [1]
  .far_func.text     ro code  0x00e269    0x3f  cfg_parm.o [1]
  .far_func.text     ro code  0x00e2a8    0x3f  hex.o [1]
  .far_func.text     ro code  0x00e2e7    0x3c  lowpower_mode.o [1]
  .far_func.text     ro code  0x00e323    0x3c  lowpower_mode.o [1]
  .far_func.text     ro code  0x00e35f    0x3c  stm8l15x_rtc.o [1]
  .far_func.text     ro code  0x00e39b    0x3a  ring_buf.o [1]
  .far_func.text     ro code  0x00e3d5    0x39  stm8l15x_clk.o [1]
  .far_func.text     ro code  0x00e40e    0x36  stm8l15x_rtc.o [1]
  .far_func.text     ro code  0x00e444    0x34  stm8l15x_spi.o [1]
  .far_func.text     ro code  0x00e478    0x34  utilities.o [1]
  .far_func.text     ro code  0x00e4ac    0x32  cmac.o [1]
  .far_func.text     ro code  0x00e4de    0x32  stm8l15x_flash.o [1]
  .far_func.text     ro code  0x00e510    0x31  eeprom.o [1]
  .far_func.text     ro code  0x00e541    0x31  ring_buf.o [1]
  .far_func.text     ro code  0x00e572    0x30  lowpower_mode.o [1]
  .far_func.text     ro code  0x00e5a2    0x30  stm8l15x_it.o [1]
  .far_func.text     ro code  0x00e5d2    0x30  stm8l15x_usart.o [1]
  .far_func.text     ro code  0x00e602    0x2f  comport.o [1]
  .far_func.text     ro code  0x00e631    0x2f  stm8l15x_rtc.o [1]
  .far_func.text     ro code  0x00e660    0x2e  sx1276-board.o [1]
  .far_func.text     ro code  0x00e68e    0x2d  LoRaMac.o [1]
  .far_func.text     ro code  0x00e6bb    0x2d  short.o [4]
  .far_func.text     ro code  0x00e6e8    0x2c  utilities.o [1]
  .far_func.text     ro code  0x00e714    0x2a  sx1276.o [1]
  .far_func.text     ro code  0x00e73e    0x29  stm8l15x_it.o [1]
  .far_func.text     ro code  0x00e767    0x28  crc8.o [1]
  .far_func.text     ro code  0x00e78f    0x28  init_small.o [4]
  .far_func.text     ro code  0x00e7b7    0x27  sx1276-board.o [1]
  .far_func.text     ro code  0x00e7de    0x25  ring_buf.o [1]
  .far_func.text     ro code  0x00e803    0x23  frame.o [1]
  .far_func.text     ro code  0x00e826    0x23  LoRaMacCrypto.o [1]
  .far_func.text     ro code  0x00e849    0x23  stm8l15x_it.o [1]
  .far_func.text     ro code  0x00e86c    0x23  stm8l15x_it.o [1]
  .far_func.text     ro code  0x00e88f    0x23  stm8l15x_it.o [1]
  .far_func.text     ro code  0x00e8b2    0x23  stm8l15x_rtc.o [1]
  .far_func.text     ro code  0x00e8d5    0x23  stm8l15x_rtc.o [1]
  .far_func.text     ro code  0x00e8f8    0x23  timer.o [1]
  .far_func.text     ro code  0x00e91b    0x23  utilities.o [1]
  .far_func.text     ro code  0x00e93e    0x21  stm8l15x_it.o [1]
  .far_func.text     ro code  0x00e95f    0x20  lowpower_mode.o [1]
  .far_func.text     ro code  0x00e97f    0x20  lowpower_mode.o [1]
  .far_func.text     ro code  0x00e99f    0x20  normal_mode.o [1]
  .far_func.text     ro code  0x00e9bf    0x20  normal_mode.o [1]
  .far_func.text     ro code  0x00e9df    0x20  normal_mode.o [1]
  .far_func.text     ro code  0x00e9ff    0x20  normal_mode.o [1]
  .far_func.text     ro code  0x00ea1f    0x20  wakeup_mode.o [1]
  .far_func.text     ro code  0x00ea3f    0x20  wakeup_mode.o [1]
  .far_func.text     ro code  0x00ea5f    0x20  wakeup_mode.o [1]
  .far_func.text     ro code  0x00ea7f    0x20  wakeup_mode.o [1]
  .far_func.text     ro code  0x00ea9f    0x1f  ring_buf.o [1]
  .far_func.text     ro code  0x00eabe    0x1e  stm8l15x_it.o [1]
  .far_func.text     ro code  0x00eadc    0x1e  stm8l15x_it.o [1]
  .far_func.text     ro code  0x00eafa    0x1e  stm8l15x_it.o [1]
  .far_func.text     ro code  0x00eb18    0x1e  stm8l15x_usart.o [1]
  .far_func.text     ro code  0x00eb36    0x1e  init.o [4]
  .far_func.text     ro code  0x00eb54    0x1e  init_small.o [4]
  .far_func.text     ro code  0x00eb72    0x1d  stm8l15x_it.o [1]
  .far_func.text     ro code  0x00eb8f    0x1d  stm8l15x_it.o [1]
  .far_func.text     ro code  0x00ebac    0x1c  board.o [1]
  .far_func.text     ro code  0x00ebc8    0x1c  cfg_parm.o [1]
  .far_func.text     ro code  0x00ebe4    0x1c  modem.o [1]
  .far_func.text     ro code  0x00ec00    0x1c  timer.o [1]
  .far_func.text     ro code  0x00ec1c    0x1a  sx1276-board.o [1]
  .far_func.text     ro code  0x00ec36    0x19  stm8l15x_flash.o [1]
  .far_func.text     ro code  0x00ec4f    0x18  utilities.o [1]
  .far_func.text     ro code  0x00ec67    0x17  cfg_parm.o [1]
  .far_func.text     ro code  0x00ec7e    0x17  stm8l15x_spi.o [1]
  .far_func.text     ro code  0x00ec95    0x17  cstartup.o [4]
  .far_func.text     ro code  0x00ecac    0x17  memset.o [4]
  .far_func.text     ro code  0x00ecc3    0x16  aes.o [1]
  .far_func.text     ro code  0x00ecd9    0x16  ring_buf.o [1]
  .far_func.text     ro code  0x00ecef    0x16  stm8l15x_exti.o [1]
  .far_func.text     ro code  0x00ed05    0x16  sx1276-board.o [1]
  .far_func.text     ro code  0x00ed1b    0x16  __dbg_xxexit.o [3]
  .far_func.text     ro code  0x00ed31    0x15  hex.o [1]
  .far_func.text     ro code  0x00ed46    0x15  stm8l15x_gpio.o [1]
  .far_func.text     ro code  0x00ed5b    0x15  stm8l15x_gpio.o [1]
  .far_func.text     ro code  0x00ed70    0x15  stm8l15x_rtc.o [1]
  .far_func.text     ro code  0x00ed85    0x13  stm8l15x_spi.o [1]
  .far_func.text     ro code  0x00ed98    0x13  stm8l15x_tim4.o [1]
  .far_func.text     ro code  0x00edab    0x13  sx1276-board.o [1]
  .far_func.text     ro code  0x00edbe    0x12  strlen.o [4]
  .far_func.text     ro code  0x00edd0    0x11  hex.o [1]
  .far_func.text     ro code  0x00ede1    0x11  stm8l15x_tim4.o [1]
  .far_func.text     ro code  0x00edf2    0x10  cfg_parm.o [1]
  .far_func.text     ro code  0x00ee02    0x10  stm8l15x_usart.o [1]
  .far_func.text     ro code  0x00ee12     0xf  system.o [1]
  .far_func.text     ro code  0x00ee21     0xd  cmac.o [1]
  .far_func.text     ro code  0x00ee2e     0xd  stm8l15x_beep.o [1]
  .far_func.text     ro code  0x00ee3b     0xd  stm8l15x_beep.o [1]
  .far_func.text     ro code  0x00ee48     0xd  stm8l15x_clk.o [1]
  .far_func.text     ro code  0x00ee55     0xd  stm8l15x_clk.o [1]
  .far_func.text     ro code  0x00ee62     0xd  stm8l15x_clk.o [1]
  .far_func.text     ro code  0x00ee6f     0xd  stm8l15x_pwr.o [1]
  .far_func.text     ro code  0x00ee7c     0xd  stm8l15x_tim4.o [1]
  .far_func.text     ro code  0x00ee89     0xc  ring_buf.o [1]
  .far_func.text     ro code  0x00ee95     0xc  char.o [4]
  .far_func.text     ro code  0x00eea1     0xb  LoRaMac.o [1]
  .far_func.text     ro code  0x00eeac     0xb  LoRaMac.o [1]
  .far_func.text     ro code  0x00eeb7     0xb  LoRaMac.o [1]
  .far_func.text     ro code  0x00eec2     0xa  delay.o [1]
  .far_func.text     ro code  0x00eecc     0xa  stm8l15x_clk.o [1]
  .far_func.text     ro code  0x00eed6     0xa  stm8l15x_rtc.o [1]
  .far_func.text     ro code  0x00eee0     0xa  system.o [1]
  .far_func.text     ro code  0x00eeea     0xa  far.o [4]
  .far_func.text     ro code  0x00eef4     0x9  sx1276-board.o [1]
  .far_func.text     ro code  0x00eefd     0x7  stm8l15x_flash.o [1]
  .far_func.text     ro code  0x00ef04     0x7  stm8l15x_gpio.o [1]
  .far_func.text     ro code  0x00ef0b     0x7  stm8l15x_gpio.o [1]
  .far_func.text     ro code  0x00ef12     0x7  timer.o [1]
  .far_func.text     ro code  0x00ef19     0x7  utilities.o [1]
  .far_func.text     ro code  0x00ef20     0x6  cexit.o [4]
  .far_func.text     ro code  0x00ef26     0x5  stm8l15x_tim2.o [1]
  .far_func.text     ro code  0x00ef2b     0x5  stm8l15x_tim4.o [1]
  .far_func.text     ro code  0x00ef30     0x5  stm8l15x_tim4.o [1]
  .far_func.text     ro code  0x00ef35     0x5  stm8l15x_usart.o [1]
  .far_func.text     ro code  0x00ef3a     0x5  stm8l15x_usart.o [1]
  .far_func.text     ro code  0x00ef3f     0x4  stm8l15x_clk.o [1]
  .far_func.text     ro code  0x00ef43     0x4  stm8l15x_clk.o [1]
  .far_func.text     ro code  0x00ef47     0x4  stm8l15x_clk.o [1]
  .far_func.text     ro code  0x00ef4b     0x4  stm8l15x_flash.o [1]
  .far_func.text     ro code  0x00ef4f     0x4  stm8l15x_gpio.o [1]
  .far_func.text     ro code  0x00ef53     0x4  interrupt.o [4]
  .far_func.text     ro code  0x00ef57     0x4  exit.o [4]
  .far_func.text     ro code  0x00ef5b     0x3  stm8l15x_usart.o [1]
  .far_func.text     ro code  0x00ef5e     0x3  stm8l15x_usart.o [1]
  .far_func.text     ro code  0x00ef61     0x3  sx1276-board.o [1]
  .far_func.text     ro code  0x00ef64     0x3  low_level_init.o [4]
  .far_func.text     ro code  0x00ef67     0x3  unhandled_exception.o [4]
  .far_func.text     ro code  0x00ef6a     0x1  board.o [1]
  .far_func.text     ro code  0x00ef6b     0x1  stm8l15x_it.o [1]
  .far_func.text     ro code  0x00ef6c     0x1  stm8l15x_it.o [1]
  .far_func.text     ro code  0x00ef6d     0x1  stm8l15x_it.o [1]
  .far_func.text     ro code  0x00ef6e     0x1  stm8l15x_it.o [1]
  .far_func.text     ro code  0x00ef6f     0x1  stm8l15x_it.o [1]
  .far_func.text     ro code  0x00ef70     0x1  stm8l15x_it.o [1]
  .far_func.text     ro code  0x00ef71     0x1  stm8l15x_it.o [1]
  .far_func.text     ro code  0x00ef72     0x1  stm8l15x_it.o [1]
  .far_func.text     ro code  0x00ef73     0x1  stm8l15x_it.o [1]
  .far_func.text     ro code  0x00ef74     0x1  stm8l15x_it.o [1]
  .far_func.text     ro code  0x00ef75     0x1  stm8l15x_it.o [1]
  .far_func.text     ro code  0x00ef76     0x1  stm8l15x_it.o [1]
  .far_func.text     ro code  0x00ef77     0x1  stm8l15x_it.o [1]
  .far_func.text     ro code  0x00ef78     0x1  stm8l15x_it.o [1]
  .far_func.text     ro code  0x00ef79     0x1  stm8l15x_it.o [1]
  .far_func.text     ro code  0x00ef7a     0x1  stm8l15x_it.o [1]
  .far_func.text     ro code  0x00ef7b     0x1  stm8l15x_it.o [1]
  .far_func.text     ro code  0x00ef7c     0x1  sx1276-board.o [1]
  .far_func.text     ro code  0x00ef7d     0x1  __dbg_break.o [3]
                            - 0x00ef7e  0x698c


*******************************************************************************
*** INIT TABLE
***

          Address   Size
          -------   ----
Zero (__iar_zero_init2)
    1 destination range, total size 0x697:
          0x000042  0x697

Copy (__iar_copy_init2)
    1 source range, total size 0x32:
          0x0084d1   0x32
    1 destination range, total size 0x32:
          0x000010   0x32



*******************************************************************************
*** MODULE SUMMARY
***

    Module                 ro code  ro data  rw data
    ------                 -------  -------  -------
D:\stm8lora\src\stm8l15x-sx1278\STM8L15x-16x-05x-AL31-L_StdPeriph_Lib\Project\STM8L151G6U6_Sx1278\EWSTM8\STM8L15X_MD(STM8L15xx4_6)\Obj: [1]
    LoRaMac.o                2 539                26
    LoRaMacCrypto.o            989       32      582
    aes.o                    1 972      768
    board.o                    661                61
    cfg_parm.o               1 212        8      174
    cmac.o                   1 021
    comport.o                  577               262
    config_mode.o              742                21
    crc8.o                     107               256
    delay.o                     91
    eeprom.o                   238
    frame.o                    273                 8
    hex.o                      247      273
    lowpower_mode.o          1 159                22
    main.o                      72
    manufacture_parm.o                            20
    modem.o                    921      116      141
    normal_mode.o              958                22
    ring_buf.o                 365
    spi-board.o                139
    stm8l15x_beep.o            100
    stm8l15x_clk.o             217        5
    stm8l15x_exti.o            211
    stm8l15x_flash.o            86
    stm8l15x_gpio.o            178
    stm8l15x_it.o              686
    stm8l15x_pwr.o              13
    stm8l15x_rtc.o             488
    stm8l15x_spi.o              94
    stm8l15x_tim2.o              5
    stm8l15x_tim4.o             59
    stm8l15x_usart.o           355
    sx1276-board.o             548       81        1
    sx1276.o                 4 299       48      183
    system.o                    25                 1
    test_mode.o                240       35       24
    timer.o                  1 082        4       14
    utilities.o                162        4        4
    wakeup_mode.o            1 108                22
    ------------------------------------------------
    Total:                  24 239    1 374    1 844

command line: [2]
    ------------------------------------------------
    Total:

dbgstm8mmd.a: [3]
    __dbg_break.o                1
    __dbg_xxexit.o              22
    ------------------------------------------------
    Total:                      23

dlstm8mmf.a: [4]
    cexit.o                      6
    char.o                      12
    cstartup.o                  23
    dc_util.o                   88
    exit.o                       4
    far.o                       10
    far_util.o                  70
    float.o                  1 156
    init.o                      30
    init_small.o                70
    interrupt.o                  4      128
    long.o                     457
    long_util.o                228
    low_level_init.o             3
    memset.o                    23
    short.o                     45
    strlen.o                    18
    unhandled_exception.o        3
    vreg_util.o                508
    vregs.o                                       16
    ------------------------------------------------
    Total:                   2 758      128       16

    Linker created                       20      128
----------------------------------------------------
    Grand Total:            27 020    1 522    1 988


*******************************************************************************
*** ENTRY LIST
***

Entry                    Address   Size  Type      Object
-----                    -------   ----  ----      ------
.iar.init_table$$Base   0x008579          --   Gb  - Linker created -
.iar.init_table$$Limit  0x00858d          --   Gb  - Linker created -
?add32_l0_l0_0x         0x00b7a0         Code  Gb  long.o [4]
?add32_l0_l0_l1         0x00b79d         Code  Gb  long.o [4]
?b0                     0x000000         Data  Gb  vregs.o [4]
?b1                     0x000001         Data  Gb  vregs.o [4]
?b10                    0x00000a         Data  Gb  vregs.o [4]
?b11                    0x00000b         Data  Gb  vregs.o [4]
?b12                    0x00000c         Data  Gb  vregs.o [4]
?b13                    0x00000d         Data  Gb  vregs.o [4]
?b14                    0x00000e         Data  Gb  vregs.o [4]
?b15                    0x00000f         Data  Gb  vregs.o [4]
?b2                     0x000002         Data  Gb  vregs.o [4]
?b3                     0x000003         Data  Gb  vregs.o [4]
?b4                     0x000004         Data  Gb  vregs.o [4]
?b5                     0x000005         Data  Gb  vregs.o [4]
?b6                     0x000006         Data  Gb  vregs.o [4]
?b7                     0x000007         Data  Gb  vregs.o [4]
?b8                     0x000008         Data  Gb  vregs.o [4]
?b9                     0x000009         Data  Gb  vregs.o [4]
?dc32_l0                0x00dd7f         Code  Gb  dc_util.o [4]
?dc32_l1                0x00ddab         Code  Gb  dc_util.o [4]
?dec32_0x_0x            0x00b789         Code  Gb  long.o [4]
?dec32_l0_l0            0x00b784         Code  Gb  long.o [4]
?e0                     0x000001         Data  Gb  vregs.o [4]
?e1                     0x000005         Data  Gb  vregs.o [4]
?e2                     0x000009         Data  Gb  vregs.o [4]
?e3                     0x00000d         Data  Gb  vregs.o [4]
?epilogue_l2            0x00b2f2         Code  Gb  vreg_util.o [4]
?epilogue_l2_l3         0x00b2ee         Code  Gb  vreg_util.o [4]
?epilogue_l2_w6         0x00b2f7         Code  Gb  vreg_util.o [4]
?epilogue_w4            0x00b300         Code  Gb  vreg_util.o [4]
?fadd32_l0_l0_dc32      0x009371         Code  Gb  float.o [4]
?fadd32_l0_l0_l1        0x009377         Code  Gb  float.o [4]
?fcastf32u16_l0_x       0x0095f9         Code  Gb  float.o [4]
?fcastf32u32_l0_l0      0x00969c         Code  Gb  float.o [4]
?fcasts16f32_x_l0       0x009617         Code  Gb  float.o [4]
?fcastu32f32_l0_l0      0x00964c         Code  Gb  float.o [4]
?fcmplt32_c_l0_0x       0x0095a3         Code  Gb  float.o [4]
?fcmplt32_c_l0_l1       0x0095a0         Code  Gb  float.o [4]
?fdiv32_l0_dc32_l1      0x0094e6         Code  Gb  float.o [4]
?fdiv32_l0_l0_dc32      0x0094ec         Code  Gb  float.o [4]
?fdiv32_l0_l0_l1        0x0094f2         Code  Gb  float.o [4]
?fmul32_l0_l0_dc32      0x009445         Code  Gb  float.o [4]
?fmul32_l0_l0_l1        0x00944b         Code  Gb  float.o [4]
?inc32_0x_0x            0x00b776         Code  Gb  long.o [4]
?inc32_l0_l0            0x00b771         Code  Gb  long.o [4]
?l0                     0x000000         Data  Gb  vregs.o [4]
?l1                     0x000004         Data  Gb  vregs.o [4]
?l2                     0x000008         Data  Gb  vregs.o [4]
?l3                     0x00000c         Data  Gb  vregs.o [4]
?load24_0x_e0           0x00e156         Code  Gb  far_util.o [4]
?load24_e0_0x           0x00e11e         Code  Gb  far_util.o [4]
?load24_e1_0x           0x00e12c         Code  Gb  far_util.o [4]
?load24_e2_0x           0x00e13a         Code  Gb  far_util.o [4]
?load24_e3_0x           0x00e148         Code  Gb  far_util.o [4]
?load32_0x_l0           0x00cb19         Code  Gb  long_util.o [4]
?load32_0x_l1           0x00cb27         Code  Gb  long_util.o [4]
?load32_0x_l2           0x00cb3f         Code  Gb  long_util.o [4]
?load32_0x_l3           0x00cb4d         Code  Gb  long_util.o [4]
?load32_l0_0x           0x00ca91         Code  Gb  long_util.o [4]
?load32_l0_asp          0x00ca85         Code  Gb  long_util.o [4]
?load32_l0_dbsp         0x00ca77         Code  Gb  long_util.o [4]
?load32_l0_xsp          0x00ca87         Code  Gb  long_util.o [4]
?load32_l1_0x           0x00cab7         Code  Gb  long_util.o [4]
?load32_l1_asp          0x00caab         Code  Gb  long_util.o [4]
?load32_l1_dbsp         0x00ca9d         Code  Gb  long_util.o [4]
?load32_l1_xsp          0x00caad         Code  Gb  long_util.o [4]
?load32_l2_0x           0x00cadd         Code  Gb  long_util.o [4]
?load32_l2_asp          0x00cad1         Code  Gb  long_util.o [4]
?load32_l2_dbsp         0x00cac3         Code  Gb  long_util.o [4]
?load32_l2_xsp          0x00cad3         Code  Gb  long_util.o [4]
?load32_l3_0x           0x00cb03         Code  Gb  long_util.o [4]
?load32_l3_asp          0x00caf7         Code  Gb  long_util.o [4]
?load32_l3_dbsp         0x00cae9         Code  Gb  long_util.o [4]
?load32_l3_xsp          0x00caf9         Code  Gb  long_util.o [4]
?load32_xsp_l0          0x00cb0f         Code  Gb  long_util.o [4]
?load32_xsp_l2          0x00cb35         Code  Gb  long_util.o [4]
?mov_e0_e1              0x00b347         Code  Gb  vreg_util.o [4]
?mov_e0_e2              0x00b354         Code  Gb  vreg_util.o [4]
?mov_e0_e3              0x00b361         Code  Gb  vreg_util.o [4]
?mov_e1_e0              0x00b36e         Code  Gb  vreg_util.o [4]
?mov_e1_e2              0x00b37b         Code  Gb  vreg_util.o [4]
?mov_e1_e3              0x00b388         Code  Gb  vreg_util.o [4]
?mov_e2_e0              0x00b395         Code  Gb  vreg_util.o [4]
?mov_e2_e1              0x00b3a2         Code  Gb  vreg_util.o [4]
?mov_e2_e3              0x00b3af         Code  Gb  vreg_util.o [4]
?mov_e3_e0              0x00b3bc         Code  Gb  vreg_util.o [4]
?mov_e3_e1              0x00b3c9         Code  Gb  vreg_util.o [4]
?mov_l0_l1              0x00b344         Code  Gb  vreg_util.o [4]
?mov_l0_l2              0x00b351         Code  Gb  vreg_util.o [4]
?mov_l0_l3              0x00b35e         Code  Gb  vreg_util.o [4]
?mov_l1_l0              0x00b36b         Code  Gb  vreg_util.o [4]
?mov_l1_l2              0x00b378         Code  Gb  vreg_util.o [4]
?mov_l1_l3              0x00b385         Code  Gb  vreg_util.o [4]
?mov_l2_l0              0x00b392         Code  Gb  vreg_util.o [4]
?mov_l2_l1              0x00b39f         Code  Gb  vreg_util.o [4]
?mov_l2_l3              0x00b3ac         Code  Gb  vreg_util.o [4]
?mov_l3_l0              0x00b3b9         Code  Gb  vreg_util.o [4]
?mov_l3_l1              0x00b3c6         Code  Gb  vreg_util.o [4]
?mov_w0_w3              0x00b305         Code  Gb  vreg_util.o [4]
?mov_w0_w4              0x00b30c         Code  Gb  vreg_util.o [4]
?mov_w0_w5              0x00b313         Code  Gb  vreg_util.o [4]
?mov_w1_w3              0x00b34a         Code  Gb  vreg_util.o [4]
?mov_w1_w5              0x00b357         Code  Gb  vreg_util.o [4]
?mov_w1_w6              0x00b31a         Code  Gb  vreg_util.o [4]
?mov_w1_w7              0x00b364         Code  Gb  vreg_util.o [4]
?mov_w3_w1              0x00b371         Code  Gb  vreg_util.o [4]
?mov_w3_w5              0x00b37e         Code  Gb  vreg_util.o [4]
?mov_w3_w7              0x00b38b         Code  Gb  vreg_util.o [4]
?mov_w4_w0              0x00b321         Code  Gb  vreg_util.o [4]
?mov_w4_w1              0x00b328         Code  Gb  vreg_util.o [4]
?mov_w5_w0              0x00b32f         Code  Gb  vreg_util.o [4]
?mov_w5_w1              0x00b398         Code  Gb  vreg_util.o [4]
?mov_w5_w3              0x00b3a5         Code  Gb  vreg_util.o [4]
?mov_w5_w7              0x00b3b2         Code  Gb  vreg_util.o [4]
?mov_w6_w2              0x00b336         Code  Gb  vreg_util.o [4]
?mov_w7_w0              0x00b33d         Code  Gb  vreg_util.o [4]
?mov_w7_w1              0x00b3bf         Code  Gb  vreg_util.o [4]
?mov_w7_w3              0x00b3cc         Code  Gb  vreg_util.o [4]
?mul16_x_x_w0           0x00e6bb         Code  Gb  short.o [4]
?mul32_l0_l0_0x         0x00b7d3         Code  Gb  long.o [4]
?mul32_l0_l0_l1         0x00b7dc         Code  Gb  long.o [4]
?or32_l0_l0_0x          0x00b906         Code  Gb  long.o [4]
?or32_l0_l0_l1          0x00b903         Code  Gb  long.o [4]
?pop_e2                 0x00b254         Code  Gb  vreg_util.o [4]
?pop_e3                 0x00b263         Code  Gb  vreg_util.o [4]
?pop_l0                 0x00b2b6         Code  Gb  vreg_util.o [4]
?pop_l1                 0x00b2c1         Code  Gb  vreg_util.o [4]
?pop_l2                 0x00b2cc         Code  Gb  vreg_util.o [4]
?pop_l3                 0x00b2d7         Code  Gb  vreg_util.o [4]
?pop_w4                 0x00b202         Code  Gb  vreg_util.o [4]
?pop_w6                 0x00b209         Code  Gb  vreg_util.o [4]
?push_e2                0x00b21c         Code  Gb  vreg_util.o [4]
?push_e3                0x00b238         Code  Gb  vreg_util.o [4]
?push_l0                0x00b281         Code  Gb  vreg_util.o [4]
?push_l1                0x00b286         Code  Gb  vreg_util.o [4]
?push_l2                0x00b28b         Code  Gb  vreg_util.o [4]
?push_l3                0x00b290         Code  Gb  vreg_util.o [4]
?push_w0                0x00b1d7         Code  Gb  vreg_util.o [4]
?push_w1                0x00b1dc         Code  Gb  vreg_util.o [4]
?push_w4                0x00b1e1         Code  Gb  vreg_util.o [4]
?push_w6                0x00b1e6         Code  Gb  vreg_util.o [4]
?scmp32_c_l0_l1         0x00b8ec         Code  Gb  long.o [4]
?sext16_x_a             0x00e6e1         Code  Gb  short.o [4]
?sext32_l0_x            0x00b92f         Code  Gb  long.o [4]
?sll16_x_x_a            0x00e6d9         Code  Gb  short.o [4]
?sll32_0x_0x_a          0x00b921         Code  Gb  long.o [4]
?sll32_l0_l0_a          0x00b91e         Code  Gb  long.o [4]
?sll8_a_a_5             0x00ee96         Code  Gb  char.o [4]
?sll8_a_a_6             0x00ee95         Code  Gb  char.o [4]
?srl8_a_a_5             0x00ee9c         Code  Gb  char.o [4]
?srl8_a_a_6             0x00ee9b         Code  Gb  char.o [4]
?sub32_l0_l0_0x         0x00b7bb         Code  Gb  long.o [4]
?sub32_l0_l0_l1         0x00b7b8         Code  Gb  long.o [4]
?ucmp24_c_0x_e0         0x00eeea         Code  Gb  far.o [4]
?ucmp32_c_l0_0x         0x00b8d1         Code  Gb  long.o [4]
?ucmp32_c_l0_l1         0x00b8e1         Code  Gb  long.o [4]
?udiv32_l0_l0_dl        0x00b860         Code  Gb  long.o [4]
?udiv32_l0_l0_l1        0x00b864         Code  Gb  long.o [4]
?umod32_l1_l0_dl        0x00b85a         Code  Gb  long.o [4]
?umod32_l1_l0_l1        0x00b864         Code  Gb  long.o [4]
?w0                     0x000000         Data  Gb  vregs.o [4]
?w1                     0x000002         Data  Gb  vregs.o [4]
?w2                     0x000004         Data  Gb  vregs.o [4]
?w3                     0x000006         Data  Gb  vregs.o [4]
?w4                     0x000008         Data  Gb  vregs.o [4]
?w5                     0x00000a         Data  Gb  vregs.o [4]
?w6                     0x00000c         Data  Gb  vregs.o [4]
?w7                     0x00000e         Data  Gb  vregs.o [4]
ADC1_COMP_IRQHandler    0x00ef74    0x1  Code  Gb  stm8l15x_it.o [1]
AES_CMAC_Final          0x00ab96  0x21f  Code  Gb  cmac.o [1]
AES_CMAC_Init           0x00e4ac   0x32  Code  Gb  cmac.o [1]
AES_CMAC_SetKey         0x00ee21    0xd  Code  Gb  cmac.o [1]
AES_CMAC_Update         0x00bc97  0x19f  Code  Gb  cmac.o [1]
AesCmacCtx              0x000042  0x115  Data  Lc  LoRaMacCrypto.o [1]
AesContext              0x000257   0xf1  Data  Lc  LoRaMacCrypto.o [1]
BEEP_Cmd                0x00ee2e    0xd  Code  Gb  stm8l15x_beep.o [1]
BEEP_LSClockToTIMConnectCmd
                        0x00ee3b    0xd  Code  Gb  stm8l15x_beep.o [1]
BEEP_LSICalibrationConfig
                        0x00df24   0x4a  Code  Gb  stm8l15x_beep.o [1]
BoardDisableIrq         0x00eee0    0xa  Code  Gb  system.o [1]
BoardEnableIrq          0x00ee12    0xf  Code  Gb  system.o [1]
BoardInitMcu            0x00a5ca  0x101  Code  Gb  board.o [1]
CLK_GetClockFreq        0x00e3d5   0x39  Code  Gb  stm8l15x_clk.o [1]
CLK_GetSYSCLKSource     0x00ef43    0x4  Code  Gb  stm8l15x_clk.o [1]
CLK_HSICmd              0x00ee48    0xd  Code  Gb  stm8l15x_clk.o [1]
CLK_LSICmd              0x00ee55    0xd  Code  Gb  stm8l15x_clk.o [1]
CLK_PeripheralClockConfig
                        0x00db9d   0x63  Code  Gb  stm8l15x_clk.o [1]
CLK_RTCClockConfig      0x00eecc    0xa  Code  Gb  stm8l15x_clk.o [1]
CLK_SYSCLKDivConfig     0x00ef47    0x4  Code  Gb  stm8l15x_clk.o [1]
CLK_SYSCLKSourceConfig  0x00ef3f    0x4  Code  Gb  stm8l15x_clk.o [1]
CLK_SYSCLKSourceSwitchCmd
                        0x00ee62    0xd  Code  Gb  stm8l15x_clk.o [1]
CSTACK$$Base            0x000780          --   Gb  - Linker created -
CSTACK$$Limit           0x000800          --   Gb  - Linker created -
ClearWWDG               0x00a453    0x1  Code  Gb  board.o [1]
ComportInit             0x00b93a  0x1bc  Code  Gb  comport.o [1]
ComportTxStart          0x00ddd7   0x56  Code  Gb  comport.o [1]
ConfigModeRadioEvents   0x0005f0   0x15  Data  Lc  config_mode.o [1]
DMA1_CHANNEL0_1_IRQHandler
                        0x00ef6d    0x1  Code  Gb  stm8l15x_it.o [1]
DMA1_CHANNEL2_3_IRQHandler
                        0x00ef6e    0x1  Code  Gb  stm8l15x_it.o [1]
DelayMs                 0x00eec2    0xa  Code  Gb  delay.o [1]
EXTI0_IRQHandler        0x00eb72   0x1d  Code  Gb  stm8l15x_it.o [1]
EXTI1_IRQHandler        0x00eabe   0x1e  Code  Gb  stm8l15x_it.o [1]
EXTI2_IRQHandler        0x00cec8   0xc3  Code  Gb  stm8l15x_it.o [1]
EXTI3_IRQHandler        0x00e849   0x23  Code  Gb  stm8l15x_it.o [1]
EXTI4_IRQHandler        0x00e86c   0x23  Code  Gb  stm8l15x_it.o [1]
EXTI5_IRQHandler        0x00e88f   0x23  Code  Gb  stm8l15x_it.o [1]
EXTI6_IRQHandler        0x00eadc   0x1e  Code  Gb  stm8l15x_it.o [1]
EXTI7_IRQHandler        0x00eafa   0x1e  Code  Gb  stm8l15x_it.o [1]
EXTIB_G_IRQHandler      0x00ef70    0x1  Code  Gb  stm8l15x_it.o [1]
EXTID_H_IRQHandler      0x00ef71    0x1  Code  Gb  stm8l15x_it.o [1]
EXTIE_F_PVD_IRQHandler  0x00ef6f    0x1  Code  Gb  stm8l15x_it.o [1]
EXTI_ClearITPendingBit  0x00ecef   0x16  Code  Gb  stm8l15x_exti.o [1]
EXTI_SetPinSensitivity  0x00cf8b   0xbd  Code  Gb  stm8l15x_exti.o [1]
FLASH_IRQHandler        0x00ef6c    0x1  Code  Gb  stm8l15x_it.o [1]
FLASH_Lock              0x00eefd    0x7  Code  Gb  stm8l15x_flash.o [1]
FLASH_ProgramByte       0x00ef4b    0x4  Code  Gb  stm8l15x_flash.o [1]
FLASH_Unlock            0x00ec36   0x19  Code  Gb  stm8l15x_flash.o [1]
FLASH_WaitForLastOperation
                        0x00e4de   0x32  Code  Gb  stm8l15x_flash.o [1]
GPIO_DeInit             0x00ed46   0x15  Code  Gb  stm8l15x_gpio.o [1]
GPIO_ExternalPullUpConfig
                        0x00ed5b   0x15  Code  Gb  stm8l15x_gpio.o [1]
GPIO_Init               0x00d90c   0x76  Code  Gb  stm8l15x_gpio.o [1]
GPIO_ReadInputDataBit   0x00ef0b    0x7  Code  Gb  stm8l15x_gpio.o [1]
GPIO_ResetBits          0x00ef4f    0x4  Code  Gb  stm8l15x_gpio.o [1]
GPIO_SetBits            0x00ef04    0x7  Code  Gb  stm8l15x_gpio.o [1]
GetRunModePin           0x00a561   0x69  Code  Gb  board.o [1]
I2C1_SPI2_IRQHandler    0x00ef7b    0x1  Code  Gb  stm8l15x_it.o [1]
INTVEC$$Base            0x008000          --   Gb  - Linker created -
INTVEC$$Limit           0x008080          --   Gb  - Linker created -
IndicationRfTxFifoStatus
                        0x00ebac   0x1c  Code  Gb  board.o [1]
InitRunModePin          0x00a529   0x38  Code  Gb  board.o [1]
IrqNestLevel            0x0006d6    0x1  Data  Lc  system.o [1]
LCD_AES_IRQHandler      0x00ef72    0x1  Code  Gb  stm8l15x_it.o [1]
LoRaMacComputeMic       0x00c8a1   0xee  Code  Gb  LoRaMacCrypto.o [1]
LoRaMacDevEuiInFlash    0x0085d8    0x8  Data  Gb  cfg_parm.o [1]
LoRaMacDevNonce         0x0006c8    0x2  Data  Lc  LoRaMac.o [1]
LoRaMacDevNonceCopy     0x0006ca    0x2  Data  Lc  LoRaMac.o [1]
LoRaMacInitialization   0x00baf6  0x1a1  Code  Gb  LoRaMac.o [1]
LoRaMacJoinComputeMic   0x00d258   0xa6  Code  Gb  LoRaMacCrypto.o [1]
LoRaMacJoinComputeSKeys
                        0x00d048   0xb9  Code  Gb  LoRaMacCrypto.o [1]
LoRaMacJoinDecrypt      0x00dd24   0x5b  Code  Gb  LoRaMacCrypto.o [1]
LoRaMacOnRadioCadDone   0x00e68e   0x2d  Code  Gb  LoRaMac.o [1]
LoRaMacOnRadioRxDone    0x0097d7  0x3b8  Code  Lc  LoRaMac.o [1]
LoRaMacOnRadioRxError   0x00eeac    0xb  Code  Lc  LoRaMac.o [1]
LoRaMacOnRadioRxTimeout
                        0x00eeb7    0xb  Code  Lc  LoRaMac.o [1]
LoRaMacOnRadioTxDone    0x00d5f7   0x90  Code  Lc  LoRaMac.o [1]
LoRaMacOnRadioTxTimeout
                        0x00eea1    0xb  Code  Lc  LoRaMac.o [1]
LoRaMacPayloadDecrypt   0x00e826   0x23  Code  Gb  LoRaMacCrypto.o [1]
LoRaMacPayloadEncrypt   0x00c4b8  0x112  Code  Gb  LoRaMacCrypto.o [1]
LoRaMacRadioEvents      0x000605   0x15  Data  Lc  LoRaMac.o [1]
LoRaMacStateCheck       0x00db37   0x66  Code  Gb  LoRaMac.o [1]
LowPowerModeOnCadDone   0x00e572   0x30  Code  Gb  lowpower_mode.o [1]
LowPowerModeOnRxDone    0x00d101   0xb0  Code  Gb  lowpower_mode.o [1]
LowPowerModeOnRxError   0x00e323   0x3c  Code  Gb  lowpower_mode.o [1]
LowPowerModeOnRxTimeout
                        0x00e2e7   0x3c  Code  Gb  lowpower_mode.o [1]
LowPowerModeOnTxDone    0x00e95f   0x20  Code  Gb  lowpower_mode.o [1]
LowPowerModeOnTxTimeout
                        0x00e97f   0x20  Code  Gb  lowpower_mode.o [1]
LowPowerModeRadioEvents
                        0x00061a   0x15  Data  Lc  lowpower_mode.o [1]
LowPowerModeState       0x0006d3    0x1  Data  Gb  lowpower_mode.o [1]
MODEM                   0x00044e   0x83  Data  Lc  modem.o [1]
Mic                     0x00066e   0x10  Data  Lc  LoRaMacCrypto.o [1]
MicBlockB0              0x000010   0x10  Data  Lc  LoRaMacCrypto.o [1]
NormalModeOnRxDone      0x00d4cf   0x94  Code  Gb  normal_mode.o [1]
NormalModeOnRxError     0x00e9ff   0x20  Code  Gb  normal_mode.o [1]
NormalModeOnRxTimeout   0x00e9df   0x20  Code  Gb  normal_mode.o [1]
NormalModeOnTxDone      0x00e99f   0x20  Code  Gb  normal_mode.o [1]
NormalModeOnTxTimeout   0x00e9bf   0x20  Code  Gb  normal_mode.o [1]
NormalModeRadioEvents   0x00062f   0x15  Data  Lc  normal_mode.o [1]
NormalModeState         0x0006d4    0x1  Data  Gb  normal_mode.o [1]
PWR_UltraLowPowerCmd    0x00ee6f    0xd  Code  Gb  stm8l15x_pwr.o [1]
RTC_CSSLSE_IRQHandler   0x00e73e   0x29  Code  Gb  stm8l15x_it.o [1]
RTC_ClearITPendingBit   0x00eed6    0xa  Code  Gb  stm8l15x_rtc.o [1]
RTC_Config              0x00a454   0x86  Code  Gb  board.o [1]
RTC_DeInit              0x00cb5b   0xe2  Code  Gb  stm8l15x_rtc.o [1]
RTC_EnterInitMode       0x00e8b2   0x23  Code  Gb  stm8l15x_rtc.o [1]
RTC_ITConfig            0x00e35f   0x3c  Code  Gb  stm8l15x_rtc.o [1]
RTC_SetWakeUpCounter    0x00ed70   0x15  Code  Gb  stm8l15x_rtc.o [1]
RTC_WaitForSynchro      0x00e631   0x2f  Code  Gb  stm8l15x_rtc.o [1]
RTC_WakeUpClockConfig   0x00e8d5   0x23  Code  Gb  stm8l15x_rtc.o [1]
RTC_WakeUpCmd           0x00e40e   0x36  Code  Gb  stm8l15x_rtc.o [1]
Radio                   0x008480   0x51  Data  Gb  sx1276-board.o [1]
RadioEvents             0x0006cc    0x2  Data  Lc  sx1276.o [1]
RadioIsActive           0x0006d5    0x1  Data  Lc  sx1276-board.o [1]
RadioRegsInit           0x008503   0x30  Data  Gb  sx1276.o [1]
RadioTxBuffer           0x000579   0x3d  Data  Gb  board.o [1]
Region$$Table$$Base     0x008579          --   Gb  - Linker created -
Region$$Table$$Limit    0x00858d          --   Gb  - Linker created -
RxChainCalibration      0x0087ac   0xd3  Code  Lc  sx1276.o [1]
RxTimeoutSyncWord       0x0006aa    0xe  Data  Gb  sx1276.o [1]
RxTimeoutTimer          0x00069c    0xe  Data  Gb  sx1276.o [1]
RxTxBuffer              0x0005b6   0x3a  Data  Lc  sx1276.o [1]
SPI1_IRQHandler         0x00ef7a    0x1  Code  Gb  stm8l15x_it.o [1]
SPI_Cmd                 0x00ec7e    0xd  Code  Gb  stm8l15x_spi.o [1]
SPI_GetFlagStatus       0x00ed85   0x13  Code  Gb  stm8l15x_spi.o [1]
SPI_Init                0x00e444   0x34  Code  Gb  stm8l15x_spi.o [1]
SPI_ReceiveData         0x00ec90    0x5  Code  Gb  stm8l15x_spi.o [1]
SPI_SendData            0x00ec8b    0x5  Code  Gb  stm8l15x_spi.o [1]
SWITCH_CSS_BREAK_DAC_IRQHandler
                        0x00ef73    0x1  Code  Gb  stm8l15x_it.o [1]
SX1276                  0x000528   0x51  Data  Gb  sx1276.o [1]
SX1276AntSwDeInit       0x00eef4    0x9  Code  Gb  sx1276-board.o [1]
SX1276AntSwInit         0x00e7b7    0x9  Code  Gb  sx1276-board.o [1]
SX1276CheckRfFrequency  0x00ef61    0x3  Code  Gb  sx1276-board.o [1]
SX1276GetPaSelect       0x00edab   0x13  Code  Lc  sx1276-board.o [1]
SX1276GetStatus         0x008915    0x4  Code  Gb  sx1276.o [1]
SX1276Init              0x00887f   0x96  Code  Gb  sx1276.o [1]
SX1276IoInit            0x00ec1c   0x1a  Code  Gb  sx1276-board.o [1]
SX1276IoIrqInit         0x00d2fe   0x9d  Code  Gb  sx1276-board.o [1]
SX1276IsChannelFree     0x008919   0x6e  Code  Gb  sx1276.o [1]
SX1276OnDio0Irq         0x00b3d3  0x1d2  Code  Gb  sx1276.o [1]
SX1276OnDio1Irq         0x00e000   0x49  Code  Gb  sx1276.o [1]
SX1276OnDio2Irq         0x00d436   0x99  Code  Gb  sx1276.o [1]
SX1276OnDio3Irq         0x0091af   0x78  Code  Gb  sx1276.o [1]
SX1276OnTimeoutIrq      0x00d687   0x8c  Code  Gb  sx1276.o [1]
SX1276Random            0x008987   0x6f  Code  Gb  sx1276.o [1]
SX1276Read              0x0086a2   0x11  Code  Gb  sx1276.o [1]
SX1276ReadBuffer        0x00864d   0x55  Code  Gb  sx1276.o [1]
SX1276ReadFifo          0x00934c    0x7  Code  Gb  sx1276.o [1]
SX1276ReadRssi          0x009303   0x49  Code  Gb  sx1276.o [1]
SX1276Reset             0x00e660   0x2e  Code  Gb  sx1276-board.o [1]
SX1276Send              0x008ea1   0xa0  Code  Gb  sx1276.o [1]
SX1276SetAntSw          0x00ed05   0x16  Code  Gb  sx1276-board.o [1]
SX1276SetAntSwLowPower  0x00e7c0   0x1e  Code  Gb  sx1276-board.o [1]
SX1276SetBoardTcxo      0x00ef7c    0x1  Code  Lc  sx1276-board.o [1]
SX1276SetChannel        0x00876e   0x3e  Code  Gb  sx1276.o [1]
SX1276SetModem          0x0086f9   0x75  Code  Gb  sx1276.o [1]
SX1276SetOpMode         0x0086b3   0x2e  Code  Gb  sx1276.o [1]
SX1276SetPublicNetwork  0x00e714   0x2a  Code  Gb  sx1276.o [1]
SX1276SetRfTxPower      0x00cc3d   0xe2  Code  Gb  sx1276-board.o [1]
SX1276SetRx             0x008f41  0x26e  Code  Gb  sx1276.o [1]
SX1276SetRxConfig       0x0089f6  0x249  Code  Gb  sx1276.o [1]
SX1276SetSleep          0x0086e1   0x18  Code  Gb  sx1276.o [1]
SX1276SetStby           0x008e88   0x19  Code  Gb  sx1276.o [1]
SX1276SetTx             0x008e25   0x5c  Code  Gb  sx1276.o [1]
SX1276SetTxConfig       0x008c3f  0x1e6  Code  Gb  sx1276.o [1]
SX1276SetTxContinuousWave
                        0x009264   0x9f  Code  Gb  sx1276.o [1]
SX1276StartCad          0x009227   0x3d  Code  Gb  sx1276.o [1]
SX1276Write             0x00863f    0xe  Code  Gb  sx1276.o [1]
SX1276WriteBuffer       0x0085f2   0x4d  Code  Gb  sx1276.o [1]
SX1276WriteFifo         0x008e81    0x7  Code  Gb  sx1276.o [1]
SYSDivFactor            0x0085e6    0x5  Data  Gb  stm8l15x_clk.o [1]
SendFrameOnChannel      0x00b5a5  0x1cc  Code  Gb  LoRaMac.o [1]
SendJoinRequest         0x00be36  0x182  Code  Gb  LoRaMac.o [1]
SetRxCfg                0x00c39f  0x119  Code  Lc  lowpower_mode.o [1]
SetRxCfg                0x00dcc4   0x60  Code  Lc  wakeup_mode.o [1]
SetTxCfg                0x00dc63   0x61  Code  Lc  lowpower_mode.o [1]
SetTxCfg                0x00cdfa   0xce  Code  Lc  wakeup_mode.o [1]
SpiInOut                0x00e1a7   0x42  Code  Gb  spi-board.o [1]
SpiInit                 0x00dfb7   0x49  Code  Gb  spi-board.o [1]
SysTick_Handler         0x00a7d7   0x2b  Code  Gb  timer.o [1]
TIM1_CC_IRQHandler      0x00ef79    0x1  Code  Gb  stm8l15x_it.o [1]
TIM1_UPD_OVF_TRG_COM_IRQHandler
                        0x00ef78    0x1  Code  Gb  stm8l15x_it.o [1]
TIM2_CC_USART2_RX_IRQHandler
                        0x00ef75    0x1  Code  Gb  stm8l15x_it.o [1]
TIM2_ClearITPendingBit  0x00ef26    0x5  Code  Gb  stm8l15x_tim2.o [1]
TIM2_UPD_OVF_TRG_BRK_USART2_TX_IRQHandler
                        0x00eb8f   0x1d  Code  Gb  stm8l15x_it.o [1]
TIM3_CC_USART3_RX_IRQHandler
                        0x00ef77    0x1  Code  Gb  stm8l15x_it.o [1]
TIM3_UPD_OVF_TRG_BRK_USART3_TX_IRQHandler
                        0x00ef76    0x1  Code  Gb  stm8l15x_it.o [1]
TIM4_ClearFlag          0x00ef2b    0x5  Code  Gb  stm8l15x_tim4.o [1]
TIM4_ClearITPendingBit  0x00ef30    0x5  Code  Gb  stm8l15x_tim4.o [1]
TIM4_Cmd                0x00ee7c    0xd  Code  Gb  stm8l15x_tim4.o [1]
TIM4_Config             0x00a4da   0x4f  Code  Gb  board.o [1]
TIM4_ITConfig           0x00ed98   0x13  Code  Gb  stm8l15x_tim4.o [1]
TIM4_TimeBaseInit       0x00ede1   0x11  Code  Gb  stm8l15x_tim4.o [1]
TIM4_UPD_OVF_TRG_IRQHandler
                        0x00e93e   0x21  Code  Gb  stm8l15x_it.o [1]
TRAP_IRQHandler         0x00ef6b    0x1  Code  Gb  stm8l15x_it.o [1]
TestModeOnRadioTxTimeout
                        0x00da65   0x6a  Code  Gb  test_mode.o [1]
TestModeRadioEvents     0x000644   0x15  Data  Lc  test_mode.o [1]
TestModeState           0x0006d7    0x1  Data  Lc  test_mode.o [1]
TimerExists             0x00ec00   0x1c  Code  Lc  timer.o [1]
TimerGetCurrentTime     0x00ef12    0x7  Code  Gb  timer.o [1]
TimerGetElapsedTime     0x00a6e1   0x3c  Code  Gb  timer.o [1]
TimerGetValue           0x00a71d    0xb  Code  Gb  timer.o [1]
TimerInit               0x00a802   0x34  Code  Gb  timer.o [1]
TimerInsertNewHeadTimer
                        0x00a909   0x33  Code  Lc  timer.o [1]
TimerInsertTimer        0x00a836   0xd3  Code  Lc  timer.o [1]
TimerIrqHandler         0x00a728   0xaf  Code  Gb  timer.o [1]
TimerListHead           0x0006d0    0x2  Data  Lc  timer.o [1]
TimerSetTimeout         0x00a6cb   0x16  Code  Lc  timer.o [1]
TimerSetValue           0x00e8f8   0x23  Code  Gb  timer.o [1]
TimerStart              0x00d39b   0x9b  Code  Gb  timer.o [1]
TimerStop               0x00c98f   0xe8  Code  Gb  timer.o [1]
TxTimeoutTimer          0x00068e    0xe  Data  Gb  sx1276.o [1]
USART1_RX_TIM5_CC_IRQHandler
                        0x00e5a2   0x30  Code  Gb  stm8l15x_it.o [1]
USART1_TX_TIM5_UPD_OVF_TRG_BRK_IRQHandler
                        0x00dc00   0x63  Code  Gb  stm8l15x_it.o [1]
USART_ClearFlag         0x00ef35    0x5  Code  Gb  stm8l15x_usart.o [1]
USART_ClearITPendingBit
                        0x00ef3a    0x5  Code  Gb  stm8l15x_usart.o [1]
USART_Cmd               0x00ee02   0x10  Code  Gb  stm8l15x_usart.o [1]
USART_DeInit            0x00e5d2   0x30  Code  Gb  stm8l15x_usart.o [1]
USART_GetFlagStatus     0x00eb18   0x1e  Code  Gb  stm8l15x_usart.o [1]
USART_ITConfig          0x00d9f6   0x6f  Code  Gb  stm8l15x_usart.o [1]
USART_Init              0x00d713   0x86  Code  Gb  stm8l15x_usart.o [1]
USART_ReceiveData8      0x00ef5b    0x3  Code  Gb  stm8l15x_usart.o [1]
USART_SendData8         0x00ef5e    0x3  Code  Gb  stm8l15x_usart.o [1]
WWDG_Config             0x00ef6a    0x1  Code  Lc  board.o [1]
WakeUpModeOnRxDone      0x00d563   0x94  Code  Gb  wakeup_mode.o [1]
WakeUpModeOnRxError     0x00ea7f   0x20  Code  Gb  wakeup_mode.o [1]
WakeUpModeOnRxTimeout   0x00ea5f   0x20  Code  Gb  wakeup_mode.o [1]
WakeUpModeOnTxDone      0x00ea1f   0x20  Code  Gb  wakeup_mode.o [1]
WakeUpModeOnTxTimeout   0x00ea3f   0x20  Code  Gb  wakeup_mode.o [1]
WakeUpModeRadioEvents   0x000659   0x15  Data  Lc  wakeup_mode.o [1]
WakeUpModeState         0x0006d8    0x1  Data  Gb  wakeup_mode.o [1]
__DebugBreak            0x00ef7d    0x1  Code  Gb  __dbg_break.o [3]
__eeprom_write_16       0x00e0d8   0x46  Code  Gb  eeprom.o [1]
__eeprom_write_32       0x00d81f   0x77  Code  Gb  eeprom.o [1]
__eeprom_write_8        0x00e510   0x31  Code  Gb  eeprom.o [1]
__exit                  0x00ed1b   0x16  Code  Gb  __dbg_xxexit.o [3]
__iar_copy_init2        0x00e78f         Code  Gb  init_small.o [4]
__iar_data_init2        0x00eb36   0x1e  Code  Gb  init.o [4]
__iar_program_start     0x00ec95         Code  Gb  cstartup.o [4]
__iar_unhandled_exception
                        0x00ef67         Code  Gb  unhandled_exception.o [4]
__iar_zero_init2        0x00eb54         Code  Gb  init_small.o [4]
__intvec                0x008000         Data  Gb  interrupt.o [4]
__low_level_init        0x00ef64    0x3  Code  Gb  low_level_init.o [4]
_exit                   0x00ef20         Code  Gb  cexit.o [4]
_interrupt_1            0x00ef6b         Code  Gb  stm8l15x_it.o [1]
_interrupt_10           0x00eb72         Code  Gb  stm8l15x_it.o [1]
_interrupt_11           0x00eabe         Code  Gb  stm8l15x_it.o [1]
_interrupt_12           0x00cec8         Code  Gb  stm8l15x_it.o [1]
_interrupt_13           0x00e849         Code  Gb  stm8l15x_it.o [1]
_interrupt_14           0x00e86c         Code  Gb  stm8l15x_it.o [1]
_interrupt_15           0x00e88f         Code  Gb  stm8l15x_it.o [1]
_interrupt_16           0x00eadc         Code  Gb  stm8l15x_it.o [1]
_interrupt_17           0x00eafa         Code  Gb  stm8l15x_it.o [1]
_interrupt_18           0x00ef72         Code  Gb  stm8l15x_it.o [1]
_interrupt_19           0x00ef73         Code  Gb  stm8l15x_it.o [1]
_interrupt_20           0x00ef74         Code  Gb  stm8l15x_it.o [1]
_interrupt_21           0x00eb8f         Code  Gb  stm8l15x_it.o [1]
_interrupt_22           0x00ef75         Code  Gb  stm8l15x_it.o [1]
_interrupt_23           0x00ef76         Code  Gb  stm8l15x_it.o [1]
_interrupt_24           0x00ef77         Code  Gb  stm8l15x_it.o [1]
_interrupt_25           0x00ef78         Code  Gb  stm8l15x_it.o [1]
_interrupt_26           0x00ef79         Code  Gb  stm8l15x_it.o [1]
_interrupt_27           0x00e93e         Code  Gb  stm8l15x_it.o [1]
_interrupt_28           0x00ef7a         Code  Gb  stm8l15x_it.o [1]
_interrupt_29           0x00dc00         Code  Gb  stm8l15x_it.o [1]
_interrupt_3            0x00ef6c         Code  Gb  stm8l15x_it.o [1]
_interrupt_30           0x00e5a2         Code  Gb  stm8l15x_it.o [1]
_interrupt_31           0x00ef7b         Code  Gb  stm8l15x_it.o [1]
_interrupt_4            0x00ef6d         Code  Gb  stm8l15x_it.o [1]
_interrupt_5            0x00ef6e         Code  Gb  stm8l15x_it.o [1]
_interrupt_6            0x00e73e         Code  Gb  stm8l15x_it.o [1]
_interrupt_7            0x00ef6f         Code  Gb  stm8l15x_it.o [1]
_interrupt_8            0x00ef70         Code  Gb  stm8l15x_it.o [1]
_interrupt_9            0x00ef71         Code  Gb  stm8l15x_it.o [1]
aBlock                  0x000020   0x10  Data  Lc  LoRaMacCrypto.o [1]
aLarmTimerTime          0x00003a    0x4  Data  Gb  timer.o [1]
add_round_key           0x00b1d3    0x4  Code  Lc  aes.o [1]
aes_encrypt             0x00d896   0x76  Code  Gb  aes.o [1]
aes_set_key             0x00c27b  0x124  Code  Gb  aes.o [1]
cfg_parm_dump_to_ram    0x00cd1f   0xdb  Code  Gb  cfg_parm.o [1]
cfg_parm_factory_reset  0x00c12d  0x14e  Code  Gb  cfg_parm.o [1]
cfg_parm_get_air_bandwith
                        0x00edf2   0x10  Code  Gb  cfg_parm.o [1]
cfg_parm_get_air_baud   0x00d982   0x74  Code  Gb  cfg_parm.o [1]
cfg_parm_get_air_sf     0x00e22a   0x3f  Code  Gb  cfg_parm.o [1]
cfg_parm_get_tx_power   0x00ebc8   0x1c  Code  Gb  cfg_parm.o [1]
cfg_parm_get_uart_baud  0x00dacf   0x68  Code  Gb  cfg_parm.o [1]
cfg_parm_get_uart_parity
                        0x00ec67   0x17  Code  Gb  cfg_parm.o [1]
cfg_parm_get_wakeup_time
                        0x00e269   0x3f  Code  Gb  cfg_parm.o [1]
cfg_parm_restore        0x00c5ca   0xf6  Code  Gb  cfg_parm.o [1]
config_mode_routin      0x009ec3  0x2e6  Code  Gb  config_mode.o [1]
copy_and_key            0x00b0d1  0x102  Code  Lc  aes.o [1]
copy_block              0x00d1b1   0xa7  Code  Lc  aes.o [1]
copy_block_nn           0x00ecc3   0x16  Code  Lc  aes.o [1]
cpystr                  0x00ed31   0x15  Code  Gb  hex.o [1]
crc8                    0x00e767   0x28  Code  Gb  crc8.o [1]
crc8_table              0x000157  0x100  Data  Gb  crc8.o [1]
delay_10us              0x00de82   0x51  Code  Gb  delay.o [1]
evnames                 0x000030    0xa  Data  Lc  modem.o [1]
exit                    0x00ef57    0x4  Code  Gb  exit.o [4]
frame_init              0x00e803   0x23  Code  Gb  frame.o [1]
frame_rx                0x00c7b3   0xee  Code  Gb  frame.o [1]
gethex                  0x00ded3   0x51  Code  Gb  hex.o [1]
gfm2_sbox               0x008180  0x100  Data  Lc  aes.o [1]
gfm3_sbox               0x008280  0x100  Data  Lc  aes.o [1]
hexval                  0x008380  0x100  Data  Lc  hex.o [1]
init_crc8               0x00e164   0x43  Code  Gb  crc8.o [1]
lowpower_mode_routin    0x00bfb8  0x175  Code  Gb  lowpower_mode.o [1]
main                    0x00e049   0x48  Code  Gb  main.o [1]
memcpy1                 0x00e91b   0x23  Code  Gb  utilities.o [1]
memcpyr                 0x00e6e8   0x2c  Code  Gb  utilities.o [1]
memset                  0x00ecac   0x17  Code  Gb  memset.o [4]
memset1                 0x00ec4f   0x18  Code  Gb  utilities.o [1]
mix_sub_columns         0x00a93c  0x25a  Code  Lc  aes.o [1]
modem_init              0x00ebe4   0x1c  Code  Gb  modem.o [1]
modem_rxdone            0x009b8f  0x334  Code  Gb  modem.o [1]
next                    0x00003e    0x4  Data  Lc  utilities.o [1]
normal_mode_routin      0x00a1a9  0x2aa  Code  Gb  normal_mode.o [1]
onEvent                 0x00df6e   0x49  Code  Gb  modem.o [1]
putchar                 0x00e602   0x2f  Code  Gb  comport.o [1]
puthex                  0x00e2a8   0x3f  Code  Gb  hex.o [1]
rand1                   0x00e478   0x34  Code  Gb  utilities.o [1]
reverse                 0x00e1e9   0x41  Code  Gb  hex.o [1]
ring_buffer_dequeue     0x00ea9f   0x1f  Code  Gb  ring_buf.o [1]
ring_buffer_dequeue_arr
                        0x00e39b   0x3a  Code  Gb  ring_buf.o [1]
ring_buffer_init        0x00ecd9   0x16  Code  Gb  ring_buf.o [1]
ring_buffer_is_empty    0x00ee89    0xc  Code  Gb  ring_buf.o [1]
ring_buffer_queue_arr   0x00e541   0x31  Code  Gb  ring_buf.o [1]
ringbuf_elements        0x00e7de   0x25  Code  Gb  ring_buf.o [1]
ringbuf_get             0x00e091   0x47  Code  Gb  ring_buf.o [1]
ringbuf_put             0x00de2d   0x55  Code  Gb  ring_buf.o [1]
rxframe                 0x0006b8    0x8  Data  Gb  frame.o [1]
sBlock                  0x00067e   0x10  Data  Lc  LoRaMacCrypto.o [1]
sTartAlarmTimerTime     0x0006c4    0x4  Data  Gb  timer.o [1]
sbox                    0x008080  0x100  Data  Lc  aes.o [1]
shift_sub_rows          0x00c6c0   0xf3  Code  Lc  aes.o [1]
srand1                  0x00ef19    0x7  Code  Gb  utilities.o [1]
stManufactureParm       0x001057   0x14  Data  Gb  manufacture_parm.o [1]
stNvCfgParm             0x001000   0x57  Data  Gb  cfg_parm.o [1]
stTmpCfgParm            0x0004d1   0x57  Data  Gb  cfg_parm.o [1]
strlen                  0x00edbe   0x12  Code  Gb  strlen.o [4]
systick                 0x0006c0    0x4  Data  Gb  timer.o [1]
test_mode_routin        0x00d799   0x86  Code  Gb  test_mode.o [1]
tolower                 0x00edd0   0x11  Code  Gb  hex.o [1]
uart_rx_ring_buf        0x000348   0x83  Data  Gb  comport.o [1]
uart_tx_ring_buf        0x0003cb   0x83  Data  Gb  comport.o [1]
wakeup_mode_routin      0x00adb5  0x212  Code  Gb  wakeup_mode.o [1]
xor_block               0x00afc7  0x10a  Code  Lc  aes.o [1]


[1] = D:\stm8lora\src\stm8l15x-sx1278\STM8L15x-16x-05x-AL31-L_StdPeriph_Lib\Project\STM8L151G6U6_Sx1278\EWSTM8\STM8L15X_MD(STM8L15xx4_6)\Obj
[2] = command line
[3] = dbgstm8mmd.a
[4] = dlstm8mmf.a

  27 020 bytes of readonly  code memory
   1 522 bytes of readonly  data memory
   1 988 bytes of readwrite data memory

Errors: none
Warnings: none
