###############################################################################
#
# IAR ELF Linker V2.20.1.176 for STM8                     27/Nov/2018  20:17:01
# Copyright 2010-2015 IAR Systems AB.
#
#    Output file  =  
#        D:\stm8lora\src\stm8l15x-sx1278\STM8L15x-16x-05x-AL31-L_StdPeriph_Lib\Project\STM8L151G6U6_Sx1278\EWSTM8\STM8L15X_MD(STM8L15xx4_6)\Exe\project.out
#    Map file     =  
#        D:\stm8lora\src\stm8l15x-sx1278\STM8L15x-16x-05x-AL31-L_StdPeriph_Lib\Project\STM8L151G6U6_Sx1278\EWSTM8\STM8L15X_MD(STM8L15xx4_6)\List\project.map
#    Command line =  
#        "D:\stm8lora\src\stm8l15x-sx1278\STM8L15x-16x-05x-AL31-L_StdPeriph_Lib\Project\STM8L151G6U6_Sx1278\EWSTM8\STM8L15X_MD(STM8L15xx4_6)\Obj\board.o"
#        "D:\stm8lora\src\stm8l15x-sx1278\STM8L15x-16x-05x-AL31-L_StdPeriph_Lib\Project\STM8L151G6U6_Sx1278\EWSTM8\STM8L15X_MD(STM8L15xx4_6)\Obj\cfg_parm.o"
#        "D:\stm8lora\src\stm8l15x-sx1278\STM8L15x-16x-05x-AL31-L_StdPeriph_Lib\Project\STM8L151G6U6_Sx1278\EWSTM8\STM8L15X_MD(STM8L15xx4_6)\Obj\comport.o"
#        "D:\stm8lora\src\stm8l15x-sx1278\STM8L15x-16x-05x-AL31-L_StdPeriph_Lib\Project\STM8L151G6U6_Sx1278\EWSTM8\STM8L15X_MD(STM8L15xx4_6)\Obj\config_mode.o"
#        "D:\stm8lora\src\stm8l15x-sx1278\STM8L15x-16x-05x-AL31-L_StdPeriph_Lib\Project\STM8L151G6U6_Sx1278\EWSTM8\STM8L15X_MD(STM8L15xx4_6)\Obj\delay.o"
#        "D:\stm8lora\src\stm8l15x-sx1278\STM8L15x-16x-05x-AL31-L_StdPeriph_Lib\Project\STM8L151G6U6_Sx1278\EWSTM8\STM8L15X_MD(STM8L15xx4_6)\Obj\eeprom.o"
#        "D:\stm8lora\src\stm8l15x-sx1278\STM8L15x-16x-05x-AL31-L_StdPeriph_Lib\Project\STM8L151G6U6_Sx1278\EWSTM8\STM8L15X_MD(STM8L15xx4_6)\Obj\lowpower_mode.o"
#        "D:\stm8lora\src\stm8l15x-sx1278\STM8L15x-16x-05x-AL31-L_StdPeriph_Lib\Project\STM8L151G6U6_Sx1278\EWSTM8\STM8L15X_MD(STM8L15xx4_6)\Obj\main.o"
#        "D:\stm8lora\src\stm8l15x-sx1278\STM8L15x-16x-05x-AL31-L_StdPeriph_Lib\Project\STM8L151G6U6_Sx1278\EWSTM8\STM8L15X_MD(STM8L15xx4_6)\Obj\manufacture_parm.o"
#        "D:\stm8lora\src\stm8l15x-sx1278\STM8L15x-16x-05x-AL31-L_StdPeriph_Lib\Project\STM8L151G6U6_Sx1278\EWSTM8\STM8L15X_MD(STM8L15xx4_6)\Obj\normal_mode.o"
#        "D:\stm8lora\src\stm8l15x-sx1278\STM8L15x-16x-05x-AL31-L_StdPeriph_Lib\Project\STM8L151G6U6_Sx1278\EWSTM8\STM8L15X_MD(STM8L15xx4_6)\Obj\radio.o"
#        "D:\stm8lora\src\stm8l15x-sx1278\STM8L15x-16x-05x-AL31-L_StdPeriph_Lib\Project\STM8L151G6U6_Sx1278\EWSTM8\STM8L15X_MD(STM8L15xx4_6)\Obj\ring_buf.o"
#        "D:\stm8lora\src\stm8l15x-sx1278\STM8L15x-16x-05x-AL31-L_StdPeriph_Lib\Project\STM8L151G6U6_Sx1278\EWSTM8\STM8L15X_MD(STM8L15xx4_6)\Obj\stm8l15x_adc.o"
#        "D:\stm8lora\src\stm8l15x-sx1278\STM8L15x-16x-05x-AL31-L_StdPeriph_Lib\Project\STM8L151G6U6_Sx1278\EWSTM8\STM8L15X_MD(STM8L15xx4_6)\Obj\stm8l15x_beep.o"
#        "D:\stm8lora\src\stm8l15x-sx1278\STM8L15x-16x-05x-AL31-L_StdPeriph_Lib\Project\STM8L151G6U6_Sx1278\EWSTM8\STM8L15X_MD(STM8L15xx4_6)\Obj\stm8l15x_clk.o"
#        "D:\stm8lora\src\stm8l15x-sx1278\STM8L15x-16x-05x-AL31-L_StdPeriph_Lib\Project\STM8L151G6U6_Sx1278\EWSTM8\STM8L15X_MD(STM8L15xx4_6)\Obj\stm8l15x_comp.o"
#        "D:\stm8lora\src\stm8l15x-sx1278\STM8L15x-16x-05x-AL31-L_StdPeriph_Lib\Project\STM8L151G6U6_Sx1278\EWSTM8\STM8L15X_MD(STM8L15xx4_6)\Obj\stm8l15x_dac.o"
#        "D:\stm8lora\src\stm8l15x-sx1278\STM8L15x-16x-05x-AL31-L_StdPeriph_Lib\Project\STM8L151G6U6_Sx1278\EWSTM8\STM8L15X_MD(STM8L15xx4_6)\Obj\stm8l15x_dma.o"
#        "D:\stm8lora\src\stm8l15x-sx1278\STM8L15x-16x-05x-AL31-L_StdPeriph_Lib\Project\STM8L151G6U6_Sx1278\EWSTM8\STM8L15X_MD(STM8L15xx4_6)\Obj\stm8l15x_exti.o"
#        "D:\stm8lora\src\stm8l15x-sx1278\STM8L15x-16x-05x-AL31-L_StdPeriph_Lib\Project\STM8L151G6U6_Sx1278\EWSTM8\STM8L15X_MD(STM8L15xx4_6)\Obj\stm8l15x_flash.o"
#        "D:\stm8lora\src\stm8l15x-sx1278\STM8L15x-16x-05x-AL31-L_StdPeriph_Lib\Project\STM8L151G6U6_Sx1278\EWSTM8\STM8L15X_MD(STM8L15xx4_6)\Obj\stm8l15x_gpio.o"
#        "D:\stm8lora\src\stm8l15x-sx1278\STM8L15x-16x-05x-AL31-L_StdPeriph_Lib\Project\STM8L151G6U6_Sx1278\EWSTM8\STM8L15X_MD(STM8L15xx4_6)\Obj\stm8l15x_i2c.o"
#        "D:\stm8lora\src\stm8l15x-sx1278\STM8L15x-16x-05x-AL31-L_StdPeriph_Lib\Project\STM8L151G6U6_Sx1278\EWSTM8\STM8L15X_MD(STM8L15xx4_6)\Obj\stm8l15x_irtim.o"
#        "D:\stm8lora\src\stm8l15x-sx1278\STM8L15x-16x-05x-AL31-L_StdPeriph_Lib\Project\STM8L151G6U6_Sx1278\EWSTM8\STM8L15X_MD(STM8L15xx4_6)\Obj\stm8l15x_it.o"
#        "D:\stm8lora\src\stm8l15x-sx1278\STM8L15x-16x-05x-AL31-L_StdPeriph_Lib\Project\STM8L151G6U6_Sx1278\EWSTM8\STM8L15X_MD(STM8L15xx4_6)\Obj\stm8l15x_itc.o"
#        "D:\stm8lora\src\stm8l15x-sx1278\STM8L15x-16x-05x-AL31-L_StdPeriph_Lib\Project\STM8L151G6U6_Sx1278\EWSTM8\STM8L15X_MD(STM8L15xx4_6)\Obj\stm8l15x_iwdg.o"
#        "D:\stm8lora\src\stm8l15x-sx1278\STM8L15x-16x-05x-AL31-L_StdPeriph_Lib\Project\STM8L151G6U6_Sx1278\EWSTM8\STM8L15X_MD(STM8L15xx4_6)\Obj\stm8l15x_lcd.o"
#        "D:\stm8lora\src\stm8l15x-sx1278\STM8L15x-16x-05x-AL31-L_StdPeriph_Lib\Project\STM8L151G6U6_Sx1278\EWSTM8\STM8L15X_MD(STM8L15xx4_6)\Obj\stm8l15x_pwr.o"
#        "D:\stm8lora\src\stm8l15x-sx1278\STM8L15x-16x-05x-AL31-L_StdPeriph_Lib\Project\STM8L151G6U6_Sx1278\EWSTM8\STM8L15X_MD(STM8L15xx4_6)\Obj\stm8l15x_rst.o"
#        "D:\stm8lora\src\stm8l15x-sx1278\STM8L15x-16x-05x-AL31-L_StdPeriph_Lib\Project\STM8L151G6U6_Sx1278\EWSTM8\STM8L15X_MD(STM8L15xx4_6)\Obj\stm8l15x_rtc.o"
#        "D:\stm8lora\src\stm8l15x-sx1278\STM8L15x-16x-05x-AL31-L_StdPeriph_Lib\Project\STM8L151G6U6_Sx1278\EWSTM8\STM8L15X_MD(STM8L15xx4_6)\Obj\stm8l15x_spi.o"
#        "D:\stm8lora\src\stm8l15x-sx1278\STM8L15x-16x-05x-AL31-L_StdPeriph_Lib\Project\STM8L151G6U6_Sx1278\EWSTM8\STM8L15X_MD(STM8L15xx4_6)\Obj\stm8l15x_syscfg.o"
#        "D:\stm8lora\src\stm8l15x-sx1278\STM8L15x-16x-05x-AL31-L_StdPeriph_Lib\Project\STM8L151G6U6_Sx1278\EWSTM8\STM8L15X_MD(STM8L15xx4_6)\Obj\stm8l15x_tim1.o"
#        "D:\stm8lora\src\stm8l15x-sx1278\STM8L15x-16x-05x-AL31-L_StdPeriph_Lib\Project\STM8L151G6U6_Sx1278\EWSTM8\STM8L15X_MD(STM8L15xx4_6)\Obj\stm8l15x_tim2.o"
#        "D:\stm8lora\src\stm8l15x-sx1278\STM8L15x-16x-05x-AL31-L_StdPeriph_Lib\Project\STM8L151G6U6_Sx1278\EWSTM8\STM8L15X_MD(STM8L15xx4_6)\Obj\stm8l15x_tim3.o"
#        "D:\stm8lora\src\stm8l15x-sx1278\STM8L15x-16x-05x-AL31-L_StdPeriph_Lib\Project\STM8L151G6U6_Sx1278\EWSTM8\STM8L15X_MD(STM8L15xx4_6)\Obj\stm8l15x_tim4.o"
#        "D:\stm8lora\src\stm8l15x-sx1278\STM8L15x-16x-05x-AL31-L_StdPeriph_Lib\Project\STM8L151G6U6_Sx1278\EWSTM8\STM8L15X_MD(STM8L15xx4_6)\Obj\stm8l15x_tim5.o"
#        "D:\stm8lora\src\stm8l15x-sx1278\STM8L15x-16x-05x-AL31-L_StdPeriph_Lib\Project\STM8L151G6U6_Sx1278\EWSTM8\STM8L15X_MD(STM8L15xx4_6)\Obj\stm8l15x_usart.o"
#        "D:\stm8lora\src\stm8l15x-sx1278\STM8L15x-16x-05x-AL31-L_StdPeriph_Lib\Project\STM8L151G6U6_Sx1278\EWSTM8\STM8L15X_MD(STM8L15xx4_6)\Obj\stm8l15x_wfe.o"
#        "D:\stm8lora\src\stm8l15x-sx1278\STM8L15x-16x-05x-AL31-L_StdPeriph_Lib\Project\STM8L151G6U6_Sx1278\EWSTM8\STM8L15X_MD(STM8L15xx4_6)\Obj\stm8l15x_wwdg.o"
#        "D:\stm8lora\src\stm8l15x-sx1278\STM8L15x-16x-05x-AL31-L_StdPeriph_Lib\Project\STM8L151G6U6_Sx1278\EWSTM8\STM8L15X_MD(STM8L15xx4_6)\Obj\sx1232-Hal.o"
#        "D:\stm8lora\src\stm8l15x-sx1278\STM8L15x-16x-05x-AL31-L_StdPeriph_Lib\Project\STM8L151G6U6_Sx1278\EWSTM8\STM8L15X_MD(STM8L15xx4_6)\Obj\sx1232-Misc.o"
#        "D:\stm8lora\src\stm8l15x-sx1278\STM8L15x-16x-05x-AL31-L_StdPeriph_Lib\Project\STM8L151G6U6_Sx1278\EWSTM8\STM8L15X_MD(STM8L15xx4_6)\Obj\sx1232.o"
#        "D:\stm8lora\src\stm8l15x-sx1278\STM8L15x-16x-05x-AL31-L_StdPeriph_Lib\Project\STM8L151G6U6_Sx1278\EWSTM8\STM8L15X_MD(STM8L15xx4_6)\Obj\sx1272-Fsk.o"
#        "D:\stm8lora\src\stm8l15x-sx1278\STM8L15x-16x-05x-AL31-L_StdPeriph_Lib\Project\STM8L151G6U6_Sx1278\EWSTM8\STM8L15X_MD(STM8L15xx4_6)\Obj\sx1272-FskMisc.o"
#        "D:\stm8lora\src\stm8l15x-sx1278\STM8L15x-16x-05x-AL31-L_StdPeriph_Lib\Project\STM8L151G6U6_Sx1278\EWSTM8\STM8L15X_MD(STM8L15xx4_6)\Obj\sx1272-Hal.o"
#        "D:\stm8lora\src\stm8l15x-sx1278\STM8L15x-16x-05x-AL31-L_StdPeriph_Lib\Project\STM8L151G6U6_Sx1278\EWSTM8\STM8L15X_MD(STM8L15xx4_6)\Obj\sx1272-LoRa.o"
#        "D:\stm8lora\src\stm8l15x-sx1278\STM8L15x-16x-05x-AL31-L_StdPeriph_Lib\Project\STM8L151G6U6_Sx1278\EWSTM8\STM8L15X_MD(STM8L15xx4_6)\Obj\sx1272-LoRaMisc.o"
#        "D:\stm8lora\src\stm8l15x-sx1278\STM8L15x-16x-05x-AL31-L_StdPeriph_Lib\Project\STM8L151G6U6_Sx1278\EWSTM8\STM8L15X_MD(STM8L15xx4_6)\Obj\sx1272.o"
#        "D:\stm8lora\src\stm8l15x-sx1278\STM8L15x-16x-05x-AL31-L_StdPeriph_Lib\Project\STM8L151G6U6_Sx1278\EWSTM8\STM8L15X_MD(STM8L15xx4_6)\Obj\sx1276-Fsk.o"
#        "D:\stm8lora\src\stm8l15x-sx1278\STM8L15x-16x-05x-AL31-L_StdPeriph_Lib\Project\STM8L151G6U6_Sx1278\EWSTM8\STM8L15X_MD(STM8L15xx4_6)\Obj\sx1276-FskMisc.o"
#        "D:\stm8lora\src\stm8l15x-sx1278\STM8L15x-16x-05x-AL31-L_StdPeriph_Lib\Project\STM8L151G6U6_Sx1278\EWSTM8\STM8L15X_MD(STM8L15xx4_6)\Obj\sx1276-Hal.o"
#        "D:\stm8lora\src\stm8l15x-sx1278\STM8L15x-16x-05x-AL31-L_StdPeriph_Lib\Project\STM8L151G6U6_Sx1278\EWSTM8\STM8L15X_MD(STM8L15xx4_6)\Obj\sx1276-LoRa.o"
#        "D:\stm8lora\src\stm8l15x-sx1278\STM8L15x-16x-05x-AL31-L_StdPeriph_Lib\Project\STM8L151G6U6_Sx1278\EWSTM8\STM8L15X_MD(STM8L15xx4_6)\Obj\sx1276-LoRaMisc.o"
#        "D:\stm8lora\src\stm8l15x-sx1278\STM8L15x-16x-05x-AL31-L_StdPeriph_Lib\Project\STM8L151G6U6_Sx1278\EWSTM8\STM8L15X_MD(STM8L15xx4_6)\Obj\sx1276.o"
#        "D:\stm8lora\src\stm8l15x-sx1278\STM8L15x-16x-05x-AL31-L_StdPeriph_Lib\Project\STM8L151G6U6_Sx1278\EWSTM8\STM8L15X_MD(STM8L15xx4_6)\Obj\system.o"
#        "D:\stm8lora\src\stm8l15x-sx1278\STM8L15x-16x-05x-AL31-L_StdPeriph_Lib\Project\STM8L151G6U6_Sx1278\EWSTM8\STM8L15X_MD(STM8L15xx4_6)\Obj\test_mode.o"
#        "D:\stm8lora\src\stm8l15x-sx1278\STM8L15x-16x-05x-AL31-L_StdPeriph_Lib\Project\STM8L151G6U6_Sx1278\EWSTM8\STM8L15X_MD(STM8L15xx4_6)\Obj\timer.o"
#        "D:\stm8lora\src\stm8l15x-sx1278\STM8L15x-16x-05x-AL31-L_StdPeriph_Lib\Project\STM8L151G6U6_Sx1278\EWSTM8\STM8L15X_MD(STM8L15xx4_6)\Obj\utilities.o"
#        "D:\stm8lora\src\stm8l15x-sx1278\STM8L15x-16x-05x-AL31-L_StdPeriph_Lib\Project\STM8L151G6U6_Sx1278\EWSTM8\STM8L15X_MD(STM8L15xx4_6)\Obj\wakeup_mode.o"
#        --redirect _Printf=_PrintfFullNoMb --redirect _Scanf=_ScanfFullNoMb -o
#        "D:\stm8lora\src\stm8l15x-sx1278\STM8L15x-16x-05x-AL31-L_StdPeriph_Lib\Project\STM8L151G6U6_Sx1278\EWSTM8\STM8L15X_MD(STM8L15xx4_6)\Exe\project.out"
#        --map
#        "D:\stm8lora\src\stm8l15x-sx1278\STM8L15x-16x-05x-AL31-L_StdPeriph_Lib\Project\STM8L151G6U6_Sx1278\EWSTM8\STM8L15X_MD(STM8L15xx4_6)\List\project.map"
#        --config "C:\Program Files (x86)\IAR Systems\Embedded Workbench
#        7.3\stm8\config\lnkstm8l151g6.icf" --config_def _CSTACK_SIZE=0x300
#        --config_def _HEAP_SIZE=0x00 --entry __iar_program_start --debug_lib
#
###############################################################################

*******************************************************************************
*** RUNTIME MODEL ATTRIBUTES
***

__Heap_Handler             = Basic
__SystemLibrary            = DLib
__code_model               = medium_or_large
__core                     = stm8
__data_model               = medium
__dlib_file_descriptor     = 1
__dlib_full_locale_support = 1
__rt_version               = 4


*******************************************************************************
*** PLACEMENT SUMMARY
***

"A1":  place at start of [0x000000-0x0000ff] { rw section .vregs };
"A2":  place at end of [0x000000-0x0007ff] { block CSTACK };
"P2":  place in [from 0x000000 to 0x0007ff] {
          block HEAP, rw section __DLIB_PERTHREAD, rw section .far.bss,
          rw section .far.data, rw section .far.noinit,
          rw section .far_func.textrw, rw section .huge.bss,
          rw section .huge.data, rw section .huge.noinit,
          rw section .huge_func.textrw, rw section .iar.dynexit,
          rw section .near.bss, rw section .near.data, rw section .near.noinit,
          rw section .near_func.textrw };
"A3":  place at start of [0x008000-0x00ffff] { block INTVEC };
"P3":  place in [from 0x008000 to 0x00ffff] {
          ro section __DLIB_PERTHREAD_init, ro section .far.data_init,
          ro section .far_func.textrw_init, ro section .huge.data_init,
          ro section .huge_func.textrw_init, ro section .iar.init_table,
          ro section .init_array, ro section .near.data_init,
          ro section .near.rodata, ro section .near_func.text,
          ro section .near_func.textrw_init, ro section .tiny.data_init,
          ro section .tiny.rodata_init };
"P4":  place in [from 0x008000 to 0x00ffff] {
          ro section .far.rodata, ro section .far_func.text };
"P7":  place in [from 0x001000 to 0x0013ff] { section .eeprom.data };

  Section            Kind      Address    Size  Object
  -------            ----      -------    ----  ------
"A1":                                     0x10
  .vregs             uninit   0x000000    0x10  vregs.o [4]
                            - 0x000010    0x10

"P2", part 1 of 2:                        0x6a
  P2-1                        0x000010    0x6a  <Init block>
    .near.data       inited   0x000010     0x2  normal_mode.o [1]
    .near.data       inited   0x000012     0x1  normal_mode.o [1]
    .near.data       inited   0x000013    0x18  sx1276-Fsk.o [1]
    .near.data       inited   0x00002b     0x1  sx1276-Fsk.o [1]
    .near.data       inited   0x00002c     0x1  sx1276-Fsk.o [1]
    .near.data       inited   0x00002d     0x1  sx1276-Fsk.o [1]
    .near.data       inited   0x00002e     0x1  sx1276-Fsk.o [1]
    .near.data       inited   0x00002f    0x16  sx1276-LoRa.o [1]
    .near.data       inited   0x000045     0x1  sx1276-LoRa.o [1]
    .near.data       inited   0x000046     0x1  sx1276-LoRa.o [1]
    .near.data       inited   0x000047     0x1  sx1276-LoRa.o [1]
    .near.data       inited   0x000048     0x4  timer.o [1]
    .near.data       inited   0x00004c    0x2e  localeconv.o [4]
                            - 0x00007a    0x6a

"P2", part 2 of 2:                       0x3e6
  .near.bss          zero     0x00007a   0x100  sx1276-Fsk.o [1]
  .near.bss          zero     0x00017a   0x100  sx1276-LoRa.o [1]
  .near.bss          zero     0x00027a    0x83  comport.o [1]
  .near.bss          zero     0x0002fd    0x83  comport.o [1]
  .near.bss          zero     0x000380    0x70  sx1276.o [1]
  .near.bss          zero     0x0003f0    0x12  radio.o [1]
  .near.bss          zero     0x000402     0x9  normal_mode.o [1]
  .near.bss          zero     0x00040b     0x5  cfg_parm.o [1]
  .near.bss          zero     0x000410     0x4  sx1276-Fsk.o [1]
  .near.bss          zero     0x000414     0x4  sx1276-Fsk.o [1]
  .near.bss          zero     0x000418     0x4  sx1276-Fsk.o [1]
  .near.bss          zero     0x00041c     0x4  sx1276-Fsk.o [1]
  .near.bss          zero     0x000420     0x4  sx1276-Fsk.o [1]
  .near.bss          zero     0x000424     0x4  sx1276-Fsk.o [1]
  .near.bss          zero     0x000428     0x4  sx1276-Fsk.o [1]
  .near.bss          zero     0x00042c     0x4  sx1276-LoRa.o [1]
  .near.bss          zero     0x000430     0x4  sx1276-LoRa.o [1]
  .near.bss          zero     0x000434     0x4  sx1276-LoRa.o [1]
  .near.bss          zero     0x000438     0x4  timer.o [1]
  .near.bss          zero     0x00043c     0x4  timer.o [1]
  .near.bss          zero     0x000440     0x3  localeconv.o [4]
  .near.bss          zero     0x000443     0x2  board.o [1]
  .near.bss          zero     0x000445     0x2  sx1276-Fsk.o [1]
  .near.bss          zero     0x000447     0x2  sx1276-Fsk.o [1]
  .near.bss          zero     0x000449     0x2  sx1276-Fsk.o [1]
  .near.bss          zero     0x00044b     0x2  sx1276-LoRa.o [1]
  .near.bss          zero     0x00044d     0x2  sx1276-LoRa.o [1]
  .near.bss          zero     0x00044f     0x2  sx1276-LoRa.o [1]
  .near.bss          zero     0x000451     0x2  timer.o [1]
  .near.bss          zero     0x000453     0x2  errno.o [4]
  .near.bss          zero     0x000455     0x1  sx1276-Fsk.o [1]
  .near.bss          zero     0x000456     0x1  sx1276-Fsk.o [1]
  .near.bss          zero     0x000457     0x1  sx1276-Fsk.o [1]
  .near.bss          zero     0x000458     0x1  sx1276-Fsk.o [1]
  .near.bss          zero     0x000459     0x1  sx1276-Fsk.o [1]
  .near.bss          zero     0x00045a     0x1  sx1276-Fsk.o [1]
  .near.bss          zero     0x00045b     0x1  sx1276-LoRa.o [1]
  .near.bss          zero     0x00045c     0x1  sx1276-LoRa.o [1]
  .near.bss          zero     0x00045d     0x1  sx1276.o [1]
  .near.bss          zero     0x00045e     0x1  sx1276.o [1]
  .near.bss          zero     0x00045f     0x1  system.o [1]
                            - 0x000460   0x3e6

"A2":                                    0x300
  CSTACK                      0x000500   0x300  <Block>
    CSTACK           uninit   0x000500   0x300  <Block tail>
                            - 0x000800   0x300

"P7":                                     0x19
  .eeprom.data       rw data  0x001000    0x14  manufacture_parm.o [1]
  .eeprom.data       rw data  0x001014     0x5  cfg_parm.o [1]
                            - 0x001019    0x19

"A3":                                     0x80
  INTVEC                      0x008000    0x80  <Block>
    .intvec          const    0x008000    0x80  interrupt.o [4]
                            - 0x008080    0x80

"P3":                                    0x20c
  .near.rodata       const    0x008080    0xcc  sx1276-LoRa.o [1]
  Initializer bytes  const    0x00814c    0x6a  <for P2-1>
  .near_func.text    const    0x0081b6    0x3c  xprintffull_nomb.o [4]
  .near.rodata       const    0x0081f2    0x23  test_mode.o [1]
  .iar.init_table    const    0x008215    0x14  - Linker created -
  .near.rodata       const    0x008229     0xb  lowpower_mode.o [1]
  .near.rodata       const    0x008234     0x9  config_mode.o [1]
  .near.rodata       const    0x00823d     0x9  normal_mode.o [1]
  .near.rodata       const    0x008246     0x9  wakeup_mode.o [1]
  .near.rodata       const    0x00824f     0x7  test_mode.o [1]
  .near.rodata       const    0x008256     0x7  xprintffull_nomb.o [4]
  .near.rodata       const    0x00825d     0x6  localeconv.o [4]
  .near.rodata       const    0x008263     0x5  normal_mode.o [1]
  .near.rodata       const    0x008268     0x5  normal_mode.o [1]
  .near.rodata       const    0x00826d     0x5  stm8l15x_clk.o [1]
  .near.rodata       const    0x008272     0x5  localeconv.o [4]
  .near.rodata       const    0x008277     0x4  xprintffull_nomb.o [4]
  .near.rodata       const    0x00827b     0x4  xprintffull_nomb.o [4]
  .near.rodata       const    0x00827f     0x4  xprintffull_nomb.o [4]
  .near.rodata       const    0x008283     0x4  xprintffull_nomb.o [4]
  .near.rodata       const    0x008287     0x2  xprintffull_nomb.o [4]
  .near.rodata       const    0x008289     0x2  localeconv.o [4]
  .near.rodata       const    0x00828b     0x1  localeconv.o [4]
                            - 0x00828c   0x20c

"P4":                                   0x5e41
  .far_func.text     ro code  0x00828c   0x6d6  sx1276-LoRa.o [1]
  .far_func.text     ro code  0x008962   0x59f  sx1276-Fsk.o [1]
  .far_func.text     ro code  0x008f01   0x50d  float.o [4]
  .far_func.text     ro code  0x00940e   0x4f2  xprintffull_nomb.o [4]
  .far_func.text     ro code  0x009900   0x49a  xprintffull_nomb.o [4]
  .far_func.text     ro code  0x009d9a   0x3bf  xprintffull_nomb.o [4]
  .far_func.text     ro code  0x00a159   0x375  pow.o [4]
  .far_func.text     ro code  0x00a4ce   0x26b  xexp.o [4]
  .far_func.text     ro code  0x00a739   0x269  long.o [4]
  .far_func.text     ro code  0x00a9a2   0x21a  config_mode.o [1]
  .far_func.text     ro code  0x00abbc   0x1c5  comport.o [1]
  .far_func.text     ro code  0x00ad81   0x1b5  vreg_util.o [4]
  .far_func.text     ro code  0x00af36   0x184  sx1276-Fsk.o [1]
  .far_func.text     ro code  0x00b0ba   0x182  float_libsup.o [4]
  .far_func.text     ro code  0x00b23c   0x17f  xprintffull_nomb.o [4]
  .far_func.text     ro code  0x00b3bb   0x178  normal_mode.o [1]
  .far_func.text     ro code  0x00b533   0x127  stm8l15x_exti.o [1]
  .far_func.text     ro code  0x00b65a   0x126  sx1276-FskMisc.o [1]
  .far_func.text     ro code  0x00b780   0x107  board.o [1]
  .far_func.text     ro code  0x00b887   0x104  stm8l15x_rtc.o [1]
  .far_func.text     ro code  0x00b98b    0xe9  stm8l15x_it.o [1]
  .far_func.text     ro code  0x00ba74    0xdf  sx1276-FskMisc.o [1]
  .far_func.text     ro code  0x00bb53    0xdc  stm8l15x_usart.o [1]
  .far_func.text     ro code  0x00bc2f    0xcb  timer.o [1]
  .far_func.text     ro code  0x00bcfa    0xca  xdint.o [4]
  .far_func.text     ro code  0x00bdc4    0xc4  sx1276-Hal.o [1]
  .far_func.text     ro code  0x00be88    0xb5  sx1276-FskMisc.o [1]
  .far_func.text     ro code  0x00bf3d    0xb2  sx1276-FskMisc.o [1]
  .far_func.text     ro code  0x00bfef    0xaf  stm8l15x_gpio.o [1]
  .far_func.text     ro code  0x00c09e    0xa8  sx1276.o [1]
  .far_func.text     ro code  0x00c146    0xa4  wakeup_mode.o [1]
  .far_func.text     ro code  0x00c1ea    0xa0  cfg_parm.o [1]
  .far_func.text     ro code  0x00c28a    0x9e  stm8l15x_clk.o [1]
  .far_func.text     ro code  0x00c328    0x97  cfg_parm.o [1]
  .far_func.text     ro code  0x00c3bf    0x95  stm8l15x_usart.o [1]
  .far_func.text     ro code  0x00c454    0x94  stm8l15x_clk.o [1]
  .far_func.text     ro code  0x00c4e8    0x8f  sx1276-Fsk.o [1]
  .far_func.text     ro code  0x00c577    0x88  long_util.o [4]
  .far_func.text     ro code  0x00c5ff    0x82  board.o [1]
  .far_func.text     ro code  0x00c681    0x7f  sx1276-FskMisc.o [1]
  .far_func.text     ro code  0x00c700    0x76  radio.o [1]
  .far_func.text     ro code  0x00c776    0x75  stm8l15x_beep.o [1]
  .far_func.text     ro code  0x00c7eb    0x6d  board.o [1]
  .far_func.text     ro code  0x00c858    0x6b  sx1276-FskMisc.o [1]
  .far_func.text     ro code  0x00c8c3    0x64  ring_buf.o [1]
  .far_func.text     ro code  0x00c927    0x60  cfg_parm.o [1]
  .far_func.text     ro code  0x00c987    0x5e  test_mode.o [1]
  .far_func.text     ro code  0x00c9e5    0x5d  stm8l15x_it.o [1]
  .far_func.text     ro code  0x00ca42    0x5c  ring_buf.o [1]
  .far_func.text     ro code  0x00ca9e    0x5b  stm8l15x_spi.o [1]
  .far_func.text     ro code  0x00caf9    0x5b  sx1276-Hal.o [1]
  .far_func.text     ro code  0x00cb54    0x59  sx1276-Fsk.o [1]
  .far_func.text     ro code  0x00cbad    0x59  sx1276-LoRa.o [1]
  .far_func.text     ro code  0x00cc06    0x58  dc_util.o [4]
  .far_func.text     ro code  0x00cc5e    0x57  sx1276.o [1]
  .far_func.text     ro code  0x00ccb5    0x56  sx1276-FskMisc.o [1]
  .far_func.text     ro code  0x00cd0b    0x56  sx1276-Hal.o [1]
  .far_func.text     ro code  0x00cd61    0x56  sx1276-LoRaMisc.o [1]
  .far_func.text     ro code  0x00cdb7    0x55  sx1276-FskMisc.o [1]
  .far_func.text     ro code  0x00ce0c    0x55  round.o [4]
  .far_func.text     ro code  0x00ce61    0x53  delay.o [1]
  .far_func.text     ro code  0x00ceb4    0x51  xprintffull_nomb.o [4]
  .far_func.text     ro code  0x00cf05    0x50  sx1276-FskMisc.o [1]
  .far_func.text     ro code  0x00cf55    0x4f  eeprom.o [1]
  .far_func.text     ro code  0x00cfa4    0x4d  sx1276-FskMisc.o [1]
  .far_func.text     ro code  0x00cff1    0x4b  board.o [1]
  .far_func.text     ro code  0x00d03c    0x4b  xprintffull_nomb.o [4]
  .far_func.text     ro code  0x00d087    0x4a  board.o [1]
  .far_func.text     ro code  0x00d0d1    0x49  sx1276-Fsk.o [1]
  .far_func.text     ro code  0x00d11a    0x46  ring_buf.o [1]
  .far_func.text     ro code  0x00d160    0x46  short.o [4]
  .far_func.text     ro code  0x00d1a6    0x46  fabs.o [4]
  .far_func.text     ro code  0x00d1ec    0x45  stm8l15x_rtc.o [1]
  .far_func.text     ro code  0x00d231    0x42  board.o [1]
  .far_func.text     ro code  0x00d273    0x3e  main.o [1]
  .far_func.text     ro code  0x00d2b1    0x3e  stm8l15x_usart.o [1]
  .far_func.text     ro code  0x00d2ef    0x3d  xprintffull_nomb.o [4]
  .far_func.text     ro code  0x00d32c    0x3c  stm8l15x_flash.o [1]
  .far_func.text     ro code  0x00d368    0x3b  stm8l15x_rtc.o [1]
  .far_func.text     ro code  0x00d3a3    0x3b  xprintffull_nomb.o [4]
  .far_func.text     ro code  0x00d3de    0x39  board.o [1]
  .far_func.text     ro code  0x00d417    0x39  sx1276-Hal.o [1]
  .far_func.text     ro code  0x00d450    0x39  timer.o [1]
  .far_func.text     ro code  0x00d489    0x39  strncmp.o [4]
  .far_func.text     ro code  0x00d4c2    0x37  eeprom.o [1]
  .far_func.text     ro code  0x00d4f9    0x37  stm8l15x_rtc.o [1]
  .far_func.text     ro code  0x00d530    0x37  stm8l15x_usart.o [1]
  .far_func.text     ro code  0x00d567    0x36  sx1276-FskMisc.o [1]
  .far_func.text     ro code  0x00d59d    0x36  far_util.o [4]
  .far_func.text     ro code  0x00d5d3    0x35  sx1276-Hal.o [1]
  .far_func.text     ro code  0x00d608    0x34  div.o [4]
  .far_func.text     ro code  0x00d63c    0x33  cfg_parm.o [1]
  .far_func.text     ro code  0x00d66f    0x31  cfg_parm.o [1]
  .far_func.text     ro code  0x00d6a0    0x30  stm8l15x_it.o [1]
  .far_func.text     ro code  0x00d6d0    0x2f  comport.o [1]
  .far_func.text     ro code  0x00d6ff    0x2e  xprintffull_nomb.o [4]
  .far_func.text     ro code  0x00d72d    0x2c  stm8l15x_gpio.o [1]
  .far_func.text     ro code  0x00d759    0x2c  stm8l15x_rtc.o [1]
  .far_func.text     ro code  0x00d785    0x2b  stm8l15x_usart.o [1]
  .far_func.text     ro code  0x00d7b0    0x2b  timer.o [1]
  .far_func.text     ro code  0x00d7db    0x2a  lowpower_mode.o [1]
  .far_func.text     ro code  0x00d805    0x2a  sx1276-FskMisc.o [1]
  .far_func.text     ro code  0x00d82f    0x28  ring_buf.o [1]
  .far_func.text     ro code  0x00d857    0x28  printf.o [4]
  .far_func.text     ro code  0x00d87f    0x28  init_small.o [4]
  .far_func.text     ro code  0x00d8a7    0x27  sx1276.o [1]
  .far_func.text     ro code  0x00d8ce    0x27  sx1276.o [1]
  .far_func.text     ro code  0x00d8f5    0x26  ring_buf.o [1]
  .far_func.text     ro code  0x00d91b    0x26  sx1276-Fsk.o [1]
  .far_func.text     ro code  0x00d941    0x26  sx1276-LoRa.o [1]
  .far_func.text     ro code  0x00d967    0x26  memcpy.o [4]
  .far_func.text     ro code  0x00d98d    0x25  sx1276-Fsk.o [1]
  .far_func.text     ro code  0x00d9b2    0x25  sx1276-LoRa.o [1]
  .far_func.text     ro code  0x00d9d7    0x25  xlog.o [4]
  .far_func.text     ro code  0x00d9fc    0x24  sx1276.o [1]
  .far_func.text     ro code  0x00da20    0x23  stm8l15x_rtc.o [1]
  .far_func.text     ro code  0x00da43    0x22  stm8l15x_exti.o [1]
  .far_func.text     ro code  0x00da65    0x22  sx1276-Fsk.o [1]
  .far_func.text     ro code  0x00da87    0x21  stm8l15x_it.o [1]
  .far_func.text     ro code  0x00daa8    0x1f  xprout.o [4]
  .far_func.text     ro code  0x00dac7    0x1e  stm8l15x_it.o [1]
  .far_func.text     ro code  0x00dae5    0x1e  stm8l15x_it.o [1]
  .far_func.text     ro code  0x00db03    0x1e  stm8l15x_it.o [1]
  .far_func.text     ro code  0x00db21    0x1e  stm8l15x_it.o [1]
  .far_func.text     ro code  0x00db3f    0x1e  stm8l15x_it.o [1]
  .far_func.text     ro code  0x00db5d    0x1e  stm8l15x_it.o [1]
  .far_func.text     ro code  0x00db7b    0x1e  stm8l15x_it.o [1]
  .far_func.text     ro code  0x00db99    0x1e  stm8l15x_spi.o [1]
  .far_func.text     ro code  0x00dbb7    0x1e  sx1276-Hal.o [1]
  .far_func.text     ro code  0x00dbd5    0x1e  init.o [4]
  .far_func.text     ro code  0x00dbf3    0x1e  init_small.o [4]
  .far_func.text     ro code  0x00dc11    0x1d  stm8l15x_it.o [1]
  .far_func.text     ro code  0x00dc2e    0x1d  stm8l15x_it.o [1]
  .far_func.text     ro code  0x00dc4b    0x1c  sx1276-Hal.o [1]
  .far_func.text     ro code  0x00dc67    0x1c  sx1276-Hal.o [1]
  .far_func.text     ro code  0x00dc83    0x1c  sx1276-Hal.o [1]
  .far_func.text     ro code  0x00dc9f    0x1b  stm8l15x_gpio.o [1]
  .far_func.text     ro code  0x00dcba    0x1a  cfg_parm.o [1]
  .far_func.text     ro code  0x00dcd4    0x1a  ring_buf.o [1]
  .far_func.text     ro code  0x00dcee    0x1a  stm8l15x_tim4.o [1]
  .far_func.text     ro code  0x00dd08    0x1a  timer.o [1]
  .far_func.text     ro code  0x00dd22    0x19  stm8l15x_flash.o [1]
  .far_func.text     ro code  0x00dd3b    0x18  sx1276-Fsk.o [1]
  .far_func.text     ro code  0x00dd53    0x18  sx1276-LoRa.o [1]
  .far_func.text     ro code  0x00dd6b    0x18  memchr.o [4]
  .far_func.text     ro code  0x00dd83    0x17  cstartup.o [4]
  .far_func.text     ro code  0x00dd9a    0x17  memset.o [4]
  .far_func.text     ro code  0x00ddb1    0x16  __dbg_xxexit.o [3]
  .far_func.text     ro code  0x00ddc7    0x15  stm8l15x_rtc.o [1]
  .far_func.text     ro code  0x00dddc    0x15  sx1276.o [1]
  .far_func.text     ro code  0x00ddf1    0x15  xprintffull_nomb.o [4]
  .far_func.text     ro code  0x00de06    0x15  strchr.o [4]
  .far_func.text     ro code  0x00de1b    0x13  sx1276-Hal.o [1]
  .far_func.text     ro code  0x00de2e    0x13  sx1276-Hal.o [1]
  .far_func.text     ro code  0x00de41    0x13  sx1276-Hal.o [1]
  .far_func.text     ro code  0x00de54    0x13  sx1276-Hal.o [1]
  .far_func.text     ro code  0x00de67    0x13  sx1276-Hal.o [1]
  .far_func.text     ro code  0x00de7a    0x12  strlen.o [4]
  .far_func.text     ro code  0x00de8c    0x11  stm8l15x_spi.o [1]
  .far_func.text     ro code  0x00de9d    0x11  stm8l15x_tim4.o [1]
  .far_func.text     ro code  0x00deae    0x11  sx1276.o [1]
  .far_func.text     ro code  0x00debf    0x10  system.o [1]
  .far_func.text     ro code  0x00decf    0x10  xprintffull_nomb.o [4]
  .far_func.text     ro code  0x00dedf     0xe  stm8l15x_beep.o [1]
  .far_func.text     ro code  0x00deed     0xe  stm8l15x_beep.o [1]
  .far_func.text     ro code  0x00defb     0xe  stm8l15x_clk.o [1]
  .far_func.text     ro code  0x00df09     0xe  stm8l15x_clk.o [1]
  .far_func.text     ro code  0x00df17     0xe  stm8l15x_clk.o [1]
  .far_func.text     ro code  0x00df25     0xe  stm8l15x_pwr.o [1]
  .far_func.text     ro code  0x00df33     0xe  stm8l15x_tim4.o [1]
  .far_func.text     ro code  0x00df41     0xe  localeconv.o [4]
  .far_func.text     ro code  0x00df4f     0xe  localeconv.o [4]
  .far_func.text     ro code  0x00df5d     0xd  stm8l15x_rtc.o [1]
  .far_func.text     ro code  0x00df6a     0xd  sx1276-Fsk.o [1]
  .far_func.text     ro code  0x00df77     0xd  move.o [4]
  .far_func.text     ro code  0x00df84     0xc  delay.o [1]
  .far_func.text     ro code  0x00df90     0xc  timer.o [1]
  .far_func.text     ro code  0x00df9c     0xc  switch.o [4]
  .far_func.text     ro code  0x00dfa8     0xc  xlog.o [4]
  .far_func.text     ro code  0x00dfb4     0xc  xprintffull_nomb.o [4]
  .far_func.text     ro code  0x00dfc0     0xc  xprintffull_nomb.o [4]
  .far_func.text     ro code  0x00dfcc     0xb  stm8l15x_flash.o [1]
  .far_func.text     ro code  0x00dfd7     0xb  xprintffull_nomb.o [4]
  .far_func.text     ro code  0x00dfe2     0xb  localeconv.o [4]
  .far_func.text     ro code  0x00dfed     0xa  stm8l15x_clk.o [1]
  .far_func.text     ro code  0x00dff7     0xa  system.o [1]
  .far_func.text     ro code  0x00e001     0xa  far.o [4]
  .far_func.text     ro code  0x00e00b     0xa  xprintffull_nomb.o [4]
  .far_func.text     ro code  0x00e015     0x9  stm8l15x_gpio.o [1]
  .far_func.text     ro code  0x00e01e     0x9  stm8l15x_tim2.o [1]
  .far_func.text     ro code  0x00e027     0x9  stm8l15x_tim4.o [1]
  .far_func.text     ro code  0x00e030     0x9  stm8l15x_tim4.o [1]
  .far_func.text     ro code  0x00e039     0x8  stm8l15x_gpio.o [1]
  .far_func.text     ro code  0x00e041     0x8  stm8l15x_spi.o [1]
  .far_func.text     ro code  0x00e049     0x8  stm8l15x_usart.o [1]
  .far_func.text     ro code  0x00e051     0x8  timer.o [1]
  .far_func.text     ro code  0x00e059     0x8  xprintffull_nomb.o [4]
  .far_func.text     ro code  0x00e061     0x7  stm8l15x_gpio.o [1]
  .far_func.text     ro code  0x00e068     0x7  xprintffull_nomb.o [4]
  .far_func.text     ro code  0x00e06f     0x6  char.o [4]
  .far_func.text     ro code  0x00e075     0x6  xprintffull_nomb.o [4]
  .far_func.text     ro code  0x00e07b     0x6  cexit.o [4]
  .far_func.text     ro code  0x00e081     0x5  stm8l15x_spi.o [1]
  .far_func.text     ro code  0x00e086     0x5  stm8l15x_usart.o [1]
  .far_func.text     ro code  0x00e08b     0x5  stm8l15x_usart.o [1]
  .far_func.text     ro code  0x00e090     0x5  stm8l15x_usart.o [1]
  .far_func.text     ro code  0x00e095     0x4  stm8l15x_clk.o [1]
  .far_func.text     ro code  0x00e099     0x4  stm8l15x_clk.o [1]
  .far_func.text     ro code  0x00e09d     0x4  stm8l15x_clk.o [1]
  .far_func.text     ro code  0x00e0a1     0x4  stm8l15x_flash.o [1]
  .far_func.text     ro code  0x00e0a5     0x4  sx1276-Fsk.o [1]
  .far_func.text     ro code  0x00e0a9     0x4  sx1276-LoRa.o [1]
  .far_func.text     ro code  0x00e0ad     0x4  interrupt.o [4]
  .far_func.text     ro code  0x00e0b1     0x4  exit.o [4]
  .far_func.text     ro code  0x00e0b5     0x3  low_level_init.o [4]
  .far_func.text     ro code  0x00e0b8     0x3  unhandled_exception.o [4]
  .far_func.text     ro code  0x00e0bb     0x1  stm8l15x_it.o [1]
  .far_func.text     ro code  0x00e0bc     0x1  stm8l15x_it.o [1]
  .far_func.text     ro code  0x00e0bd     0x1  stm8l15x_it.o [1]
  .far_func.text     ro code  0x00e0be     0x1  stm8l15x_it.o [1]
  .far_func.text     ro code  0x00e0bf     0x1  stm8l15x_it.o [1]
  .far_func.text     ro code  0x00e0c0     0x1  stm8l15x_it.o [1]
  .far_func.text     ro code  0x00e0c1     0x1  stm8l15x_it.o [1]
  .far_func.text     ro code  0x00e0c2     0x1  stm8l15x_it.o [1]
  .far_func.text     ro code  0x00e0c3     0x1  stm8l15x_it.o [1]
  .far_func.text     ro code  0x00e0c4     0x1  stm8l15x_it.o [1]
  .far_func.text     ro code  0x00e0c5     0x1  stm8l15x_it.o [1]
  .far_func.text     ro code  0x00e0c6     0x1  stm8l15x_it.o [1]
  .far_func.text     ro code  0x00e0c7     0x1  stm8l15x_it.o [1]
  .far_func.text     ro code  0x00e0c8     0x1  stm8l15x_it.o [1]
  .far_func.text     ro code  0x00e0c9     0x1  stm8l15x_it.o [1]
  .far_func.text     ro code  0x00e0ca     0x1  stm8l15x_it.o [1]
  .far_func.text     ro code  0x00e0cb     0x1  stm8l15x_it.o [1]
  .far_func.text     ro code  0x00e0cc     0x1  __dbg_break.o [3]
                            - 0x00e0cd  0x5e41


*******************************************************************************
*** INIT TABLE
***

          Address   Size
          -------   ----
Zero (__iar_zero_init2)
    1 destination range, total size 0x3e6:
          0x00007a  0x3e6

Copy (__iar_copy_init2)
    1 source range, total size 0x6a:
          0x00814c   0x6a
    1 destination range, total size 0x6a:
          0x000010   0x6a



*******************************************************************************
*** MODULE SUMMARY
***

    Module                 ro code  ro data  rw data
    ------                 -------  -------  -------
D:\stm8lora\src\stm8l15x-sx1278\STM8L15x-16x-05x-AL31-L_StdPeriph_Lib\Project\STM8L151G6U6_Sx1278\EWSTM8\STM8L15X_MD(STM8L15xx4_6)\Obj: [1]
    board.o                    774                 2
    cfg_parm.o                 533                10
    comport.o                  500               262
    config_mode.o              538        9
    delay.o                     95
    eeprom.o                   134
    lowpower_mode.o             42       11
    main.o                      62
    manufacture_parm.o                            20
    normal_mode.o              376       22       12
    radio.o                    118                18
    ring_buf.o                 366
    stm8l15x_beep.o            145
    stm8l15x_clk.o             370        5
    stm8l15x_exti.o            329
    stm8l15x_flash.o           100
    stm8l15x_gpio.o            270
    stm8l15x_it.o              692
    stm8l15x_pwr.o              14
    stm8l15x_rtc.o             556
    stm8l15x_spi.o             151
    stm8l15x_tim2.o              9
    stm8l15x_tim4.o             75
    stm8l15x_usart.o           552
    sx1276-Fsk.o             2 282       28      324
    sx1276-FskMisc.o         1 534
    sx1276-Hal.o               692
    sx1276-LoRa.o            1 942      229      301
    sx1276-LoRaMisc.o           86
    sx1276.o                   407               114
    system.o                    26                 1
    test_mode.o                 94       42
    timer.o                    349        4       14
    wakeup_mode.o              164        9
    ------------------------------------------------
    Total:                  14 377      359    1 078

command line: [2]
    ------------------------------------------------
    Total:

dbgstm8mmd.a: [3]
    __dbg_break.o                1
    __dbg_xxexit.o              22
    ------------------------------------------------
    Total:                      23

dlstm8mmf.a: [4]
    cexit.o                      6
    char.o                       6
    cstartup.o                  23
    dc_util.o                   88
    div.o                       52
    errno.o                                        2
    exit.o                       4
    fabs.o                      70
    far.o                       10
    far_util.o                  54
    float.o                  1 293
    float_libsup.o             386
    init.o                      30
    init_small.o                70
    interrupt.o                  4      128
    localeconv.o                39       60       49
    long.o                     617
    long_util.o                136
    low_level_init.o             3
    memchr.o                    24
    memcpy.o                    38
    memset.o                    23
    move.o                      13
    pow.o                      885
    printf.o                    40
    round.o                     85
    short.o                     70
    strchr.o                    21
    strlen.o                    18
    strncmp.o                   57
    switch.o                    12
    unhandled_exception.o        3
    vreg_util.o                437
    vregs.o                                       16
    xdint.o                    202
    xexp.o                     619
    xlog.o                      49
    xprintffull_nomb.o       4 211       85
    xprout.o                    31
    ------------------------------------------------
    Total:                   9 729      273       67

    Linker created                       20      768
----------------------------------------------------
    Grand Total:            24 129      652    1 913


*******************************************************************************
*** ENTRY LIST
***

Entry                    Address   Size  Type      Object
-----                    -------   ----  ----      ------
.iar.init_table$$Base   0x008215          --   Gb  - Linker created -
.iar.init_table$$Limit  0x008229          --   Gb  - Linker created -
?add32_l0_l0_0x         0x00a778         Code  Gb  long.o [4]
?add32_l0_l0_l1         0x00a775         Code  Gb  long.o [4]
?and32_l0_l0_0x         0x00a924         Code  Gb  long.o [4]
?and32_l0_l0_l1         0x00a921         Code  Gb  long.o [4]
?b0                     0x000000         Data  Gb  vregs.o [4]
?b1                     0x000001         Data  Gb  vregs.o [4]
?b10                    0x00000a         Data  Gb  vregs.o [4]
?b11                    0x00000b         Data  Gb  vregs.o [4]
?b12                    0x00000c         Data  Gb  vregs.o [4]
?b13                    0x00000d         Data  Gb  vregs.o [4]
?b14                    0x00000e         Data  Gb  vregs.o [4]
?b15                    0x00000f         Data  Gb  vregs.o [4]
?b2                     0x000002         Data  Gb  vregs.o [4]
?b3                     0x000003         Data  Gb  vregs.o [4]
?b4                     0x000004         Data  Gb  vregs.o [4]
?b5                     0x000005         Data  Gb  vregs.o [4]
?b6                     0x000006         Data  Gb  vregs.o [4]
?b7                     0x000007         Data  Gb  vregs.o [4]
?b8                     0x000008         Data  Gb  vregs.o [4]
?b9                     0x000009         Data  Gb  vregs.o [4]
?dc32_l0                0x00cc06         Code  Gb  dc_util.o [4]
?dc32_l1                0x00cc32         Code  Gb  dc_util.o [4]
?dec32_0x_0x            0x00a761         Code  Gb  long.o [4]
?dec32_l2_l2            0x00a75c         Code  Gb  long.o [4]
?e0                     0x000001         Data  Gb  vregs.o [4]
?e1                     0x000005         Data  Gb  vregs.o [4]
?e2                     0x000009         Data  Gb  vregs.o [4]
?e3                     0x00000d         Data  Gb  vregs.o [4]
?epilogue_l2            0x00ae92         Code  Gb  vreg_util.o [4]
?epilogue_l2_l3         0x00ae8e         Code  Gb  vreg_util.o [4]
?epilogue_l2_w6         0x00ae97         Code  Gb  vreg_util.o [4]
?epilogue_w4            0x00aea0         Code  Gb  vreg_util.o [4]
?fadd32_l0_l0_dc32      0x008f25         Code  Gb  float.o [4]
?fadd32_l0_l0_l1        0x008f2b         Code  Gb  float.o [4]
?fcastf32s16_l0_x       0x0091f3         Code  Gb  float.o [4]
?fcastf32s32_l0_l0      0x0092c7         Code  Gb  float.o [4]
?fcastf32u16_l0_x       0x0091fa         Code  Gb  float.o [4]
?fcastf32u32_l0_l0      0x0092d3         Code  Gb  float.o [4]
?fcasts16f32_x_l0       0x009218         Code  Gb  float.o [4]
?fcasts32f32_l0_l0      0x009264         Code  Gb  float.o [4]
?fcastu32f32_l0_l0      0x00924d         Code  Gb  float.o [4]
?fcmpeq32_c_0x_fzero    0x009157         Code  Gb  float.o [4]
?fcmpeq32_c_l0_0x       0x009166         Code  Gb  float.o [4]
?fcmpeq32_c_l0_dc32     0x00915f         Code  Gb  float.o [4]
?fcmpeq32_c_l0_fzero    0x009154         Code  Gb  float.o [4]
?fcmpeq32_c_l0_l1       0x009163         Code  Gb  float.o [4]
?fcmpge32_c_l0_0x       0x009192         Code  Gb  float.o [4]
?fcmpge32_c_l0_dc32     0x00918b         Code  Gb  float.o [4]
?fcmpge32_c_l0_l1       0x00918f         Code  Gb  float.o [4]
?fcmplt32_c_l0_0x       0x00919d         Code  Gb  float.o [4]
?fcmplt32_c_l0_dc32     0x009196         Code  Gb  float.o [4]
?fcmplt32_c_l0_l1       0x00919a         Code  Gb  float.o [4]
?fdiv32_l0_dc32_l1      0x00909a         Code  Gb  float.o [4]
?fdiv32_l0_l0_dc32      0x0090a0         Code  Gb  float.o [4]
?fdiv32_l0_l0_l1        0x0090a6         Code  Gb  float.o [4]
?fmul32_l0_l0_dc32      0x008ff9         Code  Gb  float.o [4]
?fmul32_l0_l0_l1        0x008fff         Code  Gb  float.o [4]
?fsub32_l0_l0_l1        0x008f1f         Code  Gb  float.o [4]
?inc32_0x_0x            0x00a74e         Code  Gb  long.o [4]
?inc32_l0_l0            0x00a749         Code  Gb  long.o [4]
?l0                     0x000000         Data  Gb  vregs.o [4]
?l1                     0x000004         Data  Gb  vregs.o [4]
?l2                     0x000008         Data  Gb  vregs.o [4]
?l3                     0x00000c         Data  Gb  vregs.o [4]
?load24_0x_e0           0x00d5c5         Code  Gb  far_util.o [4]
?load24_e0_0x           0x00d5a9         Code  Gb  far_util.o [4]
?load24_e0_asp          0x00d59d         Code  Gb  far_util.o [4]
?load24_e0_xsp          0x00d59f         Code  Gb  far_util.o [4]
?load24_e1_0x           0x00d5b7         Code  Gb  far_util.o [4]
?load32_0x_l0           0x00c5d9         Code  Gb  long_util.o [4]
?load32_0x_l2           0x00c5f1         Code  Gb  long_util.o [4]
?load32_l0_0x           0x00c591         Code  Gb  long_util.o [4]
?load32_l0_asp          0x00c585         Code  Gb  long_util.o [4]
?load32_l0_dbsp         0x00c577         Code  Gb  long_util.o [4]
?load32_l0_xsp          0x00c587         Code  Gb  long_util.o [4]
?load32_l1_0x           0x00c5b7         Code  Gb  long_util.o [4]
?load32_l1_asp          0x00c5ab         Code  Gb  long_util.o [4]
?load32_l1_dbsp         0x00c59d         Code  Gb  long_util.o [4]
?load32_l1_xsp          0x00c5ad         Code  Gb  long_util.o [4]
?load32_l2_0x           0x00c5c3         Code  Gb  long_util.o [4]
?load32_xsp_l0          0x00c5cf         Code  Gb  long_util.o [4]
?load32_xsp_l2          0x00c5e7         Code  Gb  long_util.o [4]
?mov_e0_e1              0x00aec4         Code  Gb  vreg_util.o [4]
?mov_e0_e2              0x00aed1         Code  Gb  vreg_util.o [4]
?mov_e0_e3              0x00aede         Code  Gb  vreg_util.o [4]
?mov_e1_e0              0x00aeeb         Code  Gb  vreg_util.o [4]
?mov_e1_e2              0x00aef8         Code  Gb  vreg_util.o [4]
?mov_e1_e3              0x00af05         Code  Gb  vreg_util.o [4]
?mov_e2_e0              0x00af12         Code  Gb  vreg_util.o [4]
?mov_e2_e1              0x00af1f         Code  Gb  vreg_util.o [4]
?mov_e3_e0              0x00af2c         Code  Gb  vreg_util.o [4]
?mov_l0_l1              0x00aec1         Code  Gb  vreg_util.o [4]
?mov_l0_l2              0x00aece         Code  Gb  vreg_util.o [4]
?mov_l0_l3              0x00aedb         Code  Gb  vreg_util.o [4]
?mov_l1_l0              0x00aee8         Code  Gb  vreg_util.o [4]
?mov_l1_l2              0x00aef5         Code  Gb  vreg_util.o [4]
?mov_l1_l3              0x00af02         Code  Gb  vreg_util.o [4]
?mov_l2_l0              0x00af0f         Code  Gb  vreg_util.o [4]
?mov_l2_l1              0x00af1c         Code  Gb  vreg_util.o [4]
?mov_l3_l0              0x00af29         Code  Gb  vreg_util.o [4]
?mov_w0_w5              0x00aea5         Code  Gb  vreg_util.o [4]
?mov_w1_w3              0x00aec7         Code  Gb  vreg_util.o [4]
?mov_w1_w4              0x00aeac         Code  Gb  vreg_util.o [4]
?mov_w1_w5              0x00aed4         Code  Gb  vreg_util.o [4]
?mov_w1_w7              0x00aee1         Code  Gb  vreg_util.o [4]
?mov_w2_w0              0x00aeb3         Code  Gb  vreg_util.o [4]
?mov_w2_w1              0x00aeba         Code  Gb  vreg_util.o [4]
?mov_w3_w1              0x00aeee         Code  Gb  vreg_util.o [4]
?mov_w3_w5              0x00aefb         Code  Gb  vreg_util.o [4]
?mov_w3_w7              0x00af08         Code  Gb  vreg_util.o [4]
?mov_w5_w1              0x00af15         Code  Gb  vreg_util.o [4]
?mov_w5_w3              0x00af22         Code  Gb  vreg_util.o [4]
?mov_w7_w1              0x00af2f         Code  Gb  vreg_util.o [4]
?move1616_v_x_y_a       0x00df77         Code  Gb  move.o [4]
?mul16_x_x_w0           0x00d160         Code  Gb  short.o [4]
?mul32_l0_l0_l1         0x00a7ab         Code  Gb  long.o [4]
?neg32_l0_l0            0x00a739         Code  Gb  long.o [4]
?or32_l0_l0_0x          0x00a93f         Code  Gb  long.o [4]
?or32_l0_l0_l1          0x00a93c         Code  Gb  long.o [4]
?pop_e2                 0x00ae03         Code  Gb  vreg_util.o [4]
?pop_l0                 0x00ae56         Code  Gb  vreg_util.o [4]
?pop_l1                 0x00ae61         Code  Gb  vreg_util.o [4]
?pop_l2                 0x00ae6c         Code  Gb  vreg_util.o [4]
?pop_l3                 0x00ae77         Code  Gb  vreg_util.o [4]
?pop_w4                 0x00adb1         Code  Gb  vreg_util.o [4]
?pop_w6                 0x00adb8         Code  Gb  vreg_util.o [4]
?push_e0                0x00adcb         Code  Gb  vreg_util.o [4]
?push_e2                0x00ade7         Code  Gb  vreg_util.o [4]
?push_l0                0x00ae21         Code  Gb  vreg_util.o [4]
?push_l1                0x00ae26         Code  Gb  vreg_util.o [4]
?push_l2                0x00ae2b         Code  Gb  vreg_util.o [4]
?push_l3                0x00ae30         Code  Gb  vreg_util.o [4]
?push_w0                0x00ad81         Code  Gb  vreg_util.o [4]
?push_w1                0x00ad86         Code  Gb  vreg_util.o [4]
?push_w2                0x00ad8b         Code  Gb  vreg_util.o [4]
?push_w4                0x00ad90         Code  Gb  vreg_util.o [4]
?push_w6                0x00ad95         Code  Gb  vreg_util.o [4]
?scmp32_c_l0_l1         0x00a90a         Code  Gb  long.o [4]
?sdiv16_x_x_y           0x00d17e         Code  Gb  short.o [4]
?sdiv32_l0_l0_dl        0x00a8a0         Code  Gb  long.o [4]
?sdiv32_l0_l0_l1        0x00a8a4         Code  Gb  long.o [4]
?sext16_x_a             0x00d19f         Code  Gb  short.o [4]
?sext32_l0_a            0x00a995         Code  Gb  long.o [4]
?sext32_l0_x            0x00a98a         Code  Gb  long.o [4]
?sll16_x_x_a            0x00d197         Code  Gb  short.o [4]
?sll32_0x_0x_a          0x00a95a         Code  Gb  long.o [4]
?sll32_l0_l0_a          0x00a957         Code  Gb  long.o [4]
?smod32_l1_l0_l1        0x00a8a4         Code  Gb  long.o [4]
?sra32_0x_0x_a          0x00a97c         Code  Gb  long.o [4]
?sra32_l0_l0_a          0x00a979         Code  Gb  long.o [4]
?srl32_0x_0x_a          0x00a96b         Code  Gb  long.o [4]
?srl32_l0_l0_a          0x00a968         Code  Gb  long.o [4]
?srl8_a_a_5             0x00e070         Code  Gb  char.o [4]
?srl8_a_a_6             0x00e06f         Code  Gb  char.o [4]
?sub32_l0_l0_0x         0x00a793         Code  Gb  long.o [4]
?sub32_l0_l0_l1         0x00a790         Code  Gb  long.o [4]
?switch8vlt_0x_a_0x     0x00df9c         Code  Gb  switch.o [4]
?ucmp24_c_0x_e0         0x00e001         Code  Gb  far.o [4]
?ucmp32_c_l0_0x         0x00a8ef         Code  Gb  long.o [4]
?ucmp32_c_l0_l1         0x00a8ff         Code  Gb  long.o [4]
?udiv32_l0_l0_dl        0x00a82f         Code  Gb  long.o [4]
?udiv32_l0_l0_l1        0x00a833         Code  Gb  long.o [4]
?umod32_l1_l0_dl        0x00a829         Code  Gb  long.o [4]
?umod32_l1_l0_l1        0x00a833         Code  Gb  long.o [4]
?w0                     0x000000         Data  Gb  vregs.o [4]
?w1                     0x000002         Data  Gb  vregs.o [4]
?w2                     0x000004         Data  Gb  vregs.o [4]
?w3                     0x000006         Data  Gb  vregs.o [4]
?w4                     0x000008         Data  Gb  vregs.o [4]
?w5                     0x00000a         Data  Gb  vregs.o [4]
?w6                     0x00000c         Data  Gb  vregs.o [4]
?w7                     0x00000e         Data  Gb  vregs.o [4]
ADC1_COMP_IRQHandler    0x00e0c4    0x1  Code  Gb  stm8l15x_it.o [1]
BEEP_Cmd                0x00dedf    0xe  Code  Gb  stm8l15x_beep.o [1]
BEEP_LSClockToTIMConnectCmd
                        0x00deed    0xe  Code  Gb  stm8l15x_beep.o [1]
BEEP_LSICalibrationConfig
                        0x00c776   0x75  Code  Gb  stm8l15x_beep.o [1]
BoardDisableIrq         0x00dff7    0xa  Code  Gb  system.o [1]
BoardEnableIrq          0x00debf   0x10  Code  Gb  system.o [1]
BoardInitMcu            0x00b780  0x107  Code  Gb  board.o [1]
Buffer                  0x000402    0x9  Data  Lc  normal_mode.o [1]
BufferSize              0x000010    0x2  Data  Lc  normal_mode.o [1]
CLK_GetClockFreq        0x00c28a   0x9e  Code  Gb  stm8l15x_clk.o [1]
CLK_GetSYSCLKSource     0x00e099    0x4  Code  Gb  stm8l15x_clk.o [1]
CLK_HSICmd              0x00defb    0xe  Code  Gb  stm8l15x_clk.o [1]
CLK_LSICmd              0x00df09    0xe  Code  Gb  stm8l15x_clk.o [1]
CLK_PeripheralClockConfig
                        0x00c454   0x94  Code  Gb  stm8l15x_clk.o [1]
CLK_RTCClockConfig      0x00dfed    0xa  Code  Gb  stm8l15x_clk.o [1]
CLK_SYSCLKDivConfig     0x00e09d    0x4  Code  Gb  stm8l15x_clk.o [1]
CLK_SYSCLKSourceConfig  0x00e095    0x4  Code  Gb  stm8l15x_clk.o [1]
CLK_SYSCLKSourceSwitchCmd
                        0x00df17    0xe  Code  Gb  stm8l15x_clk.o [1]
CSTACK$$Base            0x000500          --   Gb  - Linker created -
CSTACK$$Limit           0x000800          --   Gb  - Linker created -
ComportInit             0x00abbc  0x1c5  Code  Gb  comport.o [1]
DMA1_CHANNEL0_1_IRQHandler
                        0x00e0bd    0x1  Code  Gb  stm8l15x_it.o [1]
DMA1_CHANNEL2_3_IRQHandler
                        0x00e0be    0x1  Code  Gb  stm8l15x_it.o [1]
DataChunkSize           0x00002b    0x1  Data  Lc  sx1276-Fsk.o [1]
DelayMs                 0x00df84    0xc  Code  Gb  delay.o [1]
EXTI0_IRQHandler        0x00dc11   0x1d  Code  Gb  stm8l15x_it.o [1]
EXTI1_IRQHandler        0x00dae5   0x1e  Code  Gb  stm8l15x_it.o [1]
EXTI2_IRQHandler        0x00b98b   0xe9  Code  Gb  stm8l15x_it.o [1]
EXTI3_IRQHandler        0x00db03   0x1e  Code  Gb  stm8l15x_it.o [1]
EXTI4_IRQHandler        0x00db21   0x1e  Code  Gb  stm8l15x_it.o [1]
EXTI5_IRQHandler        0x00db3f   0x1e  Code  Gb  stm8l15x_it.o [1]
EXTI6_IRQHandler        0x00db5d   0x1e  Code  Gb  stm8l15x_it.o [1]
EXTI7_IRQHandler        0x00db7b   0x1e  Code  Gb  stm8l15x_it.o [1]
EXTIB_G_IRQHandler      0x00e0c0    0x1  Code  Gb  stm8l15x_it.o [1]
EXTID_H_IRQHandler      0x00e0c1    0x1  Code  Gb  stm8l15x_it.o [1]
EXTIE_F_PVD_IRQHandler  0x00e0bf    0x1  Code  Gb  stm8l15x_it.o [1]
EXTI_ClearITPendingBit  0x00da43   0x22  Code  Gb  stm8l15x_exti.o [1]
EXTI_SetPinSensitivity  0x00b533  0x127  Code  Gb  stm8l15x_exti.o [1]
EnableMaster            0x000012    0x1  Data  Lc  normal_mode.o [1]
FLASH_IRQHandler        0x00e0bc    0x1  Code  Gb  stm8l15x_it.o [1]
FLASH_Lock              0x00dfcc    0xb  Code  Gb  stm8l15x_flash.o [1]
FLASH_ProgramByte       0x00e0a1    0x4  Code  Gb  stm8l15x_flash.o [1]
FLASH_Unlock            0x00dd22   0x19  Code  Gb  stm8l15x_flash.o [1]
FLASH_WaitForLastOperation
                        0x00d32c   0x3c  Code  Gb  stm8l15x_flash.o [1]
GPIO_DeInit             0x00dc9f   0x1b  Code  Gb  stm8l15x_gpio.o [1]
GPIO_ExternalPullUpConfig
                        0x00d72d   0x2c  Code  Gb  stm8l15x_gpio.o [1]
GPIO_Init               0x00bfef   0xaf  Code  Gb  stm8l15x_gpio.o [1]
GPIO_ReadInputDataBit   0x00e015    0x9  Code  Gb  stm8l15x_gpio.o [1]
GPIO_ResetBits          0x00e039    0x8  Code  Gb  stm8l15x_gpio.o [1]
GPIO_SetBits            0x00e061    0x7  Code  Gb  stm8l15x_gpio.o [1]
GetRunModePin           0x00c7eb   0x6d  Code  Gb  board.o [1]
I2C1_SPI2_IRQHandler    0x00e0cb    0x1  Code  Gb  stm8l15x_it.o [1]
INTVEC$$Base            0x008000          --   Gb  - Linker created -
INTVEC$$Limit           0x008080          --   Gb  - Linker created -
InitRunModePin          0x00d3de   0x39  Code  Gb  board.o [1]
IrqNestLevel            0x00045f    0x1  Data  Lc  system.o [1]
LCD_AES_IRQHandler      0x00e0c2    0x1  Code  Gb  stm8l15x_it.o [1]
LoRaOn                  0x00045d    0x1  Data  Lc  sx1276.o [1]
LoRaOnState             0x00045e    0x1  Data  Lc  sx1276.o [1]
LoadInt                 0x00d03c   0x4b  Code  Lc  xprintffull_nomb.o [4]
PWR_UltraLowPowerCmd    0x00df25    0xe  Code  Gb  stm8l15x_pwr.o [1]
PacketDetected          0x000458    0x1  Data  Lc  sx1276-Fsk.o [1]
PacketTimeout           0x000410    0x4  Data  Lc  sx1276-Fsk.o [1]
PacketTimeout           0x000434    0x4  Data  Lc  sx1276-LoRa.o [1]
PingMsg                 0x008263    0x5  Data  Gb  normal_mode.o [1]
PongMsg                 0x008268    0x5  Data  Gb  normal_mode.o [1]
Preamble2SyncTimeout    0x000414    0x4  Data  Lc  sx1276-Fsk.o [1]
Preamble2SyncTimer      0x000424    0x4  Data  Lc  sx1276-Fsk.o [1]
PreambleDetected        0x000456    0x1  Data  Lc  sx1276-Fsk.o [1]
RFBuffer                0x00007a  0x100  Data  Lc  sx1276-Fsk.o [1]
RFBuffer                0x00017a  0x100  Data  Lc  sx1276-LoRa.o [1]
RFLRState               0x00045b    0x1  Data  Lc  sx1276-LoRa.o [1]
RFState                 0x000455    0x1  Data  Lc  sx1276-Fsk.o [1]
RTC_CSSLSE_IRQHandler   0x00dac7   0x1e  Code  Gb  stm8l15x_it.o [1]
RTC_ClearITPendingBit   0x00df5d    0xd  Code  Gb  stm8l15x_rtc.o [1]
RTC_Config              0x00c5ff   0x82  Code  Gb  board.o [1]
RTC_DeInit              0x00b887  0x104  Code  Gb  stm8l15x_rtc.o [1]
RTC_EnterInitMode       0x00d759   0x2c  Code  Gb  stm8l15x_rtc.o [1]
RTC_ITConfig            0x00d368   0x3b  Code  Gb  stm8l15x_rtc.o [1]
RTC_SetWakeUpCounter    0x00ddc7   0x15  Code  Gb  stm8l15x_rtc.o [1]
RTC_WaitForSynchro      0x00d4f9   0x37  Code  Gb  stm8l15x_rtc.o [1]
RTC_WakeUpClockConfig   0x00da20   0x23  Code  Gb  stm8l15x_rtc.o [1]
RTC_WakeUpCmd           0x00d1ec   0x45  Code  Gb  stm8l15x_rtc.o [1]
Radio                   0x000443    0x2  Data  Gb  board.o [1]
RadioDriver             0x0003f0   0x12  Data  Gb  radio.o [1]
RadioDriverInit         0x00c700   0x76  Code  Gb  radio.o [1]
Region$$Table$$Base     0x008215          --   Gb  - Linker created -
Region$$Table$$Limit    0x008229          --   Gb  - Linker created -
RxBytesRead             0x000459    0x1  Data  Lc  sx1276-Fsk.o [1]
RxGain                  0x00002c    0x1  Data  Lc  sx1276-Fsk.o [1]
RxGain                  0x000045    0x1  Data  Lc  sx1276-LoRa.o [1]
RxPacketAfcValue        0x00041c    0x4  Data  Lc  sx1276-Fsk.o [1]
RxPacketRssiValue       0x000418    0x4  Data  Lc  sx1276-Fsk.o [1]
RxPacketRssiValue       0x00042c    0x4  Data  Lc  sx1276-LoRa.o [1]
RxPacketSize            0x000447    0x2  Data  Lc  sx1276-Fsk.o [1]
RxPacketSize            0x00044d    0x2  Data  Lc  sx1276-LoRa.o [1]
RxPacketSnrEstimate     0x00045c    0x1  Data  Lc  sx1276-LoRa.o [1]
RxTimeoutTimer          0x000420    0x4  Data  Lc  sx1276-Fsk.o [1]
RxTimeoutTimer          0x000430    0x4  Data  Lc  sx1276-LoRa.o [1]
SPI1_IRQHandler         0x00e0ca    0x1  Code  Gb  stm8l15x_it.o [1]
SPI_Cmd                 0x00de8c   0x11  Code  Gb  stm8l15x_spi.o [1]
SPI_GetFlagStatus       0x00db99   0x1e  Code  Gb  stm8l15x_spi.o [1]
SPI_Init                0x00ca9e   0x5b  Code  Gb  stm8l15x_spi.o [1]
SPI_ReceiveData         0x00e081    0x5  Code  Gb  stm8l15x_spi.o [1]
SPI_SendData            0x00e041    0x8  Code  Gb  stm8l15x_spi.o [1]
SWITCH_CSS_BREAK_DAC_IRQHandler
                        0x00e0c3    0x1  Code  Gb  stm8l15x_it.o [1]
SX1276                  0x000445    0x2  Data  Gb  sx1276-Fsk.o [1]
SX1276FskComputeRxBwMantExp
                        0x00ba74   0xdf  Code  Lc  sx1276-FskMisc.o [1]
SX1276FskGetPacketCrcOn
                        0x00d805   0x2a  Code  Gb  sx1276-FskMisc.o [1]
SX1276FskGetPacketPayloadSize
                        0x00c4e8   0x8f  Code  Gb  sx1276-Fsk.o [1]
SX1276FskGetRFFrequency
                        0x00c681   0x7f  Code  Gb  sx1276-FskMisc.o [1]
SX1276FskGetRxPacket    0x00d91b   0x26  Code  Gb  sx1276-Fsk.o [1]
SX1276FskInit           0x00af36  0x184  Code  Gb  sx1276-Fsk.o [1]
SX1276FskProcess        0x008962  0x59f  Code  Gb  sx1276-Fsk.o [1]
SX1276FskReadAfc        0x00d0d1   0x49  Code  Gb  sx1276-Fsk.o [1]
SX1276FskReadRssi       0x00da65   0x22  Code  Gb  sx1276-Fsk.o [1]
SX1276FskReadRxGain     0x00dd3b   0x18  Code  Gb  sx1276-Fsk.o [1]
SX1276FskRxCalibrate    0x00be88   0xb5  Code  Gb  sx1276-FskMisc.o [1]
SX1276FskSetBitrate     0x00cf05   0x50  Code  Gb  sx1276-FskMisc.o [1]
SX1276FskSetDccBw       0x00bf3d   0xb2  Code  Gb  sx1276-FskMisc.o [1]
SX1276FskSetDefaults    0x00df6a    0xd  Code  Gb  sx1276-Fsk.o [1]
SX1276FskSetFdev        0x00c858   0x6b  Code  Gb  sx1276-FskMisc.o [1]
SX1276FskSetOpMode      0x00cb54   0x59  Code  Gb  sx1276-Fsk.o [1]
SX1276FskSetPAOutput    0x00d567   0x36  Code  Gb  sx1276-FskMisc.o [1]
SX1276FskSetPa20dBm     0x00cdb7   0x55  Code  Gb  sx1276-FskMisc.o [1]
SX1276FskSetRFFrequency
                        0x00ccb5   0x56  Code  Gb  sx1276-FskMisc.o [1]
SX1276FskSetRFPower     0x00b65a  0x126  Code  Gb  sx1276-FskMisc.o [1]
SX1276FskSetRFState     0x00e0a5    0x4  Code  Gb  sx1276-Fsk.o [1]
SX1276FskSetRssiOffset  0x00cfa4   0x4d  Code  Gb  sx1276-FskMisc.o [1]
SX1276FskSetTxPacket    0x00d98d   0x25  Code  Gb  sx1276-Fsk.o [1]
SX1276FskSettings       0x000013   0x18  Data  Gb  sx1276-Fsk.o [1]
SX1276GetRxPacket       0x00d8a7   0x27  Code  Gb  sx1276.o [1]
SX1276HoppingFrequencies
                        0x008080   0xcc  Data  Gb  sx1276-LoRa.o [1]
SX1276Init              0x00d9fc   0x24  Code  Gb  sx1276.o [1]
SX1276InitIo            0x00bdc4   0xc4  Code  Gb  sx1276-Hal.o [1]
SX1276LR                0x00044b    0x2  Data  Gb  sx1276-LoRa.o [1]
SX1276LoRaGetRxPacket   0x00d941   0x26  Code  Gb  sx1276-LoRa.o [1]
SX1276LoRaProcess       0x00828c  0x6d6  Code  Gb  sx1276-LoRa.o [1]
SX1276LoRaReadRxGain    0x00dd53   0x18  Code  Gb  sx1276-LoRa.o [1]
SX1276LoRaSetOpMode     0x00cbad   0x59  Code  Gb  sx1276-LoRa.o [1]
SX1276LoRaSetRFFrequency
                        0x00cd61   0x56  Code  Gb  sx1276-LoRaMisc.o [1]
SX1276LoRaSetRFState    0x00e0a9    0x4  Code  Gb  sx1276-LoRa.o [1]
SX1276LoRaSetTxPacket   0x00d9b2   0x25  Code  Gb  sx1276-LoRa.o [1]
SX1276LoRaSettings      0x00002f   0x16  Data  Gb  sx1276-LoRa.o [1]
SX1276Process           0x00deae   0x11  Code  Gb  sx1276.o [1]
SX1276Read              0x00dbb7   0x1e  Code  Gb  sx1276-Hal.o [1]
SX1276ReadBuffer        0x00caf9   0x5b  Code  Gb  sx1276-Hal.o [1]
SX1276ReadDio0          0x00de1b   0x13  Code  Gb  sx1276-Hal.o [1]
SX1276ReadDio1          0x00de2e   0x13  Code  Gb  sx1276-Hal.o [1]
SX1276ReadDio2          0x00de41   0x13  Code  Gb  sx1276-Hal.o [1]
SX1276ReadDio3          0x00de54   0x13  Code  Gb  sx1276-Hal.o [1]
SX1276ReadDio4          0x00de67   0x13  Code  Gb  sx1276-Hal.o [1]
SX1276ReadFifo          0x00dc83   0x1c  Code  Gb  sx1276-Hal.o [1]
SX1276Regs              0x000380   0x70  Data  Gb  sx1276.o [1]
SX1276Reset             0x00cc5e   0x57  Code  Gb  sx1276.o [1]
SX1276SetLoRaOn         0x00c09e   0xa8  Code  Gb  sx1276.o [1]
SX1276SetReset          0x00d417   0x39  Code  Gb  sx1276-Hal.o [1]
SX1276SetTxPacket       0x00d8ce   0x27  Code  Gb  sx1276.o [1]
SX1276StartRx           0x00dddc   0x15  Code  Gb  sx1276.o [1]
SX1276Write             0x00dc4b   0x1c  Code  Gb  sx1276-Hal.o [1]
SX1276WriteBuffer       0x00cd0b   0x56  Code  Gb  sx1276-Hal.o [1]
SX1276WriteFifo         0x00dc67   0x1c  Code  Gb  sx1276-Hal.o [1]
SX1276WriteRxTx         0x00d5d3   0x35  Code  Gb  sx1276-Hal.o [1]
SYSDivFactor            0x00826d    0x5  Data  Gb  stm8l15x_clk.o [1]
SpiInOut                0x00d231   0x42  Code  Gb  board.o [1]
SpiInit                 0x00d087   0x4a  Code  Gb  board.o [1]
SyncWordDetected        0x000457    0x1  Data  Lc  sx1276-Fsk.o [1]
SysTick_Handler         0x00d7b0   0x2b  Code  Gb  timer.o [1]
TIM1_CC_IRQHandler      0x00e0c9    0x1  Code  Gb  stm8l15x_it.o [1]
TIM1_UPD_OVF_TRG_COM_IRQHandler
                        0x00e0c8    0x1  Code  Gb  stm8l15x_it.o [1]
TIM2_CC_USART2_RX_IRQHandler
                        0x00e0c5    0x1  Code  Gb  stm8l15x_it.o [1]
TIM2_ClearITPendingBit  0x00e01e    0x9  Code  Gb  stm8l15x_tim2.o [1]
TIM2_UPD_OVF_TRG_BRK_USART2_TX_IRQHandler
                        0x00dc2e   0x1d  Code  Gb  stm8l15x_it.o [1]
TIM3_CC_USART3_RX_IRQHandler
                        0x00e0c7    0x1  Code  Gb  stm8l15x_it.o [1]
TIM3_UPD_OVF_TRG_BRK_USART3_TX_IRQHandler
                        0x00e0c6    0x1  Code  Gb  stm8l15x_it.o [1]
TIM4_ClearFlag          0x00e027    0x9  Code  Gb  stm8l15x_tim4.o [1]
TIM4_ClearITPendingBit  0x00e030    0x9  Code  Gb  stm8l15x_tim4.o [1]
TIM4_Cmd                0x00df33    0xe  Code  Gb  stm8l15x_tim4.o [1]
TIM4_Config             0x00cff1   0x4b  Code  Gb  board.o [1]
TIM4_ITConfig           0x00dcee   0x1a  Code  Gb  stm8l15x_tim4.o [1]
TIM4_TimeBaseInit       0x00de9d   0x11  Code  Gb  stm8l15x_tim4.o [1]
TIM4_UPD_OVF_TRG_IRQHandler
                        0x00da87   0x21  Code  Gb  stm8l15x_it.o [1]
TRAP_IRQHandler         0x00e0bb    0x1  Code  Gb  stm8l15x_it.o [1]
TimerGetCurrentTime     0x00e051    0x8  Code  Gb  timer.o [1]
TimerGetElapsedTime     0x00d450   0x39  Code  Gb  timer.o [1]
TimerGetValue           0x00df90    0xc  Code  Gb  timer.o [1]
TimerIrqHandler         0x00bc2f   0xcb  Code  Gb  timer.o [1]
TimerListHead           0x000451    0x2  Data  Lc  timer.o [1]
TimerSetTimeout         0x00dd08   0x1a  Code  Lc  timer.o [1]
TxBytesSent             0x00045a    0x1  Data  Lc  sx1276-Fsk.o [1]
TxPacketSize            0x000449    0x2  Data  Lc  sx1276-Fsk.o [1]
TxPacketSize            0x00044f    0x2  Data  Lc  sx1276-LoRa.o [1]
TxTimeoutTimer          0x000428    0x4  Data  Lc  sx1276-Fsk.o [1]
USART1_RX_TIM5_CC_IRQHandler
                        0x00d6a0   0x30  Code  Gb  stm8l15x_it.o [1]
USART1_TX_TIM5_UPD_OVF_TRG_BRK_IRQHandler
                        0x00c9e5   0x5d  Code  Gb  stm8l15x_it.o [1]
USART_ClearFlag         0x00e08b    0x5  Code  Gb  stm8l15x_usart.o [1]
USART_ClearITPendingBit
                        0x00e090    0x5  Code  Gb  stm8l15x_usart.o [1]
USART_Cmd               0x00d785   0x2b  Code  Gb  stm8l15x_usart.o [1]
USART_DeInit            0x00d2b1   0x3e  Code  Gb  stm8l15x_usart.o [1]
USART_GetFlagStatus     0x00d530   0x37  Code  Gb  stm8l15x_usart.o [1]
USART_ITConfig          0x00c3bf   0x95  Code  Gb  stm8l15x_usart.o [1]
USART_Init              0x00bb53   0xdc  Code  Gb  stm8l15x_usart.o [1]
USART_ReceiveData8      0x00e086    0x5  Code  Gb  stm8l15x_usart.o [1]
USART_SendData8         0x00e049    0x8  Code  Gb  stm8l15x_usart.o [1]
_GenldFullNoMb          0x009d9a  0x3bf  Code  Lc  xprintffull_nomb.o [4]
_LdtobFullNoMb          0x009900  0x49a  Code  Lc  xprintffull_nomb.o [4]
_LitobFullNoMb          0x00b23c  0x17f  Code  Lc  xprintffull_nomb.o [4]
_Locale_lconv           0x00004c   0x2e  Data  Gb  localeconv.o [4]
_PrintfFullNoMb         0x00940e  0x4f2  Code  Gb  xprintffull_nomb.o [4]
_Prout                  0x00daa8   0x1f  Code  Gb  xprout.o [4]
_PutcharFullNoMb        0x00d6ff   0x2e  Code  Lc  xprintffull_nomb.o [4]
_PutcharsFullNoMb       0x00d3a3   0x3b  Code  Lc  xprintffull_nomb.o [4]
__DebugBreak            0x00e0cc    0x1  Code  Gb  __dbg_break.o [3]
__eeprom_write_16       0x00cf55   0x4f  Code  Gb  eeprom.o [1]
__eeprom_write_8        0x00d4c2   0x37  Code  Gb  eeprom.o [1]
__exit                  0x00ddb1   0x16  Code  Gb  __dbg_xxexit.o [3]
__iar_Dint              0x00bcfa   0xca  Code  Gb  xdint.o [4]
__iar_Dnorm             0x00b0da         Code  Gb  float_libsup.o [4]
__iar_Dscale            0x00b168         Code  Gb  float_libsup.o [4]
__iar_Dtest             0x00b0ba         Code  Gb  float_libsup.o [4]
__iar_Dunscale          0x00b116         Code  Gb  float_libsup.o [4]
__iar_Errno             0x000453    0x2  Data  Gb  errno.o [4]
__iar_Exp               0x00a4ce  0x26b  Code  Gb  xexp.o [4]
__iar_Logpoly           0x00dfa8    0xc  Code  Gb  xlog.o [4]
__iar_Memchr            0x00dd6b   0x18  Code  Gb  memchr.o [4]
__iar_Strchr            0x00de06   0x15  Code  Gb  strchr.o [4]
__iar_Tls_setup__Locale_lconv
                        0x000440    0x3  Data  Gb  localeconv.o [4]
__iar_copy_init2        0x00d87f         Code  Gb  init_small.o [4]
__iar_data_init2        0x00dbd5   0x1e  Code  Gb  init.o [4]
__iar_program_start     0x00dd83         Code  Gb  cstartup.o [4]
__iar_unhandled_exception
                        0x00e0b8         Code  Gb  unhandled_exception.o [4]
__iar_zero_init2        0x00dbf3         Code  Gb  init_small.o [4]
__intvec                0x008000         Data  Gb  interrupt.o [4]
__low_level_init        0x00e0b5    0x3  Code  Gb  low_level_init.o [4]
_exit                   0x00e07b         Code  Gb  cexit.o [4]
_interrupt_1            0x00e0bb         Code  Gb  stm8l15x_it.o [1]
_interrupt_10           0x00dc11         Code  Gb  stm8l15x_it.o [1]
_interrupt_11           0x00dae5         Code  Gb  stm8l15x_it.o [1]
_interrupt_12           0x00b98b         Code  Gb  stm8l15x_it.o [1]
_interrupt_13           0x00db03         Code  Gb  stm8l15x_it.o [1]
_interrupt_14           0x00db21         Code  Gb  stm8l15x_it.o [1]
_interrupt_15           0x00db3f         Code  Gb  stm8l15x_it.o [1]
_interrupt_16           0x00db5d         Code  Gb  stm8l15x_it.o [1]
_interrupt_17           0x00db7b         Code  Gb  stm8l15x_it.o [1]
_interrupt_18           0x00e0c2         Code  Gb  stm8l15x_it.o [1]
_interrupt_19           0x00e0c3         Code  Gb  stm8l15x_it.o [1]
_interrupt_20           0x00e0c4         Code  Gb  stm8l15x_it.o [1]
_interrupt_21           0x00dc2e         Code  Gb  stm8l15x_it.o [1]
_interrupt_22           0x00e0c5         Code  Gb  stm8l15x_it.o [1]
_interrupt_23           0x00e0c6         Code  Gb  stm8l15x_it.o [1]
_interrupt_24           0x00e0c7         Code  Gb  stm8l15x_it.o [1]
_interrupt_25           0x00e0c8         Code  Gb  stm8l15x_it.o [1]
_interrupt_26           0x00e0c9         Code  Gb  stm8l15x_it.o [1]
_interrupt_27           0x00da87         Code  Gb  stm8l15x_it.o [1]
_interrupt_28           0x00e0ca         Code  Gb  stm8l15x_it.o [1]
_interrupt_29           0x00c9e5         Code  Gb  stm8l15x_it.o [1]
_interrupt_3            0x00e0bc         Code  Gb  stm8l15x_it.o [1]
_interrupt_30           0x00d6a0         Code  Gb  stm8l15x_it.o [1]
_interrupt_31           0x00e0cb         Code  Gb  stm8l15x_it.o [1]
_interrupt_4            0x00e0bd         Code  Gb  stm8l15x_it.o [1]
_interrupt_5            0x00e0be         Code  Gb  stm8l15x_it.o [1]
_interrupt_6            0x00dac7         Code  Gb  stm8l15x_it.o [1]
_interrupt_7            0x00e0bf         Code  Gb  stm8l15x_it.o [1]
_interrupt_8            0x00e0c0         Code  Gb  stm8l15x_it.o [1]
_interrupt_9            0x00e0c1         Code  Gb  stm8l15x_it.o [1]
aLarmTimerTime          0x000048    0x4  Data  Gb  timer.o [1]
cfg_parm_dump_to_ram    0x00dcba   0x1a  Code  Gb  cfg_parm.o [1]
cfg_parm_factory_reset  0x00c328   0x97  Code  Gb  cfg_parm.o [1]
cfg_parm_get_uart_baud  0x00c1ea   0xa0  Code  Gb  cfg_parm.o [1]
cfg_parm_get_uart_parity
                        0x00d66f   0x31  Code  Gb  cfg_parm.o [1]
cfg_parm_get_wakeup_time
                        0x00c927   0x60  Code  Gb  cfg_parm.o [1]
cfg_parm_restore        0x00d63c   0x33  Code  Gb  cfg_parm.o [1]
config_mode_routin      0x00a9a2  0x21a  Code  Gb  config_mode.o [1]
delay_10us              0x00ce61   0x53  Code  Gb  delay.o [1]
div                     0x00d608   0x34  Code  Gb  div.o [4]
exit                    0x00e0b1    0x4  Code  Gb  exit.o [4]
fabs                    0x00d1a6   0x46  Code  Gb  fabs.o [4]
internal_Pow            0x00a159  0x359  Code  Lc  pow.o [4]
localeconv              0x00df41    0xe  Code  Gb  localeconv.o [4]
lowpower_mode_routin    0x00d7db   0x2a  Code  Gb  lowpower_mode.o [1]
main                    0x00d273   0x3e  Code  Gb  main.o [1]
memcpy                  0x00d967   0x26  Code  Gb  memcpy.o [4]
memset                  0x00dd9a   0x17  Code  Gb  memset.o [4]
normal_mode_routin      0x00b3bb  0x178  Code  Gb  normal_mode.o [1]
pad                     0x00d2ef   0x3d  Code  Lc  xprintffull_nomb.o [4]
pow                     0x00a4c9    0x5  Code  Gb  pow.o [4]
printf                  0x00d857   0x28  Code  Gb  printf.o [4]
putchar                 0x00d6d0   0x2f  Code  Gb  comport.o [1]
ring_buffer_dequeue     0x00d8f5   0x26  Code  Gb  ring_buf.o [1]
ring_buffer_dequeue_arr
                        0x00d11a   0x46  Code  Gb  ring_buf.o [1]
ring_buffer_init        0x00dcd4   0x1a  Code  Gb  ring_buf.o [1]
ringbuf_elements        0x00d82f   0x28  Code  Gb  ring_buf.o [1]
ringbuf_get             0x00ca42   0x5c  Code  Gb  ring_buf.o [1]
ringbuf_put             0x00c8c3   0x64  Code  Gb  ring_buf.o [1]
round                   0x00ce0c   0x55  Code  Gb  round.o [4]
sTartAlarmTimerTime     0x00043c    0x4  Data  Gb  timer.o [1]
scale                   0x00ceb4   0x51  Code  Lc  xprintffull_nomb.o [4]
stManufactureParm       0x001000   0x14  Data  Gb  manufacture_parm.o [1]
stNvCfgParm             0x001014    0x5  Data  Gb  cfg_parm.o [1]
stTmpCfgParm            0x00040b    0x5  Data  Gb  cfg_parm.o [1]
strlen                  0x00de7a   0x12  Code  Gb  strlen.o [4]
strncmp                 0x00d489   0x39  Code  Gb  strncmp.o [4]
systick                 0x000438    0x4  Data  Gb  timer.o [1]
test_mode_routin        0x00c987   0x5e  Code  Gb  test_mode.o [1]
uart_rx_ring_buf        0x00027a   0x83  Data  Gb  comport.o [1]
uart_tx_ring_buf        0x0002fd   0x83  Data  Gb  comport.o [1]
wakeup_mode_routin      0x00c146   0xa4  Code  Gb  wakeup_mode.o [1]


[1] = D:\stm8lora\src\stm8l15x-sx1278\STM8L15x-16x-05x-AL31-L_StdPeriph_Lib\Project\STM8L151G6U6_Sx1278\EWSTM8\STM8L15X_MD(STM8L15xx4_6)\Obj
[2] = command line
[3] = dbgstm8mmd.a
[4] = dlstm8mmf.a

  24 129 bytes of readonly  code memory
     652 bytes of readonly  data memory
   1 913 bytes of readwrite data memory

Errors: none
Warnings: none
