###############################################################################
#
# IAR ELF Linker V2.20.1.176 for STM8                     16/Mar/2019  00:27:41
# Copyright 2010-2015 IAR Systems AB.
#
#    Output file  =  
#        D:\stm8lora\src\stm8l15x-sx1278\STM8L15x-16x-05x-AL31-L_StdPeriph_Lib\Project\STM8L151G6U6_Sx1278\EWSTM8\STM8L15X_MD(STM8L15xx4_6)\Exe\project.out
#    Map file     =  
#        D:\stm8lora\src\stm8l15x-sx1278\STM8L15x-16x-05x-AL31-L_StdPeriph_Lib\Project\STM8L151G6U6_Sx1278\EWSTM8\STM8L15X_MD(STM8L15xx4_6)\List\project.map
#    Command line =  
#        "D:\stm8lora\src\stm8l15x-sx1278\STM8L15x-16x-05x-AL31-L_StdPeriph_Lib\Project\STM8L151G6U6_Sx1278\EWSTM8\STM8L15X_MD(STM8L15xx4_6)\Obj\aes.o"
#        "D:\stm8lora\src\stm8l15x-sx1278\STM8L15x-16x-05x-AL31-L_StdPeriph_Lib\Project\STM8L151G6U6_Sx1278\EWSTM8\STM8L15X_MD(STM8L15xx4_6)\Obj\board.o"
#        "D:\stm8lora\src\stm8l15x-sx1278\STM8L15x-16x-05x-AL31-L_StdPeriph_Lib\Project\STM8L151G6U6_Sx1278\EWSTM8\STM8L15X_MD(STM8L15xx4_6)\Obj\cfg_parm.o"
#        "D:\stm8lora\src\stm8l15x-sx1278\STM8L15x-16x-05x-AL31-L_StdPeriph_Lib\Project\STM8L151G6U6_Sx1278\EWSTM8\STM8L15X_MD(STM8L15xx4_6)\Obj\cmac.o"
#        "D:\stm8lora\src\stm8l15x-sx1278\STM8L15x-16x-05x-AL31-L_StdPeriph_Lib\Project\STM8L151G6U6_Sx1278\EWSTM8\STM8L15X_MD(STM8L15xx4_6)\Obj\comport.o"
#        "D:\stm8lora\src\stm8l15x-sx1278\STM8L15x-16x-05x-AL31-L_StdPeriph_Lib\Project\STM8L151G6U6_Sx1278\EWSTM8\STM8L15X_MD(STM8L15xx4_6)\Obj\config_mode.o"
#        "D:\stm8lora\src\stm8l15x-sx1278\STM8L15x-16x-05x-AL31-L_StdPeriph_Lib\Project\STM8L151G6U6_Sx1278\EWSTM8\STM8L15X_MD(STM8L15xx4_6)\Obj\crc8.o"
#        "D:\stm8lora\src\stm8l15x-sx1278\STM8L15x-16x-05x-AL31-L_StdPeriph_Lib\Project\STM8L151G6U6_Sx1278\EWSTM8\STM8L15X_MD(STM8L15xx4_6)\Obj\delay.o"
#        "D:\stm8lora\src\stm8l15x-sx1278\STM8L15x-16x-05x-AL31-L_StdPeriph_Lib\Project\STM8L151G6U6_Sx1278\EWSTM8\STM8L15X_MD(STM8L15xx4_6)\Obj\eeprom.o"
#        "D:\stm8lora\src\stm8l15x-sx1278\STM8L15x-16x-05x-AL31-L_StdPeriph_Lib\Project\STM8L151G6U6_Sx1278\EWSTM8\STM8L15X_MD(STM8L15xx4_6)\Obj\frame.o"
#        "D:\stm8lora\src\stm8l15x-sx1278\STM8L15x-16x-05x-AL31-L_StdPeriph_Lib\Project\STM8L151G6U6_Sx1278\EWSTM8\STM8L15X_MD(STM8L15xx4_6)\Obj\hex.o"
#        "D:\stm8lora\src\stm8l15x-sx1278\STM8L15x-16x-05x-AL31-L_StdPeriph_Lib\Project\STM8L151G6U6_Sx1278\EWSTM8\STM8L15X_MD(STM8L15xx4_6)\Obj\LoRaMac.o"
#        "D:\stm8lora\src\stm8l15x-sx1278\STM8L15x-16x-05x-AL31-L_StdPeriph_Lib\Project\STM8L151G6U6_Sx1278\EWSTM8\STM8L15X_MD(STM8L15xx4_6)\Obj\LoRaMacCrypto.o"
#        "D:\stm8lora\src\stm8l15x-sx1278\STM8L15x-16x-05x-AL31-L_StdPeriph_Lib\Project\STM8L151G6U6_Sx1278\EWSTM8\STM8L15X_MD(STM8L15xx4_6)\Obj\lowpower_mode.o"
#        "D:\stm8lora\src\stm8l15x-sx1278\STM8L15x-16x-05x-AL31-L_StdPeriph_Lib\Project\STM8L151G6U6_Sx1278\EWSTM8\STM8L15X_MD(STM8L15xx4_6)\Obj\main.o"
#        "D:\stm8lora\src\stm8l15x-sx1278\STM8L15x-16x-05x-AL31-L_StdPeriph_Lib\Project\STM8L151G6U6_Sx1278\EWSTM8\STM8L15X_MD(STM8L15xx4_6)\Obj\manufacture_parm.o"
#        "D:\stm8lora\src\stm8l15x-sx1278\STM8L15x-16x-05x-AL31-L_StdPeriph_Lib\Project\STM8L151G6U6_Sx1278\EWSTM8\STM8L15X_MD(STM8L15xx4_6)\Obj\modem.o"
#        "D:\stm8lora\src\stm8l15x-sx1278\STM8L15x-16x-05x-AL31-L_StdPeriph_Lib\Project\STM8L151G6U6_Sx1278\EWSTM8\STM8L15X_MD(STM8L15xx4_6)\Obj\normal_mode.o"
#        "D:\stm8lora\src\stm8l15x-sx1278\STM8L15x-16x-05x-AL31-L_StdPeriph_Lib\Project\STM8L151G6U6_Sx1278\EWSTM8\STM8L15X_MD(STM8L15xx4_6)\Obj\ring_buf.o"
#        "D:\stm8lora\src\stm8l15x-sx1278\STM8L15x-16x-05x-AL31-L_StdPeriph_Lib\Project\STM8L151G6U6_Sx1278\EWSTM8\STM8L15X_MD(STM8L15xx4_6)\Obj\spi-board.o"
#        "D:\stm8lora\src\stm8l15x-sx1278\STM8L15x-16x-05x-AL31-L_StdPeriph_Lib\Project\STM8L151G6U6_Sx1278\EWSTM8\STM8L15X_MD(STM8L15xx4_6)\Obj\stm8l15x_adc.o"
#        "D:\stm8lora\src\stm8l15x-sx1278\STM8L15x-16x-05x-AL31-L_StdPeriph_Lib\Project\STM8L151G6U6_Sx1278\EWSTM8\STM8L15X_MD(STM8L15xx4_6)\Obj\stm8l15x_beep.o"
#        "D:\stm8lora\src\stm8l15x-sx1278\STM8L15x-16x-05x-AL31-L_StdPeriph_Lib\Project\STM8L151G6U6_Sx1278\EWSTM8\STM8L15X_MD(STM8L15xx4_6)\Obj\stm8l15x_clk.o"
#        "D:\stm8lora\src\stm8l15x-sx1278\STM8L15x-16x-05x-AL31-L_StdPeriph_Lib\Project\STM8L151G6U6_Sx1278\EWSTM8\STM8L15X_MD(STM8L15xx4_6)\Obj\stm8l15x_comp.o"
#        "D:\stm8lora\src\stm8l15x-sx1278\STM8L15x-16x-05x-AL31-L_StdPeriph_Lib\Project\STM8L151G6U6_Sx1278\EWSTM8\STM8L15X_MD(STM8L15xx4_6)\Obj\stm8l15x_dac.o"
#        "D:\stm8lora\src\stm8l15x-sx1278\STM8L15x-16x-05x-AL31-L_StdPeriph_Lib\Project\STM8L151G6U6_Sx1278\EWSTM8\STM8L15X_MD(STM8L15xx4_6)\Obj\stm8l15x_dma.o"
#        "D:\stm8lora\src\stm8l15x-sx1278\STM8L15x-16x-05x-AL31-L_StdPeriph_Lib\Project\STM8L151G6U6_Sx1278\EWSTM8\STM8L15X_MD(STM8L15xx4_6)\Obj\stm8l15x_exti.o"
#        "D:\stm8lora\src\stm8l15x-sx1278\STM8L15x-16x-05x-AL31-L_StdPeriph_Lib\Project\STM8L151G6U6_Sx1278\EWSTM8\STM8L15X_MD(STM8L15xx4_6)\Obj\stm8l15x_flash.o"
#        "D:\stm8lora\src\stm8l15x-sx1278\STM8L15x-16x-05x-AL31-L_StdPeriph_Lib\Project\STM8L151G6U6_Sx1278\EWSTM8\STM8L15X_MD(STM8L15xx4_6)\Obj\stm8l15x_gpio.o"
#        "D:\stm8lora\src\stm8l15x-sx1278\STM8L15x-16x-05x-AL31-L_StdPeriph_Lib\Project\STM8L151G6U6_Sx1278\EWSTM8\STM8L15X_MD(STM8L15xx4_6)\Obj\stm8l15x_i2c.o"
#        "D:\stm8lora\src\stm8l15x-sx1278\STM8L15x-16x-05x-AL31-L_StdPeriph_Lib\Project\STM8L151G6U6_Sx1278\EWSTM8\STM8L15X_MD(STM8L15xx4_6)\Obj\stm8l15x_irtim.o"
#        "D:\stm8lora\src\stm8l15x-sx1278\STM8L15x-16x-05x-AL31-L_StdPeriph_Lib\Project\STM8L151G6U6_Sx1278\EWSTM8\STM8L15X_MD(STM8L15xx4_6)\Obj\stm8l15x_it.o"
#        "D:\stm8lora\src\stm8l15x-sx1278\STM8L15x-16x-05x-AL31-L_StdPeriph_Lib\Project\STM8L151G6U6_Sx1278\EWSTM8\STM8L15X_MD(STM8L15xx4_6)\Obj\stm8l15x_itc.o"
#        "D:\stm8lora\src\stm8l15x-sx1278\STM8L15x-16x-05x-AL31-L_StdPeriph_Lib\Project\STM8L151G6U6_Sx1278\EWSTM8\STM8L15X_MD(STM8L15xx4_6)\Obj\stm8l15x_iwdg.o"
#        "D:\stm8lora\src\stm8l15x-sx1278\STM8L15x-16x-05x-AL31-L_StdPeriph_Lib\Project\STM8L151G6U6_Sx1278\EWSTM8\STM8L15X_MD(STM8L15xx4_6)\Obj\stm8l15x_lcd.o"
#        "D:\stm8lora\src\stm8l15x-sx1278\STM8L15x-16x-05x-AL31-L_StdPeriph_Lib\Project\STM8L151G6U6_Sx1278\EWSTM8\STM8L15X_MD(STM8L15xx4_6)\Obj\stm8l15x_pwr.o"
#        "D:\stm8lora\src\stm8l15x-sx1278\STM8L15x-16x-05x-AL31-L_StdPeriph_Lib\Project\STM8L151G6U6_Sx1278\EWSTM8\STM8L15X_MD(STM8L15xx4_6)\Obj\stm8l15x_rst.o"
#        "D:\stm8lora\src\stm8l15x-sx1278\STM8L15x-16x-05x-AL31-L_StdPeriph_Lib\Project\STM8L151G6U6_Sx1278\EWSTM8\STM8L15X_MD(STM8L15xx4_6)\Obj\stm8l15x_rtc.o"
#        "D:\stm8lora\src\stm8l15x-sx1278\STM8L15x-16x-05x-AL31-L_StdPeriph_Lib\Project\STM8L151G6U6_Sx1278\EWSTM8\STM8L15X_MD(STM8L15xx4_6)\Obj\stm8l15x_spi.o"
#        "D:\stm8lora\src\stm8l15x-sx1278\STM8L15x-16x-05x-AL31-L_StdPeriph_Lib\Project\STM8L151G6U6_Sx1278\EWSTM8\STM8L15X_MD(STM8L15xx4_6)\Obj\stm8l15x_syscfg.o"
#        "D:\stm8lora\src\stm8l15x-sx1278\STM8L15x-16x-05x-AL31-L_StdPeriph_Lib\Project\STM8L151G6U6_Sx1278\EWSTM8\STM8L15X_MD(STM8L15xx4_6)\Obj\stm8l15x_tim1.o"
#        "D:\stm8lora\src\stm8l15x-sx1278\STM8L15x-16x-05x-AL31-L_StdPeriph_Lib\Project\STM8L151G6U6_Sx1278\EWSTM8\STM8L15X_MD(STM8L15xx4_6)\Obj\stm8l15x_tim2.o"
#        "D:\stm8lora\src\stm8l15x-sx1278\STM8L15x-16x-05x-AL31-L_StdPeriph_Lib\Project\STM8L151G6U6_Sx1278\EWSTM8\STM8L15X_MD(STM8L15xx4_6)\Obj\stm8l15x_tim3.o"
#        "D:\stm8lora\src\stm8l15x-sx1278\STM8L15x-16x-05x-AL31-L_StdPeriph_Lib\Project\STM8L151G6U6_Sx1278\EWSTM8\STM8L15X_MD(STM8L15xx4_6)\Obj\stm8l15x_tim4.o"
#        "D:\stm8lora\src\stm8l15x-sx1278\STM8L15x-16x-05x-AL31-L_StdPeriph_Lib\Project\STM8L151G6U6_Sx1278\EWSTM8\STM8L15X_MD(STM8L15xx4_6)\Obj\stm8l15x_tim5.o"
#        "D:\stm8lora\src\stm8l15x-sx1278\STM8L15x-16x-05x-AL31-L_StdPeriph_Lib\Project\STM8L151G6U6_Sx1278\EWSTM8\STM8L15X_MD(STM8L15xx4_6)\Obj\stm8l15x_usart.o"
#        "D:\stm8lora\src\stm8l15x-sx1278\STM8L15x-16x-05x-AL31-L_StdPeriph_Lib\Project\STM8L151G6U6_Sx1278\EWSTM8\STM8L15X_MD(STM8L15xx4_6)\Obj\stm8l15x_wfe.o"
#        "D:\stm8lora\src\stm8l15x-sx1278\STM8L15x-16x-05x-AL31-L_StdPeriph_Lib\Project\STM8L151G6U6_Sx1278\EWSTM8\STM8L15X_MD(STM8L15xx4_6)\Obj\stm8l15x_wwdg.o"
#        "D:\stm8lora\src\stm8l15x-sx1278\STM8L15x-16x-05x-AL31-L_StdPeriph_Lib\Project\STM8L151G6U6_Sx1278\EWSTM8\STM8L15X_MD(STM8L15xx4_6)\Obj\sx1276-board.o"
#        "D:\stm8lora\src\stm8l15x-sx1278\STM8L15x-16x-05x-AL31-L_StdPeriph_Lib\Project\STM8L151G6U6_Sx1278\EWSTM8\STM8L15X_MD(STM8L15xx4_6)\Obj\sx1276.o"
#        "D:\stm8lora\src\stm8l15x-sx1278\STM8L15x-16x-05x-AL31-L_StdPeriph_Lib\Project\STM8L151G6U6_Sx1278\EWSTM8\STM8L15X_MD(STM8L15xx4_6)\Obj\system.o"
#        "D:\stm8lora\src\stm8l15x-sx1278\STM8L15x-16x-05x-AL31-L_StdPeriph_Lib\Project\STM8L151G6U6_Sx1278\EWSTM8\STM8L15X_MD(STM8L15xx4_6)\Obj\test_mode.o"
#        "D:\stm8lora\src\stm8l15x-sx1278\STM8L15x-16x-05x-AL31-L_StdPeriph_Lib\Project\STM8L151G6U6_Sx1278\EWSTM8\STM8L15X_MD(STM8L15xx4_6)\Obj\timer.o"
#        "D:\stm8lora\src\stm8l15x-sx1278\STM8L15x-16x-05x-AL31-L_StdPeriph_Lib\Project\STM8L151G6U6_Sx1278\EWSTM8\STM8L15X_MD(STM8L15xx4_6)\Obj\utilities.o"
#        "D:\stm8lora\src\stm8l15x-sx1278\STM8L15x-16x-05x-AL31-L_StdPeriph_Lib\Project\STM8L151G6U6_Sx1278\EWSTM8\STM8L15X_MD(STM8L15xx4_6)\Obj\wakeup_mode.o"
#        --redirect _Printf=_PrintfFullNoMb --redirect _Scanf=_ScanfFullNoMb -o
#        "D:\stm8lora\src\stm8l15x-sx1278\STM8L15x-16x-05x-AL31-L_StdPeriph_Lib\Project\STM8L151G6U6_Sx1278\EWSTM8\STM8L15X_MD(STM8L15xx4_6)\Exe\project.out"
#        --map
#        "D:\stm8lora\src\stm8l15x-sx1278\STM8L15x-16x-05x-AL31-L_StdPeriph_Lib\Project\STM8L151G6U6_Sx1278\EWSTM8\STM8L15X_MD(STM8L15xx4_6)\List\project.map"
#        --config "C:\Program Files (x86)\IAR Systems\Embedded Workbench
#        7.3\stm8\config\lnkstm8l151g6.icf" --config_def _CSTACK_SIZE=0x80
#        --config_def _HEAP_SIZE=0x00 --entry __iar_program_start --debug_lib
#
###############################################################################

*******************************************************************************
*** RUNTIME MODEL ATTRIBUTES
***

__Heap_Handler             = Basic
__SystemLibrary            = DLib
__code_model               = medium_or_large
__core                     = stm8
__data_model               = medium
__dlib_file_descriptor     = 1
__dlib_full_locale_support = 1
__rt_version               = 4


*******************************************************************************
*** PLACEMENT SUMMARY
***

"A1":  place at start of [0x000000-0x0000ff] { rw section .vregs };
"A2":  place at end of [0x000000-0x0007ff] { block CSTACK };
"P2":  place in [from 0x000000 to 0x0007ff] {
          block HEAP, rw section __DLIB_PERTHREAD, rw section .far.bss,
          rw section .far.data, rw section .far.noinit,
          rw section .far_func.textrw, rw section .huge.bss,
          rw section .huge.data, rw section .huge.noinit,
          rw section .huge_func.textrw, rw section .iar.dynexit,
          rw section .near.bss, rw section .near.data, rw section .near.noinit,
          rw section .near_func.textrw };
"A3":  place at start of [0x008000-0x00ffff] { block INTVEC };
"P3":  place in [from 0x008000 to 0x00ffff] {
          ro section __DLIB_PERTHREAD_init, ro section .far.data_init,
          ro section .far_func.textrw_init, ro section .huge.data_init,
          ro section .huge_func.textrw_init, ro section .iar.init_table,
          ro section .init_array, ro section .near.data_init,
          ro section .near.rodata, ro section .near_func.text,
          ro section .near_func.textrw_init, ro section .tiny.data_init,
          ro section .tiny.rodata_init };
"P4":  place in [from 0x008000 to 0x00ffff] {
          ro section .far.rodata, ro section .far_func.text };
"P7":  place in [from 0x001000 to 0x0013ff] { section .eeprom.data };

  Section            Kind      Address    Size  Object
  -------            ----      -------    ----  ------
"A1":                                     0x10
  .vregs             uninit   0x000000    0x10  vregs.o [4]
                            - 0x000010    0x10

"P2", part 1 of 2:                        0x32
  P2-1                        0x000010    0x32  <Init block>
    .near.data       inited   0x000010    0x10  LoRaMacCrypto.o [1]
    .near.data       inited   0x000020    0x10  LoRaMacCrypto.o [1]
    .near.data       inited   0x000030     0xa  modem.o [1]
    .near.data       inited   0x00003a     0x4  timer.o [1]
    .near.data       inited   0x00003e     0x4  utilities.o [1]
                            - 0x000042    0x32

"P2", part 2 of 2:                       0x6a7
  .near.bss          zero     0x000042   0x115  LoRaMacCrypto.o [1]
  .near.bss          zero     0x000157   0x100  crc8.o [1]
  .near.bss          zero     0x000257    0xf1  LoRaMacCrypto.o [1]
  .near.bss          zero     0x000348    0x83  comport.o [1]
  .near.bss          zero     0x0003cb    0x83  comport.o [1]
  .near.bss          zero     0x00044e    0x83  modem.o [1]
  .near.bss          zero     0x0004d1    0x5b  cfg_parm.o [1]
  .near.bss          zero     0x00052c    0x51  sx1276.o [1]
  .near.bss          zero     0x00057d    0x3d  board.o [1]
  .near.bss          zero     0x0005ba    0x3a  sx1276.o [1]
  .near.bss          zero     0x0005f4    0x15  config_mode.o [1]
  .near.bss          zero     0x000609    0x15  LoRaMac.o [1]
  .near.bss          zero     0x00061e    0x15  lowpower_mode.o [1]
  .near.bss          zero     0x000633    0x15  normal_mode.o [1]
  .near.bss          zero     0x000648    0x15  test_mode.o [1]
  .near.bss          zero     0x00065d    0x15  wakeup_mode.o [1]
  .near.bss          zero     0x000672    0x10  LoRaMacCrypto.o [1]
  .near.bss          zero     0x000682    0x10  LoRaMacCrypto.o [1]
  .near.bss          zero     0x000692     0xe  sx1276.o [1]
  .near.bss          zero     0x0006a0     0xe  sx1276.o [1]
  .near.bss          zero     0x0006ae     0xe  sx1276.o [1]
  .near.bss          zero     0x0006bc     0x8  frame.o [1]
  .near.bss          zero     0x0006c4     0x4  LoRaMac.o [1]
  .near.bss          zero     0x0006c8     0x4  timer.o [1]
  .near.bss          zero     0x0006cc     0x4  timer.o [1]
  .near.bss          zero     0x0006d0     0x2  LoRaMac.o [1]
  .near.bss          zero     0x0006d2     0x2  LoRaMac.o [1]
  .near.bss          zero     0x0006d4     0x2  LoRaMac.o [1]
  .near.bss          zero     0x0006d6     0x2  sx1276.o [1]
  .near.bss          zero     0x0006d8     0x2  test_mode.o [1]
  .near.bss          zero     0x0006da     0x2  test_mode.o [1]
  .near.bss          zero     0x0006dc     0x2  timer.o [1]
  .near.bss          zero     0x0006de     0x1  LoRaMac.o [1]
  .near.bss          zero     0x0006df     0x1  LoRaMac.o [1]
  .near.bss          zero     0x0006e0     0x1  LoRaMac.o [1]
  .near.bss          zero     0x0006e1     0x1  LoRaMac.o [1]
  .near.bss          zero     0x0006e2     0x1  LoRaMac.o [1]
  .near.bss          zero     0x0006e3     0x1  LoRaMac.o [1]
  .near.bss          zero     0x0006e4     0x1  lowpower_mode.o [1]
  .near.bss          zero     0x0006e5     0x1  normal_mode.o [1]
  .near.bss          zero     0x0006e6     0x1  sx1276-board.o [1]
  .near.bss          zero     0x0006e7     0x1  system.o [1]
  .near.bss          zero     0x0006e8     0x1  wakeup_mode.o [1]
                            - 0x0006e9   0x6a7

"A2":                                     0x80
  CSTACK                      0x000780    0x80  <Block>
    CSTACK           uninit   0x000780    0x80  <Block tail>
                            - 0x000800    0x80

"P7":                                    0x15d
  .eeprom.data       rw data  0x001000    0xfa  cfg_parm.o [1]
  .eeprom.data       rw data  0x0010fa    0x5b  cfg_parm.o [1]
  .eeprom.data       rw data  0x001155     0x8  cfg_parm.o [1]
                            - 0x00115d   0x15d

"A3":                                     0x80
  INTVEC                      0x008000    0x80  <Block>
    .intvec          const    0x008000    0x80  interrupt.o [4]
                            - 0x008080    0x80

"P3":                                    0x547
  .near.rodata       const    0x008080   0x100  aes.o [1]
  .near.rodata       const    0x008180   0x100  aes.o [1]
  .near.rodata       const    0x008280   0x100  aes.o [1]
  .near.rodata       const    0x008380   0x100  hex.o [1]
  .near.rodata       const    0x008480    0x51  sx1276-board.o [1]
  Initializer bytes  const    0x0084d1    0x32  <for P2-1>
  .near.rodata       const    0x008503    0x30  sx1276.o [1]
  .near.rodata       const    0x008533    0x23  modem.o [1]
  .iar.init_table    const    0x008556    0x14  - Linker created -
  .near.rodata       const    0x00856a    0x11  hex.o [1]
  .near.rodata       const    0x00857b     0xe  modem.o [1]
  .near.rodata       const    0x008589     0xe  modem.o [1]
  .near.rodata       const    0x008597     0xb  modem.o [1]
  .near.rodata       const    0x0085a2     0xa  modem.o [1]
  .near.rodata       const    0x0085ac     0x9  modem.o [1]
  .near.rodata       const    0x0085b5     0x6  modem.o [1]
  .near.rodata       const    0x0085bb     0x5  stm8l15x_clk.o [1]
  .near.rodata       const    0x0085c0     0x4  modem.o [1]
  .near.rodata       const    0x0085c4     0x3  modem.o [1]
                            - 0x0085c7   0x547

"P4":                                   0x6ed5
  .far_func.text     ro code  0x0085c7   0xd61  sx1276.o [1]
  .far_func.text     ro code  0x009328   0x4b7  modem.o [1]
  .far_func.text     ro code  0x0097df   0x484  float.o [4]
  .far_func.text     ro code  0x009c63   0x445  LoRaMac.o [1]
  .far_func.text     ro code  0x00a0a8   0x2e6  config_mode.o [1]
  .far_func.text     ro code  0x00a38e   0x2aa  normal_mode.o [1]
  .far_func.text     ro code  0x00a638   0x278  board.o [1]
  .far_func.text     ro code  0x00a8b0   0x271  timer.o [1]
  .far_func.text     ro code  0x00ab21   0x25c  test_mode.o [1]
  .far_func.text     ro code  0x00ad7d   0x25a  aes.o [1]
  .far_func.text     ro code  0x00afd7   0x21f  cmac.o [1]
  .far_func.text     ro code  0x00b1f6   0x214  long.o [4]
  .far_func.text     ro code  0x00b40a   0x212  wakeup_mode.o [1]
  .far_func.text     ro code  0x00b61c   0x210  aes.o [1]
  .far_func.text     ro code  0x00b82c   0x203  vreg_util.o [4]
  .far_func.text     ro code  0x00ba2f   0x1d2  sx1276.o [1]
  .far_func.text     ro code  0x00bc01   0x19f  cmac.o [1]
  .far_func.text     ro code  0x00bda0   0x199  cfg_parm.o [1]
  .far_func.text     ro code  0x00bf39   0x193  LoRaMac.o [1]
  .far_func.text     ro code  0x00c0cc   0x17a  comport.o [1]
  .far_func.text     ro code  0x00c246   0x175  lowpower_mode.o [1]
  .far_func.text     ro code  0x00c3bb   0x173  LoRaMac.o [1]
  .far_func.text     ro code  0x00c52e   0x124  aes.o [1]
  .far_func.text     ro code  0x00c652   0x11e  cfg_parm.o [1]
  .far_func.text     ro code  0x00c770   0x119  lowpower_mode.o [1]
  .far_func.text     ro code  0x00c889   0x117  LoRaMac.o [1]
  .far_func.text     ro code  0x00c9a0   0x112  LoRaMacCrypto.o [1]
  .far_func.text     ro code  0x00cab2    0xf3  aes.o [1]
  .far_func.text     ro code  0x00cba5    0xf0  cfg_parm.o [1]
  .far_func.text     ro code  0x00cc95    0xee  frame.o [1]
  .far_func.text     ro code  0x00cd83    0xee  LoRaMacCrypto.o [1]
  .far_func.text     ro code  0x00ce71    0xe8  timer.o [1]
  .far_func.text     ro code  0x00cf59    0xe4  long_util.o [4]
  .far_func.text     ro code  0x00d03d    0xe2  stm8l15x_rtc.o [1]
  .far_func.text     ro code  0x00d11f    0xe2  sx1276-board.o [1]
  .far_func.text     ro code  0x00d201    0xd5  LoRaMac.o [1]
  .far_func.text     ro code  0x00d2d6    0xce  wakeup_mode.o [1]
  .far_func.text     ro code  0x00d3a4    0xc3  stm8l15x_it.o [1]
  .far_func.text     ro code  0x00d467    0xbd  stm8l15x_exti.o [1]
  .far_func.text     ro code  0x00d524    0xb9  LoRaMacCrypto.o [1]
  .far_func.text     ro code  0x00d5dd    0xb4  LoRaMac.o [1]
  .far_func.text     ro code  0x00d691    0xb0  lowpower_mode.o [1]
  .far_func.text     ro code  0x00d741    0xa7  aes.o [1]
  .far_func.text     ro code  0x00d7e8    0xa6  LoRaMacCrypto.o [1]
  .far_func.text     ro code  0x00d88e    0x9d  sx1276-board.o [1]
  .far_func.text     ro code  0x00d92b    0x9b  timer.o [1]
  .far_func.text     ro code  0x00d9c6    0x99  sx1276.o [1]
  .far_func.text     ro code  0x00da5f    0x94  normal_mode.o [1]
  .far_func.text     ro code  0x00daf3    0x94  wakeup_mode.o [1]
  .far_func.text     ro code  0x00db87    0x8c  sx1276.o [1]
  .far_func.text     ro code  0x00dc13    0x8a  LoRaMac.o [1]
  .far_func.text     ro code  0x00dc9d    0x86  stm8l15x_usart.o [1]
  .far_func.text     ro code  0x00dd23    0x77  eeprom.o [1]
  .far_func.text     ro code  0x00dd9a    0x76  aes.o [1]
  .far_func.text     ro code  0x00de10    0x76  stm8l15x_gpio.o [1]
  .far_func.text     ro code  0x00de86    0x74  cfg_parm.o [1]
  .far_func.text     ro code  0x00defa    0x6f  stm8l15x_usart.o [1]
  .far_func.text     ro code  0x00df69    0x68  cfg_parm.o [1]
  .far_func.text     ro code  0x00dfd1    0x63  stm8l15x_clk.o [1]
  .far_func.text     ro code  0x00e034    0x63  stm8l15x_it.o [1]
  .far_func.text     ro code  0x00e097    0x61  lowpower_mode.o [1]
  .far_func.text     ro code  0x00e0f8    0x60  wakeup_mode.o [1]
  .far_func.text     ro code  0x00e158    0x5b  LoRaMacCrypto.o [1]
  .far_func.text     ro code  0x00e1b3    0x59  test_mode.o [1]
  .far_func.text     ro code  0x00e20c    0x58  dc_util.o [4]
  .far_func.text     ro code  0x00e264    0x56  comport.o [1]
  .far_func.text     ro code  0x00e2ba    0x55  ring_buf.o [1]
  .far_func.text     ro code  0x00e30f    0x51  delay.o [1]
  .far_func.text     ro code  0x00e360    0x51  hex.o [1]
  .far_func.text     ro code  0x00e3b1    0x4f  modem.o [1]
  .far_func.text     ro code  0x00e400    0x4e  main.o [1]
  .far_func.text     ro code  0x00e44e    0x4a  stm8l15x_beep.o [1]
  .far_func.text     ro code  0x00e498    0x49  spi-board.o [1]
  .far_func.text     ro code  0x00e4e1    0x49  sx1276.o [1]
  .far_func.text     ro code  0x00e52a    0x47  ring_buf.o [1]
  .far_func.text     ro code  0x00e571    0x46  far_util.o [4]
  .far_func.text     ro code  0x00e5b7    0x43  crc8.o [1]
  .far_func.text     ro code  0x00e5fa    0x42  spi-board.o [1]
  .far_func.text     ro code  0x00e63c    0x41  hex.o [1]
  .far_func.text     ro code  0x00e67d    0x3f  cfg_parm.o [1]
  .far_func.text     ro code  0x00e6bc    0x3f  cfg_parm.o [1]
  .far_func.text     ro code  0x00e6fb    0x3f  hex.o [1]
  .far_func.text     ro code  0x00e73a    0x3c  lowpower_mode.o [1]
  .far_func.text     ro code  0x00e776    0x3c  lowpower_mode.o [1]
  .far_func.text     ro code  0x00e7b2    0x3c  stm8l15x_rtc.o [1]
  .far_func.text     ro code  0x00e7ee    0x3a  ring_buf.o [1]
  .far_func.text     ro code  0x00e828    0x39  stm8l15x_clk.o [1]
  .far_func.text     ro code  0x00e861    0x38  utilities.o [1]
  .far_func.text     ro code  0x00e899    0x36  stm8l15x_rtc.o [1]
  .far_func.text     ro code  0x00e8cf    0x34  stm8l15x_spi.o [1]
  .far_func.text     ro code  0x00e903    0x34  utilities.o [1]
  .far_func.text     ro code  0x00e937    0x32  cmac.o [1]
  .far_func.text     ro code  0x00e969    0x32  stm8l15x_flash.o [1]
  .far_func.text     ro code  0x00e99b    0x31  eeprom.o [1]
  .far_func.text     ro code  0x00e9cc    0x31  ring_buf.o [1]
  .far_func.text     ro code  0x00e9fd    0x30  lowpower_mode.o [1]
  .far_func.text     ro code  0x00ea2d    0x30  stm8l15x_it.o [1]
  .far_func.text     ro code  0x00ea5d    0x30  stm8l15x_usart.o [1]
  .far_func.text     ro code  0x00ea8d    0x2f  comport.o [1]
  .far_func.text     ro code  0x00eabc    0x2f  LoRaMac.o [1]
  .far_func.text     ro code  0x00eaeb    0x2f  stm8l15x_rtc.o [1]
  .far_func.text     ro code  0x00eb1a    0x2e  sx1276-board.o [1]
  .far_func.text     ro code  0x00eb48    0x2d  LoRaMac.o [1]
  .far_func.text     ro code  0x00eb75    0x2d  short.o [4]
  .far_func.text     ro code  0x00eba2    0x2c  utilities.o [1]
  .far_func.text     ro code  0x00ebce    0x2a  sx1276.o [1]
  .far_func.text     ro code  0x00ebf8    0x29  stm8l15x_it.o [1]
  .far_func.text     ro code  0x00ec21    0x28  crc8.o [1]
  .far_func.text     ro code  0x00ec49    0x28  test_mode.o [1]
  .far_func.text     ro code  0x00ec71    0x28  init_small.o [4]
  .far_func.text     ro code  0x00ec99    0x27  sx1276-board.o [1]
  .far_func.text     ro code  0x00ecc0    0x26  memcpy.o [4]
  .far_func.text     ro code  0x00ece6    0x25  ring_buf.o [1]
  .far_func.text     ro code  0x00ed0b    0x23  frame.o [1]
  .far_func.text     ro code  0x00ed2e    0x23  LoRaMacCrypto.o [1]
  .far_func.text     ro code  0x00ed51    0x23  stm8l15x_it.o [1]
  .far_func.text     ro code  0x00ed74    0x23  stm8l15x_it.o [1]
  .far_func.text     ro code  0x00ed97    0x23  stm8l15x_it.o [1]
  .far_func.text     ro code  0x00edba    0x23  stm8l15x_rtc.o [1]
  .far_func.text     ro code  0x00eddd    0x23  stm8l15x_rtc.o [1]
  .far_func.text     ro code  0x00ee00    0x23  timer.o [1]
  .far_func.text     ro code  0x00ee23    0x23  utilities.o [1]
  .far_func.text     ro code  0x00ee46    0x21  LoRaMac.o [1]
  .far_func.text     ro code  0x00ee67    0x21  stm8l15x_it.o [1]
  .far_func.text     ro code  0x00ee88    0x20  lowpower_mode.o [1]
  .far_func.text     ro code  0x00eea8    0x20  lowpower_mode.o [1]
  .far_func.text     ro code  0x00eec8    0x20  normal_mode.o [1]
  .far_func.text     ro code  0x00eee8    0x20  normal_mode.o [1]
  .far_func.text     ro code  0x00ef08    0x20  normal_mode.o [1]
  .far_func.text     ro code  0x00ef28    0x20  normal_mode.o [1]
  .far_func.text     ro code  0x00ef48    0x20  wakeup_mode.o [1]
  .far_func.text     ro code  0x00ef68    0x20  wakeup_mode.o [1]
  .far_func.text     ro code  0x00ef88    0x20  wakeup_mode.o [1]
  .far_func.text     ro code  0x00efa8    0x20  wakeup_mode.o [1]
  .far_func.text     ro code  0x00efc8    0x1f  ring_buf.o [1]
  .far_func.text     ro code  0x00efe7    0x1e  stm8l15x_it.o [1]
  .far_func.text     ro code  0x00f005    0x1e  stm8l15x_it.o [1]
  .far_func.text     ro code  0x00f023    0x1e  stm8l15x_it.o [1]
  .far_func.text     ro code  0x00f041    0x1e  stm8l15x_usart.o [1]
  .far_func.text     ro code  0x00f05f    0x1e  init.o [4]
  .far_func.text     ro code  0x00f07d    0x1e  init_small.o [4]
  .far_func.text     ro code  0x00f09b    0x1d  stm8l15x_it.o [1]
  .far_func.text     ro code  0x00f0b8    0x1d  stm8l15x_it.o [1]
  .far_func.text     ro code  0x00f0d5    0x1c  board.o [1]
  .far_func.text     ro code  0x00f0f1    0x1c  cfg_parm.o [1]
  .far_func.text     ro code  0x00f10d    0x1c  modem.o [1]
  .far_func.text     ro code  0x00f129    0x1c  timer.o [1]
  .far_func.text     ro code  0x00f145    0x1a  sx1276-board.o [1]
  .far_func.text     ro code  0x00f15f    0x19  stm8l15x_flash.o [1]
  .far_func.text     ro code  0x00f178    0x18  utilities.o [1]
  .far_func.text     ro code  0x00f190    0x17  cfg_parm.o [1]
  .far_func.text     ro code  0x00f1a7    0x17  stm8l15x_spi.o [1]
  .far_func.text     ro code  0x00f1be    0x17  cstartup.o [4]
  .far_func.text     ro code  0x00f1d5    0x17  memset.o [4]
  .far_func.text     ro code  0x00f1ec    0x16  aes.o [1]
  .far_func.text     ro code  0x00f202    0x16  ring_buf.o [1]
  .far_func.text     ro code  0x00f218    0x16  stm8l15x_exti.o [1]
  .far_func.text     ro code  0x00f22e    0x16  sx1276-board.o [1]
  .far_func.text     ro code  0x00f244    0x16  __dbg_xxexit.o [3]
  .far_func.text     ro code  0x00f25a    0x15  hex.o [1]
  .far_func.text     ro code  0x00f26f    0x15  stm8l15x_gpio.o [1]
  .far_func.text     ro code  0x00f284    0x15  stm8l15x_gpio.o [1]
  .far_func.text     ro code  0x00f299    0x15  stm8l15x_rtc.o [1]
  .far_func.text     ro code  0x00f2ae    0x13  stm8l15x_spi.o [1]
  .far_func.text     ro code  0x00f2c1    0x13  stm8l15x_tim4.o [1]
  .far_func.text     ro code  0x00f2d4    0x13  sx1276-board.o [1]
  .far_func.text     ro code  0x00f2e7    0x12  strlen.o [4]
  .far_func.text     ro code  0x00f2f9    0x11  hex.o [1]
  .far_func.text     ro code  0x00f30a    0x11  stm8l15x_tim4.o [1]
  .far_func.text     ro code  0x00f31b    0x10  cfg_parm.o [1]
  .far_func.text     ro code  0x00f32b    0x10  stm8l15x_usart.o [1]
  .far_func.text     ro code  0x00f33b     0xf  system.o [1]
  .far_func.text     ro code  0x00f34a     0xd  cmac.o [1]
  .far_func.text     ro code  0x00f357     0xd  stm8l15x_beep.o [1]
  .far_func.text     ro code  0x00f364     0xd  stm8l15x_beep.o [1]
  .far_func.text     ro code  0x00f371     0xd  stm8l15x_clk.o [1]
  .far_func.text     ro code  0x00f37e     0xd  stm8l15x_clk.o [1]
  .far_func.text     ro code  0x00f38b     0xd  stm8l15x_clk.o [1]
  .far_func.text     ro code  0x00f398     0xd  stm8l15x_pwr.o [1]
  .far_func.text     ro code  0x00f3a5     0xd  stm8l15x_tim4.o [1]
  .far_func.text     ro code  0x00f3b2     0xc  ring_buf.o [1]
  .far_func.text     ro code  0x00f3be     0xc  char.o [4]
  .far_func.text     ro code  0x00f3ca     0xb  LoRaMac.o [1]
  .far_func.text     ro code  0x00f3d5     0xb  LoRaMac.o [1]
  .far_func.text     ro code  0x00f3e0     0xa  delay.o [1]
  .far_func.text     ro code  0x00f3ea     0xa  stm8l15x_clk.o [1]
  .far_func.text     ro code  0x00f3f4     0xa  stm8l15x_rtc.o [1]
  .far_func.text     ro code  0x00f3fe     0xa  system.o [1]
  .far_func.text     ro code  0x00f408     0xa  far.o [4]
  .far_func.text     ro code  0x00f412     0x9  sx1276-board.o [1]
  .far_func.text     ro code  0x00f41b     0x7  stm8l15x_flash.o [1]
  .far_func.text     ro code  0x00f422     0x7  stm8l15x_gpio.o [1]
  .far_func.text     ro code  0x00f429     0x7  stm8l15x_gpio.o [1]
  .far_func.text     ro code  0x00f430     0x7  timer.o [1]
  .far_func.text     ro code  0x00f437     0x7  utilities.o [1]
  .far_func.text     ro code  0x00f43e     0x6  cexit.o [4]
  .far_func.text     ro code  0x00f444     0x5  stm8l15x_tim2.o [1]
  .far_func.text     ro code  0x00f449     0x5  stm8l15x_tim4.o [1]
  .far_func.text     ro code  0x00f44e     0x5  stm8l15x_tim4.o [1]
  .far_func.text     ro code  0x00f453     0x5  stm8l15x_usart.o [1]
  .far_func.text     ro code  0x00f458     0x5  stm8l15x_usart.o [1]
  .far_func.text     ro code  0x00f45d     0x4  stm8l15x_clk.o [1]
  .far_func.text     ro code  0x00f461     0x4  stm8l15x_clk.o [1]
  .far_func.text     ro code  0x00f465     0x4  stm8l15x_clk.o [1]
  .far_func.text     ro code  0x00f469     0x4  stm8l15x_flash.o [1]
  .far_func.text     ro code  0x00f46d     0x4  stm8l15x_gpio.o [1]
  .far_func.text     ro code  0x00f471     0x4  interrupt.o [4]
  .far_func.text     ro code  0x00f475     0x4  exit.o [4]
  .far_func.text     ro code  0x00f479     0x3  stm8l15x_usart.o [1]
  .far_func.text     ro code  0x00f47c     0x3  stm8l15x_usart.o [1]
  .far_func.text     ro code  0x00f47f     0x3  sx1276-board.o [1]
  .far_func.text     ro code  0x00f482     0x3  low_level_init.o [4]
  .far_func.text     ro code  0x00f485     0x3  unhandled_exception.o [4]
  .far_func.text     ro code  0x00f488     0x1  board.o [1]
  .far_func.text     ro code  0x00f489     0x1  stm8l15x_it.o [1]
  .far_func.text     ro code  0x00f48a     0x1  stm8l15x_it.o [1]
  .far_func.text     ro code  0x00f48b     0x1  stm8l15x_it.o [1]
  .far_func.text     ro code  0x00f48c     0x1  stm8l15x_it.o [1]
  .far_func.text     ro code  0x00f48d     0x1  stm8l15x_it.o [1]
  .far_func.text     ro code  0x00f48e     0x1  stm8l15x_it.o [1]
  .far_func.text     ro code  0x00f48f     0x1  stm8l15x_it.o [1]
  .far_func.text     ro code  0x00f490     0x1  stm8l15x_it.o [1]
  .far_func.text     ro code  0x00f491     0x1  stm8l15x_it.o [1]
  .far_func.text     ro code  0x00f492     0x1  stm8l15x_it.o [1]
  .far_func.text     ro code  0x00f493     0x1  stm8l15x_it.o [1]
  .far_func.text     ro code  0x00f494     0x1  stm8l15x_it.o [1]
  .far_func.text     ro code  0x00f495     0x1  stm8l15x_it.o [1]
  .far_func.text     ro code  0x00f496     0x1  stm8l15x_it.o [1]
  .far_func.text     ro code  0x00f497     0x1  stm8l15x_it.o [1]
  .far_func.text     ro code  0x00f498     0x1  stm8l15x_it.o [1]
  .far_func.text     ro code  0x00f499     0x1  stm8l15x_it.o [1]
  .far_func.text     ro code  0x00f49a     0x1  sx1276-board.o [1]
  .far_func.text     ro code  0x00f49b     0x1  __dbg_break.o [3]
                            - 0x00f49c  0x6ed5


*******************************************************************************
*** INIT TABLE
***

          Address   Size
          -------   ----
Zero (__iar_zero_init2)
    1 destination range, total size 0x6a7:
          0x000042  0x6a7

Copy (__iar_copy_init2)
    1 source range, total size 0x32:
          0x0084d1   0x32
    1 destination range, total size 0x32:
          0x000010   0x32



*******************************************************************************
*** MODULE SUMMARY
***

    Module                 ro code  ro data  rw data
    ------                 -------  -------  -------
D:\stm8lora\src\stm8l15x-sx1278\STM8L15x-16x-05x-AL31-L_StdPeriph_Lib\Project\STM8L151G6U6_Sx1278\EWSTM8\STM8L15X_MD(STM8L15xx4_6)\Obj: [1]
    LoRaMac.o                2 824                37
    LoRaMacCrypto.o            989       32      582
    aes.o                    1 972      768
    board.o                    661                61
    cfg_parm.o               1 348               440
    cmac.o                   1 021
    comport.o                  511               262
    config_mode.o              742                21
    crc8.o                     107               256
    delay.o                     91
    eeprom.o                   168
    frame.o                    273                 8
    hex.o                      247      273
    lowpower_mode.o          1 159                22
    main.o                      78
    modem.o                  1 314      116      141
    normal_mode.o              958                22
    ring_buf.o                 365
    spi-board.o                139
    stm8l15x_beep.o            100
    stm8l15x_clk.o             217        5
    stm8l15x_exti.o            211
    stm8l15x_flash.o            86
    stm8l15x_gpio.o            178
    stm8l15x_it.o              686
    stm8l15x_pwr.o              13
    stm8l15x_rtc.o             488
    stm8l15x_spi.o              94
    stm8l15x_tim2.o              5
    stm8l15x_tim4.o             59
    stm8l15x_usart.o           355
    sx1276-board.o             548       81        1
    sx1276.o                 4 299       48      183
    system.o                    25                 1
    test_mode.o                733                25
    timer.o                  1 082        4       14
    utilities.o                218        4        4
    wakeup_mode.o            1 108                22
    ------------------------------------------------
    Total:                  25 472    1 331    2 102

command line: [2]
    ------------------------------------------------
    Total:

dbgstm8mmd.a: [3]
    __dbg_break.o                1
    __dbg_xxexit.o              22
    ------------------------------------------------
    Total:                      23

dlstm8mmf.a: [4]
    cexit.o                      6
    char.o                      12
    cstartup.o                  23
    dc_util.o                   88
    exit.o                       4
    far.o                       10
    far_util.o                  70
    float.o                  1 156
    init.o                      30
    init_small.o                70
    interrupt.o                  4      128
    long.o                     532
    long_util.o                228
    low_level_init.o             3
    memcpy.o                    38
    memset.o                    23
    short.o                     45
    strlen.o                    18
    unhandled_exception.o        3
    vreg_util.o                515
    vregs.o                                       16
    ------------------------------------------------
    Total:                   2 878      128       16

    Linker created                       20      128
----------------------------------------------------
    Grand Total:            28 373    1 479    2 246


*******************************************************************************
*** ENTRY LIST
***

Entry                    Address   Size  Type      Object
-----                    -------   ----  ----      ------
.iar.init_table$$Base   0x008556          --   Gb  - Linker created -
.iar.init_table$$Limit  0x00856a          --   Gb  - Linker created -
?add32_l0_l0_0x         0x00b225         Code  Gb  long.o [4]
?add32_l0_l0_l1         0x00b222         Code  Gb  long.o [4]
?b0                     0x000000         Data  Gb  vregs.o [4]
?b1                     0x000001         Data  Gb  vregs.o [4]
?b10                    0x00000a         Data  Gb  vregs.o [4]
?b11                    0x00000b         Data  Gb  vregs.o [4]
?b12                    0x00000c         Data  Gb  vregs.o [4]
?b13                    0x00000d         Data  Gb  vregs.o [4]
?b14                    0x00000e         Data  Gb  vregs.o [4]
?b15                    0x00000f         Data  Gb  vregs.o [4]
?b2                     0x000002         Data  Gb  vregs.o [4]
?b3                     0x000003         Data  Gb  vregs.o [4]
?b4                     0x000004         Data  Gb  vregs.o [4]
?b5                     0x000005         Data  Gb  vregs.o [4]
?b6                     0x000006         Data  Gb  vregs.o [4]
?b7                     0x000007         Data  Gb  vregs.o [4]
?b8                     0x000008         Data  Gb  vregs.o [4]
?b9                     0x000009         Data  Gb  vregs.o [4]
?dc32_l0                0x00e20c         Code  Gb  dc_util.o [4]
?dc32_l1                0x00e238         Code  Gb  dc_util.o [4]
?dec32_0x_0x            0x00b20e         Code  Gb  long.o [4]
?dec32_l0_l0            0x00b209         Code  Gb  long.o [4]
?e0                     0x000001         Data  Gb  vregs.o [4]
?e1                     0x000005         Data  Gb  vregs.o [4]
?e2                     0x000009         Data  Gb  vregs.o [4]
?e3                     0x00000d         Data  Gb  vregs.o [4]
?epilogue_l2            0x00b947         Code  Gb  vreg_util.o [4]
?epilogue_l2_l3         0x00b943         Code  Gb  vreg_util.o [4]
?epilogue_l2_w6         0x00b94c         Code  Gb  vreg_util.o [4]
?epilogue_w4            0x00b955         Code  Gb  vreg_util.o [4]
?fadd32_l0_l0_dc32      0x0097fd         Code  Gb  float.o [4]
?fadd32_l0_l0_l1        0x009803         Code  Gb  float.o [4]
?fcastf32u16_l0_x       0x009a85         Code  Gb  float.o [4]
?fcastf32u32_l0_l0      0x009b28         Code  Gb  float.o [4]
?fcasts16f32_x_l0       0x009aa3         Code  Gb  float.o [4]
?fcastu32f32_l0_l0      0x009ad8         Code  Gb  float.o [4]
?fcmplt32_c_l0_0x       0x009a2f         Code  Gb  float.o [4]
?fcmplt32_c_l0_l1       0x009a2c         Code  Gb  float.o [4]
?fdiv32_l0_dc32_l1      0x009972         Code  Gb  float.o [4]
?fdiv32_l0_l0_dc32      0x009978         Code  Gb  float.o [4]
?fdiv32_l0_l0_l1        0x00997e         Code  Gb  float.o [4]
?fmul32_l0_l0_dc32      0x0098d1         Code  Gb  float.o [4]
?fmul32_l0_l0_l1        0x0098d7         Code  Gb  float.o [4]
?inc32_0x_0x            0x00b1fb         Code  Gb  long.o [4]
?inc32_l0_l0            0x00b1f6         Code  Gb  long.o [4]
?l0                     0x000000         Data  Gb  vregs.o [4]
?l1                     0x000004         Data  Gb  vregs.o [4]
?l2                     0x000008         Data  Gb  vregs.o [4]
?l3                     0x00000c         Data  Gb  vregs.o [4]
?load24_0x_e0           0x00e5a9         Code  Gb  far_util.o [4]
?load24_e0_0x           0x00e571         Code  Gb  far_util.o [4]
?load24_e1_0x           0x00e57f         Code  Gb  far_util.o [4]
?load24_e2_0x           0x00e58d         Code  Gb  far_util.o [4]
?load24_e3_0x           0x00e59b         Code  Gb  far_util.o [4]
?load32_0x_l0           0x00cffb         Code  Gb  long_util.o [4]
?load32_0x_l1           0x00d009         Code  Gb  long_util.o [4]
?load32_0x_l2           0x00d021         Code  Gb  long_util.o [4]
?load32_0x_l3           0x00d02f         Code  Gb  long_util.o [4]
?load32_l0_0x           0x00cf73         Code  Gb  long_util.o [4]
?load32_l0_asp          0x00cf67         Code  Gb  long_util.o [4]
?load32_l0_dbsp         0x00cf59         Code  Gb  long_util.o [4]
?load32_l0_xsp          0x00cf69         Code  Gb  long_util.o [4]
?load32_l1_0x           0x00cf99         Code  Gb  long_util.o [4]
?load32_l1_asp          0x00cf8d         Code  Gb  long_util.o [4]
?load32_l1_dbsp         0x00cf7f         Code  Gb  long_util.o [4]
?load32_l1_xsp          0x00cf8f         Code  Gb  long_util.o [4]
?load32_l2_0x           0x00cfbf         Code  Gb  long_util.o [4]
?load32_l2_asp          0x00cfb3         Code  Gb  long_util.o [4]
?load32_l2_dbsp         0x00cfa5         Code  Gb  long_util.o [4]
?load32_l2_xsp          0x00cfb5         Code  Gb  long_util.o [4]
?load32_l3_0x           0x00cfe5         Code  Gb  long_util.o [4]
?load32_l3_asp          0x00cfd9         Code  Gb  long_util.o [4]
?load32_l3_dbsp         0x00cfcb         Code  Gb  long_util.o [4]
?load32_l3_xsp          0x00cfdb         Code  Gb  long_util.o [4]
?load32_xsp_l0          0x00cff1         Code  Gb  long_util.o [4]
?load32_xsp_l2          0x00d017         Code  Gb  long_util.o [4]
?mov_e0_e1              0x00b9a3         Code  Gb  vreg_util.o [4]
?mov_e0_e2              0x00b9b0         Code  Gb  vreg_util.o [4]
?mov_e0_e3              0x00b9bd         Code  Gb  vreg_util.o [4]
?mov_e1_e0              0x00b9ca         Code  Gb  vreg_util.o [4]
?mov_e1_e2              0x00b9d7         Code  Gb  vreg_util.o [4]
?mov_e1_e3              0x00b9e4         Code  Gb  vreg_util.o [4]
?mov_e2_e0              0x00b9f1         Code  Gb  vreg_util.o [4]
?mov_e2_e1              0x00b9fe         Code  Gb  vreg_util.o [4]
?mov_e2_e3              0x00ba0b         Code  Gb  vreg_util.o [4]
?mov_e3_e0              0x00ba18         Code  Gb  vreg_util.o [4]
?mov_e3_e1              0x00ba25         Code  Gb  vreg_util.o [4]
?mov_l0_l1              0x00b9a0         Code  Gb  vreg_util.o [4]
?mov_l0_l2              0x00b9ad         Code  Gb  vreg_util.o [4]
?mov_l0_l3              0x00b9ba         Code  Gb  vreg_util.o [4]
?mov_l1_l0              0x00b9c7         Code  Gb  vreg_util.o [4]
?mov_l1_l2              0x00b9d4         Code  Gb  vreg_util.o [4]
?mov_l1_l3              0x00b9e1         Code  Gb  vreg_util.o [4]
?mov_l2_l0              0x00b9ee         Code  Gb  vreg_util.o [4]
?mov_l2_l1              0x00b9fb         Code  Gb  vreg_util.o [4]
?mov_l2_l3              0x00ba08         Code  Gb  vreg_util.o [4]
?mov_l3_l0              0x00ba15         Code  Gb  vreg_util.o [4]
?mov_l3_l1              0x00ba22         Code  Gb  vreg_util.o [4]
?mov_w0_w3              0x00b95a         Code  Gb  vreg_util.o [4]
?mov_w0_w4              0x00b961         Code  Gb  vreg_util.o [4]
?mov_w0_w5              0x00b968         Code  Gb  vreg_util.o [4]
?mov_w1_w3              0x00b9a6         Code  Gb  vreg_util.o [4]
?mov_w1_w5              0x00b9b3         Code  Gb  vreg_util.o [4]
?mov_w1_w6              0x00b96f         Code  Gb  vreg_util.o [4]
?mov_w1_w7              0x00b9c0         Code  Gb  vreg_util.o [4]
?mov_w2_w1              0x00b976         Code  Gb  vreg_util.o [4]
?mov_w3_w1              0x00b9cd         Code  Gb  vreg_util.o [4]
?mov_w3_w5              0x00b9da         Code  Gb  vreg_util.o [4]
?mov_w3_w7              0x00b9e7         Code  Gb  vreg_util.o [4]
?mov_w4_w0              0x00b97d         Code  Gb  vreg_util.o [4]
?mov_w4_w1              0x00b984         Code  Gb  vreg_util.o [4]
?mov_w5_w0              0x00b98b         Code  Gb  vreg_util.o [4]
?mov_w5_w1              0x00b9f4         Code  Gb  vreg_util.o [4]
?mov_w5_w3              0x00ba01         Code  Gb  vreg_util.o [4]
?mov_w5_w7              0x00ba0e         Code  Gb  vreg_util.o [4]
?mov_w6_w2              0x00b992         Code  Gb  vreg_util.o [4]
?mov_w7_w0              0x00b999         Code  Gb  vreg_util.o [4]
?mov_w7_w1              0x00ba1b         Code  Gb  vreg_util.o [4]
?mov_w7_w3              0x00ba28         Code  Gb  vreg_util.o [4]
?mul16_x_x_w0           0x00eb75         Code  Gb  short.o [4]
?mul32_l0_l0_0x         0x00b258         Code  Gb  long.o [4]
?mul32_l0_l0_l1         0x00b261         Code  Gb  long.o [4]
?or32_l0_l0_0x          0x00b3d6         Code  Gb  long.o [4]
?or32_l0_l0_l1          0x00b3d3         Code  Gb  long.o [4]
?pop_e2                 0x00b8a9         Code  Gb  vreg_util.o [4]
?pop_e3                 0x00b8b8         Code  Gb  vreg_util.o [4]
?pop_l0                 0x00b90b         Code  Gb  vreg_util.o [4]
?pop_l1                 0x00b916         Code  Gb  vreg_util.o [4]
?pop_l2                 0x00b921         Code  Gb  vreg_util.o [4]
?pop_l3                 0x00b92c         Code  Gb  vreg_util.o [4]
?pop_w4                 0x00b857         Code  Gb  vreg_util.o [4]
?pop_w6                 0x00b85e         Code  Gb  vreg_util.o [4]
?push_e2                0x00b871         Code  Gb  vreg_util.o [4]
?push_e3                0x00b88d         Code  Gb  vreg_util.o [4]
?push_l0                0x00b8d6         Code  Gb  vreg_util.o [4]
?push_l1                0x00b8db         Code  Gb  vreg_util.o [4]
?push_l2                0x00b8e0         Code  Gb  vreg_util.o [4]
?push_l3                0x00b8e5         Code  Gb  vreg_util.o [4]
?push_w0                0x00b82c         Code  Gb  vreg_util.o [4]
?push_w1                0x00b831         Code  Gb  vreg_util.o [4]
?push_w4                0x00b836         Code  Gb  vreg_util.o [4]
?push_w6                0x00b83b         Code  Gb  vreg_util.o [4]
?scmp32_c_l0_l1         0x00b3bc         Code  Gb  long.o [4]
?sdiv32_l0_l0_l1        0x00b356         Code  Gb  long.o [4]
?sext16_x_a             0x00eb9b         Code  Gb  short.o [4]
?sext32_l0_x            0x00b3ff         Code  Gb  long.o [4]
?sll16_x_x_a            0x00eb93         Code  Gb  short.o [4]
?sll32_0x_0x_a          0x00b3f1         Code  Gb  long.o [4]
?sll32_l0_l0_a          0x00b3ee         Code  Gb  long.o [4]
?sll8_a_a_5             0x00f3bf         Code  Gb  char.o [4]
?sll8_a_a_6             0x00f3be         Code  Gb  char.o [4]
?smod32_l1_l0_l1        0x00b356         Code  Gb  long.o [4]
?srl8_a_a_5             0x00f3c5         Code  Gb  char.o [4]
?srl8_a_a_6             0x00f3c4         Code  Gb  char.o [4]
?sub32_l0_l0_0x         0x00b240         Code  Gb  long.o [4]
?sub32_l0_l0_l1         0x00b23d         Code  Gb  long.o [4]
?ucmp24_c_0x_e0         0x00f408         Code  Gb  far.o [4]
?ucmp32_c_l0_0x         0x00b3a1         Code  Gb  long.o [4]
?ucmp32_c_l0_l1         0x00b3b1         Code  Gb  long.o [4]
?udiv32_l0_l0_dl        0x00b2e5         Code  Gb  long.o [4]
?udiv32_l0_l0_l1        0x00b2e9         Code  Gb  long.o [4]
?umod32_l1_l0_dl        0x00b2df         Code  Gb  long.o [4]
?umod32_l1_l0_l1        0x00b2e9         Code  Gb  long.o [4]
?w0                     0x000000         Data  Gb  vregs.o [4]
?w1                     0x000002         Data  Gb  vregs.o [4]
?w2                     0x000004         Data  Gb  vregs.o [4]
?w3                     0x000006         Data  Gb  vregs.o [4]
?w4                     0x000008         Data  Gb  vregs.o [4]
?w5                     0x00000a         Data  Gb  vregs.o [4]
?w6                     0x00000c         Data  Gb  vregs.o [4]
?w7                     0x00000e         Data  Gb  vregs.o [4]
ADC1_COMP_IRQHandler    0x00f492    0x1  Code  Gb  stm8l15x_it.o [1]
AES_CMAC_Final          0x00afd7  0x21f  Code  Gb  cmac.o [1]
AES_CMAC_Init           0x00e937   0x32  Code  Gb  cmac.o [1]
AES_CMAC_SetKey         0x00f34a    0xd  Code  Gb  cmac.o [1]
AES_CMAC_Update         0x00bc01  0x19f  Code  Gb  cmac.o [1]
AesCmacCtx              0x000042  0x115  Data  Lc  LoRaMacCrypto.o [1]
AesContext              0x000257   0xf1  Data  Lc  LoRaMacCrypto.o [1]
BEEP_Cmd                0x00f357    0xd  Code  Gb  stm8l15x_beep.o [1]
BEEP_LSClockToTIMConnectCmd
                        0x00f364    0xd  Code  Gb  stm8l15x_beep.o [1]
BEEP_LSICalibrationConfig
                        0x00e44e   0x4a  Code  Gb  stm8l15x_beep.o [1]
BoardDisableIrq         0x00f3fe    0xa  Code  Gb  system.o [1]
BoardEnableIrq          0x00f33b    0xf  Code  Gb  system.o [1]
BoardInitMcu            0x00a7af  0x101  Code  Gb  board.o [1]
CLK_GetClockFreq        0x00e828   0x39  Code  Gb  stm8l15x_clk.o [1]
CLK_GetSYSCLKSource     0x00f461    0x4  Code  Gb  stm8l15x_clk.o [1]
CLK_HSICmd              0x00f371    0xd  Code  Gb  stm8l15x_clk.o [1]
CLK_LSICmd              0x00f37e    0xd  Code  Gb  stm8l15x_clk.o [1]
CLK_PeripheralClockConfig
                        0x00dfd1   0x63  Code  Gb  stm8l15x_clk.o [1]
CLK_RTCClockConfig      0x00f3ea    0xa  Code  Gb  stm8l15x_clk.o [1]
CLK_SYSCLKDivConfig     0x00f465    0x4  Code  Gb  stm8l15x_clk.o [1]
CLK_SYSCLKSourceConfig  0x00f45d    0x4  Code  Gb  stm8l15x_clk.o [1]
CLK_SYSCLKSourceSwitchCmd
                        0x00f38b    0xd  Code  Gb  stm8l15x_clk.o [1]
CSTACK$$Base            0x000780          --   Gb  - Linker created -
CSTACK$$Limit           0x000800          --   Gb  - Linker created -
ClearWWDG               0x00a638    0x1  Code  Gb  board.o [1]
ComportInit             0x00c0cc  0x17a  Code  Gb  comport.o [1]
ComportTxStart          0x00e264   0x56  Code  Gb  comport.o [1]
ConfigModeRadioEvents   0x0005f4   0x15  Data  Lc  config_mode.o [1]
DMA1_CHANNEL0_1_IRQHandler
                        0x00f48b    0x1  Code  Gb  stm8l15x_it.o [1]
DMA1_CHANNEL2_3_IRQHandler
                        0x00f48c    0x1  Code  Gb  stm8l15x_it.o [1]
DelayMs                 0x00f3e0    0xa  Code  Gb  delay.o [1]
EXTI0_IRQHandler        0x00f09b   0x1d  Code  Gb  stm8l15x_it.o [1]
EXTI1_IRQHandler        0x00efe7   0x1e  Code  Gb  stm8l15x_it.o [1]
EXTI2_IRQHandler        0x00d3a4   0xc3  Code  Gb  stm8l15x_it.o [1]
EXTI3_IRQHandler        0x00ed51   0x23  Code  Gb  stm8l15x_it.o [1]
EXTI4_IRQHandler        0x00ed74   0x23  Code  Gb  stm8l15x_it.o [1]
EXTI5_IRQHandler        0x00ed97   0x23  Code  Gb  stm8l15x_it.o [1]
EXTI6_IRQHandler        0x00f005   0x1e  Code  Gb  stm8l15x_it.o [1]
EXTI7_IRQHandler        0x00f023   0x1e  Code  Gb  stm8l15x_it.o [1]
EXTIB_G_IRQHandler      0x00f48e    0x1  Code  Gb  stm8l15x_it.o [1]
EXTID_H_IRQHandler      0x00f48f    0x1  Code  Gb  stm8l15x_it.o [1]
EXTIE_F_PVD_IRQHandler  0x00f48d    0x1  Code  Gb  stm8l15x_it.o [1]
EXTI_ClearITPendingBit  0x00f218   0x16  Code  Gb  stm8l15x_exti.o [1]
EXTI_SetPinSensitivity  0x00d467   0xbd  Code  Gb  stm8l15x_exti.o [1]
FLASH_IRQHandler        0x00f48a    0x1  Code  Gb  stm8l15x_it.o [1]
FLASH_Lock              0x00f41b    0x7  Code  Gb  stm8l15x_flash.o [1]
FLASH_ProgramByte       0x00f469    0x4  Code  Gb  stm8l15x_flash.o [1]
FLASH_Unlock            0x00f15f   0x19  Code  Gb  stm8l15x_flash.o [1]
FLASH_WaitForLastOperation
                        0x00e969   0x32  Code  Gb  stm8l15x_flash.o [1]
GPIO_DeInit             0x00f26f   0x15  Code  Gb  stm8l15x_gpio.o [1]
GPIO_ExternalPullUpConfig
                        0x00f284   0x15  Code  Gb  stm8l15x_gpio.o [1]
GPIO_Init               0x00de10   0x76  Code  Gb  stm8l15x_gpio.o [1]
GPIO_ReadInputDataBit   0x00f429    0x7  Code  Gb  stm8l15x_gpio.o [1]
GPIO_ResetBits          0x00f46d    0x4  Code  Gb  stm8l15x_gpio.o [1]
GPIO_SetBits            0x00f422    0x7  Code  Gb  stm8l15x_gpio.o [1]
GetRunModePin           0x00a746   0x69  Code  Gb  board.o [1]
GlobalChannel           0x0006de    0x1  Data  Gb  LoRaMac.o [1]
GlobalDR                0x0006df    0x1  Data  Gb  LoRaMac.o [1]
I2C1_SPI2_IRQHandler    0x00f499    0x1  Code  Gb  stm8l15x_it.o [1]
INTVEC$$Base            0x008000          --   Gb  - Linker created -
INTVEC$$Limit           0x008080          --   Gb  - Linker created -
IndicationRfTxFifoStatus
                        0x00f0d5   0x1c  Code  Gb  board.o [1]
InitRunModePin          0x00a70e   0x38  Code  Gb  board.o [1]
IrqNestLevel            0x0006e7    0x1  Data  Lc  system.o [1]
LCD_AES_IRQHandler      0x00f490    0x1  Code  Gb  stm8l15x_it.o [1]
LoRaMacComputeMic       0x00cd83   0xee  Code  Gb  LoRaMacCrypto.o [1]
LoRaMacDevEuiInFlash    0x001155    0x8  Data  Gb  cfg_parm.o [1]
LoRaMacDevNonce         0x0006d0    0x2  Data  Lc  LoRaMac.o [1]
LoRaMacDevNonceCopy     0x0006d2    0x2  Data  Lc  LoRaMac.o [1]
LoRaMacInitialization   0x00d201   0xd5  Code  Gb  LoRaMac.o [1]
LoRaMacJoinComputeMic   0x00d7e8   0xa6  Code  Gb  LoRaMacCrypto.o [1]
LoRaMacJoinComputeSKeys
                        0x00d524   0xb9  Code  Gb  LoRaMacCrypto.o [1]
LoRaMacJoinDecrypt      0x00e158   0x5b  Code  Gb  LoRaMacCrypto.o [1]
LoRaMacOnRadioCadDone   0x00eb48   0x2d  Code  Gb  LoRaMac.o [1]
LoRaMacOnRadioRxDone    0x009c63  0x445  Code  Lc  LoRaMac.o [1]
LoRaMacOnRadioRxError   0x00f3ca    0xb  Code  Lc  LoRaMac.o [1]
LoRaMacOnRadioRxTimeout
                        0x00f3d5    0xb  Code  Lc  LoRaMac.o [1]
LoRaMacOnRadioTxDone    0x00eabc   0x2f  Code  Lc  LoRaMac.o [1]
LoRaMacOnRadioTxTimeout
                        0x00ee46   0x21  Code  Lc  LoRaMac.o [1]
LoRaMacPayloadDecrypt   0x00ed2e   0x23  Code  Gb  LoRaMacCrypto.o [1]
LoRaMacPayloadEncrypt   0x00c9a0  0x112  Code  Gb  LoRaMacCrypto.o [1]
LoRaMacRadioEvents      0x000609   0x15  Data  Lc  LoRaMac.o [1]
LoRaMacStateCheck       0x00bf39  0x193  Code  Gb  LoRaMac.o [1]
LowPowerModeOnCadDone   0x00e9fd   0x30  Code  Gb  lowpower_mode.o [1]
LowPowerModeOnRxDone    0x00d691   0xb0  Code  Gb  lowpower_mode.o [1]
LowPowerModeOnRxError   0x00e776   0x3c  Code  Gb  lowpower_mode.o [1]
LowPowerModeOnRxTimeout
                        0x00e73a   0x3c  Code  Gb  lowpower_mode.o [1]
LowPowerModeOnTxDone    0x00ee88   0x20  Code  Gb  lowpower_mode.o [1]
LowPowerModeOnTxTimeout
                        0x00eea8   0x20  Code  Gb  lowpower_mode.o [1]
LowPowerModeRadioEvents
                        0x00061e   0x15  Data  Lc  lowpower_mode.o [1]
LowPowerModeState       0x0006e4    0x1  Data  Gb  lowpower_mode.o [1]
MODEM                   0x00044e   0x83  Data  Lc  modem.o [1]
Mic                     0x000672   0x10  Data  Lc  LoRaMacCrypto.o [1]
MicBlockB0              0x000010   0x10  Data  Lc  LoRaMacCrypto.o [1]
NormalModeOnRxDone      0x00da5f   0x94  Code  Gb  normal_mode.o [1]
NormalModeOnRxError     0x00ef28   0x20  Code  Gb  normal_mode.o [1]
NormalModeOnRxTimeout   0x00ef08   0x20  Code  Gb  normal_mode.o [1]
NormalModeOnTxDone      0x00eec8   0x20  Code  Gb  normal_mode.o [1]
NormalModeOnTxTimeout   0x00eee8   0x20  Code  Gb  normal_mode.o [1]
NormalModeRadioEvents   0x000633   0x15  Data  Lc  normal_mode.o [1]
NormalModeState         0x0006e5    0x1  Data  Gb  normal_mode.o [1]
PWR_UltraLowPowerCmd    0x00f398    0xd  Code  Gb  stm8l15x_pwr.o [1]
RTC_CSSLSE_IRQHandler   0x00ebf8   0x29  Code  Gb  stm8l15x_it.o [1]
RTC_ClearITPendingBit   0x00f3f4    0xa  Code  Gb  stm8l15x_rtc.o [1]
RTC_Config              0x00a639   0x86  Code  Gb  board.o [1]
RTC_DeInit              0x00d03d   0xe2  Code  Gb  stm8l15x_rtc.o [1]
RTC_EnterInitMode       0x00edba   0x23  Code  Gb  stm8l15x_rtc.o [1]
RTC_ITConfig            0x00e7b2   0x3c  Code  Gb  stm8l15x_rtc.o [1]
RTC_SetWakeUpCounter    0x00f299   0x15  Code  Gb  stm8l15x_rtc.o [1]
RTC_WaitForSynchro      0x00eaeb   0x2f  Code  Gb  stm8l15x_rtc.o [1]
RTC_WakeUpClockConfig   0x00eddd   0x23  Code  Gb  stm8l15x_rtc.o [1]
RTC_WakeUpCmd           0x00e899   0x36  Code  Gb  stm8l15x_rtc.o [1]
Radio                   0x008480   0x51  Data  Gb  sx1276-board.o [1]
RadioEvents             0x0006d6    0x2  Data  Lc  sx1276.o [1]
RadioIsActive           0x0006e6    0x1  Data  Lc  sx1276-board.o [1]
RadioRegsInit           0x008503   0x30  Data  Gb  sx1276.o [1]
RadioSetRx              0x00dc13   0x8a  Code  Lc  LoRaMac.o [1]
RadioSetTx              0x00c3bb  0x173  Code  Lc  LoRaMac.o [1]
RadioTxBuffer           0x00057d   0x3d  Data  Gb  board.o [1]
Region$$Table$$Base     0x008556          --   Gb  - Linker created -
Region$$Table$$Limit    0x00856a          --   Gb  - Linker created -
RxChainCalibration      0x008781   0xd3  Code  Lc  sx1276.o [1]
RxDataLen               0x0006e3    0x1  Data  Gb  LoRaMac.o [1]
RxTimeoutSyncWord       0x0006ae    0xe  Data  Gb  sx1276.o [1]
RxTimeoutTimer          0x0006a0    0xe  Data  Gb  sx1276.o [1]
RxTxBuffer              0x0005ba   0x3a  Data  Lc  sx1276.o [1]
RxfCtrl                 0x0006e2    0x1  Data  Gb  LoRaMac.o [1]
SPI1_IRQHandler         0x00f498    0x1  Code  Gb  stm8l15x_it.o [1]
SPI_Cmd                 0x00f1a7    0xd  Code  Gb  stm8l15x_spi.o [1]
SPI_GetFlagStatus       0x00f2ae   0x13  Code  Gb  stm8l15x_spi.o [1]
SPI_Init                0x00e8cf   0x34  Code  Gb  stm8l15x_spi.o [1]
SPI_ReceiveData         0x00f1b9    0x5  Code  Gb  stm8l15x_spi.o [1]
SPI_SendData            0x00f1b4    0x5  Code  Gb  stm8l15x_spi.o [1]
SWITCH_CSS_BREAK_DAC_IRQHandler
                        0x00f491    0x1  Code  Gb  stm8l15x_it.o [1]
SX1276                  0x00052c   0x51  Data  Gb  sx1276.o [1]
SX1276AntSwDeInit       0x00f412    0x9  Code  Gb  sx1276-board.o [1]
SX1276AntSwInit         0x00ec99    0x9  Code  Gb  sx1276-board.o [1]
SX1276CheckRfFrequency  0x00f47f    0x3  Code  Gb  sx1276-board.o [1]
SX1276GetPaSelect       0x00f2d4   0x13  Code  Lc  sx1276-board.o [1]
SX1276GetStatus         0x0088ea    0x4  Code  Gb  sx1276.o [1]
SX1276Init              0x008854   0x96  Code  Gb  sx1276.o [1]
SX1276IoInit            0x00f145   0x1a  Code  Gb  sx1276-board.o [1]
SX1276IoIrqInit         0x00d88e   0x9d  Code  Gb  sx1276-board.o [1]
SX1276IsChannelFree     0x0088ee   0x6e  Code  Gb  sx1276.o [1]
SX1276OnDio0Irq         0x00ba2f  0x1d2  Code  Gb  sx1276.o [1]
SX1276OnDio1Irq         0x00e4e1   0x49  Code  Gb  sx1276.o [1]
SX1276OnDio2Irq         0x00d9c6   0x99  Code  Gb  sx1276.o [1]
SX1276OnDio3Irq         0x009184   0x78  Code  Gb  sx1276.o [1]
SX1276OnTimeoutIrq      0x00db87   0x8c  Code  Gb  sx1276.o [1]
SX1276Random            0x00895c   0x6f  Code  Gb  sx1276.o [1]
SX1276Read              0x008677   0x11  Code  Gb  sx1276.o [1]
SX1276ReadBuffer        0x008622   0x55  Code  Gb  sx1276.o [1]
SX1276ReadFifo          0x009321    0x7  Code  Gb  sx1276.o [1]
SX1276ReadRssi          0x0092d8   0x49  Code  Gb  sx1276.o [1]
SX1276Reset             0x00eb1a   0x2e  Code  Gb  sx1276-board.o [1]
SX1276Send              0x008e76   0xa0  Code  Gb  sx1276.o [1]
SX1276SetAntSw          0x00f22e   0x16  Code  Gb  sx1276-board.o [1]
SX1276SetAntSwLowPower  0x00eca2   0x1e  Code  Gb  sx1276-board.o [1]
SX1276SetBoardTcxo      0x00f49a    0x1  Code  Lc  sx1276-board.o [1]
SX1276SetChannel        0x008743   0x3e  Code  Gb  sx1276.o [1]
SX1276SetModem          0x0086ce   0x75  Code  Gb  sx1276.o [1]
SX1276SetOpMode         0x008688   0x2e  Code  Gb  sx1276.o [1]
SX1276SetPublicNetwork  0x00ebce   0x2a  Code  Gb  sx1276.o [1]
SX1276SetRfTxPower      0x00d11f   0xe2  Code  Gb  sx1276-board.o [1]
SX1276SetRx             0x008f16  0x26e  Code  Gb  sx1276.o [1]
SX1276SetRxConfig       0x0089cb  0x249  Code  Gb  sx1276.o [1]
SX1276SetSleep          0x0086b6   0x18  Code  Gb  sx1276.o [1]
SX1276SetStby           0x008e5d   0x19  Code  Gb  sx1276.o [1]
SX1276SetTx             0x008dfa   0x5c  Code  Gb  sx1276.o [1]
SX1276SetTxConfig       0x008c14  0x1e6  Code  Gb  sx1276.o [1]
SX1276SetTxContinuousWave
                        0x009239   0x9f  Code  Gb  sx1276.o [1]
SX1276StartCad          0x0091fc   0x3d  Code  Gb  sx1276.o [1]
SX1276Write             0x008614    0xe  Code  Gb  sx1276.o [1]
SX1276WriteBuffer       0x0085c7   0x4d  Code  Gb  sx1276.o [1]
SX1276WriteFifo         0x008e56    0x7  Code  Gb  sx1276.o [1]
SYSDivFactor            0x0085bb    0x5  Data  Gb  stm8l15x_clk.o [1]
SendFrameOnChannel      0x00c889  0x117  Code  Gb  LoRaMac.o [1]
SendJoinRequest         0x00d5dd   0xb4  Code  Gb  LoRaMac.o [1]
SetRxCfg                0x00c770  0x119  Code  Lc  lowpower_mode.o [1]
SetRxCfg                0x00e0f8   0x60  Code  Lc  wakeup_mode.o [1]
SetTxCfg                0x00e097   0x61  Code  Lc  lowpower_mode.o [1]
SetTxCfg                0x00d2d6   0xce  Code  Lc  wakeup_mode.o [1]
SpiInOut                0x00e5fa   0x42  Code  Gb  spi-board.o [1]
SpiInit                 0x00e498   0x49  Code  Gb  spi-board.o [1]
SysTick_Handler         0x00a9bc   0x2b  Code  Gb  timer.o [1]
TIM1_CC_IRQHandler      0x00f497    0x1  Code  Gb  stm8l15x_it.o [1]
TIM1_UPD_OVF_TRG_COM_IRQHandler
                        0x00f496    0x1  Code  Gb  stm8l15x_it.o [1]
TIM2_CC_USART2_RX_IRQHandler
                        0x00f493    0x1  Code  Gb  stm8l15x_it.o [1]
TIM2_ClearITPendingBit  0x00f444    0x5  Code  Gb  stm8l15x_tim2.o [1]
TIM2_UPD_OVF_TRG_BRK_USART2_TX_IRQHandler
                        0x00f0b8   0x1d  Code  Gb  stm8l15x_it.o [1]
TIM3_CC_USART3_RX_IRQHandler
                        0x00f495    0x1  Code  Gb  stm8l15x_it.o [1]
TIM3_UPD_OVF_TRG_BRK_USART3_TX_IRQHandler
                        0x00f494    0x1  Code  Gb  stm8l15x_it.o [1]
TIM4_ClearFlag          0x00f449    0x5  Code  Gb  stm8l15x_tim4.o [1]
TIM4_ClearITPendingBit  0x00f44e    0x5  Code  Gb  stm8l15x_tim4.o [1]
TIM4_Cmd                0x00f3a5    0xd  Code  Gb  stm8l15x_tim4.o [1]
TIM4_Config             0x00a6bf   0x4f  Code  Gb  board.o [1]
TIM4_ITConfig           0x00f2c1   0x13  Code  Gb  stm8l15x_tim4.o [1]
TIM4_TimeBaseInit       0x00f30a   0x11  Code  Gb  stm8l15x_tim4.o [1]
TIM4_UPD_OVF_TRG_IRQHandler
                        0x00ee67   0x21  Code  Gb  stm8l15x_it.o [1]
TRAP_IRQHandler         0x00f489    0x1  Code  Gb  stm8l15x_it.o [1]
TestGetRunModePin       0x00e1b3   0x59  Code  Gb  test_mode.o [1]
TestModeOnRadioTxTimeout
                        0x00ec49   0x28  Code  Gb  test_mode.o [1]
TestModeRadioEvents     0x000648   0x15  Data  Lc  test_mode.o [1]
TestRssi                0x0006d8    0x2  Data  Lc  test_mode.o [1]
TestSnr                 0x0006da    0x2  Data  Lc  test_mode.o [1]
TimerExists             0x00f129   0x1c  Code  Lc  timer.o [1]
TimerGetCurrentTime     0x00f430    0x7  Code  Gb  timer.o [1]
TimerGetElapsedTime     0x00a8c6   0x3c  Code  Gb  timer.o [1]
TimerGetValue           0x00a902    0xb  Code  Gb  timer.o [1]
TimerInit               0x00a9e7   0x34  Code  Gb  timer.o [1]
TimerInsertNewHeadTimer
                        0x00aaee   0x33  Code  Lc  timer.o [1]
TimerInsertTimer        0x00aa1b   0xd3  Code  Lc  timer.o [1]
TimerIrqHandler         0x00a90d   0xaf  Code  Gb  timer.o [1]
TimerListHead           0x0006dc    0x2  Data  Lc  timer.o [1]
TimerSetTimeout         0x00a8b0   0x16  Code  Lc  timer.o [1]
TimerSetValue           0x00ee00   0x23  Code  Gb  timer.o [1]
TimerStart              0x00d92b   0x9b  Code  Gb  timer.o [1]
TimerStop               0x00ce71   0xe8  Code  Gb  timer.o [1]
TxDoneTimerTick         0x0006c4    0x4  Data  Gb  LoRaMac.o [1]
TxTimeoutTimer          0x000692    0xe  Data  Gb  sx1276.o [1]
USART1_RX_TIM5_CC_IRQHandler
                        0x00ea2d   0x30  Code  Gb  stm8l15x_it.o [1]
USART1_TX_TIM5_UPD_OVF_TRG_BRK_IRQHandler
                        0x00e034   0x63  Code  Gb  stm8l15x_it.o [1]
USART_ClearFlag         0x00f453    0x5  Code  Gb  stm8l15x_usart.o [1]
USART_ClearITPendingBit
                        0x00f458    0x5  Code  Gb  stm8l15x_usart.o [1]
USART_Cmd               0x00f32b   0x10  Code  Gb  stm8l15x_usart.o [1]
USART_DeInit            0x00ea5d   0x30  Code  Gb  stm8l15x_usart.o [1]
USART_GetFlagStatus     0x00f041   0x1e  Code  Gb  stm8l15x_usart.o [1]
USART_ITConfig          0x00defa   0x6f  Code  Gb  stm8l15x_usart.o [1]
USART_Init              0x00dc9d   0x86  Code  Gb  stm8l15x_usart.o [1]
USART_ReceiveData8      0x00f479    0x3  Code  Gb  stm8l15x_usart.o [1]
USART_SendData8         0x00f47c    0x3  Code  Gb  stm8l15x_usart.o [1]
WWDG_Config             0x00f488    0x1  Code  Lc  board.o [1]
WakeUpModeOnRxDone      0x00daf3   0x94  Code  Gb  wakeup_mode.o [1]
WakeUpModeOnRxError     0x00efa8   0x20  Code  Gb  wakeup_mode.o [1]
WakeUpModeOnRxTimeout   0x00ef88   0x20  Code  Gb  wakeup_mode.o [1]
WakeUpModeOnTxDone      0x00ef48   0x20  Code  Gb  wakeup_mode.o [1]
WakeUpModeOnTxTimeout   0x00ef68   0x20  Code  Gb  wakeup_mode.o [1]
WakeUpModeRadioEvents   0x00065d   0x15  Data  Lc  wakeup_mode.o [1]
WakeUpModeState         0x0006e8    0x1  Data  Gb  wakeup_mode.o [1]
__DebugBreak            0x00f49b    0x1  Code  Gb  __dbg_break.o [3]
__eeprom_write_32       0x00dd23   0x77  Code  Gb  eeprom.o [1]
__eeprom_write_8        0x00e99b   0x31  Code  Gb  eeprom.o [1]
__exit                  0x00f244   0x16  Code  Gb  __dbg_xxexit.o [3]
__iar_copy_init2        0x00ec71         Code  Gb  init_small.o [4]
__iar_data_init2        0x00f05f   0x1e  Code  Gb  init.o [4]
__iar_program_start     0x00f1be         Code  Gb  cstartup.o [4]
__iar_unhandled_exception
                        0x00f485         Code  Gb  unhandled_exception.o [4]
__iar_zero_init2        0x00f07d         Code  Gb  init_small.o [4]
__intvec                0x008000         Data  Gb  interrupt.o [4]
__low_level_init        0x00f482    0x3  Code  Gb  low_level_init.o [4]
_exit                   0x00f43e         Code  Gb  cexit.o [4]
_interrupt_1            0x00f489         Code  Gb  stm8l15x_it.o [1]
_interrupt_10           0x00f09b         Code  Gb  stm8l15x_it.o [1]
_interrupt_11           0x00efe7         Code  Gb  stm8l15x_it.o [1]
_interrupt_12           0x00d3a4         Code  Gb  stm8l15x_it.o [1]
_interrupt_13           0x00ed51         Code  Gb  stm8l15x_it.o [1]
_interrupt_14           0x00ed74         Code  Gb  stm8l15x_it.o [1]
_interrupt_15           0x00ed97         Code  Gb  stm8l15x_it.o [1]
_interrupt_16           0x00f005         Code  Gb  stm8l15x_it.o [1]
_interrupt_17           0x00f023         Code  Gb  stm8l15x_it.o [1]
_interrupt_18           0x00f490         Code  Gb  stm8l15x_it.o [1]
_interrupt_19           0x00f491         Code  Gb  stm8l15x_it.o [1]
_interrupt_20           0x00f492         Code  Gb  stm8l15x_it.o [1]
_interrupt_21           0x00f0b8         Code  Gb  stm8l15x_it.o [1]
_interrupt_22           0x00f493         Code  Gb  stm8l15x_it.o [1]
_interrupt_23           0x00f494         Code  Gb  stm8l15x_it.o [1]
_interrupt_24           0x00f495         Code  Gb  stm8l15x_it.o [1]
_interrupt_25           0x00f496         Code  Gb  stm8l15x_it.o [1]
_interrupt_26           0x00f497         Code  Gb  stm8l15x_it.o [1]
_interrupt_27           0x00ee67         Code  Gb  stm8l15x_it.o [1]
_interrupt_28           0x00f498         Code  Gb  stm8l15x_it.o [1]
_interrupt_29           0x00e034         Code  Gb  stm8l15x_it.o [1]
_interrupt_3            0x00f48a         Code  Gb  stm8l15x_it.o [1]
_interrupt_30           0x00ea2d         Code  Gb  stm8l15x_it.o [1]
_interrupt_31           0x00f499         Code  Gb  stm8l15x_it.o [1]
_interrupt_4            0x00f48b         Code  Gb  stm8l15x_it.o [1]
_interrupt_5            0x00f48c         Code  Gb  stm8l15x_it.o [1]
_interrupt_6            0x00ebf8         Code  Gb  stm8l15x_it.o [1]
_interrupt_7            0x00f48d         Code  Gb  stm8l15x_it.o [1]
_interrupt_8            0x00f48e         Code  Gb  stm8l15x_it.o [1]
_interrupt_9            0x00f48f         Code  Gb  stm8l15x_it.o [1]
aBlock                  0x000020   0x10  Data  Lc  LoRaMacCrypto.o [1]
aLarmTimerTime          0x00003a    0x4  Data  Gb  timer.o [1]
add_round_key           0x00b828    0x4  Code  Lc  aes.o [1]
aes_encrypt             0x00dd9a   0x76  Code  Gb  aes.o [1]
aes_set_key             0x00c52e  0x124  Code  Gb  aes.o [1]
bRxComplete             0x0006e1    0x1  Data  Gb  LoRaMac.o [1]
bTxComplete             0x0006e0    0x1  Data  Gb  LoRaMac.o [1]
cfg_parm_dump_to_ram    0x00cba5   0xf0  Code  Gb  cfg_parm.o [1]
cfg_parm_factory_reset  0x00bda0  0x199  Code  Gb  cfg_parm.o [1]
cfg_parm_get_air_bandwith
                        0x00f31b   0x10  Code  Gb  cfg_parm.o [1]
cfg_parm_get_air_baud   0x00de86   0x74  Code  Gb  cfg_parm.o [1]
cfg_parm_get_air_sf     0x00e67d   0x3f  Code  Gb  cfg_parm.o [1]
cfg_parm_get_tx_power   0x00f0f1   0x1c  Code  Gb  cfg_parm.o [1]
cfg_parm_get_uart_baud  0x00df69   0x68  Code  Gb  cfg_parm.o [1]
cfg_parm_get_uart_parity
                        0x00f190   0x17  Code  Gb  cfg_parm.o [1]
cfg_parm_get_wakeup_time
                        0x00e6bc   0x3f  Code  Gb  cfg_parm.o [1]
cfg_parm_restore        0x00c652  0x11e  Code  Gb  cfg_parm.o [1]
config_mode_routin      0x00a0a8  0x2e6  Code  Gb  config_mode.o [1]
copy_and_key            0x00b726  0x102  Code  Lc  aes.o [1]
copy_block              0x00d741   0xa7  Code  Lc  aes.o [1]
copy_block_nn           0x00f1ec   0x16  Code  Lc  aes.o [1]
cpystr                  0x00f25a   0x15  Code  Gb  hex.o [1]
crc8                    0x00ec21   0x28  Code  Gb  crc8.o [1]
crc8_table              0x000157  0x100  Data  Gb  crc8.o [1]
delay_10us              0x00e30f   0x51  Code  Gb  delay.o [1]
evnames                 0x000030    0xa  Data  Lc  modem.o [1]
exit                    0x00f475    0x4  Code  Gb  exit.o [4]
factorystring           0x001000   0xfa  Data  Gb  cfg_parm.o [1]
frame_init              0x00ed0b   0x23  Code  Gb  frame.o [1]
frame_rx                0x00cc95   0xee  Code  Gb  frame.o [1]
gethex                  0x00e360   0x51  Code  Gb  hex.o [1]
gfm2_sbox               0x008180  0x100  Data  Lc  aes.o [1]
gfm3_sbox               0x008280  0x100  Data  Lc  aes.o [1]
hexval                  0x008380  0x100  Data  Lc  hex.o [1]
init_crc8               0x00e5b7   0x43  Code  Gb  crc8.o [1]
lowpower_mode_routin    0x00c246  0x175  Code  Gb  lowpower_mode.o [1]
main                    0x00e400   0x4e  Code  Gb  main.o [1]
memcpy                  0x00ecc0   0x26  Code  Gb  memcpy.o [4]
memcpy1                 0x00ee23   0x23  Code  Gb  utilities.o [1]
memcpyr                 0x00eba2   0x2c  Code  Gb  utilities.o [1]
memset                  0x00f1d5   0x17  Code  Gb  memset.o [4]
memset1                 0x00f178   0x18  Code  Gb  utilities.o [1]
mix_sub_columns         0x00ad7d  0x25a  Code  Lc  aes.o [1]
modem_init              0x00f10d   0x1c  Code  Gb  modem.o [1]
modem_rxdone            0x009328  0x4b7  Code  Gb  modem.o [1]
next                    0x00003e    0x4  Data  Lc  utilities.o [1]
normal_mode_routin      0x00a38e  0x2aa  Code  Gb  normal_mode.o [1]
onEvent                 0x00e3b1   0x4f  Code  Gb  modem.o [1]
pRxDataBuf              0x0006d4    0x2  Data  Gb  LoRaMac.o [1]
putchar                 0x00ea8d   0x2f  Code  Gb  comport.o [1]
puthex                  0x00e6fb   0x3f  Code  Gb  hex.o [1]
rand1                   0x00e903   0x34  Code  Gb  utilities.o [1]
randr                   0x00e861   0x38  Code  Gb  utilities.o [1]
reverse                 0x00e63c   0x41  Code  Gb  hex.o [1]
ring_buffer_dequeue     0x00efc8   0x1f  Code  Gb  ring_buf.o [1]
ring_buffer_dequeue_arr
                        0x00e7ee   0x3a  Code  Gb  ring_buf.o [1]
ring_buffer_init        0x00f202   0x16  Code  Gb  ring_buf.o [1]
ring_buffer_is_empty    0x00f3b2    0xc  Code  Gb  ring_buf.o [1]
ring_buffer_queue_arr   0x00e9cc   0x31  Code  Gb  ring_buf.o [1]
ringbuf_elements        0x00ece6   0x25  Code  Gb  ring_buf.o [1]
ringbuf_get             0x00e52a   0x47  Code  Gb  ring_buf.o [1]
ringbuf_put             0x00e2ba   0x55  Code  Gb  ring_buf.o [1]
rxframe                 0x0006bc    0x8  Data  Gb  frame.o [1]
sBlock                  0x000682   0x10  Data  Lc  LoRaMacCrypto.o [1]
sTartAlarmTimerTime     0x0006cc    0x4  Data  Gb  timer.o [1]
sbox                    0x008080  0x100  Data  Lc  aes.o [1]
shift_sub_rows          0x00cab2   0xf3  Code  Lc  aes.o [1]
srand1                  0x00f437    0x7  Code  Gb  utilities.o [1]
stNvCfgParm             0x0010fa   0x5b  Data  Gb  cfg_parm.o [1]
stTmpCfgParm            0x0004d1   0x5b  Data  Gb  cfg_parm.o [1]
strlen                  0x00f2e7   0x12  Code  Gb  strlen.o [4]
systick                 0x0006c8    0x4  Data  Gb  timer.o [1]
test_mode_routin        0x00ab21  0x25c  Code  Gb  test_mode.o [1]
tolower                 0x00f2f9   0x11  Code  Gb  hex.o [1]
uart_rx_ring_buf        0x000348   0x83  Data  Gb  comport.o [1]
uart_tx_ring_buf        0x0003cb   0x83  Data  Gb  comport.o [1]
wakeup_mode_routin      0x00b40a  0x212  Code  Gb  wakeup_mode.o [1]
xor_block               0x00b61c  0x10a  Code  Lc  aes.o [1]


[1] = D:\stm8lora\src\stm8l15x-sx1278\STM8L15x-16x-05x-AL31-L_StdPeriph_Lib\Project\STM8L151G6U6_Sx1278\EWSTM8\STM8L15X_MD(STM8L15xx4_6)\Obj
[2] = command line
[3] = dbgstm8mmd.a
[4] = dlstm8mmf.a

  28 373 bytes of readonly  code memory
   1 479 bytes of readonly  data memory
   2 246 bytes of readwrite data memory

Errors: none
Warnings: none
