###############################################################################
#
# IAR ELF Linker V2.20.1.176 for STM8                     12/Nov/2018  16:59:37
# Copyright 2010-2015 IAR Systems AB.
#
#    Output file  =  
#        D:\stm8lora\src\stm8l15x-sx1278\STM8L15x-16x-05x-AL31-L_StdPeriph_Lib\Project\STM8L151G6U6_Sx1278\EWSTM8\STM8L15X_MD(STM8L15xx4_6)\Exe\project.out
#    Map file     =  
#        D:\stm8lora\src\stm8l15x-sx1278\STM8L15x-16x-05x-AL31-L_StdPeriph_Lib\Project\STM8L151G6U6_Sx1278\EWSTM8\STM8L15X_MD(STM8L15xx4_6)\List\project.map
#    Command line =  
#        "D:\stm8lora\src\stm8l15x-sx1278\STM8L15x-16x-05x-AL31-L_StdPeriph_Lib\Project\STM8L151G6U6_Sx1278\EWSTM8\STM8L15X_MD(STM8L15xx4_6)\Obj\board.o"
#        "D:\stm8lora\src\stm8l15x-sx1278\STM8L15x-16x-05x-AL31-L_StdPeriph_Lib\Project\STM8L151G6U6_Sx1278\EWSTM8\STM8L15X_MD(STM8L15xx4_6)\Obj\cfg_parm.o"
#        "D:\stm8lora\src\stm8l15x-sx1278\STM8L15x-16x-05x-AL31-L_StdPeriph_Lib\Project\STM8L151G6U6_Sx1278\EWSTM8\STM8L15X_MD(STM8L15xx4_6)\Obj\comport.o"
#        "D:\stm8lora\src\stm8l15x-sx1278\STM8L15x-16x-05x-AL31-L_StdPeriph_Lib\Project\STM8L151G6U6_Sx1278\EWSTM8\STM8L15X_MD(STM8L15xx4_6)\Obj\config_mode.o"
#        "D:\stm8lora\src\stm8l15x-sx1278\STM8L15x-16x-05x-AL31-L_StdPeriph_Lib\Project\STM8L151G6U6_Sx1278\EWSTM8\STM8L15X_MD(STM8L15xx4_6)\Obj\delay.o"
#        "D:\stm8lora\src\stm8l15x-sx1278\STM8L15x-16x-05x-AL31-L_StdPeriph_Lib\Project\STM8L151G6U6_Sx1278\EWSTM8\STM8L15X_MD(STM8L15xx4_6)\Obj\eeprom.o"
#        "D:\stm8lora\src\stm8l15x-sx1278\STM8L15x-16x-05x-AL31-L_StdPeriph_Lib\Project\STM8L151G6U6_Sx1278\EWSTM8\STM8L15X_MD(STM8L15xx4_6)\Obj\lowpower_mode.o"
#        "D:\stm8lora\src\stm8l15x-sx1278\STM8L15x-16x-05x-AL31-L_StdPeriph_Lib\Project\STM8L151G6U6_Sx1278\EWSTM8\STM8L15X_MD(STM8L15xx4_6)\Obj\main.o"
#        "D:\stm8lora\src\stm8l15x-sx1278\STM8L15x-16x-05x-AL31-L_StdPeriph_Lib\Project\STM8L151G6U6_Sx1278\EWSTM8\STM8L15X_MD(STM8L15xx4_6)\Obj\manufacture_parm.o"
#        "D:\stm8lora\src\stm8l15x-sx1278\STM8L15x-16x-05x-AL31-L_StdPeriph_Lib\Project\STM8L151G6U6_Sx1278\EWSTM8\STM8L15X_MD(STM8L15xx4_6)\Obj\normal_mode.o"
#        "D:\stm8lora\src\stm8l15x-sx1278\STM8L15x-16x-05x-AL31-L_StdPeriph_Lib\Project\STM8L151G6U6_Sx1278\EWSTM8\STM8L15X_MD(STM8L15xx4_6)\Obj\ring_buf.o"
#        "D:\stm8lora\src\stm8l15x-sx1278\STM8L15x-16x-05x-AL31-L_StdPeriph_Lib\Project\STM8L151G6U6_Sx1278\EWSTM8\STM8L15X_MD(STM8L15xx4_6)\Obj\spi-board.o"
#        "D:\stm8lora\src\stm8l15x-sx1278\STM8L15x-16x-05x-AL31-L_StdPeriph_Lib\Project\STM8L151G6U6_Sx1278\EWSTM8\STM8L15X_MD(STM8L15xx4_6)\Obj\stm8l15x_adc.o"
#        "D:\stm8lora\src\stm8l15x-sx1278\STM8L15x-16x-05x-AL31-L_StdPeriph_Lib\Project\STM8L151G6U6_Sx1278\EWSTM8\STM8L15X_MD(STM8L15xx4_6)\Obj\stm8l15x_beep.o"
#        "D:\stm8lora\src\stm8l15x-sx1278\STM8L15x-16x-05x-AL31-L_StdPeriph_Lib\Project\STM8L151G6U6_Sx1278\EWSTM8\STM8L15X_MD(STM8L15xx4_6)\Obj\stm8l15x_clk.o"
#        "D:\stm8lora\src\stm8l15x-sx1278\STM8L15x-16x-05x-AL31-L_StdPeriph_Lib\Project\STM8L151G6U6_Sx1278\EWSTM8\STM8L15X_MD(STM8L15xx4_6)\Obj\stm8l15x_comp.o"
#        "D:\stm8lora\src\stm8l15x-sx1278\STM8L15x-16x-05x-AL31-L_StdPeriph_Lib\Project\STM8L151G6U6_Sx1278\EWSTM8\STM8L15X_MD(STM8L15xx4_6)\Obj\stm8l15x_dac.o"
#        "D:\stm8lora\src\stm8l15x-sx1278\STM8L15x-16x-05x-AL31-L_StdPeriph_Lib\Project\STM8L151G6U6_Sx1278\EWSTM8\STM8L15X_MD(STM8L15xx4_6)\Obj\stm8l15x_dma.o"
#        "D:\stm8lora\src\stm8l15x-sx1278\STM8L15x-16x-05x-AL31-L_StdPeriph_Lib\Project\STM8L151G6U6_Sx1278\EWSTM8\STM8L15X_MD(STM8L15xx4_6)\Obj\stm8l15x_exti.o"
#        "D:\stm8lora\src\stm8l15x-sx1278\STM8L15x-16x-05x-AL31-L_StdPeriph_Lib\Project\STM8L151G6U6_Sx1278\EWSTM8\STM8L15X_MD(STM8L15xx4_6)\Obj\stm8l15x_flash.o"
#        "D:\stm8lora\src\stm8l15x-sx1278\STM8L15x-16x-05x-AL31-L_StdPeriph_Lib\Project\STM8L151G6U6_Sx1278\EWSTM8\STM8L15X_MD(STM8L15xx4_6)\Obj\stm8l15x_gpio.o"
#        "D:\stm8lora\src\stm8l15x-sx1278\STM8L15x-16x-05x-AL31-L_StdPeriph_Lib\Project\STM8L151G6U6_Sx1278\EWSTM8\STM8L15X_MD(STM8L15xx4_6)\Obj\stm8l15x_i2c.o"
#        "D:\stm8lora\src\stm8l15x-sx1278\STM8L15x-16x-05x-AL31-L_StdPeriph_Lib\Project\STM8L151G6U6_Sx1278\EWSTM8\STM8L15X_MD(STM8L15xx4_6)\Obj\stm8l15x_irtim.o"
#        "D:\stm8lora\src\stm8l15x-sx1278\STM8L15x-16x-05x-AL31-L_StdPeriph_Lib\Project\STM8L151G6U6_Sx1278\EWSTM8\STM8L15X_MD(STM8L15xx4_6)\Obj\stm8l15x_it.o"
#        "D:\stm8lora\src\stm8l15x-sx1278\STM8L15x-16x-05x-AL31-L_StdPeriph_Lib\Project\STM8L151G6U6_Sx1278\EWSTM8\STM8L15X_MD(STM8L15xx4_6)\Obj\stm8l15x_itc.o"
#        "D:\stm8lora\src\stm8l15x-sx1278\STM8L15x-16x-05x-AL31-L_StdPeriph_Lib\Project\STM8L151G6U6_Sx1278\EWSTM8\STM8L15X_MD(STM8L15xx4_6)\Obj\stm8l15x_iwdg.o"
#        "D:\stm8lora\src\stm8l15x-sx1278\STM8L15x-16x-05x-AL31-L_StdPeriph_Lib\Project\STM8L151G6U6_Sx1278\EWSTM8\STM8L15X_MD(STM8L15xx4_6)\Obj\stm8l15x_lcd.o"
#        "D:\stm8lora\src\stm8l15x-sx1278\STM8L15x-16x-05x-AL31-L_StdPeriph_Lib\Project\STM8L151G6U6_Sx1278\EWSTM8\STM8L15X_MD(STM8L15xx4_6)\Obj\stm8l15x_pwr.o"
#        "D:\stm8lora\src\stm8l15x-sx1278\STM8L15x-16x-05x-AL31-L_StdPeriph_Lib\Project\STM8L151G6U6_Sx1278\EWSTM8\STM8L15X_MD(STM8L15xx4_6)\Obj\stm8l15x_rst.o"
#        "D:\stm8lora\src\stm8l15x-sx1278\STM8L15x-16x-05x-AL31-L_StdPeriph_Lib\Project\STM8L151G6U6_Sx1278\EWSTM8\STM8L15X_MD(STM8L15xx4_6)\Obj\stm8l15x_rtc.o"
#        "D:\stm8lora\src\stm8l15x-sx1278\STM8L15x-16x-05x-AL31-L_StdPeriph_Lib\Project\STM8L151G6U6_Sx1278\EWSTM8\STM8L15X_MD(STM8L15xx4_6)\Obj\stm8l15x_spi.o"
#        "D:\stm8lora\src\stm8l15x-sx1278\STM8L15x-16x-05x-AL31-L_StdPeriph_Lib\Project\STM8L151G6U6_Sx1278\EWSTM8\STM8L15X_MD(STM8L15xx4_6)\Obj\stm8l15x_syscfg.o"
#        "D:\stm8lora\src\stm8l15x-sx1278\STM8L15x-16x-05x-AL31-L_StdPeriph_Lib\Project\STM8L151G6U6_Sx1278\EWSTM8\STM8L15X_MD(STM8L15xx4_6)\Obj\stm8l15x_tim1.o"
#        "D:\stm8lora\src\stm8l15x-sx1278\STM8L15x-16x-05x-AL31-L_StdPeriph_Lib\Project\STM8L151G6U6_Sx1278\EWSTM8\STM8L15X_MD(STM8L15xx4_6)\Obj\stm8l15x_tim2.o"
#        "D:\stm8lora\src\stm8l15x-sx1278\STM8L15x-16x-05x-AL31-L_StdPeriph_Lib\Project\STM8L151G6U6_Sx1278\EWSTM8\STM8L15X_MD(STM8L15xx4_6)\Obj\stm8l15x_tim3.o"
#        "D:\stm8lora\src\stm8l15x-sx1278\STM8L15x-16x-05x-AL31-L_StdPeriph_Lib\Project\STM8L151G6U6_Sx1278\EWSTM8\STM8L15X_MD(STM8L15xx4_6)\Obj\stm8l15x_tim4.o"
#        "D:\stm8lora\src\stm8l15x-sx1278\STM8L15x-16x-05x-AL31-L_StdPeriph_Lib\Project\STM8L151G6U6_Sx1278\EWSTM8\STM8L15X_MD(STM8L15xx4_6)\Obj\stm8l15x_tim5.o"
#        "D:\stm8lora\src\stm8l15x-sx1278\STM8L15x-16x-05x-AL31-L_StdPeriph_Lib\Project\STM8L151G6U6_Sx1278\EWSTM8\STM8L15X_MD(STM8L15xx4_6)\Obj\stm8l15x_usart.o"
#        "D:\stm8lora\src\stm8l15x-sx1278\STM8L15x-16x-05x-AL31-L_StdPeriph_Lib\Project\STM8L151G6U6_Sx1278\EWSTM8\STM8L15X_MD(STM8L15xx4_6)\Obj\stm8l15x_wfe.o"
#        "D:\stm8lora\src\stm8l15x-sx1278\STM8L15x-16x-05x-AL31-L_StdPeriph_Lib\Project\STM8L151G6U6_Sx1278\EWSTM8\STM8L15X_MD(STM8L15xx4_6)\Obj\stm8l15x_wwdg.o"
#        "D:\stm8lora\src\stm8l15x-sx1278\STM8L15x-16x-05x-AL31-L_StdPeriph_Lib\Project\STM8L151G6U6_Sx1278\EWSTM8\STM8L15X_MD(STM8L15xx4_6)\Obj\sx1276-board.o"
#        "D:\stm8lora\src\stm8l15x-sx1278\STM8L15x-16x-05x-AL31-L_StdPeriph_Lib\Project\STM8L151G6U6_Sx1278\EWSTM8\STM8L15X_MD(STM8L15xx4_6)\Obj\sx1276.o"
#        "D:\stm8lora\src\stm8l15x-sx1278\STM8L15x-16x-05x-AL31-L_StdPeriph_Lib\Project\STM8L151G6U6_Sx1278\EWSTM8\STM8L15X_MD(STM8L15xx4_6)\Obj\system.o"
#        "D:\stm8lora\src\stm8l15x-sx1278\STM8L15x-16x-05x-AL31-L_StdPeriph_Lib\Project\STM8L151G6U6_Sx1278\EWSTM8\STM8L15X_MD(STM8L15xx4_6)\Obj\test_mode.o"
#        "D:\stm8lora\src\stm8l15x-sx1278\STM8L15x-16x-05x-AL31-L_StdPeriph_Lib\Project\STM8L151G6U6_Sx1278\EWSTM8\STM8L15X_MD(STM8L15xx4_6)\Obj\timer.o"
#        "D:\stm8lora\src\stm8l15x-sx1278\STM8L15x-16x-05x-AL31-L_StdPeriph_Lib\Project\STM8L151G6U6_Sx1278\EWSTM8\STM8L15X_MD(STM8L15xx4_6)\Obj\utilities.o"
#        "D:\stm8lora\src\stm8l15x-sx1278\STM8L15x-16x-05x-AL31-L_StdPeriph_Lib\Project\STM8L151G6U6_Sx1278\EWSTM8\STM8L15X_MD(STM8L15xx4_6)\Obj\wakeup_mode.o"
#        --redirect _Printf=_PrintfFullNoMb --redirect _Scanf=_ScanfFullNoMb -o
#        "D:\stm8lora\src\stm8l15x-sx1278\STM8L15x-16x-05x-AL31-L_StdPeriph_Lib\Project\STM8L151G6U6_Sx1278\EWSTM8\STM8L15X_MD(STM8L15xx4_6)\Exe\project.out"
#        --map
#        "D:\stm8lora\src\stm8l15x-sx1278\STM8L15x-16x-05x-AL31-L_StdPeriph_Lib\Project\STM8L151G6U6_Sx1278\EWSTM8\STM8L15X_MD(STM8L15xx4_6)\List\project.map"
#        --config "C:\Program Files (x86)\IAR Systems\Embedded Workbench
#        7.3\stm8\config\lnkstm8l151g6.icf" --config_def _CSTACK_SIZE=0x300
#        --config_def _HEAP_SIZE=0x00 --entry __iar_program_start --debug_lib
#
###############################################################################

*******************************************************************************
*** RUNTIME MODEL ATTRIBUTES
***

__Heap_Handler             = Basic
__SystemLibrary            = DLib
__code_model               = medium_or_large
__core                     = stm8
__data_model               = medium
__dlib_file_descriptor     = 1
__dlib_full_locale_support = 1
__rt_version               = 4


*******************************************************************************
*** PLACEMENT SUMMARY
***

"A1":  place at start of [0x000000-0x0000ff] { rw section .vregs };
"A2":  place at end of [0x000000-0x0007ff] { block CSTACK };
"P2":  place in [from 0x000000 to 0x0007ff] {
          block HEAP, rw section __DLIB_PERTHREAD, rw section .far.bss,
          rw section .far.data, rw section .far.noinit,
          rw section .far_func.textrw, rw section .huge.bss,
          rw section .huge.data, rw section .huge.noinit,
          rw section .huge_func.textrw, rw section .iar.dynexit,
          rw section .near.bss, rw section .near.data, rw section .near.noinit,
          rw section .near_func.textrw };
"A3":  place at start of [0x008000-0x00ffff] { block INTVEC };
"P3":  place in [from 0x008000 to 0x00ffff] {
          ro section __DLIB_PERTHREAD_init, ro section .far.data_init,
          ro section .far_func.textrw_init, ro section .huge.data_init,
          ro section .huge_func.textrw_init, ro section .iar.init_table,
          ro section .init_array, ro section .near.data_init,
          ro section .near.rodata, ro section .near_func.text,
          ro section .near_func.textrw_init, ro section .tiny.data_init,
          ro section .tiny.rodata_init };
"P4":  place in [from 0x008000 to 0x00ffff] {
          ro section .far.rodata, ro section .far_func.text };
"P7":  place in [from 0x001000 to 0x0013ff] { section .eeprom.data };

  Section            Kind      Address    Size  Object
  -------            ----      -------    ----  ------
"A1":                                     0x10
  .vregs             uninit   0x000000    0x10  vregs.o [4]
                            - 0x000010    0x10

"P2", part 1 of 2:                        0x32
  P2-1                        0x000010    0x32  <Init block>
    .near.data       inited   0x000010     0x4  timer.o [1]
    .near.data       inited   0x000014    0x2e  localeconv.o [4]
                            - 0x000042    0x32

"P2", part 2 of 2:                       0x463
  .near.bss          zero     0x000042   0x102  comport.o [1]
  .near.bss          zero     0x000144   0x102  comport.o [1]
  .near.bss          zero     0x000246   0x100  sx1276.o [1]
  .near.bss          zero     0x000346    0x51  sx1276.o [1]
  .near.bss          zero     0x000397    0x3a  normal_mode.o [1]
  .near.bss          zero     0x0003d1    0x3a  wakeup_mode.o [1]
  .near.bss          zero     0x00040b    0x15  lowpower_mode.o [1]
  .near.bss          zero     0x000420    0x15  normal_mode.o [1]
  .near.bss          zero     0x000435    0x15  test_mode.o [1]
  .near.bss          zero     0x00044a    0x15  wakeup_mode.o [1]
  .near.bss          zero     0x00045f     0xe  sx1276.o [1]
  .near.bss          zero     0x00046d     0xe  sx1276.o [1]
  .near.bss          zero     0x00047b     0xe  sx1276.o [1]
  .near.bss          zero     0x000489     0x5  cfg_parm.o [1]
  .near.bss          zero     0x00048e     0x4  timer.o [1]
  .near.bss          zero     0x000492     0x4  timer.o [1]
  .near.bss          zero     0x000496     0x3  localeconv.o [4]
  .near.bss          zero     0x000499     0x2  sx1276.o [1]
  .near.bss          zero     0x00049b     0x2  test_mode.o [1]
  .near.bss          zero     0x00049d     0x2  timer.o [1]
  .near.bss          zero     0x00049f     0x1  lowpower_mode.o [1]
  .near.bss          zero     0x0004a0     0x1  normal_mode.o [1]
  .near.bss          zero     0x0004a1     0x1  sx1276-board.o [1]
  .near.bss          zero     0x0004a2     0x1  system.o [1]
  .near.bss          zero     0x0004a3     0x1  test_mode.o [1]
  .near.bss          zero     0x0004a4     0x1  wakeup_mode.o [1]
                            - 0x0004a5   0x463

"A2":                                    0x300
  CSTACK                      0x000500   0x300  <Block>
    CSTACK           uninit   0x000500   0x300  <Block tail>
                            - 0x000800   0x300

"P7":                                     0x19
  .eeprom.data       rw data  0x001000    0x14  manufacture_parm.o [1]
  .eeprom.data       rw data  0x001014     0x5  cfg_parm.o [1]
                            - 0x001019    0x19

"A3":                                     0x80
  INTVEC                      0x008000    0x80  <Block>
    .intvec          const    0x008000    0x80  interrupt.o [4]
                            - 0x008080    0x80

"P3":                                    0x1f8
  .near.rodata       const    0x008080    0x6e  sx1276.o [1]
  .near.rodata       const    0x0080ee    0x51  sx1276-board.o [1]
  .near_func.text    const    0x00813f    0x3c  xprintffull_nomb.o [4]
  Initializer bytes  const    0x00817b    0x32  <for P2-1>
  .near.rodata       const    0x0081ad    0x30  sx1276.o [1]
  .near.rodata       const    0x0081dd    0x23  test_mode.o [1]
  .iar.init_table    const    0x008200    0x14  - Linker created -
  .near.rodata       const    0x008214    0x10  test_mode.o [1]
  .near.rodata       const    0x008224     0xe  test_mode.o [1]
  .near.rodata       const    0x008232     0xc  normal_mode.o [1]
  .near.rodata       const    0x00823e     0x9  lowpower_mode.o [1]
  .near.rodata       const    0x008247     0x7  xprintffull_nomb.o [4]
  .near.rodata       const    0x00824e     0x6  localeconv.o [4]
  .near.rodata       const    0x008254     0x5  lowpower_mode.o [1]
  .near.rodata       const    0x008259     0x5  stm8l15x_clk.o [1]
  .near.rodata       const    0x00825e     0x5  localeconv.o [4]
  .near.rodata       const    0x008263     0x4  xprintffull_nomb.o [4]
  .near.rodata       const    0x008267     0x4  xprintffull_nomb.o [4]
  .near.rodata       const    0x00826b     0x4  xprintffull_nomb.o [4]
  .near.rodata       const    0x00826f     0x4  xprintffull_nomb.o [4]
  .near.rodata       const    0x008273     0x2  xprintffull_nomb.o [4]
  .near.rodata       const    0x008275     0x2  localeconv.o [4]
  .near.rodata       const    0x008277     0x1  localeconv.o [4]
                            - 0x008278   0x1f8

"P4":                                   0x6501
  .far_func.text     ro code  0x008278   0x4f2  xprintffull_nomb.o [4]
  .far_func.text     ro code  0x00876a   0x4d6  float.o [4]
  .far_func.text     ro code  0x008c40   0x49a  xprintffull_nomb.o [4]
  .far_func.text     ro code  0x0090da   0x3cf  sx1276.o [1]
  .far_func.text     ro code  0x0094a9   0x3bf  xprintffull_nomb.o [4]
  .far_func.text     ro code  0x009868   0x3b5  sx1276.o [1]
  .far_func.text     ro code  0x009c1d   0x341  sx1276.o [1]
  .far_func.text     ro code  0x009f5e   0x329  sx1276.o [1]
  .far_func.text     ro code  0x00a287   0x2fc  sx1276.o [1]
  .far_func.text     ro code  0x00a583   0x261  long.o [4]
  .far_func.text     ro code  0x00a7e4   0x220  vreg_util.o [4]
  .far_func.text     ro code  0x00aa04   0x216  normal_mode.o [1]
  .far_func.text     ro code  0x00ac1a   0x20b  wakeup_mode.o [1]
  .far_func.text     ro code  0x00ae25   0x1e8  lowpower_mode.o [1]
  .far_func.text     ro code  0x00b00d   0x1b3  config_mode.o [1]
  .far_func.text     ro code  0x00b1c0   0x182  timer.o [1]
  .far_func.text     ro code  0x00b342   0x17f  xprintffull_nomb.o [4]
  .far_func.text     ro code  0x00b4c1   0x162  float_libsup.o [4]
  .far_func.text     ro code  0x00b623   0x15c  timer.o [1]
  .far_func.text     ro code  0x00b77f   0x151  sx1276.o [1]
  .far_func.text     ro code  0x00b8d0   0x143  sx1276.o [1]
  .far_func.text     ro code  0x00ba13   0x130  sx1276.o [1]
  .far_func.text     ro code  0x00bb43   0x128  sx1276.o [1]
  .far_func.text     ro code  0x00bc6b   0x127  stm8l15x_exti.o [1]
  .far_func.text     ro code  0x00bd92   0x106  sx1276-board.o [1]
  .far_func.text     ro code  0x00be98    0xe4  sx1276.o [1]
  .far_func.text     ro code  0x00bf7c    0xdc  stm8l15x_usart.o [1]
  .far_func.text     ro code  0x00c058    0xd6  long_util.o [4]
  .far_func.text     ro code  0x00c12e    0xd4  timer.o [1]
  .far_func.text     ro code  0x00c202    0xd3  comport.o [1]
  .far_func.text     ro code  0x00c2d5    0xcb  timer.o [1]
  .far_func.text     ro code  0x00c3a0    0xca  xdint.o [4]
  .far_func.text     ro code  0x00c46a    0xbc  board.o [1]
  .far_func.text     ro code  0x00c526    0xbb  sx1276-board.o [1]
  .far_func.text     ro code  0x00c5e1    0xb2  sx1276.o [1]
  .far_func.text     ro code  0x00c693    0xb1  sx1276.o [1]
  .far_func.text     ro code  0x00c744    0xaf  stm8l15x_gpio.o [1]
  .far_func.text     ro code  0x00c7f3    0xa4  sx1276.o [1]
  .far_func.text     ro code  0x00c897    0xa0  cfg_parm.o [1]
  .far_func.text     ro code  0x00c937    0x9e  stm8l15x_clk.o [1]
  .far_func.text     ro code  0x00c9d5    0x97  cfg_parm.o [1]
  .far_func.text     ro code  0x00ca6c    0x95  stm8l15x_usart.o [1]
  .far_func.text     ro code  0x00cb01    0x94  stm8l15x_clk.o [1]
  .far_func.text     ro code  0x00cb95    0x8e  sx1276.o [1]
  .far_func.text     ro code  0x00cc23    0x83  lowpower_mode.o [1]
  .far_func.text     ro code  0x00cca6    0x83  sx1276.o [1]
  .far_func.text     ro code  0x00cd29    0x82  normal_mode.o [1]
  .far_func.text     ro code  0x00cdab    0x82  wakeup_mode.o [1]
  .far_func.text     ro code  0x00ce2d    0x7d  test_mode.o [1]
  .far_func.text     ro code  0x00ceaa    0x76  sx1276.o [1]
  .far_func.text     ro code  0x00cf20    0x75  stm8l15x_beep.o [1]
  .far_func.text     ro code  0x00cf95    0x71  sx1276.o [1]
  .far_func.text     ro code  0x00d006    0x6b  sx1276.o [1]
  .far_func.text     ro code  0x00d071    0x6a  sx1276.o [1]
  .far_func.text     ro code  0x00d0db    0x5d  stm8l15x_it.o [1]
  .far_func.text     ro code  0x00d138    0x5b  stm8l15x_spi.o [1]
  .far_func.text     ro code  0x00d193    0x5a  test_mode.o [1]
  .far_func.text     ro code  0x00d1ed    0x58  dc_util.o [4]
  .far_func.text     ro code  0x00d245    0x57  sx1276.o [1]
  .far_func.text     ro code  0x00d29c    0x56  ring_buf.o [1]
  .far_func.text     ro code  0x00d2f2    0x55  round.o [4]
  .far_func.text     ro code  0x00d347    0x52  sx1276.o [1]
  .far_func.text     ro code  0x00d399    0x52  timer.o [1]
  .far_func.text     ro code  0x00d3eb    0x52  far_util.o [4]
  .far_func.text     ro code  0x00d43d    0x51  xprintffull_nomb.o [4]
  .far_func.text     ro code  0x00d48e    0x4f  eeprom.o [1]
  .far_func.text     ro code  0x00d4dd    0x4d  ring_buf.o [1]
  .far_func.text     ro code  0x00d52a    0x4b  lowpower_mode.o [1]
  .far_func.text     ro code  0x00d575    0x4b  xprintffull_nomb.o [4]
  .far_func.text     ro code  0x00d5c0    0x4a  spi-board.o [1]
  .far_func.text     ro code  0x00d60a    0x46  sx1276.o [1]
  .far_func.text     ro code  0x00d650    0x46  short.o [4]
  .far_func.text     ro code  0x00d696    0x46  ceil.o [4]
  .far_func.text     ro code  0x00d6dc    0x46  floor.o [4]
  .far_func.text     ro code  0x00d722    0x45  ring_buf.o [1]
  .far_func.text     ro code  0x00d767    0x45  stm8l15x_rtc.o [1]
  .far_func.text     ro code  0x00d7ac    0x42  spi-board.o [1]
  .far_func.text     ro code  0x00d7ee    0x41  timer.o [1]
  .far_func.text     ro code  0x00d82f    0x3e  main.o [1]
  .far_func.text     ro code  0x00d86d    0x3d  xprintffull_nomb.o [4]
  .far_func.text     ro code  0x00d8aa    0x3c  stm8l15x_flash.o [1]
  .far_func.text     ro code  0x00d8e6    0x3b  ring_buf.o [1]
  .far_func.text     ro code  0x00d921    0x3b  stm8l15x_rtc.o [1]
  .far_func.text     ro code  0x00d95c    0x3b  xprintffull_nomb.o [4]
  .far_func.text     ro code  0x00d997    0x39  timer.o [1]
  .far_func.text     ro code  0x00d9d0    0x38  sx1276.o [1]
  .far_func.text     ro code  0x00da08    0x37  eeprom.o [1]
  .far_func.text     ro code  0x00da3f    0x37  ring_buf.o [1]
  .far_func.text     ro code  0x00da76    0x37  stm8l15x_usart.o [1]
  .far_func.text     ro code  0x00daad    0x37  sx1276.o [1]
  .far_func.text     ro code  0x00dae4    0x34  sx1276.o [1]
  .far_func.text     ro code  0x00db18    0x34  div.o [4]
  .far_func.text     ro code  0x00db4c    0x33  cfg_parm.o [1]
  .far_func.text     ro code  0x00db7f    0x32  cfg_parm.o [1]
  .far_func.text     ro code  0x00dbb1    0x31  cfg_parm.o [1]
  .far_func.text     ro code  0x00dbe2    0x30  ring_buf.o [1]
  .far_func.text     ro code  0x00dc12    0x30  stm8l15x_it.o [1]
  .far_func.text     ro code  0x00dc42    0x2f  sx1276-board.o [1]
  .far_func.text     ro code  0x00dc71    0x2e  sx1276-board.o [1]
  .far_func.text     ro code  0x00dc9f    0x2e  xprintffull_nomb.o [4]
  .far_func.text     ro code  0x00dccd    0x2c  stm8l15x_gpio.o [1]
  .far_func.text     ro code  0x00dcf9    0x2c  sx1276.o [1]
  .far_func.text     ro code  0x00dd25    0x2b  board.o [1]
  .far_func.text     ro code  0x00dd50    0x2b  ring_buf.o [1]
  .far_func.text     ro code  0x00dd7b    0x2b  stm8l15x_usart.o [1]
  .far_func.text     ro code  0x00dda6    0x2b  timer.o [1]
  .far_func.text     ro code  0x00ddd1    0x29  stm8l15x_it.o [1]
  .far_func.text     ro code  0x00ddfa    0x29  utilities.o [1]
  .far_func.text     ro code  0x00de23    0x28  printf.o [4]
  .far_func.text     ro code  0x00de4b    0x28  init_small.o [4]
  .far_func.text     ro code  0x00de73    0x27  normal_mode.o [1]
  .far_func.text     ro code  0x00de9a    0x27  timer.o [1]
  .far_func.text     ro code  0x00dec1    0x26  memcpy.o [4]
  .far_func.text     ro code  0x00dee7    0x24  test_mode.o [1]
  .far_func.text     ro code  0x00df0b    0x23  stm8l15x_it.o [1]
  .far_func.text     ro code  0x00df2e    0x23  stm8l15x_it.o [1]
  .far_func.text     ro code  0x00df51    0x23  stm8l15x_it.o [1]
  .far_func.text     ro code  0x00df74    0x23  stm8l15x_it.o [1]
  .far_func.text     ro code  0x00df97    0x23  stm8l15x_it.o [1]
  .far_func.text     ro code  0x00dfba    0x23  stm8l15x_rtc.o [1]
  .far_func.text     ro code  0x00dfdd    0x23  sx1276-board.o [1]
  .far_func.text     ro code  0x00e000    0x22  board.o [1]
  .far_func.text     ro code  0x00e022    0x22  lowpower_mode.o [1]
  .far_func.text     ro code  0x00e044    0x22  lowpower_mode.o [1]
  .far_func.text     ro code  0x00e066    0x22  stm8l15x_exti.o [1]
  .far_func.text     ro code  0x00e088    0x22  stm8l15x_it.o [1]
  .far_func.text     ro code  0x00e0aa    0x21  board.o [1]
  .far_func.text     ro code  0x00e0cb    0x21  stm8l15x_it.o [1]
  .far_func.text     ro code  0x00e0ec    0x20  lowpower_mode.o [1]
  .far_func.text     ro code  0x00e10c    0x20  lowpower_mode.o [1]
  .far_func.text     ro code  0x00e12c    0x20  normal_mode.o [1]
  .far_func.text     ro code  0x00e14c    0x20  normal_mode.o [1]
  .far_func.text     ro code  0x00e16c    0x20  normal_mode.o [1]
  .far_func.text     ro code  0x00e18c    0x20  ring_buf.o [1]
  .far_func.text     ro code  0x00e1ac    0x20  wakeup_mode.o [1]
  .far_func.text     ro code  0x00e1cc    0x20  wakeup_mode.o [1]
  .far_func.text     ro code  0x00e1ec    0x20  wakeup_mode.o [1]
  .far_func.text     ro code  0x00e20c    0x20  wakeup_mode.o [1]
  .far_func.text     ro code  0x00e22c    0x1f  xprout.o [4]
  .far_func.text     ro code  0x00e24b    0x1e  stm8l15x_it.o [1]
  .far_func.text     ro code  0x00e269    0x1e  stm8l15x_it.o [1]
  .far_func.text     ro code  0x00e287    0x1e  stm8l15x_spi.o [1]
  .far_func.text     ro code  0x00e2a5    0x1e  sx1276.o [1]
  .far_func.text     ro code  0x00e2c3    0x1e  init.o [4]
  .far_func.text     ro code  0x00e2e1    0x1e  init_small.o [4]
  .far_func.text     ro code  0x00e2ff    0x1d  stm8l15x_it.o [1]
  .far_func.text     ro code  0x00e31c    0x1d  sx1276.o [1]
  .far_func.text     ro code  0x00e339    0x1d  timer.o [1]
  .far_func.text     ro code  0x00e356    0x1c  sx1276.o [1]
  .far_func.text     ro code  0x00e372    0x1c  sx1276.o [1]
  .far_func.text     ro code  0x00e38e    0x1b  stm8l15x_gpio.o [1]
  .far_func.text     ro code  0x00e3a9    0x1b  sx1276-board.o [1]
  .far_func.text     ro code  0x00e3c4    0x1b  sx1276.o [1]
  .far_func.text     ro code  0x00e3df    0x1a  board.o [1]
  .far_func.text     ro code  0x00e3f9    0x1a  cfg_parm.o [1]
  .far_func.text     ro code  0x00e413    0x1a  stm8l15x_tim4.o [1]
  .far_func.text     ro code  0x00e42d    0x1a  timer.o [1]
  .far_func.text     ro code  0x00e447    0x19  stm8l15x_flash.o [1]
  .far_func.text     ro code  0x00e460    0x19  sx1276.o [1]
  .far_func.text     ro code  0x00e479    0x18  sx1276.o [1]
  .far_func.text     ro code  0x00e491    0x18  memchr.o [4]
  .far_func.text     ro code  0x00e4a9    0x17  cstartup.o [4]
  .far_func.text     ro code  0x00e4c0    0x17  memset.o [4]
  .far_func.text     ro code  0x00e4d7    0x16  __dbg_xxexit.o [3]
  .far_func.text     ro code  0x00e4ed    0x15  stm8l15x_rtc.o [1]
  .far_func.text     ro code  0x00e502    0x15  xprintffull_nomb.o [4]
  .far_func.text     ro code  0x00e517    0x15  strchr.o [4]
  .far_func.text     ro code  0x00e52c    0x14  sx1276-board.o [1]
  .far_func.text     ro code  0x00e540    0x13  sx1276.o [1]
  .far_func.text     ro code  0x00e553    0x12  strlen.o [4]
  .far_func.text     ro code  0x00e565    0x11  stm8l15x_spi.o [1]
  .far_func.text     ro code  0x00e576    0x11  stm8l15x_tim4.o [1]
  .far_func.text     ro code  0x00e587    0x10  system.o [1]
  .far_func.text     ro code  0x00e597    0x10  xprintffull_nomb.o [4]
  .far_func.text     ro code  0x00e5a7     0xe  stm8l15x_beep.o [1]
  .far_func.text     ro code  0x00e5b5     0xe  stm8l15x_beep.o [1]
  .far_func.text     ro code  0x00e5c3     0xe  stm8l15x_clk.o [1]
  .far_func.text     ro code  0x00e5d1     0xe  stm8l15x_pwr.o [1]
  .far_func.text     ro code  0x00e5df     0xe  stm8l15x_tim4.o [1]
  .far_func.text     ro code  0x00e5ed     0xe  localeconv.o [4]
  .far_func.text     ro code  0x00e5fb     0xe  localeconv.o [4]
  .far_func.text     ro code  0x00e609     0xd  stm8l15x_rtc.o [1]
  .far_func.text     ro code  0x00e616     0xd  move.o [4]
  .far_func.text     ro code  0x00e623     0xc  delay.o [1]
  .far_func.text     ro code  0x00e62f     0xc  timer.o [1]
  .far_func.text     ro code  0x00e63b     0xc  switch.o [4]
  .far_func.text     ro code  0x00e647     0xc  xprintffull_nomb.o [4]
  .far_func.text     ro code  0x00e653     0xc  xprintffull_nomb.o [4]
  .far_func.text     ro code  0x00e65f     0xb  stm8l15x_flash.o [1]
  .far_func.text     ro code  0x00e66a     0xb  xprintffull_nomb.o [4]
  .far_func.text     ro code  0x00e675     0xb  localeconv.o [4]
  .far_func.text     ro code  0x00e680     0xa  stm8l15x_clk.o [1]
  .far_func.text     ro code  0x00e68a     0xa  sx1276-board.o [1]
  .far_func.text     ro code  0x00e694     0xa  sx1276-board.o [1]
  .far_func.text     ro code  0x00e69e     0xa  system.o [1]
  .far_func.text     ro code  0x00e6a8     0xa  far.o [4]
  .far_func.text     ro code  0x00e6b2     0xa  xprintffull_nomb.o [4]
  .far_func.text     ro code  0x00e6bc     0x9  stm8l15x_tim2.o [1]
  .far_func.text     ro code  0x00e6c5     0x9  stm8l15x_tim4.o [1]
  .far_func.text     ro code  0x00e6ce     0x9  stm8l15x_tim4.o [1]
  .far_func.text     ro code  0x00e6d7     0x9  sx1276.o [1]
  .far_func.text     ro code  0x00e6e0     0x8  stm8l15x_gpio.o [1]
  .far_func.text     ro code  0x00e6e8     0x8  stm8l15x_spi.o [1]
  .far_func.text     ro code  0x00e6f0     0x8  stm8l15x_usart.o [1]
  .far_func.text     ro code  0x00e6f8     0x8  timer.o [1]
  .far_func.text     ro code  0x00e700     0x8  xprintffull_nomb.o [4]
  .far_func.text     ro code  0x00e708     0x7  stm8l15x_gpio.o [1]
  .far_func.text     ro code  0x00e70f     0x7  sx1276-board.o [1]
  .far_func.text     ro code  0x00e716     0x7  xprintffull_nomb.o [4]
  .far_func.text     ro code  0x00e71d     0x6  char.o [4]
  .far_func.text     ro code  0x00e723     0x6  xprintffull_nomb.o [4]
  .far_func.text     ro code  0x00e729     0x6  cexit.o [4]
  .far_func.text     ro code  0x00e72f     0x5  stm8l15x_spi.o [1]
  .far_func.text     ro code  0x00e734     0x5  stm8l15x_usart.o [1]
  .far_func.text     ro code  0x00e739     0x5  stm8l15x_usart.o [1]
  .far_func.text     ro code  0x00e73e     0x4  stm8l15x_clk.o [1]
  .far_func.text     ro code  0x00e742     0x4  stm8l15x_clk.o [1]
  .far_func.text     ro code  0x00e746     0x4  stm8l15x_clk.o [1]
  .far_func.text     ro code  0x00e74a     0x4  stm8l15x_flash.o [1]
  .far_func.text     ro code  0x00e74e     0x4  sx1276.o [1]
  .far_func.text     ro code  0x00e752     0x4  interrupt.o [4]
  .far_func.text     ro code  0x00e756     0x4  exit.o [4]
  .far_func.text     ro code  0x00e75a     0x3  board.o [1]
  .far_func.text     ro code  0x00e75d     0x3  sx1276-board.o [1]
  .far_func.text     ro code  0x00e760     0x3  low_level_init.o [4]
  .far_func.text     ro code  0x00e763     0x3  unhandled_exception.o [4]
  .far_func.text     ro code  0x00e766     0x1  stm8l15x_it.o [1]
  .far_func.text     ro code  0x00e767     0x1  stm8l15x_it.o [1]
  .far_func.text     ro code  0x00e768     0x1  stm8l15x_it.o [1]
  .far_func.text     ro code  0x00e769     0x1  stm8l15x_it.o [1]
  .far_func.text     ro code  0x00e76a     0x1  stm8l15x_it.o [1]
  .far_func.text     ro code  0x00e76b     0x1  stm8l15x_it.o [1]
  .far_func.text     ro code  0x00e76c     0x1  stm8l15x_it.o [1]
  .far_func.text     ro code  0x00e76d     0x1  stm8l15x_it.o [1]
  .far_func.text     ro code  0x00e76e     0x1  stm8l15x_it.o [1]
  .far_func.text     ro code  0x00e76f     0x1  stm8l15x_it.o [1]
  .far_func.text     ro code  0x00e770     0x1  stm8l15x_it.o [1]
  .far_func.text     ro code  0x00e771     0x1  stm8l15x_it.o [1]
  .far_func.text     ro code  0x00e772     0x1  stm8l15x_it.o [1]
  .far_func.text     ro code  0x00e773     0x1  stm8l15x_it.o [1]
  .far_func.text     ro code  0x00e774     0x1  stm8l15x_it.o [1]
  .far_func.text     ro code  0x00e775     0x1  stm8l15x_it.o [1]
  .far_func.text     ro code  0x00e776     0x1  stm8l15x_it.o [1]
  .far_func.text     ro code  0x00e777     0x1  sx1276-board.o [1]
  .far_func.text     ro code  0x00e778     0x1  __dbg_break.o [3]
                            - 0x00e779  0x6501


*******************************************************************************
*** INIT TABLE
***

          Address   Size
          -------   ----
Zero (__iar_zero_init2)
    1 destination range, total size 0x463:
          0x000042  0x463

Copy (__iar_copy_init2)
    1 source range, total size 0x32:
          0x00817b   0x32
    1 destination range, total size 0x32:
          0x000010   0x32



*******************************************************************************
*** MODULE SUMMARY
***

    Module                 ro code  ro data  rw data
    ------                 -------  -------  -------
D:\stm8lora\src\stm8l15x-sx1278\STM8L15x-16x-05x-AL31-L_StdPeriph_Lib\Project\STM8L151G6U6_Sx1278\EWSTM8\STM8L15X_MD(STM8L15xx4_6)\Obj: [1]
    board.o                    327
    cfg_parm.o                 487                10
    comport.o                  211               516
    config_mode.o              435
    delay.o                     12
    eeprom.o                   134
    lowpower_mode.o            826       14       22
    main.o                      62
    manufacture_parm.o                            20
    normal_mode.o              799       12       80
    ring_buf.o                 469
    spi-board.o                140
    stm8l15x_beep.o            145
    stm8l15x_clk.o             342        5
    stm8l15x_exti.o            329
    stm8l15x_flash.o           100
    stm8l15x_gpio.o            261
    stm8l15x_it.o              530
    stm8l15x_pwr.o              14
    stm8l15x_rtc.o             197
    stm8l15x_spi.o             151
    stm8l15x_tim2.o              9
    stm8l15x_tim4.o             75
    stm8l15x_usart.o           485
    sx1276-board.o             655       81        1
    sx1276.o                 7 723      158      381
    system.o                    26                 1
    test_mode.o                251       65       24
    timer.o                  1 510        4       14
    utilities.o                 41
    wakeup_mode.o              781                80
    ------------------------------------------------
    Total:                  17 527      339    1 149

command line: [2]
    ------------------------------------------------
    Total:

dbgstm8mmd.a: [3]
    __dbg_break.o                1
    __dbg_xxexit.o              22
    ------------------------------------------------
    Total:                      23

dlstm8mmf.a: [4]
    ceil.o                      70
    cexit.o                      6
    char.o                       6
    cstartup.o                  23
    dc_util.o                   88
    div.o                       52
    exit.o                       4
    far.o                       10
    far_util.o                  82
    float.o                  1 238
    float_libsup.o             354
    floor.o                     70
    init.o                      30
    init_small.o                70
    interrupt.o                  4      128
    localeconv.o                39       60       49
    long.o                     609
    long_util.o                214
    low_level_init.o             3
    memchr.o                    24
    memcpy.o                    38
    memset.o                    23
    move.o                      13
    printf.o                    40
    round.o                     85
    short.o                     70
    strchr.o                    21
    strlen.o                    18
    switch.o                    12
    unhandled_exception.o        3
    vreg_util.o                544
    vregs.o                                       16
    xdint.o                    202
    xprintffull_nomb.o       4 211       85
    xprout.o                    31
    ------------------------------------------------
    Total:                   8 307      273       65

    Linker created                       20      768
----------------------------------------------------
    Grand Total:            25 857      632    1 982


*******************************************************************************
*** ENTRY LIST
***

Entry                    Address   Size  Type      Object
-----                    -------   ----  ----      ------
.iar.init_table$$Base   0x008200          --   Gb  - Linker created -
.iar.init_table$$Limit  0x008214          --   Gb  - Linker created -
?add32_l0_l0_0x         0x00a5c2         Code  Gb  long.o [4]
?add32_l0_l0_l1         0x00a5bf         Code  Gb  long.o [4]
?and32_l0_l0_0x         0x00a777         Code  Gb  long.o [4]
?and32_l0_l0_l1         0x00a774         Code  Gb  long.o [4]
?b0                     0x000000         Data  Gb  vregs.o [4]
?b1                     0x000001         Data  Gb  vregs.o [4]
?b10                    0x00000a         Data  Gb  vregs.o [4]
?b11                    0x00000b         Data  Gb  vregs.o [4]
?b12                    0x00000c         Data  Gb  vregs.o [4]
?b13                    0x00000d         Data  Gb  vregs.o [4]
?b14                    0x00000e         Data  Gb  vregs.o [4]
?b15                    0x00000f         Data  Gb  vregs.o [4]
?b2                     0x000002         Data  Gb  vregs.o [4]
?b3                     0x000003         Data  Gb  vregs.o [4]
?b4                     0x000004         Data  Gb  vregs.o [4]
?b5                     0x000005         Data  Gb  vregs.o [4]
?b6                     0x000006         Data  Gb  vregs.o [4]
?b7                     0x000007         Data  Gb  vregs.o [4]
?b8                     0x000008         Data  Gb  vregs.o [4]
?b9                     0x000009         Data  Gb  vregs.o [4]
?dc32_l0                0x00d1ed         Code  Gb  dc_util.o [4]
?dc32_l1                0x00d219         Code  Gb  dc_util.o [4]
?dec32_0x_0x            0x00a5ab         Code  Gb  long.o [4]
?dec32_l2_l2            0x00a5a6         Code  Gb  long.o [4]
?e0                     0x000001         Data  Gb  vregs.o [4]
?e1                     0x000005         Data  Gb  vregs.o [4]
?e2                     0x000009         Data  Gb  vregs.o [4]
?e3                     0x00000d         Data  Gb  vregs.o [4]
?epilogue_l2            0x00a938         Code  Gb  vreg_util.o [4]
?epilogue_l2_l3         0x00a934         Code  Gb  vreg_util.o [4]
?epilogue_l2_w6         0x00a93d         Code  Gb  vreg_util.o [4]
?epilogue_w4            0x00a946         Code  Gb  vreg_util.o [4]
?fadd32_l0_l0_dc32      0x00878e         Code  Gb  float.o [4]
?fadd32_l0_l0_l1        0x008794         Code  Gb  float.o [4]
?fcastf32s16_l0_x       0x008a25         Code  Gb  float.o [4]
?fcastf32s32_l0_l0      0x008af9         Code  Gb  float.o [4]
?fcastf32u16_l0_x       0x008a2c         Code  Gb  float.o [4]
?fcastf32u32_l0_l0      0x008b05         Code  Gb  float.o [4]
?fcasts16f32_x_l0       0x008a4a         Code  Gb  float.o [4]
?fcasts32f32_l0_l0      0x008a96         Code  Gb  float.o [4]
?fcastu32f32_l0_l0      0x008a7f         Code  Gb  float.o [4]
?fcmpge32_c_l0_0x       0x0089c4         Code  Gb  float.o [4]
?fcmpge32_c_l0_dc32     0x0089bd         Code  Gb  float.o [4]
?fcmpge32_c_l0_l1       0x0089c1         Code  Gb  float.o [4]
?fcmplt32_c_l0_0x       0x0089cf         Code  Gb  float.o [4]
?fcmplt32_c_l0_dc32     0x0089c8         Code  Gb  float.o [4]
?fcmplt32_c_l0_l1       0x0089cc         Code  Gb  float.o [4]
?fdiv32_l0_dc32_l1      0x008903         Code  Gb  float.o [4]
?fdiv32_l0_l0_dc32      0x008909         Code  Gb  float.o [4]
?fdiv32_l0_l0_l1        0x00890f         Code  Gb  float.o [4]
?fmul32_l0_l0_dc32      0x008862         Code  Gb  float.o [4]
?fmul32_l0_l0_l1        0x008868         Code  Gb  float.o [4]
?fsub32_l0_l0_l1        0x008788         Code  Gb  float.o [4]
?inc32_0x_0x            0x00a598         Code  Gb  long.o [4]
?inc32_l0_l0            0x00a593         Code  Gb  long.o [4]
?l0                     0x000000         Data  Gb  vregs.o [4]
?l1                     0x000004         Data  Gb  vregs.o [4]
?l2                     0x000008         Data  Gb  vregs.o [4]
?l3                     0x00000c         Data  Gb  vregs.o [4]
?load24_0x_e0           0x00d42f         Code  Gb  far_util.o [4]
?load24_e0_0x           0x00d3f7         Code  Gb  far_util.o [4]
?load24_e0_asp          0x00d3eb         Code  Gb  far_util.o [4]
?load24_e0_xsp          0x00d3ed         Code  Gb  far_util.o [4]
?load24_e1_0x           0x00d405         Code  Gb  far_util.o [4]
?load24_e2_0x           0x00d413         Code  Gb  far_util.o [4]
?load24_e3_0x           0x00d421         Code  Gb  far_util.o [4]
?load32_0x_l0           0x00c0fa         Code  Gb  long_util.o [4]
?load32_0x_l2           0x00c112         Code  Gb  long_util.o [4]
?load32_0x_l3           0x00c120         Code  Gb  long_util.o [4]
?load32_l0_0x           0x00c072         Code  Gb  long_util.o [4]
?load32_l0_asp          0x00c066         Code  Gb  long_util.o [4]
?load32_l0_dbsp         0x00c058         Code  Gb  long_util.o [4]
?load32_l0_xsp          0x00c068         Code  Gb  long_util.o [4]
?load32_l1_0x           0x00c098         Code  Gb  long_util.o [4]
?load32_l1_asp          0x00c08c         Code  Gb  long_util.o [4]
?load32_l1_dbsp         0x00c07e         Code  Gb  long_util.o [4]
?load32_l1_xsp          0x00c08e         Code  Gb  long_util.o [4]
?load32_l2_0x           0x00c0be         Code  Gb  long_util.o [4]
?load32_l2_asp          0x00c0b2         Code  Gb  long_util.o [4]
?load32_l2_dbsp         0x00c0a4         Code  Gb  long_util.o [4]
?load32_l2_xsp          0x00c0b4         Code  Gb  long_util.o [4]
?load32_l3_0x           0x00c0e4         Code  Gb  long_util.o [4]
?load32_l3_asp          0x00c0d8         Code  Gb  long_util.o [4]
?load32_l3_dbsp         0x00c0ca         Code  Gb  long_util.o [4]
?load32_l3_xsp          0x00c0da         Code  Gb  long_util.o [4]
?load32_xsp_l0          0x00c0f0         Code  Gb  long_util.o [4]
?load32_xsp_l2          0x00c108         Code  Gb  long_util.o [4]
?mov_e0_e1              0x00a978         Code  Gb  vreg_util.o [4]
?mov_e0_e2              0x00a985         Code  Gb  vreg_util.o [4]
?mov_e0_e3              0x00a992         Code  Gb  vreg_util.o [4]
?mov_e1_e0              0x00a99f         Code  Gb  vreg_util.o [4]
?mov_e1_e2              0x00a9ac         Code  Gb  vreg_util.o [4]
?mov_e1_e3              0x00a9b9         Code  Gb  vreg_util.o [4]
?mov_e2_e0              0x00a9c6         Code  Gb  vreg_util.o [4]
?mov_e2_e1              0x00a9d3         Code  Gb  vreg_util.o [4]
?mov_e2_e3              0x00a9e0         Code  Gb  vreg_util.o [4]
?mov_e3_e0              0x00a9ed         Code  Gb  vreg_util.o [4]
?mov_e3_e1              0x00a9fa         Code  Gb  vreg_util.o [4]
?mov_l0_l1              0x00a975         Code  Gb  vreg_util.o [4]
?mov_l0_l2              0x00a982         Code  Gb  vreg_util.o [4]
?mov_l0_l3              0x00a98f         Code  Gb  vreg_util.o [4]
?mov_l1_l0              0x00a99c         Code  Gb  vreg_util.o [4]
?mov_l1_l2              0x00a9a9         Code  Gb  vreg_util.o [4]
?mov_l1_l3              0x00a9b6         Code  Gb  vreg_util.o [4]
?mov_l2_l0              0x00a9c3         Code  Gb  vreg_util.o [4]
?mov_l2_l1              0x00a9d0         Code  Gb  vreg_util.o [4]
?mov_l2_l3              0x00a9dd         Code  Gb  vreg_util.o [4]
?mov_l3_l0              0x00a9ea         Code  Gb  vreg_util.o [4]
?mov_l3_l1              0x00a9f7         Code  Gb  vreg_util.o [4]
?mov_w0_w5              0x00a94b         Code  Gb  vreg_util.o [4]
?mov_w1_w3              0x00a97b         Code  Gb  vreg_util.o [4]
?mov_w1_w4              0x00a952         Code  Gb  vreg_util.o [4]
?mov_w1_w5              0x00a988         Code  Gb  vreg_util.o [4]
?mov_w1_w7              0x00a995         Code  Gb  vreg_util.o [4]
?mov_w2_w0              0x00a959         Code  Gb  vreg_util.o [4]
?mov_w2_w1              0x00a960         Code  Gb  vreg_util.o [4]
?mov_w3_w1              0x00a9a2         Code  Gb  vreg_util.o [4]
?mov_w3_w5              0x00a9af         Code  Gb  vreg_util.o [4]
?mov_w3_w7              0x00a9bc         Code  Gb  vreg_util.o [4]
?mov_w4_w6              0x00a967         Code  Gb  vreg_util.o [4]
?mov_w5_w1              0x00a9c9         Code  Gb  vreg_util.o [4]
?mov_w5_w3              0x00a9d6         Code  Gb  vreg_util.o [4]
?mov_w5_w7              0x00a9e3         Code  Gb  vreg_util.o [4]
?mov_w7_w0              0x00a96e         Code  Gb  vreg_util.o [4]
?mov_w7_w1              0x00a9f0         Code  Gb  vreg_util.o [4]
?mov_w7_w3              0x00a9fd         Code  Gb  vreg_util.o [4]
?move1616_v_x_y_a       0x00e616         Code  Gb  move.o [4]
?mul16_x_x_w0           0x00d650         Code  Gb  short.o [4]
?mul32_l0_l0_0x         0x00a5f5         Code  Gb  long.o [4]
?mul32_l0_l0_l1         0x00a5fe         Code  Gb  long.o [4]
?neg32_l0_l0            0x00a583         Code  Gb  long.o [4]
?or32_l0_l0_0x          0x00a792         Code  Gb  long.o [4]
?or32_l0_l0_l1          0x00a78f         Code  Gb  long.o [4]
?pop_e2                 0x00a89a         Code  Gb  vreg_util.o [4]
?pop_e3                 0x00a8a9         Code  Gb  vreg_util.o [4]
?pop_l0                 0x00a8fc         Code  Gb  vreg_util.o [4]
?pop_l1                 0x00a907         Code  Gb  vreg_util.o [4]
?pop_l2                 0x00a912         Code  Gb  vreg_util.o [4]
?pop_l3                 0x00a91d         Code  Gb  vreg_util.o [4]
?pop_w4                 0x00a81e         Code  Gb  vreg_util.o [4]
?pop_w5                 0x00a825         Code  Gb  vreg_util.o [4]
?pop_w6                 0x00a82c         Code  Gb  vreg_util.o [4]
?pop_w7                 0x00a833         Code  Gb  vreg_util.o [4]
?push_e0                0x00a846         Code  Gb  vreg_util.o [4]
?push_e2                0x00a862         Code  Gb  vreg_util.o [4]
?push_e3                0x00a87e         Code  Gb  vreg_util.o [4]
?push_l0                0x00a8c7         Code  Gb  vreg_util.o [4]
?push_l1                0x00a8cc         Code  Gb  vreg_util.o [4]
?push_l2                0x00a8d1         Code  Gb  vreg_util.o [4]
?push_l3                0x00a8d6         Code  Gb  vreg_util.o [4]
?push_w0                0x00a7e4         Code  Gb  vreg_util.o [4]
?push_w1                0x00a7e9         Code  Gb  vreg_util.o [4]
?push_w2                0x00a7ee         Code  Gb  vreg_util.o [4]
?push_w4                0x00a7f3         Code  Gb  vreg_util.o [4]
?push_w5                0x00a7f8         Code  Gb  vreg_util.o [4]
?push_w6                0x00a7fd         Code  Gb  vreg_util.o [4]
?push_w7                0x00a802         Code  Gb  vreg_util.o [4]
?scmp32_c_l0_l1         0x00a75d         Code  Gb  long.o [4]
?sdiv16_x_x_y           0x00d66e         Code  Gb  short.o [4]
?sdiv32_l0_l0_dl        0x00a6f3         Code  Gb  long.o [4]
?sdiv32_l0_l0_l1        0x00a6f7         Code  Gb  long.o [4]
?sext16_x_a             0x00d68f         Code  Gb  short.o [4]
?sext32_l0_a            0x00a7d7         Code  Gb  long.o [4]
?sext32_l0_x            0x00a7cc         Code  Gb  long.o [4]
?sll16_x_x_a            0x00d687         Code  Gb  short.o [4]
?sll32_0x_0x_a          0x00a7ad         Code  Gb  long.o [4]
?sll32_l0_l0_a          0x00a7aa         Code  Gb  long.o [4]
?smod32_l1_l0_l1        0x00a6f7         Code  Gb  long.o [4]
?sra32_0x_0x_a          0x00a7be         Code  Gb  long.o [4]
?sra32_l0_l0_a          0x00a7bb         Code  Gb  long.o [4]
?srl8_a_a_5             0x00e71e         Code  Gb  char.o [4]
?srl8_a_a_6             0x00e71d         Code  Gb  char.o [4]
?sub32_l0_l0_0x         0x00a5dd         Code  Gb  long.o [4]
?sub32_l0_l0_l1         0x00a5da         Code  Gb  long.o [4]
?switch8vlt_0x_a_0x     0x00e63b         Code  Gb  switch.o [4]
?ucmp24_c_0x_e0         0x00e6a8         Code  Gb  far.o [4]
?ucmp32_c_l0_0x         0x00a742         Code  Gb  long.o [4]
?ucmp32_c_l0_l1         0x00a752         Code  Gb  long.o [4]
?udiv32_l0_l0_dl        0x00a682         Code  Gb  long.o [4]
?udiv32_l0_l0_l1        0x00a686         Code  Gb  long.o [4]
?umod32_l1_l0_dl        0x00a67c         Code  Gb  long.o [4]
?umod32_l1_l0_l1        0x00a686         Code  Gb  long.o [4]
?w0                     0x000000         Data  Gb  vregs.o [4]
?w1                     0x000002         Data  Gb  vregs.o [4]
?w2                     0x000004         Data  Gb  vregs.o [4]
?w3                     0x000006         Data  Gb  vregs.o [4]
?w4                     0x000008         Data  Gb  vregs.o [4]
?w5                     0x00000a         Data  Gb  vregs.o [4]
?w6                     0x00000c         Data  Gb  vregs.o [4]
?w7                     0x00000e         Data  Gb  vregs.o [4]
ADC1_COMP_IRQHandler    0x00e76f    0x1  Code  Gb  stm8l15x_it.o [1]
BEEP_Cmd                0x00e5a7    0xe  Code  Gb  stm8l15x_beep.o [1]
BEEP_LSClockToTIMConnectCmd
                        0x00e5b5    0xe  Code  Gb  stm8l15x_beep.o [1]
BEEP_LSICalibrationConfig
                        0x00cf20   0x75  Code  Gb  stm8l15x_beep.o [1]
BoardDisableIrq         0x00e69e    0xa  Code  Gb  system.o [1]
BoardEnableIrq          0x00e587   0x10  Code  Gb  system.o [1]
BoardInitMcu            0x00c46a   0xbc  Code  Gb  board.o [1]
CLK_Config              0x00e3df   0x1a  Code  Lc  board.o [1]
CLK_GetClockFreq        0x00c937   0x9e  Code  Gb  stm8l15x_clk.o [1]
CLK_GetSYSCLKSource     0x00e742    0x4  Code  Gb  stm8l15x_clk.o [1]
CLK_PeripheralClockConfig
                        0x00cb01   0x94  Code  Gb  stm8l15x_clk.o [1]
CLK_RTCClockConfig      0x00e680    0xa  Code  Gb  stm8l15x_clk.o [1]
CLK_SYSCLKDivConfig     0x00e746    0x4  Code  Gb  stm8l15x_clk.o [1]
CLK_SYSCLKSourceConfig  0x00e73e    0x4  Code  Gb  stm8l15x_clk.o [1]
CLK_SYSCLKSourceSwitchCmd
                        0x00e5c3    0xe  Code  Gb  stm8l15x_clk.o [1]
CSTACK$$Base            0x000500          --   Gb  - Linker created -
CSTACK$$Limit           0x000800          --   Gb  - Linker created -
ComportInit             0x00c202   0xd3  Code  Gb  comport.o [1]
DMA1_CHANNEL0_1_IRQHandler
                        0x00e768    0x1  Code  Gb  stm8l15x_it.o [1]
DMA1_CHANNEL2_3_IRQHandler
                        0x00e769    0x1  Code  Gb  stm8l15x_it.o [1]
DelayMs                 0x00e623    0xc  Code  Gb  delay.o [1]
EXTI0_IRQHandler        0x00e088   0x22  Code  Gb  stm8l15x_it.o [1]
EXTI1_IRQHandler        0x00e24b   0x1e  Code  Gb  stm8l15x_it.o [1]
EXTI2_IRQHandler        0x00df0b   0x23  Code  Gb  stm8l15x_it.o [1]
EXTI3_IRQHandler        0x00df2e   0x23  Code  Gb  stm8l15x_it.o [1]
EXTI4_IRQHandler        0x00df51   0x23  Code  Gb  stm8l15x_it.o [1]
EXTI5_IRQHandler        0x00df74   0x23  Code  Gb  stm8l15x_it.o [1]
EXTI6_IRQHandler        0x00df97   0x23  Code  Gb  stm8l15x_it.o [1]
EXTI7_IRQHandler        0x00e269   0x1e  Code  Gb  stm8l15x_it.o [1]
EXTIB_G_IRQHandler      0x00e76b    0x1  Code  Gb  stm8l15x_it.o [1]
EXTID_H_IRQHandler      0x00e76c    0x1  Code  Gb  stm8l15x_it.o [1]
EXTIE_F_PVD_IRQHandler  0x00e76a    0x1  Code  Gb  stm8l15x_it.o [1]
EXTI_ClearITPendingBit  0x00e066   0x22  Code  Gb  stm8l15x_exti.o [1]
EXTI_SetPinSensitivity  0x00bc6b  0x127  Code  Gb  stm8l15x_exti.o [1]
FLASH_IRQHandler        0x00e767    0x1  Code  Gb  stm8l15x_it.o [1]
FLASH_Lock              0x00e65f    0xb  Code  Gb  stm8l15x_flash.o [1]
FLASH_ProgramByte       0x00e74a    0x4  Code  Gb  stm8l15x_flash.o [1]
FLASH_Unlock            0x00e447   0x19  Code  Gb  stm8l15x_flash.o [1]
FLASH_WaitForLastOperation
                        0x00d8aa   0x3c  Code  Gb  stm8l15x_flash.o [1]
FskBandwidths           0x008080   0x6e  Data  Gb  sx1276.o [1]
GPIO_DeInit             0x00e38e   0x1b  Code  Gb  stm8l15x_gpio.o [1]
GPIO_ExternalPullUpConfig
                        0x00dccd   0x2c  Code  Gb  stm8l15x_gpio.o [1]
GPIO_Init               0x00c744   0xaf  Code  Gb  stm8l15x_gpio.o [1]
GPIO_ResetBits          0x00e6e0    0x8  Code  Gb  stm8l15x_gpio.o [1]
GPIO_SetBits            0x00e708    0x7  Code  Gb  stm8l15x_gpio.o [1]
GetFskBandwidthRegValue
                        0x00d071   0x6a  Code  Lc  sx1276.o [1]
GetRunModePin           0x00e75a    0x3  Code  Gb  board.o [1]
I2C1_SPI2_IRQHandler    0x00e776    0x1  Code  Gb  stm8l15x_it.o [1]
INTVEC$$Base            0x008000          --   Gb  - Linker created -
INTVEC$$Limit           0x008080          --   Gb  - Linker created -
InitRunModePin          0x00e000   0x22  Code  Gb  board.o [1]
IrqNestLevel            0x0004a2    0x1  Data  Lc  system.o [1]
LCD_AES_IRQHandler      0x00e76d    0x1  Code  Gb  stm8l15x_it.o [1]
LoadInt                 0x00d575   0x4b  Code  Lc  xprintffull_nomb.o [4]
LowPowerModeOnCadDone   0x00d52a   0x4b  Code  Gb  lowpower_mode.o [1]
LowPowerModeOnRxDone    0x00cc23   0x83  Code  Gb  lowpower_mode.o [1]
LowPowerModeOnRxError   0x00e044   0x22  Code  Gb  lowpower_mode.o [1]
LowPowerModeOnRxTimeout
                        0x00e022   0x22  Code  Gb  lowpower_mode.o [1]
LowPowerModeOnTxDone    0x00e0ec   0x20  Code  Gb  lowpower_mode.o [1]
LowPowerModeOnTxTimeout
                        0x00e10c   0x20  Code  Gb  lowpower_mode.o [1]
LowPowerModeRadioEvents
                        0x00040b   0x15  Data  Lc  lowpower_mode.o [1]
LowPowerModeState       0x00049f    0x1  Data  Gb  lowpower_mode.o [1]
NormalModeOnRxDone      0x00cd29   0x82  Code  Gb  normal_mode.o [1]
NormalModeOnRxError     0x00e16c   0x20  Code  Gb  normal_mode.o [1]
NormalModeOnRxTimeout   0x00e14c   0x20  Code  Gb  normal_mode.o [1]
NormalModeOnTxDone      0x00e12c   0x20  Code  Gb  normal_mode.o [1]
NormalModeOnTxTimeout   0x00de73   0x27  Code  Gb  normal_mode.o [1]
NormalModeRadioEvents   0x000420   0x15  Data  Lc  normal_mode.o [1]
NormalModeState         0x0004a0    0x1  Data  Gb  normal_mode.o [1]
PWR_UltraLowPowerCmd    0x00e5d1    0xe  Code  Gb  stm8l15x_pwr.o [1]
RTC_CSSLSE_IRQHandler   0x00ddd1   0x29  Code  Gb  stm8l15x_it.o [1]
RTC_ClearITPendingBit   0x00e609    0xd  Code  Gb  stm8l15x_rtc.o [1]
RTC_Config              0x00e0aa   0x21  Code  Gb  board.o [1]
RTC_ITConfig            0x00d921   0x3b  Code  Gb  stm8l15x_rtc.o [1]
RTC_SetWakeUpCounter    0x00e4ed   0x15  Code  Gb  stm8l15x_rtc.o [1]
RTC_WakeUpClockConfig   0x00dfba   0x23  Code  Gb  stm8l15x_rtc.o [1]
RTC_WakeUpCmd           0x00d767   0x45  Code  Gb  stm8l15x_rtc.o [1]
Radio                   0x0080ee   0x51  Data  Gb  sx1276-board.o [1]
RadioEvents             0x000499    0x2  Data  Lc  sx1276.o [1]
RadioIsActive           0x0004a1    0x1  Data  Lc  sx1276-board.o [1]
RadioRegsInit           0x0081ad   0x30  Data  Gb  sx1276.o [1]
Region$$Table$$Base     0x008200          --   Gb  - Linker created -
Region$$Table$$Limit    0x008214          --   Gb  - Linker created -
RxChainCalibration      0x00be98   0xe4  Code  Lc  sx1276.o [1]
RxTimeoutSyncWord       0x00047b    0xe  Data  Gb  sx1276.o [1]
RxTimeoutTimer          0x00046d    0xe  Data  Gb  sx1276.o [1]
RxTxBuffer              0x000246  0x100  Data  Lc  sx1276.o [1]
SPI1_IRQHandler         0x00e775    0x1  Code  Gb  stm8l15x_it.o [1]
SPI_Cmd                 0x00e565   0x11  Code  Gb  stm8l15x_spi.o [1]
SPI_GetFlagStatus       0x00e287   0x1e  Code  Gb  stm8l15x_spi.o [1]
SPI_Init                0x00d138   0x5b  Code  Gb  stm8l15x_spi.o [1]
SPI_ReceiveData         0x00e72f    0x5  Code  Gb  stm8l15x_spi.o [1]
SPI_SendData            0x00e6e8    0x8  Code  Gb  stm8l15x_spi.o [1]
SWITCH_CSS_BREAK_DAC_IRQHandler
                        0x00e76e    0x1  Code  Gb  stm8l15x_it.o [1]
SX1276                  0x000346   0x51  Data  Gb  sx1276.o [1]
SX1276AntSwDeInit       0x00e694    0xa  Code  Gb  sx1276-board.o [1]
SX1276AntSwInit         0x00e68a    0xa  Code  Gb  sx1276-board.o [1]
SX1276CheckRfFrequency  0x00e75d    0x3  Code  Gb  sx1276-board.o [1]
SX1276GetBoardTcxoWakeupTime
                        0x00e70f    0x7  Code  Gb  sx1276-board.o [1]
SX1276GetPaSelect       0x00e52c   0x14  Code  Lc  sx1276-board.o [1]
SX1276GetStatus         0x00e74e    0x4  Code  Gb  sx1276.o [1]
SX1276GetTimeOnAir      0x00a287  0x2fc  Code  Gb  sx1276.o [1]
SX1276GetWakeupTime     0x00e6d7    0x9  Code  Gb  sx1276.o [1]
SX1276Init              0x00c693   0xb1  Code  Gb  sx1276.o [1]
SX1276IoInit            0x00e3a9   0x1b  Code  Gb  sx1276-board.o [1]
SX1276IoIrqInit         0x00c526   0xbb  Code  Gb  sx1276-board.o [1]
SX1276IsChannelFree     0x00ceaa   0x76  Code  Gb  sx1276.o [1]
SX1276OnDio0Irq         0x009868  0x3b5  Code  Gb  sx1276.o [1]
SX1276OnDio1Irq         0x00b77f  0x151  Code  Gb  sx1276.o [1]
SX1276OnDio2Irq         0x00b8d0  0x143  Code  Gb  sx1276.o [1]
SX1276OnDio3Irq         0x00cb95   0x8e  Code  Gb  sx1276.o [1]
SX1276OnDio4Irq         0x00e31c   0x1d  Code  Gb  sx1276.o [1]
SX1276OnDio5Irq         0x00e540   0x13  Code  Gb  sx1276.o [1]
SX1276OnTimeoutIrq      0x00ba13  0x130  Code  Gb  sx1276.o [1]
SX1276Random            0x00cf95   0x71  Code  Gb  sx1276.o [1]
SX1276Read              0x00e2a5   0x1e  Code  Gb  sx1276.o [1]
SX1276ReadBuffer        0x00d245   0x57  Code  Gb  sx1276.o [1]
SX1276ReadFifo          0x00e372   0x1c  Code  Gb  sx1276.o [1]
SX1276ReadRssi          0x00d006   0x6b  Code  Gb  sx1276.o [1]
SX1276Reset             0x00dc42   0x2f  Code  Gb  sx1276-board.o [1]
SX1276Send              0x00bb43  0x128  Code  Gb  sx1276.o [1]
SX1276SetAntSw          0x00dfdd   0x23  Code  Gb  sx1276-board.o [1]
SX1276SetAntSwLowPower  0x00dc71   0x2e  Code  Gb  sx1276-board.o [1]
SX1276SetBoardTcxo      0x00e777    0x1  Code  Lc  sx1276-board.o [1]
SX1276SetChannel        0x00d60a   0x46  Code  Gb  sx1276.o [1]
SX1276SetMaxPayloadLength
                        0x00daad   0x37  Code  Gb  sx1276.o [1]
SX1276SetModem          0x00cca6   0x83  Code  Gb  sx1276.o [1]
SX1276SetOpMode         0x00dae4   0x34  Code  Gb  sx1276.o [1]
SX1276SetPublicNetwork  0x00dcf9   0x2c  Code  Gb  sx1276.o [1]
SX1276SetRfTxPower      0x00bd92  0x106  Code  Gb  sx1276-board.o [1]
SX1276SetRx             0x009c1d  0x341  Code  Gb  sx1276.o [1]
SX1276SetRxConfig       0x0090da  0x3cf  Code  Gb  sx1276.o [1]
SX1276SetSleep          0x00e479   0x18  Code  Gb  sx1276.o [1]
SX1276SetStby           0x00e460   0x19  Code  Gb  sx1276.o [1]
SX1276SetTx             0x00c5e1   0xb2  Code  Gb  sx1276.o [1]
SX1276SetTxConfig       0x009f5e  0x329  Code  Gb  sx1276.o [1]
SX1276SetTxContinuousWave
                        0x00c7f3   0xa4  Code  Gb  sx1276.o [1]
SX1276StartCad          0x00d9d0   0x38  Code  Gb  sx1276.o [1]
SX1276Write             0x00e3c4   0x1b  Code  Gb  sx1276.o [1]
SX1276WriteBuffer       0x00d347   0x52  Code  Gb  sx1276.o [1]
SX1276WriteFifo         0x00e356   0x1c  Code  Gb  sx1276.o [1]
SYSDivFactor            0x008259    0x5  Data  Gb  stm8l15x_clk.o [1]
SpiInOut                0x00d7ac   0x42  Code  Gb  spi-board.o [1]
SpiInit                 0x00d5c0   0x4a  Code  Gb  spi-board.o [1]
SysTick_Handler         0x00dda6   0x2b  Code  Gb  timer.o [1]
TIM1_CC_IRQHandler      0x00e774    0x1  Code  Gb  stm8l15x_it.o [1]
TIM1_UPD_OVF_TRG_COM_IRQHandler
                        0x00e773    0x1  Code  Gb  stm8l15x_it.o [1]
TIM2_CC_USART2_RX_IRQHandler
                        0x00e770    0x1  Code  Gb  stm8l15x_it.o [1]
TIM2_ClearITPendingBit  0x00e6bc    0x9  Code  Gb  stm8l15x_tim2.o [1]
TIM2_UPD_OVF_TRG_BRK_USART2_TX_IRQHandler
                        0x00e2ff   0x1d  Code  Gb  stm8l15x_it.o [1]
TIM3_CC_USART3_RX_IRQHandler
                        0x00e772    0x1  Code  Gb  stm8l15x_it.o [1]
TIM3_UPD_OVF_TRG_BRK_USART3_TX_IRQHandler
                        0x00e771    0x1  Code  Gb  stm8l15x_it.o [1]
TIM4_ClearFlag          0x00e6c5    0x9  Code  Gb  stm8l15x_tim4.o [1]
TIM4_ClearITPendingBit  0x00e6ce    0x9  Code  Gb  stm8l15x_tim4.o [1]
TIM4_Cmd                0x00e5df    0xe  Code  Gb  stm8l15x_tim4.o [1]
TIM4_Config             0x00dd25   0x2b  Code  Lc  board.o [1]
TIM4_ITConfig           0x00e413   0x1a  Code  Gb  stm8l15x_tim4.o [1]
TIM4_TimeBaseInit       0x00e576   0x11  Code  Gb  stm8l15x_tim4.o [1]
TIM4_UPD_OVF_TRG_IRQHandler
                        0x00e0cb   0x21  Code  Gb  stm8l15x_it.o [1]
TRAP_IRQHandler         0x00e766    0x1  Code  Gb  stm8l15x_it.o [1]
TestModeOnRadioTxTimeout
                        0x00d193   0x5a  Code  Gb  test_mode.o [1]
TestModeRadioEvents     0x000435   0x15  Data  Lc  test_mode.o [1]
TestModeState           0x0004a3    0x1  Data  Lc  test_mode.o [1]
TimerExists             0x00e339   0x1d  Code  Lc  timer.o [1]
TimerGetCurrentTime     0x00e6f8    0x8  Code  Gb  timer.o [1]
TimerGetElapsedTime     0x00d997   0x39  Code  Gb  timer.o [1]
TimerGetValue           0x00e62f    0xc  Code  Gb  timer.o [1]
TimerInit               0x00d7ee   0x41  Code  Gb  timer.o [1]
TimerInsertNewHeadTimer
                        0x00d399   0x52  Code  Lc  timer.o [1]
TimerInsertTimer        0x00b623  0x15c  Code  Lc  timer.o [1]
TimerIrqHandler         0x00c2d5   0xcb  Code  Gb  timer.o [1]
TimerListHead           0x00049d    0x2  Data  Lc  timer.o [1]
TimerSetTimeout         0x00e42d   0x1a  Code  Lc  timer.o [1]
TimerSetValue           0x00de9a   0x27  Code  Gb  timer.o [1]
TimerStart              0x00c12e   0xd4  Code  Gb  timer.o [1]
TimerStop               0x00b1c0  0x182  Code  Gb  timer.o [1]
TxTimeoutTimer          0x00045f    0xe  Data  Gb  sx1276.o [1]
USART1_RX_TIM5_CC_IRQHandler
                        0x00dc12   0x30  Code  Gb  stm8l15x_it.o [1]
USART1_TX_TIM5_UPD_OVF_TRG_BRK_IRQHandler
                        0x00d0db   0x5d  Code  Gb  stm8l15x_it.o [1]
USART_ClearITPendingBit
                        0x00e739    0x5  Code  Gb  stm8l15x_usart.o [1]
USART_Cmd               0x00dd7b   0x2b  Code  Gb  stm8l15x_usart.o [1]
USART_GetFlagStatus     0x00da76   0x37  Code  Gb  stm8l15x_usart.o [1]
USART_ITConfig          0x00ca6c   0x95  Code  Gb  stm8l15x_usart.o [1]
USART_Init              0x00bf7c   0xdc  Code  Gb  stm8l15x_usart.o [1]
USART_ReceiveData8      0x00e734    0x5  Code  Gb  stm8l15x_usart.o [1]
USART_SendData8         0x00e6f0    0x8  Code  Gb  stm8l15x_usart.o [1]
WakeUpModeOnRxDone      0x00cdab   0x82  Code  Gb  wakeup_mode.o [1]
WakeUpModeOnRxError     0x00e20c   0x20  Code  Gb  wakeup_mode.o [1]
WakeUpModeOnRxTimeout   0x00e1ec   0x20  Code  Gb  wakeup_mode.o [1]
WakeUpModeOnTxDone      0x00e1ac   0x20  Code  Gb  wakeup_mode.o [1]
WakeUpModeOnTxTimeout   0x00e1cc   0x20  Code  Gb  wakeup_mode.o [1]
WakeUpModeRadioEvents   0x00044a   0x15  Data  Lc  wakeup_mode.o [1]
WakeUpModeState         0x0004a4    0x1  Data  Gb  wakeup_mode.o [1]
_GenldFullNoMb          0x0094a9  0x3bf  Code  Lc  xprintffull_nomb.o [4]
_LdtobFullNoMb          0x008c40  0x49a  Code  Lc  xprintffull_nomb.o [4]
_LitobFullNoMb          0x00b342  0x17f  Code  Lc  xprintffull_nomb.o [4]
_Locale_lconv           0x000014   0x2e  Data  Gb  localeconv.o [4]
_PrintfFullNoMb         0x008278  0x4f2  Code  Gb  xprintffull_nomb.o [4]
_Prout                  0x00e22c   0x1f  Code  Gb  xprout.o [4]
_PutcharFullNoMb        0x00dc9f   0x2e  Code  Lc  xprintffull_nomb.o [4]
_PutcharsFullNoMb       0x00d95c   0x3b  Code  Lc  xprintffull_nomb.o [4]
__DebugBreak            0x00e778    0x1  Code  Gb  __dbg_break.o [3]
__eeprom_write_16       0x00d48e   0x4f  Code  Gb  eeprom.o [1]
__eeprom_write_8        0x00da08   0x37  Code  Gb  eeprom.o [1]
__exit                  0x00e4d7   0x16  Code  Gb  __dbg_xxexit.o [3]
__iar_Dint              0x00c3a0   0xca  Code  Gb  xdint.o [4]
__iar_Dnorm             0x00b4c1         Code  Gb  float_libsup.o [4]
__iar_Dscale            0x00b54f         Code  Gb  float_libsup.o [4]
__iar_Dunscale          0x00b4fd         Code  Gb  float_libsup.o [4]
__iar_Memchr            0x00e491   0x18  Code  Gb  memchr.o [4]
__iar_Strchr            0x00e517   0x15  Code  Gb  strchr.o [4]
__iar_Tls_setup__Locale_lconv
                        0x000496    0x3  Data  Gb  localeconv.o [4]
__iar_copy_init2        0x00de4b         Code  Gb  init_small.o [4]
__iar_data_init2        0x00e2c3   0x1e  Code  Gb  init.o [4]
__iar_program_start     0x00e4a9         Code  Gb  cstartup.o [4]
__iar_unhandled_exception
                        0x00e763         Code  Gb  unhandled_exception.o [4]
__iar_zero_init2        0x00e2e1         Code  Gb  init_small.o [4]
__intvec                0x008000         Data  Gb  interrupt.o [4]
__low_level_init        0x00e760    0x3  Code  Gb  low_level_init.o [4]
_exit                   0x00e729         Code  Gb  cexit.o [4]
_interrupt_1            0x00e766         Code  Gb  stm8l15x_it.o [1]
_interrupt_10           0x00e088         Code  Gb  stm8l15x_it.o [1]
_interrupt_11           0x00e24b         Code  Gb  stm8l15x_it.o [1]
_interrupt_12           0x00df0b         Code  Gb  stm8l15x_it.o [1]
_interrupt_13           0x00df2e         Code  Gb  stm8l15x_it.o [1]
_interrupt_14           0x00df51         Code  Gb  stm8l15x_it.o [1]
_interrupt_15           0x00df74         Code  Gb  stm8l15x_it.o [1]
_interrupt_16           0x00df97         Code  Gb  stm8l15x_it.o [1]
_interrupt_17           0x00e269         Code  Gb  stm8l15x_it.o [1]
_interrupt_18           0x00e76d         Code  Gb  stm8l15x_it.o [1]
_interrupt_19           0x00e76e         Code  Gb  stm8l15x_it.o [1]
_interrupt_20           0x00e76f         Code  Gb  stm8l15x_it.o [1]
_interrupt_21           0x00e2ff         Code  Gb  stm8l15x_it.o [1]
_interrupt_22           0x00e770         Code  Gb  stm8l15x_it.o [1]
_interrupt_23           0x00e771         Code  Gb  stm8l15x_it.o [1]
_interrupt_24           0x00e772         Code  Gb  stm8l15x_it.o [1]
_interrupt_25           0x00e773         Code  Gb  stm8l15x_it.o [1]
_interrupt_26           0x00e774         Code  Gb  stm8l15x_it.o [1]
_interrupt_27           0x00e0cb         Code  Gb  stm8l15x_it.o [1]
_interrupt_28           0x00e775         Code  Gb  stm8l15x_it.o [1]
_interrupt_29           0x00d0db         Code  Gb  stm8l15x_it.o [1]
_interrupt_3            0x00e767         Code  Gb  stm8l15x_it.o [1]
_interrupt_30           0x00dc12         Code  Gb  stm8l15x_it.o [1]
_interrupt_31           0x00e776         Code  Gb  stm8l15x_it.o [1]
_interrupt_4            0x00e768         Code  Gb  stm8l15x_it.o [1]
_interrupt_5            0x00e769         Code  Gb  stm8l15x_it.o [1]
_interrupt_6            0x00ddd1         Code  Gb  stm8l15x_it.o [1]
_interrupt_7            0x00e76a         Code  Gb  stm8l15x_it.o [1]
_interrupt_8            0x00e76b         Code  Gb  stm8l15x_it.o [1]
_interrupt_9            0x00e76c         Code  Gb  stm8l15x_it.o [1]
aLarmTimerTime          0x000010    0x4  Data  Gb  timer.o [1]
ceil                    0x00d696   0x46  Code  Gb  ceil.o [4]
cfg_parm_dump_to_ram    0x00e3f9   0x1a  Code  Gb  cfg_parm.o [1]
cfg_parm_factory_reset  0x00c9d5   0x97  Code  Gb  cfg_parm.o [1]
cfg_parm_get_tx_power   0x00db7f   0x32  Code  Gb  cfg_parm.o [1]
cfg_parm_get_uart_baud  0x00c897   0xa0  Code  Gb  cfg_parm.o [1]
cfg_parm_get_uart_parity
                        0x00dbb1   0x31  Code  Gb  cfg_parm.o [1]
cfg_parm_restore        0x00db4c   0x33  Code  Gb  cfg_parm.o [1]
config_mode_routin      0x00b00d  0x1b3  Code  Gb  config_mode.o [1]
div                     0x00db18   0x34  Code  Gb  div.o [4]
exit                    0x00e756    0x4  Code  Gb  exit.o [4]
floor                   0x00d6dc   0x46  Code  Gb  floor.o [4]
localeconv              0x00e5ed    0xe  Code  Gb  localeconv.o [4]
lowpower_mode_routin    0x00ae25  0x1e8  Code  Gb  lowpower_mode.o [1]
main                    0x00d82f   0x3e  Code  Gb  main.o [1]
memcpy                  0x00dec1   0x26  Code  Gb  memcpy.o [4]
memcpy1                 0x00ddfa   0x29  Code  Gb  utilities.o [1]
memset                  0x00e4c0   0x17  Code  Gb  memset.o [4]
normal_mode_routin      0x00aa04  0x216  Code  Gb  normal_mode.o [1]
pad                     0x00d86d   0x3d  Code  Lc  xprintffull_nomb.o [4]
printf                  0x00de23   0x28  Code  Gb  printf.o [4]
putchar                 0x00dee7   0x24  Code  Gb  test_mode.o [1]
ring_buffer_dequeue     0x00d722   0x45  Code  Gb  ring_buf.o [1]
ring_buffer_dequeue_arr
                        0x00d29c   0x56  Code  Gb  ring_buf.o [1]
ring_buffer_init        0x00e18c   0x20  Code  Gb  ring_buf.o [1]
ring_buffer_is_empty    0x00dbe2   0x30  Code  Gb  ring_buf.o [1]
ring_buffer_is_full     0x00da3f   0x37  Code  Gb  ring_buf.o [1]
ring_buffer_num_items   0x00dd50   0x2b  Code  Gb  ring_buf.o [1]
ring_buffer_queue       0x00d4dd   0x4d  Code  Gb  ring_buf.o [1]
ring_buffer_queue_arr   0x00d8e6   0x3b  Code  Gb  ring_buf.o [1]
round                   0x00d2f2   0x55  Code  Gb  round.o [4]
sTartAlarmTimerTime     0x000492    0x4  Data  Gb  timer.o [1]
scale                   0x00d43d   0x51  Code  Lc  xprintffull_nomb.o [4]
stManufactureParm       0x001000   0x14  Data  Gb  manufacture_parm.o [1]
stNvCfgParm             0x001014    0x5  Data  Gb  cfg_parm.o [1]
stTmpCfgParm            0x000489    0x5  Data  Gb  cfg_parm.o [1]
strlen                  0x00e553   0x12  Code  Gb  strlen.o [4]
systick                 0x00048e    0x4  Data  Gb  timer.o [1]
test_mode_routin        0x00ce2d   0x7d  Code  Gb  test_mode.o [1]
uart_rx_ring_buf        0x000042  0x102  Data  Gb  comport.o [1]
uart_tx_ring_buf        0x000144  0x102  Data  Gb  comport.o [1]
wakeup_mode_routin      0x00ac1a  0x20b  Code  Gb  wakeup_mode.o [1]


[1] = D:\stm8lora\src\stm8l15x-sx1278\STM8L15x-16x-05x-AL31-L_StdPeriph_Lib\Project\STM8L151G6U6_Sx1278\EWSTM8\STM8L15X_MD(STM8L15xx4_6)\Obj
[2] = command line
[3] = dbgstm8mmd.a
[4] = dlstm8mmf.a

  25 857 bytes of readonly  code memory
     632 bytes of readonly  data memory
   1 982 bytes of readwrite data memory

Errors: none
Warnings: none
