###############################################################################
#
# IAR ELF Linker V2.20.1.176 for STM8                     07/Jan/2019  23:30:03
# Copyright 2010-2015 IAR Systems AB.
#
#    Output file  =  
#        D:\stm8lora\src\stm8l15x-sx1278\STM8L15x-16x-05x-AL31-L_StdPeriph_Lib\Project\STM8L151G6U6_Sx1278\EWSTM8\STM8L15X_MD(STM8L15xx4_6)\Exe\project.out
#    Map file     =  
#        D:\stm8lora\src\stm8l15x-sx1278\STM8L15x-16x-05x-AL31-L_StdPeriph_Lib\Project\STM8L151G6U6_Sx1278\EWSTM8\STM8L15X_MD(STM8L15xx4_6)\List\project.map
#    Command line =  
#        "D:\stm8lora\src\stm8l15x-sx1278\STM8L15x-16x-05x-AL31-L_StdPeriph_Lib\Project\STM8L151G6U6_Sx1278\EWSTM8\STM8L15X_MD(STM8L15xx4_6)\Obj\aes.o"
#        "D:\stm8lora\src\stm8l15x-sx1278\STM8L15x-16x-05x-AL31-L_StdPeriph_Lib\Project\STM8L151G6U6_Sx1278\EWSTM8\STM8L15X_MD(STM8L15xx4_6)\Obj\board.o"
#        "D:\stm8lora\src\stm8l15x-sx1278\STM8L15x-16x-05x-AL31-L_StdPeriph_Lib\Project\STM8L151G6U6_Sx1278\EWSTM8\STM8L15X_MD(STM8L15xx4_6)\Obj\cfg_parm.o"
#        "D:\stm8lora\src\stm8l15x-sx1278\STM8L15x-16x-05x-AL31-L_StdPeriph_Lib\Project\STM8L151G6U6_Sx1278\EWSTM8\STM8L15X_MD(STM8L15xx4_6)\Obj\cmac.o"
#        "D:\stm8lora\src\stm8l15x-sx1278\STM8L15x-16x-05x-AL31-L_StdPeriph_Lib\Project\STM8L151G6U6_Sx1278\EWSTM8\STM8L15X_MD(STM8L15xx4_6)\Obj\comport.o"
#        "D:\stm8lora\src\stm8l15x-sx1278\STM8L15x-16x-05x-AL31-L_StdPeriph_Lib\Project\STM8L151G6U6_Sx1278\EWSTM8\STM8L15X_MD(STM8L15xx4_6)\Obj\config_mode.o"
#        "D:\stm8lora\src\stm8l15x-sx1278\STM8L15x-16x-05x-AL31-L_StdPeriph_Lib\Project\STM8L151G6U6_Sx1278\EWSTM8\STM8L15X_MD(STM8L15xx4_6)\Obj\crc8.o"
#        "D:\stm8lora\src\stm8l15x-sx1278\STM8L15x-16x-05x-AL31-L_StdPeriph_Lib\Project\STM8L151G6U6_Sx1278\EWSTM8\STM8L15X_MD(STM8L15xx4_6)\Obj\delay.o"
#        "D:\stm8lora\src\stm8l15x-sx1278\STM8L15x-16x-05x-AL31-L_StdPeriph_Lib\Project\STM8L151G6U6_Sx1278\EWSTM8\STM8L15X_MD(STM8L15xx4_6)\Obj\eeprom.o"
#        "D:\stm8lora\src\stm8l15x-sx1278\STM8L15x-16x-05x-AL31-L_StdPeriph_Lib\Project\STM8L151G6U6_Sx1278\EWSTM8\STM8L15X_MD(STM8L15xx4_6)\Obj\LoRaMacCrypto.o"
#        "D:\stm8lora\src\stm8l15x-sx1278\STM8L15x-16x-05x-AL31-L_StdPeriph_Lib\Project\STM8L151G6U6_Sx1278\EWSTM8\STM8L15X_MD(STM8L15xx4_6)\Obj\lowpower_mode.o"
#        "D:\stm8lora\src\stm8l15x-sx1278\STM8L15x-16x-05x-AL31-L_StdPeriph_Lib\Project\STM8L151G6U6_Sx1278\EWSTM8\STM8L15X_MD(STM8L15xx4_6)\Obj\main.o"
#        "D:\stm8lora\src\stm8l15x-sx1278\STM8L15x-16x-05x-AL31-L_StdPeriph_Lib\Project\STM8L151G6U6_Sx1278\EWSTM8\STM8L15X_MD(STM8L15xx4_6)\Obj\manufacture_parm.o"
#        "D:\stm8lora\src\stm8l15x-sx1278\STM8L15x-16x-05x-AL31-L_StdPeriph_Lib\Project\STM8L151G6U6_Sx1278\EWSTM8\STM8L15X_MD(STM8L15xx4_6)\Obj\normal_mode.o"
#        "D:\stm8lora\src\stm8l15x-sx1278\STM8L15x-16x-05x-AL31-L_StdPeriph_Lib\Project\STM8L151G6U6_Sx1278\EWSTM8\STM8L15X_MD(STM8L15xx4_6)\Obj\ring_buf.o"
#        "D:\stm8lora\src\stm8l15x-sx1278\STM8L15x-16x-05x-AL31-L_StdPeriph_Lib\Project\STM8L151G6U6_Sx1278\EWSTM8\STM8L15X_MD(STM8L15xx4_6)\Obj\spi-board.o"
#        "D:\stm8lora\src\stm8l15x-sx1278\STM8L15x-16x-05x-AL31-L_StdPeriph_Lib\Project\STM8L151G6U6_Sx1278\EWSTM8\STM8L15X_MD(STM8L15xx4_6)\Obj\stm8l15x_adc.o"
#        "D:\stm8lora\src\stm8l15x-sx1278\STM8L15x-16x-05x-AL31-L_StdPeriph_Lib\Project\STM8L151G6U6_Sx1278\EWSTM8\STM8L15X_MD(STM8L15xx4_6)\Obj\stm8l15x_beep.o"
#        "D:\stm8lora\src\stm8l15x-sx1278\STM8L15x-16x-05x-AL31-L_StdPeriph_Lib\Project\STM8L151G6U6_Sx1278\EWSTM8\STM8L15X_MD(STM8L15xx4_6)\Obj\stm8l15x_clk.o"
#        "D:\stm8lora\src\stm8l15x-sx1278\STM8L15x-16x-05x-AL31-L_StdPeriph_Lib\Project\STM8L151G6U6_Sx1278\EWSTM8\STM8L15X_MD(STM8L15xx4_6)\Obj\stm8l15x_comp.o"
#        "D:\stm8lora\src\stm8l15x-sx1278\STM8L15x-16x-05x-AL31-L_StdPeriph_Lib\Project\STM8L151G6U6_Sx1278\EWSTM8\STM8L15X_MD(STM8L15xx4_6)\Obj\stm8l15x_dac.o"
#        "D:\stm8lora\src\stm8l15x-sx1278\STM8L15x-16x-05x-AL31-L_StdPeriph_Lib\Project\STM8L151G6U6_Sx1278\EWSTM8\STM8L15X_MD(STM8L15xx4_6)\Obj\stm8l15x_dma.o"
#        "D:\stm8lora\src\stm8l15x-sx1278\STM8L15x-16x-05x-AL31-L_StdPeriph_Lib\Project\STM8L151G6U6_Sx1278\EWSTM8\STM8L15X_MD(STM8L15xx4_6)\Obj\stm8l15x_exti.o"
#        "D:\stm8lora\src\stm8l15x-sx1278\STM8L15x-16x-05x-AL31-L_StdPeriph_Lib\Project\STM8L151G6U6_Sx1278\EWSTM8\STM8L15X_MD(STM8L15xx4_6)\Obj\stm8l15x_flash.o"
#        "D:\stm8lora\src\stm8l15x-sx1278\STM8L15x-16x-05x-AL31-L_StdPeriph_Lib\Project\STM8L151G6U6_Sx1278\EWSTM8\STM8L15X_MD(STM8L15xx4_6)\Obj\stm8l15x_gpio.o"
#        "D:\stm8lora\src\stm8l15x-sx1278\STM8L15x-16x-05x-AL31-L_StdPeriph_Lib\Project\STM8L151G6U6_Sx1278\EWSTM8\STM8L15X_MD(STM8L15xx4_6)\Obj\stm8l15x_i2c.o"
#        "D:\stm8lora\src\stm8l15x-sx1278\STM8L15x-16x-05x-AL31-L_StdPeriph_Lib\Project\STM8L151G6U6_Sx1278\EWSTM8\STM8L15X_MD(STM8L15xx4_6)\Obj\stm8l15x_irtim.o"
#        "D:\stm8lora\src\stm8l15x-sx1278\STM8L15x-16x-05x-AL31-L_StdPeriph_Lib\Project\STM8L151G6U6_Sx1278\EWSTM8\STM8L15X_MD(STM8L15xx4_6)\Obj\stm8l15x_it.o"
#        "D:\stm8lora\src\stm8l15x-sx1278\STM8L15x-16x-05x-AL31-L_StdPeriph_Lib\Project\STM8L151G6U6_Sx1278\EWSTM8\STM8L15X_MD(STM8L15xx4_6)\Obj\stm8l15x_itc.o"
#        "D:\stm8lora\src\stm8l15x-sx1278\STM8L15x-16x-05x-AL31-L_StdPeriph_Lib\Project\STM8L151G6U6_Sx1278\EWSTM8\STM8L15X_MD(STM8L15xx4_6)\Obj\stm8l15x_iwdg.o"
#        "D:\stm8lora\src\stm8l15x-sx1278\STM8L15x-16x-05x-AL31-L_StdPeriph_Lib\Project\STM8L151G6U6_Sx1278\EWSTM8\STM8L15X_MD(STM8L15xx4_6)\Obj\stm8l15x_lcd.o"
#        "D:\stm8lora\src\stm8l15x-sx1278\STM8L15x-16x-05x-AL31-L_StdPeriph_Lib\Project\STM8L151G6U6_Sx1278\EWSTM8\STM8L15X_MD(STM8L15xx4_6)\Obj\stm8l15x_pwr.o"
#        "D:\stm8lora\src\stm8l15x-sx1278\STM8L15x-16x-05x-AL31-L_StdPeriph_Lib\Project\STM8L151G6U6_Sx1278\EWSTM8\STM8L15X_MD(STM8L15xx4_6)\Obj\stm8l15x_rst.o"
#        "D:\stm8lora\src\stm8l15x-sx1278\STM8L15x-16x-05x-AL31-L_StdPeriph_Lib\Project\STM8L151G6U6_Sx1278\EWSTM8\STM8L15X_MD(STM8L15xx4_6)\Obj\stm8l15x_rtc.o"
#        "D:\stm8lora\src\stm8l15x-sx1278\STM8L15x-16x-05x-AL31-L_StdPeriph_Lib\Project\STM8L151G6U6_Sx1278\EWSTM8\STM8L15X_MD(STM8L15xx4_6)\Obj\stm8l15x_spi.o"
#        "D:\stm8lora\src\stm8l15x-sx1278\STM8L15x-16x-05x-AL31-L_StdPeriph_Lib\Project\STM8L151G6U6_Sx1278\EWSTM8\STM8L15X_MD(STM8L15xx4_6)\Obj\stm8l15x_syscfg.o"
#        "D:\stm8lora\src\stm8l15x-sx1278\STM8L15x-16x-05x-AL31-L_StdPeriph_Lib\Project\STM8L151G6U6_Sx1278\EWSTM8\STM8L15X_MD(STM8L15xx4_6)\Obj\stm8l15x_tim1.o"
#        "D:\stm8lora\src\stm8l15x-sx1278\STM8L15x-16x-05x-AL31-L_StdPeriph_Lib\Project\STM8L151G6U6_Sx1278\EWSTM8\STM8L15X_MD(STM8L15xx4_6)\Obj\stm8l15x_tim2.o"
#        "D:\stm8lora\src\stm8l15x-sx1278\STM8L15x-16x-05x-AL31-L_StdPeriph_Lib\Project\STM8L151G6U6_Sx1278\EWSTM8\STM8L15X_MD(STM8L15xx4_6)\Obj\stm8l15x_tim3.o"
#        "D:\stm8lora\src\stm8l15x-sx1278\STM8L15x-16x-05x-AL31-L_StdPeriph_Lib\Project\STM8L151G6U6_Sx1278\EWSTM8\STM8L15X_MD(STM8L15xx4_6)\Obj\stm8l15x_tim4.o"
#        "D:\stm8lora\src\stm8l15x-sx1278\STM8L15x-16x-05x-AL31-L_StdPeriph_Lib\Project\STM8L151G6U6_Sx1278\EWSTM8\STM8L15X_MD(STM8L15xx4_6)\Obj\stm8l15x_tim5.o"
#        "D:\stm8lora\src\stm8l15x-sx1278\STM8L15x-16x-05x-AL31-L_StdPeriph_Lib\Project\STM8L151G6U6_Sx1278\EWSTM8\STM8L15X_MD(STM8L15xx4_6)\Obj\stm8l15x_usart.o"
#        "D:\stm8lora\src\stm8l15x-sx1278\STM8L15x-16x-05x-AL31-L_StdPeriph_Lib\Project\STM8L151G6U6_Sx1278\EWSTM8\STM8L15X_MD(STM8L15xx4_6)\Obj\stm8l15x_wfe.o"
#        "D:\stm8lora\src\stm8l15x-sx1278\STM8L15x-16x-05x-AL31-L_StdPeriph_Lib\Project\STM8L151G6U6_Sx1278\EWSTM8\STM8L15X_MD(STM8L15xx4_6)\Obj\stm8l15x_wwdg.o"
#        "D:\stm8lora\src\stm8l15x-sx1278\STM8L15x-16x-05x-AL31-L_StdPeriph_Lib\Project\STM8L151G6U6_Sx1278\EWSTM8\STM8L15X_MD(STM8L15xx4_6)\Obj\sx1276-board.o"
#        "D:\stm8lora\src\stm8l15x-sx1278\STM8L15x-16x-05x-AL31-L_StdPeriph_Lib\Project\STM8L151G6U6_Sx1278\EWSTM8\STM8L15X_MD(STM8L15xx4_6)\Obj\sx1276.o"
#        "D:\stm8lora\src\stm8l15x-sx1278\STM8L15x-16x-05x-AL31-L_StdPeriph_Lib\Project\STM8L151G6U6_Sx1278\EWSTM8\STM8L15X_MD(STM8L15xx4_6)\Obj\system.o"
#        "D:\stm8lora\src\stm8l15x-sx1278\STM8L15x-16x-05x-AL31-L_StdPeriph_Lib\Project\STM8L151G6U6_Sx1278\EWSTM8\STM8L15X_MD(STM8L15xx4_6)\Obj\test_mode.o"
#        "D:\stm8lora\src\stm8l15x-sx1278\STM8L15x-16x-05x-AL31-L_StdPeriph_Lib\Project\STM8L151G6U6_Sx1278\EWSTM8\STM8L15X_MD(STM8L15xx4_6)\Obj\timer.o"
#        "D:\stm8lora\src\stm8l15x-sx1278\STM8L15x-16x-05x-AL31-L_StdPeriph_Lib\Project\STM8L151G6U6_Sx1278\EWSTM8\STM8L15X_MD(STM8L15xx4_6)\Obj\utilities.o"
#        "D:\stm8lora\src\stm8l15x-sx1278\STM8L15x-16x-05x-AL31-L_StdPeriph_Lib\Project\STM8L151G6U6_Sx1278\EWSTM8\STM8L15X_MD(STM8L15xx4_6)\Obj\wakeup_mode.o"
#        --redirect _Printf=_PrintfFullNoMb --redirect _Scanf=_ScanfFullNoMb -o
#        "D:\stm8lora\src\stm8l15x-sx1278\STM8L15x-16x-05x-AL31-L_StdPeriph_Lib\Project\STM8L151G6U6_Sx1278\EWSTM8\STM8L15X_MD(STM8L15xx4_6)\Exe\project.out"
#        --map
#        "D:\stm8lora\src\stm8l15x-sx1278\STM8L15x-16x-05x-AL31-L_StdPeriph_Lib\Project\STM8L151G6U6_Sx1278\EWSTM8\STM8L15X_MD(STM8L15xx4_6)\List\project.map"
#        --config "C:\Program Files (x86)\IAR Systems\Embedded Workbench
#        7.3\stm8\config\lnkstm8l151g6.icf" --config_def _CSTACK_SIZE=0x200
#        --config_def _HEAP_SIZE=0x00 --entry __iar_program_start --debug_lib
#
###############################################################################

*******************************************************************************
*** RUNTIME MODEL ATTRIBUTES
***

__Heap_Handler             = Basic
__SystemLibrary            = DLib
__code_model               = medium_or_large
__core                     = stm8
__data_model               = medium
__dlib_file_descriptor     = 1
__dlib_full_locale_support = 1
__rt_version               = 4


*******************************************************************************
*** PLACEMENT SUMMARY
***

"A1":  place at start of [0x000000-0x0000ff] { rw section .vregs };
"A2":  place at end of [0x000000-0x0007ff] { block CSTACK };
"P2":  place in [from 0x000000 to 0x0007ff] {
          block HEAP, rw section __DLIB_PERTHREAD, rw section .far.bss,
          rw section .far.data, rw section .far.noinit,
          rw section .far_func.textrw, rw section .huge.bss,
          rw section .huge.data, rw section .huge.noinit,
          rw section .huge_func.textrw, rw section .iar.dynexit,
          rw section .near.bss, rw section .near.data, rw section .near.noinit,
          rw section .near_func.textrw };
"A3":  place at start of [0x008000-0x00ffff] { block INTVEC };
"P3":  place in [from 0x008000 to 0x00ffff] {
          ro section __DLIB_PERTHREAD_init, ro section .far.data_init,
          ro section .far_func.textrw_init, ro section .huge.data_init,
          ro section .huge_func.textrw_init, ro section .iar.init_table,
          ro section .init_array, ro section .near.data_init,
          ro section .near.rodata, ro section .near_func.text,
          ro section .near_func.textrw_init, ro section .tiny.data_init,
          ro section .tiny.rodata_init };
"P4":  place in [from 0x008000 to 0x00ffff] {
          ro section .far.rodata, ro section .far_func.text };
"P7":  place in [from 0x001000 to 0x0013ff] { section .eeprom.data };

  Section            Kind      Address    Size  Object
  -------            ----      -------    ----  ------
"A1":                                     0x10
  .vregs             uninit   0x000000    0x10  vregs.o [4]
                            - 0x000010    0x10

"P2", part 1 of 2:                        0x32
  P2-1                        0x000010    0x32  <Init block>
    .near.data       inited   0x000010     0x4  timer.o [1]
    .near.data       inited   0x000014    0x2e  localeconv.o [4]
                            - 0x000042    0x32

"P2", part 2 of 2:                       0x47d
  .near.bss          zero     0x000042   0x100  crc8.o [1]
  .near.bss          zero     0x000142   0x100  sx1276.o [1]
  .near.bss          zero     0x000242    0x83  comport.o [1]
  .near.bss          zero     0x0002c5    0x83  comport.o [1]
  .near.bss          zero     0x000348    0x51  sx1276.o [1]
  .near.bss          zero     0x000399    0x3d  normal_mode.o [1]
  .near.bss          zero     0x0003d6    0x3a  wakeup_mode.o [1]
  .near.bss          zero     0x000410    0x15  config_mode.o [1]
  .near.bss          zero     0x000425    0x15  lowpower_mode.o [1]
  .near.bss          zero     0x00043a    0x15  normal_mode.o [1]
  .near.bss          zero     0x00044f    0x15  test_mode.o [1]
  .near.bss          zero     0x000464    0x15  wakeup_mode.o [1]
  .near.bss          zero     0x000479     0xe  sx1276.o [1]
  .near.bss          zero     0x000487     0xe  sx1276.o [1]
  .near.bss          zero     0x000495     0xe  sx1276.o [1]
  .near.bss          zero     0x0004a3     0x5  cfg_parm.o [1]
  .near.bss          zero     0x0004a8     0x4  timer.o [1]
  .near.bss          zero     0x0004ac     0x4  timer.o [1]
  .near.bss          zero     0x0004b0     0x3  localeconv.o [4]
  .near.bss          zero     0x0004b3     0x2  sx1276.o [1]
  .near.bss          zero     0x0004b5     0x2  test_mode.o [1]
  .near.bss          zero     0x0004b7     0x2  timer.o [1]
  .near.bss          zero     0x0004b9     0x1  lowpower_mode.o [1]
  .near.bss          zero     0x0004ba     0x1  normal_mode.o [1]
  .near.bss          zero     0x0004bb     0x1  sx1276-board.o [1]
  .near.bss          zero     0x0004bc     0x1  system.o [1]
  .near.bss          zero     0x0004bd     0x1  test_mode.o [1]
  .near.bss          zero     0x0004be     0x1  wakeup_mode.o [1]
                            - 0x0004bf   0x47d

"A2":                                    0x200
  CSTACK                      0x000600   0x200  <Block>
    CSTACK           uninit   0x000600   0x200  <Block tail>
                            - 0x000800   0x200

"P7":                                     0x19
  .eeprom.data       rw data  0x001000    0x14  manufacture_parm.o [1]
  .eeprom.data       rw data  0x001014     0x5  cfg_parm.o [1]
                            - 0x001019    0x19

"A3":                                     0x80
  INTVEC                      0x008000    0x80  <Block>
    .intvec          const    0x008000    0x80  interrupt.o [4]
                            - 0x008080    0x80

"P3":                                    0x22d
  .near.rodata       const    0x008080    0x6e  sx1276.o [1]
  .near.rodata       const    0x0080ee    0x51  sx1276-board.o [1]
  .near_func.text    const    0x00813f    0x3c  xprintffull_nomb.o [4]
  Initializer bytes  const    0x00817b    0x32  <for P2-1>
  .near.rodata       const    0x0081ad    0x30  sx1276.o [1]
  .near.rodata       const    0x0081dd    0x23  test_mode.o [1]
  .iar.init_table    const    0x008200    0x14  - Linker created -
  .near.rodata       const    0x008214    0x10  test_mode.o [1]
  .near.rodata       const    0x008224     0xe  test_mode.o [1]
  .near.rodata       const    0x008232     0xc  lowpower_mode.o [1]
  .near.rodata       const    0x00823e     0xc  normal_mode.o [1]
  .near.rodata       const    0x00824a     0xb  lowpower_mode.o [1]
  .near.rodata       const    0x008255     0xa  lowpower_mode.o [1]
  .near.rodata       const    0x00825f     0x9  config_mode.o [1]
  .near.rodata       const    0x008268     0x9  normal_mode.o [1]
  .near.rodata       const    0x008271     0x9  wakeup_mode.o [1]
  .near.rodata       const    0x00827a     0x7  test_mode.o [1]
  .near.rodata       const    0x008281     0x7  xprintffull_nomb.o [4]
  .near.rodata       const    0x008288     0x6  localeconv.o [4]
  .near.rodata       const    0x00828e     0x5  stm8l15x_clk.o [1]
  .near.rodata       const    0x008293     0x5  localeconv.o [4]
  .near.rodata       const    0x008298     0x4  xprintffull_nomb.o [4]
  .near.rodata       const    0x00829c     0x4  xprintffull_nomb.o [4]
  .near.rodata       const    0x0082a0     0x4  xprintffull_nomb.o [4]
  .near.rodata       const    0x0082a4     0x4  xprintffull_nomb.o [4]
  .near.rodata       const    0x0082a8     0x2  xprintffull_nomb.o [4]
  .near.rodata       const    0x0082aa     0x2  localeconv.o [4]
  .near.rodata       const    0x0082ac     0x1  localeconv.o [4]
                            - 0x0082ad   0x22d

"P4":                                   0x6d32
  .far_func.text     ro code  0x0082ad  0x148c  sx1276.o [1]
  .far_func.text     ro code  0x009739   0x4f2  xprintffull_nomb.o [4]
  .far_func.text     ro code  0x009c2b   0x4d6  float.o [4]
  .far_func.text     ro code  0x00a101   0x49a  xprintffull_nomb.o [4]
  .far_func.text     ro code  0x00a59b   0x3bf  xprintffull_nomb.o [4]
  .far_func.text     ro code  0x00a95a   0x3a6  sx1276.o [1]
  .far_func.text     ro code  0x00ad00   0x2ce  timer.o [1]
  .far_func.text     ro code  0x00afce   0x2ba  normal_mode.o [1]
  .far_func.text     ro code  0x00b288   0x292  config_mode.o [1]
  .far_func.text     ro code  0x00b51a   0x27a  board.o [1]
  .far_func.text     ro code  0x00b794   0x261  long.o [4]
  .far_func.text     ro code  0x00b9f5   0x21c  wakeup_mode.o [1]
  .far_func.text     ro code  0x00bc11   0x1ed  vreg_util.o [4]
  .far_func.text     ro code  0x00bdfe   0x1c5  comport.o [1]
  .far_func.text     ro code  0x00bfc3   0x184  lowpower_mode.o [1]
  .far_func.text     ro code  0x00c147   0x17f  xprintffull_nomb.o [4]
  .far_func.text     ro code  0x00c2c6   0x162  float_libsup.o [4]
  .far_func.text     ro code  0x00c428   0x148  timer.o [1]
  .far_func.text     ro code  0x00c570   0x134  sx1276.o [1]
  .far_func.text     ro code  0x00c6a4   0x134  sx1276.o [1]
  .far_func.text     ro code  0x00c7d8   0x132  sx1276.o [1]
  .far_func.text     ro code  0x00c90a   0x119  lowpower_mode.o [1]
  .far_func.text     ro code  0x00ca23   0x115  stm8l15x_exti.o [1]
  .far_func.text     ro code  0x00cb38   0x106  sx1276-board.o [1]
  .far_func.text     ro code  0x00cc3e   0x100  stm8l15x_rtc.o [1]
  .far_func.text     ro code  0x00cd3e    0xee  stm8l15x_it.o [1]
  .far_func.text     ro code  0x00ce2c    0xd7  stm8l15x_usart.o [1]
  .far_func.text     ro code  0x00cf03    0xd6  long_util.o [4]
  .far_func.text     ro code  0x00cfd9    0xd4  wakeup_mode.o [1]
  .far_func.text     ro code  0x00d0ad    0xcc  timer.o [1]
  .far_func.text     ro code  0x00d179    0xca  xdint.o [4]
  .far_func.text     ro code  0x00d243    0xb7  lowpower_mode.o [1]
  .far_func.text     ro code  0x00d2fa    0xaf  stm8l15x_gpio.o [1]
  .far_func.text     ro code  0x00d3a9    0xa9  sx1276-board.o [1]
  .far_func.text     ro code  0x00d452    0x9b  normal_mode.o [1]
  .far_func.text     ro code  0x00d4ed    0x9b  wakeup_mode.o [1]
  .far_func.text     ro code  0x00d588    0x96  cfg_parm.o [1]
  .far_func.text     ro code  0x00d61e    0x95  stm8l15x_usart.o [1]
  .far_func.text     ro code  0x00d6b3    0x94  test_mode.o [1]
  .far_func.text     ro code  0x00d747    0x8f  stm8l15x_clk.o [1]
  .far_func.text     ro code  0x00d7d6    0x82  cfg_parm.o [1]
  .far_func.text     ro code  0x00d858    0x7e  sx1276.o [1]
  .far_func.text     ro code  0x00d8d6    0x76  stm8l15x_clk.o [1]
  .far_func.text     ro code  0x00d94c    0x74  cfg_parm.o [1]
  .far_func.text     ro code  0x00d9c0    0x71  test_mode.o [1]
  .far_func.text     ro code  0x00da31    0x67  lowpower_mode.o [1]
  .far_func.text     ro code  0x00da98    0x66  stm8l15x_it.o [1]
  .far_func.text     ro code  0x00dafe    0x63  ring_buf.o [1]
  .far_func.text     ro code  0x00db61    0x61  wakeup_mode.o [1]
  .far_func.text     ro code  0x00dbc2    0x5b  ring_buf.o [1]
  .far_func.text     ro code  0x00dc1d    0x5b  stm8l15x_beep.o [1]
  .far_func.text     ro code  0x00dc78    0x59  comport.o [1]
  .far_func.text     ro code  0x00dcd1    0x58  dc_util.o [4]
  .far_func.text     ro code  0x00dd29    0x55  round.o [4]
  .far_func.text     ro code  0x00dd7e    0x54  stm8l15x_spi.o [1]
  .far_func.text     ro code  0x00ddd2    0x53  delay.o [1]
  .far_func.text     ro code  0x00de25    0x52  far_util.o [4]
  .far_func.text     ro code  0x00de77    0x51  xprintffull_nomb.o [4]
  .far_func.text     ro code  0x00dec8    0x4f  eeprom.o [1]
  .far_func.text     ro code  0x00df17    0x4c  cfg_parm.o [1]
  .far_func.text     ro code  0x00df63    0x4b  cfg_parm.o [1]
  .far_func.text     ro code  0x00dfae    0x4b  xprintffull_nomb.o [4]
  .far_func.text     ro code  0x00dff9    0x49  crc8.o [1]
  .far_func.text     ro code  0x00e042    0x49  spi-board.o [1]
  .far_func.text     ro code  0x00e08b    0x46  cfg_parm.o [1]
  .far_func.text     ro code  0x00e0d1    0x46  short.o [4]
  .far_func.text     ro code  0x00e117    0x46  ceil.o [4]
  .far_func.text     ro code  0x00e15d    0x46  floor.o [4]
  .far_func.text     ro code  0x00e1a3    0x43  lowpower_mode.o [1]
  .far_func.text     ro code  0x00e1e6    0x43  lowpower_mode.o [1]
  .far_func.text     ro code  0x00e229    0x42  spi-board.o [1]
  .far_func.text     ro code  0x00e26b    0x40  ring_buf.o [1]
  .far_func.text     ro code  0x00e2ab    0x3f  stm8l15x_rtc.o [1]
  .far_func.text     ro code  0x00e2ea    0x3e  stm8l15x_usart.o [1]
  .far_func.text     ro code  0x00e328    0x3d  xprintffull_nomb.o [4]
  .far_func.text     ro code  0x00e365    0x3b  sx1276.o [1]
  .far_func.text     ro code  0x00e3a0    0x3b  xprintffull_nomb.o [4]
  .far_func.text     ro code  0x00e3db    0x38  stm8l15x_rtc.o [1]
  .far_func.text     ro code  0x00e413    0x37  main.o [1]
  .far_func.text     ro code  0x00e44a    0x36  stm8l15x_flash.o [1]
  .far_func.text     ro code  0x00e480    0x36  stm8l15x_rtc.o [1]
  .far_func.text     ro code  0x00e4b6    0x34  ring_buf.o [1]
  .far_func.text     ro code  0x00e4ea    0x34  div.o [4]
  .far_func.text     ro code  0x00e51e    0x32  cfg_parm.o [1]
  .far_func.text     ro code  0x00e550    0x32  crc8.o [1]
  .far_func.text     ro code  0x00e582    0x31  eeprom.o [1]
  .far_func.text     ro code  0x00e5b3    0x30  lowpower_mode.o [1]
  .far_func.text     ro code  0x00e5e3    0x30  stm8l15x_it.o [1]
  .far_func.text     ro code  0x00e613    0x2f  comport.o [1]
  .far_func.text     ro code  0x00e642    0x2e  sx1276-board.o [1]
  .far_func.text     ro code  0x00e670    0x2e  xprintffull_nomb.o [4]
  .far_func.text     ro code  0x00e69e    0x2c  stm8l15x_gpio.o [1]
  .far_func.text     ro code  0x00e6ca    0x2c  sx1276.o [1]
  .far_func.text     ro code  0x00e6f6    0x29  stm8l15x_it.o [1]
  .far_func.text     ro code  0x00e71f    0x29  utilities.o [1]
  .far_func.text     ro code  0x00e748    0x28  ring_buf.o [1]
  .far_func.text     ro code  0x00e770    0x28  sx1276-board.o [1]
  .far_func.text     ro code  0x00e798    0x28  printf.o [4]
  .far_func.text     ro code  0x00e7c0    0x28  init_small.o [4]
  .far_func.text     ro code  0x00e7e8    0x27  stm8l15x_usart.o [1]
  .far_func.text     ro code  0x00e80f    0x27  timer.o [1]
  .far_func.text     ro code  0x00e836    0x26  normal_mode.o [1]
  .far_func.text     ro code  0x00e85c    0x26  memcpy.o [4]
  .far_func.text     ro code  0x00e882    0x24  stm8l15x_rtc.o [1]
  .far_func.text     ro code  0x00e8a6    0x23  stm8l15x_it.o [1]
  .far_func.text     ro code  0x00e8c9    0x23  stm8l15x_it.o [1]
  .far_func.text     ro code  0x00e8ec    0x23  stm8l15x_it.o [1]
  .far_func.text     ro code  0x00e90f    0x23  stm8l15x_it.o [1]
  .far_func.text     ro code  0x00e932    0x23  stm8l15x_rtc.o [1]
  .far_func.text     ro code  0x00e955    0x22  cfg_parm.o [1]
  .far_func.text     ro code  0x00e977    0x22  stm8l15x_usart.o [1]
  .far_func.text     ro code  0x00e999    0x21  cfg_parm.o [1]
  .far_func.text     ro code  0x00e9ba    0x21  stm8l15x_exti.o [1]
  .far_func.text     ro code  0x00e9db    0x21  stm8l15x_it.o [1]
  .far_func.text     ro code  0x00e9fc    0x20  lowpower_mode.o [1]
  .far_func.text     ro code  0x00ea1c    0x20  lowpower_mode.o [1]
  .far_func.text     ro code  0x00ea3c    0x20  normal_mode.o [1]
  .far_func.text     ro code  0x00ea5c    0x20  normal_mode.o [1]
  .far_func.text     ro code  0x00ea7c    0x20  normal_mode.o [1]
  .far_func.text     ro code  0x00ea9c    0x20  wakeup_mode.o [1]
  .far_func.text     ro code  0x00eabc    0x20  wakeup_mode.o [1]
  .far_func.text     ro code  0x00eadc    0x20  wakeup_mode.o [1]
  .far_func.text     ro code  0x00eafc    0x20  wakeup_mode.o [1]
  .far_func.text     ro code  0x00eb1c    0x1f  xprout.o [4]
  .far_func.text     ro code  0x00eb3b    0x1e  board.o [1]
  .far_func.text     ro code  0x00eb59    0x1e  stm8l15x_it.o [1]
  .far_func.text     ro code  0x00eb77    0x1e  stm8l15x_it.o [1]
  .far_func.text     ro code  0x00eb95    0x1e  init.o [4]
  .far_func.text     ro code  0x00ebb3    0x1e  init_small.o [4]
  .far_func.text     ro code  0x00ebd1    0x1d  stm8l15x_it.o [1]
  .far_func.text     ro code  0x00ebee    0x1d  stm8l15x_it.o [1]
  .far_func.text     ro code  0x00ec0b    0x1c  timer.o [1]
  .far_func.text     ro code  0x00ec27    0x1b  stm8l15x_gpio.o [1]
  .far_func.text     ro code  0x00ec42    0x1a  cfg_parm.o [1]
  .far_func.text     ro code  0x00ec5c    0x1a  ring_buf.o [1]
  .far_func.text     ro code  0x00ec76    0x1a  stm8l15x_spi.o [1]
  .far_func.text     ro code  0x00ec90    0x1a  sx1276-board.o [1]
  .far_func.text     ro code  0x00ecaa    0x19  stm8l15x_flash.o [1]
  .far_func.text     ro code  0x00ecc3    0x19  stm8l15x_spi.o [1]
  .far_func.text     ro code  0x00ecdc    0x18  memchr.o [4]
  .far_func.text     ro code  0x00ecf4    0x17  cstartup.o [4]
  .far_func.text     ro code  0x00ed0b    0x17  memset.o [4]
  .far_func.text     ro code  0x00ed22    0x16  sx1276-board.o [1]
  .far_func.text     ro code  0x00ed38    0x16  sx1276.o [1]
  .far_func.text     ro code  0x00ed4e    0x16  __dbg_xxexit.o [3]
  .far_func.text     ro code  0x00ed64    0x15  ring_buf.o [1]
  .far_func.text     ro code  0x00ed79    0x15  stm8l15x_rtc.o [1]
  .far_func.text     ro code  0x00ed8e    0x15  xprintffull_nomb.o [4]
  .far_func.text     ro code  0x00eda3    0x15  strchr.o [4]
  .far_func.text     ro code  0x00edb8    0x13  stm8l15x_tim4.o [1]
  .far_func.text     ro code  0x00edcb    0x13  sx1276-board.o [1]
  .far_func.text     ro code  0x00edde    0x12  strlen.o [4]
  .far_func.text     ro code  0x00edf0    0x11  stm8l15x_tim4.o [1]
  .far_func.text     ro code  0x00ee01    0x10  system.o [1]
  .far_func.text     ro code  0x00ee11    0x10  xprintffull_nomb.o [4]
  .far_func.text     ro code  0x00ee21     0xe  localeconv.o [4]
  .far_func.text     ro code  0x00ee2f     0xe  localeconv.o [4]
  .far_func.text     ro code  0x00ee3d     0xd  stm8l15x_beep.o [1]
  .far_func.text     ro code  0x00ee4a     0xd  stm8l15x_beep.o [1]
  .far_func.text     ro code  0x00ee57     0xd  stm8l15x_clk.o [1]
  .far_func.text     ro code  0x00ee64     0xd  stm8l15x_clk.o [1]
  .far_func.text     ro code  0x00ee71     0xd  stm8l15x_clk.o [1]
  .far_func.text     ro code  0x00ee7e     0xd  stm8l15x_pwr.o [1]
  .far_func.text     ro code  0x00ee8b     0xd  stm8l15x_tim4.o [1]
  .far_func.text     ro code  0x00ee98     0xd  move.o [4]
  .far_func.text     ro code  0x00eea5     0xc  delay.o [1]
  .far_func.text     ro code  0x00eeb1     0xc  ring_buf.o [1]
  .far_func.text     ro code  0x00eebd     0xc  switch.o [4]
  .far_func.text     ro code  0x00eec9     0xc  xprintffull_nomb.o [4]
  .far_func.text     ro code  0x00eed5     0xc  xprintffull_nomb.o [4]
  .far_func.text     ro code  0x00eee1     0xb  xprintffull_nomb.o [4]
  .far_func.text     ro code  0x00eeec     0xb  localeconv.o [4]
  .far_func.text     ro code  0x00eef7     0xa  stm8l15x_clk.o [1]
  .far_func.text     ro code  0x00ef01     0xa  stm8l15x_rtc.o [1]
  .far_func.text     ro code  0x00ef0b     0xa  system.o [1]
  .far_func.text     ro code  0x00ef15     0xa  far.o [4]
  .far_func.text     ro code  0x00ef1f     0xa  xprintffull_nomb.o [4]
  .far_func.text     ro code  0x00ef29     0x9  stm8l15x_gpio.o [1]
  .far_func.text     ro code  0x00ef32     0x9  sx1276-board.o [1]
  .far_func.text     ro code  0x00ef3b     0x8  stm8l15x_usart.o [1]
  .far_func.text     ro code  0x00ef43     0x8  sx1276.o [1]
  .far_func.text     ro code  0x00ef4b     0x8  xprintffull_nomb.o [4]
  .far_func.text     ro code  0x00ef53     0x7  stm8l15x_flash.o [1]
  .far_func.text     ro code  0x00ef5a     0x7  stm8l15x_gpio.o [1]
  .far_func.text     ro code  0x00ef61     0x7  sx1276-board.o [1]
  .far_func.text     ro code  0x00ef68     0x7  timer.o [1]
  .far_func.text     ro code  0x00ef6f     0x7  xprintffull_nomb.o [4]
  .far_func.text     ro code  0x00ef76     0x6  char.o [4]
  .far_func.text     ro code  0x00ef7c     0x6  xprintffull_nomb.o [4]
  .far_func.text     ro code  0x00ef82     0x6  cexit.o [4]
  .far_func.text     ro code  0x00ef88     0x5  stm8l15x_tim2.o [1]
  .far_func.text     ro code  0x00ef8d     0x5  stm8l15x_tim4.o [1]
  .far_func.text     ro code  0x00ef92     0x5  stm8l15x_tim4.o [1]
  .far_func.text     ro code  0x00ef97     0x5  stm8l15x_usart.o [1]
  .far_func.text     ro code  0x00ef9c     0x5  stm8l15x_usart.o [1]
  .far_func.text     ro code  0x00efa1     0x5  stm8l15x_usart.o [1]
  .far_func.text     ro code  0x00efa6     0x4  stm8l15x_clk.o [1]
  .far_func.text     ro code  0x00efaa     0x4  stm8l15x_clk.o [1]
  .far_func.text     ro code  0x00efae     0x4  stm8l15x_clk.o [1]
  .far_func.text     ro code  0x00efb2     0x4  stm8l15x_flash.o [1]
  .far_func.text     ro code  0x00efb6     0x4  stm8l15x_gpio.o [1]
  .far_func.text     ro code  0x00efba     0x4  interrupt.o [4]
  .far_func.text     ro code  0x00efbe     0x4  exit.o [4]
  .far_func.text     ro code  0x00efc2     0x3  sx1276-board.o [1]
  .far_func.text     ro code  0x00efc5     0x3  low_level_init.o [4]
  .far_func.text     ro code  0x00efc8     0x3  unhandled_exception.o [4]
  .far_func.text     ro code  0x00efcb     0x1  board.o [1]
  .far_func.text     ro code  0x00efcc     0x1  stm8l15x_it.o [1]
  .far_func.text     ro code  0x00efcd     0x1  stm8l15x_it.o [1]
  .far_func.text     ro code  0x00efce     0x1  stm8l15x_it.o [1]
  .far_func.text     ro code  0x00efcf     0x1  stm8l15x_it.o [1]
  .far_func.text     ro code  0x00efd0     0x1  stm8l15x_it.o [1]
  .far_func.text     ro code  0x00efd1     0x1  stm8l15x_it.o [1]
  .far_func.text     ro code  0x00efd2     0x1  stm8l15x_it.o [1]
  .far_func.text     ro code  0x00efd3     0x1  stm8l15x_it.o [1]
  .far_func.text     ro code  0x00efd4     0x1  stm8l15x_it.o [1]
  .far_func.text     ro code  0x00efd5     0x1  stm8l15x_it.o [1]
  .far_func.text     ro code  0x00efd6     0x1  stm8l15x_it.o [1]
  .far_func.text     ro code  0x00efd7     0x1  stm8l15x_it.o [1]
  .far_func.text     ro code  0x00efd8     0x1  stm8l15x_it.o [1]
  .far_func.text     ro code  0x00efd9     0x1  stm8l15x_it.o [1]
  .far_func.text     ro code  0x00efda     0x1  stm8l15x_it.o [1]
  .far_func.text     ro code  0x00efdb     0x1  stm8l15x_it.o [1]
  .far_func.text     ro code  0x00efdc     0x1  stm8l15x_it.o [1]
  .far_func.text     ro code  0x00efdd     0x1  sx1276-board.o [1]
  .far_func.text     ro code  0x00efde     0x1  __dbg_break.o [3]
                            - 0x00efdf  0x6d32


*******************************************************************************
*** INIT TABLE
***

          Address   Size
          -------   ----
Zero (__iar_zero_init2)
    1 destination range, total size 0x47d:
          0x000042  0x47d

Copy (__iar_copy_init2)
    1 source range, total size 0x32:
          0x00817b   0x32
    1 destination range, total size 0x32:
          0x000010   0x32



*******************************************************************************
*** MODULE SUMMARY
***

    Module                 ro code  ro data  rw data
    ------                 -------  -------  -------
D:\stm8lora\src\stm8l15x-sx1278\STM8L15x-16x-05x-AL31-L_StdPeriph_Lib\Project\STM8L151G6U6_Sx1278\EWSTM8\STM8L15X_MD(STM8L15xx4_6)\Obj: [1]
    board.o                    665
    cfg_parm.o                 760                10
    comport.o                  589               262
    config_mode.o              658        9       21
    crc8.o                     123               256
    delay.o                     95
    eeprom.o                   128
    lowpower_mode.o          1 201       33       22
    main.o                      55
    manufacture_parm.o                            20
    normal_mode.o              987       21       83
    ring_buf.o                 405
    spi-board.o                139
    stm8l15x_beep.o            117
    stm8l15x_clk.o             322        5
    stm8l15x_exti.o            310
    stm8l15x_flash.o            90
    stm8l15x_gpio.o            266
    stm8l15x_it.o              737
    stm8l15x_pwr.o              13
    stm8l15x_rtc.o             531
    stm8l15x_spi.o             135
    stm8l15x_tim2.o              5
    stm8l15x_tim4.o             59
    stm8l15x_usart.o           522
    sx1276-board.o             604       81        1
    sx1276.o                 7 375      158      381
    system.o                    26                 1
    test_mode.o                261       72       24
    timer.o                  1 324        4       14
    utilities.o                 41
    wakeup_mode.o            1 132        9       80
    ------------------------------------------------
    Total:                  19 675      392    1 175

command line: [2]
    ------------------------------------------------
    Total:

dbgstm8mmd.a: [3]
    __dbg_break.o                1
    __dbg_xxexit.o              22
    ------------------------------------------------
    Total:                      23

dlstm8mmf.a: [4]
    ceil.o                      70
    cexit.o                      6
    char.o                       6
    cstartup.o                  23
    dc_util.o                   88
    div.o                       52
    exit.o                       4
    far.o                       10
    far_util.o                  82
    float.o                  1 238
    float_libsup.o             354
    floor.o                     70
    init.o                      30
    init_small.o                70
    interrupt.o                  4      128
    localeconv.o                39       60       49
    long.o                     609
    long_util.o                214
    low_level_init.o             3
    memchr.o                    24
    memcpy.o                    38
    memset.o                    23
    move.o                      13
    printf.o                    40
    round.o                     85
    short.o                     70
    strchr.o                    21
    strlen.o                    18
    switch.o                    12
    unhandled_exception.o        3
    vreg_util.o                493
    vregs.o                                       16
    xdint.o                    202
    xprintffull_nomb.o       4 211       85
    xprout.o                    31
    ------------------------------------------------
    Total:                   8 256      273       65

    Linker created                       20      512
----------------------------------------------------
    Grand Total:            27 954      685    1 752


*******************************************************************************
*** ENTRY LIST
***

Entry                    Address   Size  Type      Object
-----                    -------   ----  ----      ------
.iar.init_table$$Base   0x008200          --   Gb  - Linker created -
.iar.init_table$$Limit  0x008214          --   Gb  - Linker created -
?add32_l0_l0_0x         0x00b7d3         Code  Gb  long.o [4]
?add32_l0_l0_l1         0x00b7d0         Code  Gb  long.o [4]
?and32_l0_l0_0x         0x00b988         Code  Gb  long.o [4]
?and32_l0_l0_l1         0x00b985         Code  Gb  long.o [4]
?b0                     0x000000         Data  Gb  vregs.o [4]
?b1                     0x000001         Data  Gb  vregs.o [4]
?b10                    0x00000a         Data  Gb  vregs.o [4]
?b11                    0x00000b         Data  Gb  vregs.o [4]
?b12                    0x00000c         Data  Gb  vregs.o [4]
?b13                    0x00000d         Data  Gb  vregs.o [4]
?b14                    0x00000e         Data  Gb  vregs.o [4]
?b15                    0x00000f         Data  Gb  vregs.o [4]
?b2                     0x000002         Data  Gb  vregs.o [4]
?b3                     0x000003         Data  Gb  vregs.o [4]
?b4                     0x000004         Data  Gb  vregs.o [4]
?b5                     0x000005         Data  Gb  vregs.o [4]
?b6                     0x000006         Data  Gb  vregs.o [4]
?b7                     0x000007         Data  Gb  vregs.o [4]
?b8                     0x000008         Data  Gb  vregs.o [4]
?b9                     0x000009         Data  Gb  vregs.o [4]
?dc32_l0                0x00dcd1         Code  Gb  dc_util.o [4]
?dc32_l1                0x00dcfd         Code  Gb  dc_util.o [4]
?dec32_0x_0x            0x00b7bc         Code  Gb  long.o [4]
?dec32_l2_l2            0x00b7b7         Code  Gb  long.o [4]
?e0                     0x000001         Data  Gb  vregs.o [4]
?e1                     0x000005         Data  Gb  vregs.o [4]
?e2                     0x000009         Data  Gb  vregs.o [4]
?e3                     0x00000d         Data  Gb  vregs.o [4]
?epilogue_l2            0x00bd4d         Code  Gb  vreg_util.o [4]
?epilogue_l2_l3         0x00bd49         Code  Gb  vreg_util.o [4]
?epilogue_l2_w6         0x00bd52         Code  Gb  vreg_util.o [4]
?epilogue_w4            0x00bd5b         Code  Gb  vreg_util.o [4]
?fadd32_l0_l0_dc32      0x009c4f         Code  Gb  float.o [4]
?fadd32_l0_l0_l1        0x009c55         Code  Gb  float.o [4]
?fcastf32s16_l0_x       0x009ee6         Code  Gb  float.o [4]
?fcastf32s32_l0_l0      0x009fba         Code  Gb  float.o [4]
?fcastf32u16_l0_x       0x009eed         Code  Gb  float.o [4]
?fcastf32u32_l0_l0      0x009fc6         Code  Gb  float.o [4]
?fcasts16f32_x_l0       0x009f0b         Code  Gb  float.o [4]
?fcasts32f32_l0_l0      0x009f57         Code  Gb  float.o [4]
?fcastu32f32_l0_l0      0x009f40         Code  Gb  float.o [4]
?fcmpge32_c_l0_0x       0x009e85         Code  Gb  float.o [4]
?fcmpge32_c_l0_dc32     0x009e7e         Code  Gb  float.o [4]
?fcmpge32_c_l0_l1       0x009e82         Code  Gb  float.o [4]
?fcmplt32_c_l0_0x       0x009e90         Code  Gb  float.o [4]
?fcmplt32_c_l0_dc32     0x009e89         Code  Gb  float.o [4]
?fcmplt32_c_l0_l1       0x009e8d         Code  Gb  float.o [4]
?fdiv32_l0_dc32_l1      0x009dc4         Code  Gb  float.o [4]
?fdiv32_l0_l0_dc32      0x009dca         Code  Gb  float.o [4]
?fdiv32_l0_l0_l1        0x009dd0         Code  Gb  float.o [4]
?fmul32_l0_l0_dc32      0x009d23         Code  Gb  float.o [4]
?fmul32_l0_l0_l1        0x009d29         Code  Gb  float.o [4]
?fsub32_l0_l0_l1        0x009c49         Code  Gb  float.o [4]
?inc32_0x_0x            0x00b7a9         Code  Gb  long.o [4]
?inc32_l0_l0            0x00b7a4         Code  Gb  long.o [4]
?l0                     0x000000         Data  Gb  vregs.o [4]
?l1                     0x000004         Data  Gb  vregs.o [4]
?l2                     0x000008         Data  Gb  vregs.o [4]
?l3                     0x00000c         Data  Gb  vregs.o [4]
?load24_0x_e0           0x00de69         Code  Gb  far_util.o [4]
?load24_e0_0x           0x00de31         Code  Gb  far_util.o [4]
?load24_e0_asp          0x00de25         Code  Gb  far_util.o [4]
?load24_e0_xsp          0x00de27         Code  Gb  far_util.o [4]
?load24_e1_0x           0x00de3f         Code  Gb  far_util.o [4]
?load24_e2_0x           0x00de4d         Code  Gb  far_util.o [4]
?load24_e3_0x           0x00de5b         Code  Gb  far_util.o [4]
?load32_0x_l0           0x00cfa5         Code  Gb  long_util.o [4]
?load32_0x_l2           0x00cfbd         Code  Gb  long_util.o [4]
?load32_0x_l3           0x00cfcb         Code  Gb  long_util.o [4]
?load32_l0_0x           0x00cf1d         Code  Gb  long_util.o [4]
?load32_l0_asp          0x00cf11         Code  Gb  long_util.o [4]
?load32_l0_dbsp         0x00cf03         Code  Gb  long_util.o [4]
?load32_l0_xsp          0x00cf13         Code  Gb  long_util.o [4]
?load32_l1_0x           0x00cf43         Code  Gb  long_util.o [4]
?load32_l1_asp          0x00cf37         Code  Gb  long_util.o [4]
?load32_l1_dbsp         0x00cf29         Code  Gb  long_util.o [4]
?load32_l1_xsp          0x00cf39         Code  Gb  long_util.o [4]
?load32_l2_0x           0x00cf69         Code  Gb  long_util.o [4]
?load32_l2_asp          0x00cf5d         Code  Gb  long_util.o [4]
?load32_l2_dbsp         0x00cf4f         Code  Gb  long_util.o [4]
?load32_l2_xsp          0x00cf5f         Code  Gb  long_util.o [4]
?load32_l3_0x           0x00cf8f         Code  Gb  long_util.o [4]
?load32_l3_asp          0x00cf83         Code  Gb  long_util.o [4]
?load32_l3_dbsp         0x00cf75         Code  Gb  long_util.o [4]
?load32_l3_xsp          0x00cf85         Code  Gb  long_util.o [4]
?load32_xsp_l0          0x00cf9b         Code  Gb  long_util.o [4]
?load32_xsp_l2          0x00cfb3         Code  Gb  long_util.o [4]
?mov_e0_e1              0x00bd7f         Code  Gb  vreg_util.o [4]
?mov_e0_e2              0x00bd8c         Code  Gb  vreg_util.o [4]
?mov_e0_e3              0x00bd99         Code  Gb  vreg_util.o [4]
?mov_e1_e0              0x00bda6         Code  Gb  vreg_util.o [4]
?mov_e1_e2              0x00bdb3         Code  Gb  vreg_util.o [4]
?mov_e1_e3              0x00bdc0         Code  Gb  vreg_util.o [4]
?mov_e2_e0              0x00bdcd         Code  Gb  vreg_util.o [4]
?mov_e2_e1              0x00bdda         Code  Gb  vreg_util.o [4]
?mov_e3_e0              0x00bde7         Code  Gb  vreg_util.o [4]
?mov_e3_e1              0x00bdf4         Code  Gb  vreg_util.o [4]
?mov_l0_l1              0x00bd7c         Code  Gb  vreg_util.o [4]
?mov_l0_l2              0x00bd89         Code  Gb  vreg_util.o [4]
?mov_l0_l3              0x00bd96         Code  Gb  vreg_util.o [4]
?mov_l1_l0              0x00bda3         Code  Gb  vreg_util.o [4]
?mov_l1_l2              0x00bdb0         Code  Gb  vreg_util.o [4]
?mov_l1_l3              0x00bdbd         Code  Gb  vreg_util.o [4]
?mov_l2_l0              0x00bdca         Code  Gb  vreg_util.o [4]
?mov_l2_l1              0x00bdd7         Code  Gb  vreg_util.o [4]
?mov_l3_l0              0x00bde4         Code  Gb  vreg_util.o [4]
?mov_l3_l1              0x00bdf1         Code  Gb  vreg_util.o [4]
?mov_w0_w5              0x00bd60         Code  Gb  vreg_util.o [4]
?mov_w1_w3              0x00bd82         Code  Gb  vreg_util.o [4]
?mov_w1_w5              0x00bd8f         Code  Gb  vreg_util.o [4]
?mov_w1_w7              0x00bd9c         Code  Gb  vreg_util.o [4]
?mov_w2_w0              0x00bd67         Code  Gb  vreg_util.o [4]
?mov_w2_w1              0x00bd6e         Code  Gb  vreg_util.o [4]
?mov_w3_w1              0x00bda9         Code  Gb  vreg_util.o [4]
?mov_w3_w5              0x00bdb6         Code  Gb  vreg_util.o [4]
?mov_w3_w7              0x00bdc3         Code  Gb  vreg_util.o [4]
?mov_w5_w1              0x00bdd0         Code  Gb  vreg_util.o [4]
?mov_w5_w3              0x00bddd         Code  Gb  vreg_util.o [4]
?mov_w7_w1              0x00bdea         Code  Gb  vreg_util.o [4]
?mov_w7_w3              0x00bdf7         Code  Gb  vreg_util.o [4]
?mov_w7_w6              0x00bd75         Code  Gb  vreg_util.o [4]
?move1616_v_x_y_a       0x00ee98         Code  Gb  move.o [4]
?mul16_x_x_w0           0x00e0d1         Code  Gb  short.o [4]
?mul32_l0_l0_0x         0x00b806         Code  Gb  long.o [4]
?mul32_l0_l0_l1         0x00b80f         Code  Gb  long.o [4]
?neg32_l0_l0            0x00b794         Code  Gb  long.o [4]
?or32_l0_l0_0x          0x00b9a3         Code  Gb  long.o [4]
?or32_l0_l0_l1          0x00b9a0         Code  Gb  long.o [4]
?pop_e2                 0x00bcaf         Code  Gb  vreg_util.o [4]
?pop_e3                 0x00bcbe         Code  Gb  vreg_util.o [4]
?pop_l0                 0x00bd11         Code  Gb  vreg_util.o [4]
?pop_l1                 0x00bd1c         Code  Gb  vreg_util.o [4]
?pop_l2                 0x00bd27         Code  Gb  vreg_util.o [4]
?pop_l3                 0x00bd32         Code  Gb  vreg_util.o [4]
?pop_w4                 0x00bc41         Code  Gb  vreg_util.o [4]
?pop_w6                 0x00bc48         Code  Gb  vreg_util.o [4]
?push_e0                0x00bc5b         Code  Gb  vreg_util.o [4]
?push_e2                0x00bc77         Code  Gb  vreg_util.o [4]
?push_e3                0x00bc93         Code  Gb  vreg_util.o [4]
?push_l0                0x00bcdc         Code  Gb  vreg_util.o [4]
?push_l1                0x00bce1         Code  Gb  vreg_util.o [4]
?push_l2                0x00bce6         Code  Gb  vreg_util.o [4]
?push_l3                0x00bceb         Code  Gb  vreg_util.o [4]
?push_w0                0x00bc11         Code  Gb  vreg_util.o [4]
?push_w1                0x00bc16         Code  Gb  vreg_util.o [4]
?push_w2                0x00bc1b         Code  Gb  vreg_util.o [4]
?push_w4                0x00bc20         Code  Gb  vreg_util.o [4]
?push_w6                0x00bc25         Code  Gb  vreg_util.o [4]
?scmp32_c_l0_l1         0x00b96e         Code  Gb  long.o [4]
?sdiv16_x_x_y           0x00e0ef         Code  Gb  short.o [4]
?sdiv32_l0_l0_dl        0x00b904         Code  Gb  long.o [4]
?sdiv32_l0_l0_l1        0x00b908         Code  Gb  long.o [4]
?sext16_x_a             0x00e110         Code  Gb  short.o [4]
?sext32_l0_a            0x00b9e8         Code  Gb  long.o [4]
?sext32_l0_x            0x00b9dd         Code  Gb  long.o [4]
?sll16_x_x_a            0x00e108         Code  Gb  short.o [4]
?sll32_0x_0x_a          0x00b9be         Code  Gb  long.o [4]
?sll32_l0_l0_a          0x00b9bb         Code  Gb  long.o [4]
?smod32_l1_l0_l1        0x00b908         Code  Gb  long.o [4]
?sra32_0x_0x_a          0x00b9cf         Code  Gb  long.o [4]
?sra32_l0_l0_a          0x00b9cc         Code  Gb  long.o [4]
?srl8_a_a_5             0x00ef77         Code  Gb  char.o [4]
?srl8_a_a_6             0x00ef76         Code  Gb  char.o [4]
?sub32_l0_l0_0x         0x00b7ee         Code  Gb  long.o [4]
?sub32_l0_l0_l1         0x00b7eb         Code  Gb  long.o [4]
?switch8vlt_0x_a_0x     0x00eebd         Code  Gb  switch.o [4]
?ucmp24_c_0x_e0         0x00ef15         Code  Gb  far.o [4]
?ucmp32_c_l0_0x         0x00b953         Code  Gb  long.o [4]
?ucmp32_c_l0_l1         0x00b963         Code  Gb  long.o [4]
?udiv32_l0_l0_dl        0x00b893         Code  Gb  long.o [4]
?udiv32_l0_l0_l1        0x00b897         Code  Gb  long.o [4]
?umod32_l1_l0_dl        0x00b88d         Code  Gb  long.o [4]
?umod32_l1_l0_l1        0x00b897         Code  Gb  long.o [4]
?w0                     0x000000         Data  Gb  vregs.o [4]
?w1                     0x000002         Data  Gb  vregs.o [4]
?w2                     0x000004         Data  Gb  vregs.o [4]
?w3                     0x000006         Data  Gb  vregs.o [4]
?w4                     0x000008         Data  Gb  vregs.o [4]
?w5                     0x00000a         Data  Gb  vregs.o [4]
?w6                     0x00000c         Data  Gb  vregs.o [4]
?w7                     0x00000e         Data  Gb  vregs.o [4]
ADC1_COMP_IRQHandler    0x00efd5    0x1  Code  Gb  stm8l15x_it.o [1]
BEEP_Cmd                0x00ee3d    0xd  Code  Gb  stm8l15x_beep.o [1]
BEEP_LSClockToTIMConnectCmd
                        0x00ee4a    0xd  Code  Gb  stm8l15x_beep.o [1]
BEEP_LSICalibrationConfig
                        0x00dc1d   0x5b  Code  Gb  stm8l15x_beep.o [1]
BoardDisableIrq         0x00ef0b    0xa  Code  Gb  system.o [1]
BoardEnableIrq          0x00ee01   0x10  Code  Gb  system.o [1]
BoardInitMcu            0x00b685  0x10f  Code  Gb  board.o [1]
CLK_GetClockFreq        0x00d8d6   0x76  Code  Gb  stm8l15x_clk.o [1]
CLK_GetSYSCLKSource     0x00efaa    0x4  Code  Gb  stm8l15x_clk.o [1]
CLK_HSICmd              0x00ee57    0xd  Code  Gb  stm8l15x_clk.o [1]
CLK_LSICmd              0x00ee64    0xd  Code  Gb  stm8l15x_clk.o [1]
CLK_PeripheralClockConfig
                        0x00d747   0x8f  Code  Gb  stm8l15x_clk.o [1]
CLK_RTCClockConfig      0x00eef7    0xa  Code  Gb  stm8l15x_clk.o [1]
CLK_SYSCLKDivConfig     0x00efae    0x4  Code  Gb  stm8l15x_clk.o [1]
CLK_SYSCLKSourceConfig  0x00efa6    0x4  Code  Gb  stm8l15x_clk.o [1]
CLK_SYSCLKSourceSwitchCmd
                        0x00ee71    0xd  Code  Gb  stm8l15x_clk.o [1]
CSTACK$$Base            0x000600          --   Gb  - Linker created -
CSTACK$$Limit           0x000800          --   Gb  - Linker created -
ClearWWDG               0x00b51a    0x1  Code  Gb  board.o [1]
ComportInit             0x00bdfe  0x1c5  Code  Gb  comport.o [1]
ComportTxStart          0x00dc78   0x59  Code  Gb  comport.o [1]
ConfigModeRadioEvents   0x000410   0x15  Data  Lc  config_mode.o [1]
DMA1_CHANNEL0_1_IRQHandler
                        0x00efce    0x1  Code  Gb  stm8l15x_it.o [1]
DMA1_CHANNEL2_3_IRQHandler
                        0x00efcf    0x1  Code  Gb  stm8l15x_it.o [1]
DelayMs                 0x00eea5    0xc  Code  Gb  delay.o [1]
EXTI0_IRQHandler        0x00ebd1   0x1d  Code  Gb  stm8l15x_it.o [1]
EXTI1_IRQHandler        0x00eb59   0x1e  Code  Gb  stm8l15x_it.o [1]
EXTI2_IRQHandler        0x00cd3e   0xee  Code  Gb  stm8l15x_it.o [1]
EXTI3_IRQHandler        0x00e8a6   0x23  Code  Gb  stm8l15x_it.o [1]
EXTI4_IRQHandler        0x00e8c9   0x23  Code  Gb  stm8l15x_it.o [1]
EXTI5_IRQHandler        0x00e8ec   0x23  Code  Gb  stm8l15x_it.o [1]
EXTI6_IRQHandler        0x00e90f   0x23  Code  Gb  stm8l15x_it.o [1]
EXTI7_IRQHandler        0x00eb77   0x1e  Code  Gb  stm8l15x_it.o [1]
EXTIB_G_IRQHandler      0x00efd1    0x1  Code  Gb  stm8l15x_it.o [1]
EXTID_H_IRQHandler      0x00efd2    0x1  Code  Gb  stm8l15x_it.o [1]
EXTIE_F_PVD_IRQHandler  0x00efd0    0x1  Code  Gb  stm8l15x_it.o [1]
EXTI_ClearITPendingBit  0x00e9ba   0x21  Code  Gb  stm8l15x_exti.o [1]
EXTI_SetPinSensitivity  0x00ca23  0x115  Code  Gb  stm8l15x_exti.o [1]
FLASH_IRQHandler        0x00efcd    0x1  Code  Gb  stm8l15x_it.o [1]
FLASH_Lock              0x00ef53    0x7  Code  Gb  stm8l15x_flash.o [1]
FLASH_ProgramByte       0x00efb2    0x4  Code  Gb  stm8l15x_flash.o [1]
FLASH_Unlock            0x00ecaa   0x19  Code  Gb  stm8l15x_flash.o [1]
FLASH_WaitForLastOperation
                        0x00e44a   0x36  Code  Gb  stm8l15x_flash.o [1]
FskBandwidths           0x008080   0x6e  Data  Gb  sx1276.o [1]
GPIO_DeInit             0x00ec27   0x1b  Code  Gb  stm8l15x_gpio.o [1]
GPIO_ExternalPullUpConfig
                        0x00e69e   0x2c  Code  Gb  stm8l15x_gpio.o [1]
GPIO_Init               0x00d2fa   0xaf  Code  Gb  stm8l15x_gpio.o [1]
GPIO_ReadInputDataBit   0x00ef29    0x9  Code  Gb  stm8l15x_gpio.o [1]
GPIO_ResetBits          0x00efb6    0x4  Code  Gb  stm8l15x_gpio.o [1]
GPIO_SetBits            0x00ef5a    0x7  Code  Gb  stm8l15x_gpio.o [1]
GetFskBandwidthRegValue
                        0x008750   0x67  Code  Lc  sx1276.o [1]
GetRunModePin           0x00b61c   0x69  Code  Gb  board.o [1]
I2C1_SPI2_IRQHandler    0x00efdc    0x1  Code  Gb  stm8l15x_it.o [1]
INTVEC$$Base            0x008000          --   Gb  - Linker created -
INTVEC$$Limit           0x008080          --   Gb  - Linker created -
IndicationRfTxFifoStatus
                        0x00eb3b   0x1e  Code  Gb  board.o [1]
InitRunModePin          0x00b5e4   0x38  Code  Gb  board.o [1]
IrqNestLevel            0x0004bc    0x1  Data  Lc  system.o [1]
LCD_AES_IRQHandler      0x00efd3    0x1  Code  Gb  stm8l15x_it.o [1]
LoadInt                 0x00dfae   0x4b  Code  Lc  xprintffull_nomb.o [4]
LowPowerModeOnCadDone   0x00e5b3   0x30  Code  Gb  lowpower_mode.o [1]
LowPowerModeOnRxDone    0x00d243   0xb7  Code  Gb  lowpower_mode.o [1]
LowPowerModeOnRxError   0x00e1e6   0x43  Code  Gb  lowpower_mode.o [1]
LowPowerModeOnRxTimeout
                        0x00e1a3   0x43  Code  Gb  lowpower_mode.o [1]
LowPowerModeOnTxDone    0x00e9fc   0x20  Code  Gb  lowpower_mode.o [1]
LowPowerModeOnTxTimeout
                        0x00ea1c   0x20  Code  Gb  lowpower_mode.o [1]
LowPowerModeRadioEvents
                        0x000425   0x15  Data  Lc  lowpower_mode.o [1]
LowPowerModeState       0x0004b9    0x1  Data  Gb  lowpower_mode.o [1]
NormalModeOnRxDone      0x00d452   0x9b  Code  Gb  normal_mode.o [1]
NormalModeOnRxError     0x00ea7c   0x20  Code  Gb  normal_mode.o [1]
NormalModeOnRxTimeout   0x00ea5c   0x20  Code  Gb  normal_mode.o [1]
NormalModeOnTxDone      0x00ea3c   0x20  Code  Gb  normal_mode.o [1]
NormalModeOnTxTimeout   0x00e836   0x26  Code  Gb  normal_mode.o [1]
NormalModeRadioEvents   0x00043a   0x15  Data  Lc  normal_mode.o [1]
NormalModeState         0x0004ba    0x1  Data  Gb  normal_mode.o [1]
PWR_UltraLowPowerCmd    0x00ee7e    0xd  Code  Gb  stm8l15x_pwr.o [1]
RTC_CSSLSE_IRQHandler   0x00e6f6   0x29  Code  Gb  stm8l15x_it.o [1]
RTC_ClearITPendingBit   0x00ef01    0xa  Code  Gb  stm8l15x_rtc.o [1]
RTC_Config              0x00b51b   0x7f  Code  Gb  board.o [1]
RTC_DeInit              0x00cc3e  0x100  Code  Gb  stm8l15x_rtc.o [1]
RTC_EnterInitMode       0x00e882   0x24  Code  Gb  stm8l15x_rtc.o [1]
RTC_ITConfig            0x00e3db   0x38  Code  Gb  stm8l15x_rtc.o [1]
RTC_SetWakeUpCounter    0x00ed79   0x15  Code  Gb  stm8l15x_rtc.o [1]
RTC_WaitForSynchro      0x00e480   0x36  Code  Gb  stm8l15x_rtc.o [1]
RTC_WakeUpClockConfig   0x00e932   0x23  Code  Gb  stm8l15x_rtc.o [1]
RTC_WakeUpCmd           0x00e2ab   0x3f  Code  Gb  stm8l15x_rtc.o [1]
Radio                   0x0080ee   0x51  Data  Gb  sx1276-board.o [1]
RadioEvents             0x0004b3    0x2  Data  Lc  sx1276.o [1]
RadioIsActive           0x0004bb    0x1  Data  Lc  sx1276-board.o [1]
RadioRegsInit           0x0081ad   0x30  Data  Gb  sx1276.o [1]
Region$$Table$$Base     0x008200          --   Gb  - Linker created -
Region$$Table$$Limit    0x008214          --   Gb  - Linker created -
RxChainCalibration      0x00848e   0xe2  Code  Lc  sx1276.o [1]
RxTimeoutSyncWord       0x000495    0xe  Data  Gb  sx1276.o [1]
RxTimeoutTimer          0x000487    0xe  Data  Gb  sx1276.o [1]
RxTxBuffer              0x000142  0x100  Data  Lc  sx1276.o [1]
SPI1_IRQHandler         0x00efdb    0x1  Code  Gb  stm8l15x_it.o [1]
SPI_Cmd                 0x00ec76    0xd  Code  Gb  stm8l15x_spi.o [1]
SPI_GetFlagStatus       0x00ecc3   0x19  Code  Gb  stm8l15x_spi.o [1]
SPI_Init                0x00dd7e   0x54  Code  Gb  stm8l15x_spi.o [1]
SPI_ReceiveData         0x00ec8b    0x5  Code  Gb  stm8l15x_spi.o [1]
SPI_SendData            0x00ec83    0x8  Code  Gb  stm8l15x_spi.o [1]
SWITCH_CSS_BREAK_DAC_IRQHandler
                        0x00efd4    0x1  Code  Gb  stm8l15x_it.o [1]
SX1276                  0x000348   0x51  Data  Gb  sx1276.o [1]
SX1276AntSwDeInit       0x00ef32    0x9  Code  Gb  sx1276-board.o [1]
SX1276AntSwInit         0x00e770    0x9  Code  Gb  sx1276-board.o [1]
SX1276CheckRfFrequency  0x00efc2    0x3  Code  Gb  sx1276-board.o [1]
SX1276GetBoardTcxoWakeupTime
                        0x00ef61    0x7  Code  Gb  sx1276-board.o [1]
SX1276GetPaSelect       0x00edcb   0x13  Code  Lc  sx1276-board.o [1]
SX1276GetStatus         0x00861c    0x4  Code  Gb  sx1276.o [1]
SX1276GetTimeOnAir      0x008e9f  0x2a0  Code  Gb  sx1276.o [1]
SX1276GetWakeupTime     0x00ef43    0x8  Code  Gb  sx1276.o [1]
SX1276Init              0x008570   0xac  Code  Gb  sx1276.o [1]
SX1276IoInit            0x00ec90   0x1a  Code  Gb  sx1276-board.o [1]
SX1276IoIrqInit         0x00d3a9   0xa9  Code  Gb  sx1276-board.o [1]
SX1276IsChannelFree     0x00866a   0x76  Code  Gb  sx1276.o [1]
SX1276OnDio0Irq         0x00a95a  0x3a6  Code  Gb  sx1276.o [1]
SX1276OnDio1Irq         0x00c6a4  0x134  Code  Gb  sx1276.o [1]
SX1276OnDio2Irq         0x00c7d8  0x132  Code  Gb  sx1276.o [1]
SX1276OnDio3Irq         0x00d858   0x7e  Code  Gb  sx1276.o [1]
SX1276OnDio4Irq         0x00ed38   0x16  Code  Gb  sx1276.o [1]
SX1276OnTimeoutIrq      0x00c570  0x134  Code  Gb  sx1276.o [1]
SX1276Random            0x0086e0   0x70  Code  Gb  sx1276.o [1]
SX1276Read              0x008368   0x13  Code  Gb  sx1276.o [1]
SX1276ReadBuffer        0x008310   0x58  Code  Gb  sx1276.o [1]
SX1276ReadFifo          0x009732    0x7  Code  Gb  sx1276.o [1]
SX1276ReadRssi          0x008620   0x4a  Code  Gb  sx1276.o [1]
SX1276Reset             0x00e642   0x2e  Code  Gb  sx1276-board.o [1]
SX1276Send              0x009201  0x118  Code  Gb  sx1276.o [1]
SX1276SetAntSw          0x00ed22   0x16  Code  Gb  sx1276-board.o [1]
SX1276SetAntSwLowPower  0x00e779   0x1f  Code  Gb  sx1276-board.o [1]
SX1276SetBoardTcxo      0x00efdd    0x1  Code  Lc  sx1276-board.o [1]
SX1276SetChannel        0x008448   0x46  Code  Gb  sx1276.o [1]
SX1276SetMaxPayloadLength
                        0x00e365   0x3b  Code  Gb  sx1276.o [1]
SX1276SetModem          0x0083c7   0x81  Code  Gb  sx1276.o [1]
SX1276SetOpMode         0x00837b   0x34  Code  Gb  sx1276.o [1]
SX1276SetPublicNetwork  0x00e6ca   0x2c  Code  Gb  sx1276.o [1]
SX1276SetRfTxPower      0x00cb38  0x106  Code  Gb  sx1276-board.o [1]
SX1276SetRx             0x009319  0x344  Code  Gb  sx1276.o [1]
SX1276SetRxConfig       0x0087b7  0x3c7  Code  Gb  sx1276.o [1]
SX1276SetSleep          0x0083af   0x18  Code  Gb  sx1276.o [1]
SX1276SetStby           0x0091e1   0x19  Code  Gb  sx1276.o [1]
SX1276SetTx             0x00913f   0xa2  Code  Gb  sx1276.o [1]
SX1276SetTxConfig       0x008b7e  0x321  Code  Gb  sx1276.o [1]
SX1276SetTxContinuousWave
                        0x00968f   0xa3  Code  Gb  sx1276.o [1]
SX1276StartCad          0x00965d   0x32  Code  Gb  sx1276.o [1]
SX1276Write             0x008300   0x10  Code  Gb  sx1276.o [1]
SX1276WriteBuffer       0x0082ad   0x53  Code  Gb  sx1276.o [1]
SX1276WriteFifo         0x0091fa    0x7  Code  Gb  sx1276.o [1]
SYSDivFactor            0x00828e    0x5  Data  Gb  stm8l15x_clk.o [1]
SetRxCfg                0x00c90a  0x119  Code  Lc  lowpower_mode.o [1]
SetRxCfg                0x00db61   0x61  Code  Lc  wakeup_mode.o [1]
SetTxCfg                0x00da31   0x67  Code  Lc  lowpower_mode.o [1]
SetTxCfg                0x00cfd9   0xd4  Code  Lc  wakeup_mode.o [1]
SpiInOut                0x00e229   0x42  Code  Gb  spi-board.o [1]
SpiInit                 0x00e042   0x49  Code  Gb  spi-board.o [1]
SysTick_Handler         0x00ae23   0x2b  Code  Gb  timer.o [1]
TIM1_CC_IRQHandler      0x00efda    0x1  Code  Gb  stm8l15x_it.o [1]
TIM1_UPD_OVF_TRG_COM_IRQHandler
                        0x00efd9    0x1  Code  Gb  stm8l15x_it.o [1]
TIM2_CC_USART2_RX_IRQHandler
                        0x00efd6    0x1  Code  Gb  stm8l15x_it.o [1]
TIM2_ClearITPendingBit  0x00ef88    0x5  Code  Gb  stm8l15x_tim2.o [1]
TIM2_UPD_OVF_TRG_BRK_USART2_TX_IRQHandler
                        0x00ebee   0x1d  Code  Gb  stm8l15x_it.o [1]
TIM3_CC_USART3_RX_IRQHandler
                        0x00efd8    0x1  Code  Gb  stm8l15x_it.o [1]
TIM3_UPD_OVF_TRG_BRK_USART3_TX_IRQHandler
                        0x00efd7    0x1  Code  Gb  stm8l15x_it.o [1]
TIM4_ClearFlag          0x00ef8d    0x5  Code  Gb  stm8l15x_tim4.o [1]
TIM4_ClearITPendingBit  0x00ef92    0x5  Code  Gb  stm8l15x_tim4.o [1]
TIM4_Cmd                0x00ee8b    0xd  Code  Gb  stm8l15x_tim4.o [1]
TIM4_Config             0x00b59a   0x4a  Code  Gb  board.o [1]
TIM4_ITConfig           0x00edb8   0x13  Code  Gb  stm8l15x_tim4.o [1]
TIM4_TimeBaseInit       0x00edf0   0x11  Code  Gb  stm8l15x_tim4.o [1]
TIM4_UPD_OVF_TRG_IRQHandler
                        0x00e9db   0x21  Code  Gb  stm8l15x_it.o [1]
TRAP_IRQHandler         0x00efcc    0x1  Code  Gb  stm8l15x_it.o [1]
TestModeOnRadioTxTimeout
                        0x00d9c0   0x71  Code  Gb  test_mode.o [1]
TestModeRadioEvents     0x00044f   0x15  Data  Lc  test_mode.o [1]
TestModeState           0x0004bd    0x1  Data  Lc  test_mode.o [1]
TimerExists             0x00ec0b   0x1c  Code  Lc  timer.o [1]
TimerGetCurrentTime     0x00ef68    0x7  Code  Gb  timer.o [1]
TimerGetElapsedTime     0x00ad16   0x3b  Code  Gb  timer.o [1]
TimerGetValue           0x00ad51    0xb  Code  Gb  timer.o [1]
TimerInit               0x00ae4e   0x41  Code  Gb  timer.o [1]
TimerInsertNewHeadTimer
                        0x00af95   0x39  Code  Lc  timer.o [1]
TimerInsertTimer        0x00ae8f  0x106  Code  Lc  timer.o [1]
TimerIrqHandler         0x00ad5c   0xc7  Code  Gb  timer.o [1]
TimerListHead           0x0004b7    0x2  Data  Lc  timer.o [1]
TimerSetTimeout         0x00ad00   0x16  Code  Lc  timer.o [1]
TimerSetValue           0x00e80f   0x27  Code  Gb  timer.o [1]
TimerStart              0x00d0ad   0xcc  Code  Gb  timer.o [1]
TimerStop               0x00c428  0x148  Code  Gb  timer.o [1]
TxTimeoutTimer          0x000479    0xe  Data  Gb  sx1276.o [1]
USART1_RX_TIM5_CC_IRQHandler
                        0x00e5e3   0x30  Code  Gb  stm8l15x_it.o [1]
USART1_TX_TIM5_UPD_OVF_TRG_BRK_IRQHandler
                        0x00da98   0x66  Code  Gb  stm8l15x_it.o [1]
USART_ClearFlag         0x00ef9c    0x5  Code  Gb  stm8l15x_usart.o [1]
USART_ClearITPendingBit
                        0x00efa1    0x5  Code  Gb  stm8l15x_usart.o [1]
USART_Cmd               0x00e7e8   0x27  Code  Gb  stm8l15x_usart.o [1]
USART_DeInit            0x00e2ea   0x3e  Code  Gb  stm8l15x_usart.o [1]
USART_GetFlagStatus     0x00e977   0x22  Code  Gb  stm8l15x_usart.o [1]
USART_ITConfig          0x00d61e   0x95  Code  Gb  stm8l15x_usart.o [1]
USART_Init              0x00ce2c   0xd7  Code  Gb  stm8l15x_usart.o [1]
USART_ReceiveData8      0x00ef97    0x5  Code  Gb  stm8l15x_usart.o [1]
USART_SendData8         0x00ef3b    0x8  Code  Gb  stm8l15x_usart.o [1]
WWDG_Config             0x00efcb    0x1  Code  Lc  board.o [1]
WakeUpModeOnRxDone      0x00d4ed   0x9b  Code  Gb  wakeup_mode.o [1]
WakeUpModeOnRxError     0x00eafc   0x20  Code  Gb  wakeup_mode.o [1]
WakeUpModeOnRxTimeout   0x00eadc   0x20  Code  Gb  wakeup_mode.o [1]
WakeUpModeOnTxDone      0x00ea9c   0x20  Code  Gb  wakeup_mode.o [1]
WakeUpModeOnTxTimeout   0x00eabc   0x20  Code  Gb  wakeup_mode.o [1]
WakeUpModeRadioEvents   0x000464   0x15  Data  Lc  wakeup_mode.o [1]
WakeUpModeState         0x0004be    0x1  Data  Gb  wakeup_mode.o [1]
_GenldFullNoMb          0x00a59b  0x3bf  Code  Lc  xprintffull_nomb.o [4]
_LdtobFullNoMb          0x00a101  0x49a  Code  Lc  xprintffull_nomb.o [4]
_LitobFullNoMb          0x00c147  0x17f  Code  Lc  xprintffull_nomb.o [4]
_Locale_lconv           0x000014   0x2e  Data  Gb  localeconv.o [4]
_PrintfFullNoMb         0x009739  0x4f2  Code  Gb  xprintffull_nomb.o [4]
_Prout                  0x00eb1c   0x1f  Code  Gb  xprout.o [4]
_PutcharFullNoMb        0x00e670   0x2e  Code  Lc  xprintffull_nomb.o [4]
_PutcharsFullNoMb       0x00e3a0   0x3b  Code  Lc  xprintffull_nomb.o [4]
__DebugBreak            0x00efde    0x1  Code  Gb  __dbg_break.o [3]
__eeprom_write_16       0x00dec8   0x4f  Code  Gb  eeprom.o [1]
__eeprom_write_8        0x00e582   0x31  Code  Gb  eeprom.o [1]
__exit                  0x00ed4e   0x16  Code  Gb  __dbg_xxexit.o [3]
__iar_Dint              0x00d179   0xca  Code  Gb  xdint.o [4]
__iar_Dnorm             0x00c2c6         Code  Gb  float_libsup.o [4]
__iar_Dscale            0x00c354         Code  Gb  float_libsup.o [4]
__iar_Dunscale          0x00c302         Code  Gb  float_libsup.o [4]
__iar_Memchr            0x00ecdc   0x18  Code  Gb  memchr.o [4]
__iar_Strchr            0x00eda3   0x15  Code  Gb  strchr.o [4]
__iar_Tls_setup__Locale_lconv
                        0x0004b0    0x3  Data  Gb  localeconv.o [4]
__iar_copy_init2        0x00e7c0         Code  Gb  init_small.o [4]
__iar_data_init2        0x00eb95   0x1e  Code  Gb  init.o [4]
__iar_program_start     0x00ecf4         Code  Gb  cstartup.o [4]
__iar_unhandled_exception
                        0x00efc8         Code  Gb  unhandled_exception.o [4]
__iar_zero_init2        0x00ebb3         Code  Gb  init_small.o [4]
__intvec                0x008000         Data  Gb  interrupt.o [4]
__low_level_init        0x00efc5    0x3  Code  Gb  low_level_init.o [4]
_exit                   0x00ef82         Code  Gb  cexit.o [4]
_interrupt_1            0x00efcc         Code  Gb  stm8l15x_it.o [1]
_interrupt_10           0x00ebd1         Code  Gb  stm8l15x_it.o [1]
_interrupt_11           0x00eb59         Code  Gb  stm8l15x_it.o [1]
_interrupt_12           0x00cd3e         Code  Gb  stm8l15x_it.o [1]
_interrupt_13           0x00e8a6         Code  Gb  stm8l15x_it.o [1]
_interrupt_14           0x00e8c9         Code  Gb  stm8l15x_it.o [1]
_interrupt_15           0x00e8ec         Code  Gb  stm8l15x_it.o [1]
_interrupt_16           0x00e90f         Code  Gb  stm8l15x_it.o [1]
_interrupt_17           0x00eb77         Code  Gb  stm8l15x_it.o [1]
_interrupt_18           0x00efd3         Code  Gb  stm8l15x_it.o [1]
_interrupt_19           0x00efd4         Code  Gb  stm8l15x_it.o [1]
_interrupt_20           0x00efd5         Code  Gb  stm8l15x_it.o [1]
_interrupt_21           0x00ebee         Code  Gb  stm8l15x_it.o [1]
_interrupt_22           0x00efd6         Code  Gb  stm8l15x_it.o [1]
_interrupt_23           0x00efd7         Code  Gb  stm8l15x_it.o [1]
_interrupt_24           0x00efd8         Code  Gb  stm8l15x_it.o [1]
_interrupt_25           0x00efd9         Code  Gb  stm8l15x_it.o [1]
_interrupt_26           0x00efda         Code  Gb  stm8l15x_it.o [1]
_interrupt_27           0x00e9db         Code  Gb  stm8l15x_it.o [1]
_interrupt_28           0x00efdb         Code  Gb  stm8l15x_it.o [1]
_interrupt_29           0x00da98         Code  Gb  stm8l15x_it.o [1]
_interrupt_3            0x00efcd         Code  Gb  stm8l15x_it.o [1]
_interrupt_30           0x00e5e3         Code  Gb  stm8l15x_it.o [1]
_interrupt_31           0x00efdc         Code  Gb  stm8l15x_it.o [1]
_interrupt_4            0x00efce         Code  Gb  stm8l15x_it.o [1]
_interrupt_5            0x00efcf         Code  Gb  stm8l15x_it.o [1]
_interrupt_6            0x00e6f6         Code  Gb  stm8l15x_it.o [1]
_interrupt_7            0x00efd0         Code  Gb  stm8l15x_it.o [1]
_interrupt_8            0x00efd1         Code  Gb  stm8l15x_it.o [1]
_interrupt_9            0x00efd2         Code  Gb  stm8l15x_it.o [1]
aLarmTimerTime          0x000010    0x4  Data  Gb  timer.o [1]
ceil                    0x00e117   0x46  Code  Gb  ceil.o [4]
cfg_parm_dump_to_ram    0x00ec42   0x1a  Code  Gb  cfg_parm.o [1]
cfg_parm_factory_reset  0x00d588   0x96  Code  Gb  cfg_parm.o [1]
cfg_parm_get_air_bandwith
                        0x00df63   0x4b  Code  Gb  cfg_parm.o [1]
cfg_parm_get_air_baud   0x00d7d6   0x82  Code  Gb  cfg_parm.o [1]
cfg_parm_get_air_sf     0x00df17   0x4c  Code  Gb  cfg_parm.o [1]
cfg_parm_get_tx_power   0x00e955   0x22  Code  Gb  cfg_parm.o [1]
cfg_parm_get_uart_baud  0x00d94c   0x74  Code  Gb  cfg_parm.o [1]
cfg_parm_get_uart_parity
                        0x00e999   0x21  Code  Gb  cfg_parm.o [1]
cfg_parm_get_wakeup_time
                        0x00e08b   0x46  Code  Gb  cfg_parm.o [1]
cfg_parm_restore        0x00e51e   0x32  Code  Gb  cfg_parm.o [1]
config_mode_routin      0x00b288  0x292  Code  Gb  config_mode.o [1]
crc8                    0x00e550   0x32  Code  Gb  crc8.o [1]
crc8_table              0x000042  0x100  Data  Gb  crc8.o [1]
delay_10us              0x00ddd2   0x53  Code  Gb  delay.o [1]
div                     0x00e4ea   0x34  Code  Gb  div.o [4]
exit                    0x00efbe    0x4  Code  Gb  exit.o [4]
floor                   0x00e15d   0x46  Code  Gb  floor.o [4]
init_crc8               0x00dff9   0x49  Code  Gb  crc8.o [1]
localeconv              0x00ee21    0xe  Code  Gb  localeconv.o [4]
lowpower_mode_routin    0x00bfc3  0x184  Code  Gb  lowpower_mode.o [1]
main                    0x00e413   0x37  Code  Gb  main.o [1]
memcpy                  0x00e85c   0x26  Code  Gb  memcpy.o [4]
memcpy1                 0x00e71f   0x29  Code  Gb  utilities.o [1]
memset                  0x00ed0b   0x17  Code  Gb  memset.o [4]
normal_mode_routin      0x00afce  0x2ba  Code  Gb  normal_mode.o [1]
pad                     0x00e328   0x3d  Code  Lc  xprintffull_nomb.o [4]
printf                  0x00e798   0x28  Code  Gb  printf.o [4]
putchar                 0x00e613   0x2f  Code  Gb  comport.o [1]
ring_buffer_dequeue     0x00ed64   0x15  Code  Gb  ring_buf.o [1]
ring_buffer_dequeue_arr
                        0x00e26b   0x40  Code  Gb  ring_buf.o [1]
ring_buffer_init        0x00ec5c   0x1a  Code  Gb  ring_buf.o [1]
ring_buffer_is_empty    0x00eeb1    0xc  Code  Gb  ring_buf.o [1]
ring_buffer_queue_arr   0x00e4b6   0x34  Code  Gb  ring_buf.o [1]
ringbuf_elements        0x00e748   0x28  Code  Gb  ring_buf.o [1]
ringbuf_get             0x00dbc2   0x5b  Code  Gb  ring_buf.o [1]
ringbuf_put             0x00dafe   0x63  Code  Gb  ring_buf.o [1]
round                   0x00dd29   0x55  Code  Gb  round.o [4]
sTartAlarmTimerTime     0x0004ac    0x4  Data  Gb  timer.o [1]
scale                   0x00de77   0x51  Code  Lc  xprintffull_nomb.o [4]
stManufactureParm       0x001000   0x14  Data  Gb  manufacture_parm.o [1]
stNvCfgParm             0x001014    0x5  Data  Gb  cfg_parm.o [1]
stTmpCfgParm            0x0004a3    0x5  Data  Gb  cfg_parm.o [1]
strlen                  0x00edde   0x12  Code  Gb  strlen.o [4]
systick                 0x0004a8    0x4  Data  Gb  timer.o [1]
test_mode_routin        0x00d6b3   0x94  Code  Gb  test_mode.o [1]
uart_rx_ring_buf        0x000242   0x83  Data  Gb  comport.o [1]
uart_tx_ring_buf        0x0002c5   0x83  Data  Gb  comport.o [1]
wakeup_mode_routin      0x00b9f5  0x21c  Code  Gb  wakeup_mode.o [1]


[1] = D:\stm8lora\src\stm8l15x-sx1278\STM8L15x-16x-05x-AL31-L_StdPeriph_Lib\Project\STM8L151G6U6_Sx1278\EWSTM8\STM8L15X_MD(STM8L15xx4_6)\Obj
[2] = command line
[3] = dbgstm8mmd.a
[4] = dlstm8mmf.a

  27 954 bytes of readonly  code memory
     685 bytes of readonly  data memory
   1 752 bytes of readwrite data memory

Errors: none
Warnings: none
